bluenrg1_stack_init_if.c:27:1:hci_disconnection_complete_event	24	static
bluenrg1_stack_init_if.c:30:1:hci_encryption_change_event	24	static
bluenrg1_stack_init_if.c:33:1:hci_read_remote_version_information_complete_event	24	static
bluenrg1_stack_init_if.c:38:1:hci_hardware_error_event	16	static
bluenrg1_stack_init_if.c:39:1:hci_number_of_completed_packets_event	16	static
bluenrg1_stack_init_if.c:41:1:hci_data_buffer_overflow_event	16	static
bluenrg1_stack_init_if.c:42:1:hci_encryption_key_refresh_complete_event	16	static
bluenrg1_stack_init_if.c:44:1:aci_hal_end_of_radio_activity_event	16	static
bluenrg1_stack_init_if.c:47:1:aci_hal_scan_req_report_event	16	static
bluenrg1_stack_init_if.c:50:1:aci_hal_fw_error_event	16	static
bluenrg1_stack_init_if.c:53:1:aci_gap_limited_discoverable_event	8	static
bluenrg1_stack_init_if.c:54:1:aci_gap_pairing_complete_event	24	static
bluenrg1_stack_init_if.c:57:1:aci_gap_pass_key_req_event	16	static
bluenrg1_stack_init_if.c:58:1:aci_gap_authorization_req_event	16	static
bluenrg1_stack_init_if.c:59:1:aci_gap_slave_security_initiated_event	8	static
bluenrg1_stack_init_if.c:60:1:aci_gap_bond_lost_event	8	static
bluenrg1_stack_init_if.c:61:1:aci_gap_proc_complete_event	24	static
bluenrg1_stack_init_if.c:65:1:aci_gap_addr_not_resolved_event	16	static
bluenrg1_stack_init_if.c:66:1:aci_gap_numeric_comparison_value_event	16	static
bluenrg1_stack_init_if.c:68:1:aci_gap_keypress_notification_event	16	static
bluenrg1_stack_init_if.c:70:1:aci_l2cap_connection_update_resp_event	16	static
bluenrg1_stack_init_if.c:72:1:aci_l2cap_proc_timeout_event	16	static
bluenrg1_stack_init_if.c:75:1:aci_l2cap_connection_update_req_event	24	static
bluenrg1_stack_init_if.c:82:1:aci_l2cap_command_reject_event	24	static
bluenrg1_stack_init_if.c:87:1:aci_gatt_attribute_modified_event	24	static
bluenrg1_stack_init_if.c:92:1:aci_gatt_proc_timeout_event	16	static
bluenrg1_stack_init_if.c:93:1:aci_att_exchange_mtu_resp_event	16	static
bluenrg1_stack_init_if.c:95:1:aci_att_find_info_resp_event	24	static
bluenrg1_stack_init_if.c:99:1:aci_att_find_by_type_value_resp_event	16	static
bluenrg1_stack_init_if.c:102:1:aci_att_read_by_type_resp_event	24	static
bluenrg1_stack_init_if.c:106:1:aci_att_read_resp_event	16	static
bluenrg1_stack_init_if.c:109:1:aci_att_read_blob_resp_event	16	static
bluenrg1_stack_init_if.c:112:1:aci_att_read_multiple_resp_event	16	static
bluenrg1_stack_init_if.c:115:1:aci_att_read_by_group_type_resp_event	24	static
bluenrg1_stack_init_if.c:119:1:aci_att_prepare_write_resp_event	24	static
bluenrg1_stack_init_if.c:124:1:aci_att_exec_write_resp_event	16	static
bluenrg1_stack_init_if.c:125:1:aci_gatt_indication_event	32	static
bluenrg1_stack_init_if.c:129:1:aci_gatt_notification_event	32	static
bluenrg1_stack_init_if.c:133:1:aci_gatt_proc_complete_event	16	static
bluenrg1_stack_init_if.c:135:1:aci_gatt_error_resp_event	24	static
bluenrg1_stack_init_if.c:139:1:aci_gatt_disc_read_char_by_uuid_resp_event	32	static
bluenrg1_stack_init_if.c:143:1:aci_gatt_write_permit_req_event	32	static
bluenrg1_stack_init_if.c:147:1:aci_gatt_read_permit_req_event	24	static
bluenrg1_stack_init_if.c:150:1:aci_gatt_read_multi_permit_req_event	16	static
bluenrg1_stack_init_if.c:153:1:aci_gatt_tx_pool_available_event	16	static
bluenrg1_stack_init_if.c:155:1:aci_gatt_server_confirmation_event	16	static
bluenrg1_stack_init_if.c:156:1:aci_gatt_prepare_write_permit_req_event	24	static
bluenrg1_stack_init_if.c:161:1:hci_le_connection_complete_event	24	static
bluenrg1_stack_init_if.c:170:1:hci_le_advertising_report_event	16	static
bluenrg1_stack_init_if.c:172:1:hci_le_connection_update_complete_event	24	static
bluenrg1_stack_init_if.c:177:1:hci_le_read_remote_used_features_complete_event	16	static
bluenrg1_stack_init_if.c:180:1:hci_le_long_term_key_request_event	16	static
bluenrg1_stack_init_if.c:183:1:hci_le_data_length_change_event	24	static
bluenrg1_stack_init_if.c:188:1:hci_le_read_local_p256_public_key_complete_event	16	static
bluenrg1_stack_init_if.c:190:1:hci_le_generate_dhkey_complete_event	16	static
bluenrg1_stack_init_if.c:192:1:hci_le_enhanced_connection_complete_event	24	static
bluenrg1_stack_init_if.c:203:1:hci_le_direct_advertising_report_event	16	static
bluenrg1_stack_init_if.c:205:1:HAL_VTimerTimeoutCallback	16	static
bluenrg1_stack_init_if.c:210:12:BlueNRG_Stack_Initialization	16	static
