20:55:37 **** Rebuild of configuration Release for project ADC_Polling ****
Info: Internal Builder is used for build
arm-atollic-eabi-gcc -c -mthumb -mcpu=cortex-m0 -g -Wa,--no-warn -x assembler-with-cpp -specs=nano.specs -o Startup\context_switch.o ..\..\..\..\..\..\..\Library\hal\src\context_switch.s 
arm-atollic-eabi-gcc -c ..\..\..\..\..\..\..\Library\SDK_Eval_BlueNRG1\src\SDK_EVAL_Button.c -mthumb -mcpu=cortex-m0 -std=c99 -DSMPS_INDUCTOR=SMPS_INDUCTOR_10uH -DLS_SOURCE=LS_SOURCE_EXTERNAL_32KHZ -DUSE_FULL_ASSERT -DBLUENRG2_DEVICE -DHS_SPEED_XTAL=HS_SPEED_XTAL_32MHZ -DFORCE_CORE_TO_16MHZ -DUSER_BUTTON=BUTTON_1 -I..\..\.. -I..\..\..\..\..\..\..\Library\BlueNRG1_Periph_Driver\inc -I..\..\..\..\..\..\..\Library\CMSIS\Device\ST\BlueNRG1\Include -I..\..\..\..\..\..\..\Library\SDK_Eval_BlueNRG1\inc -I..\..\..\..\..\..\..\Library\CMSIS\Include -I..\..\..\..\..\..\..\Library\hal\inc -Os -ffunction-sections -fdata-sections -g -fstack-usage -Wall -mcpu=cortex-m0 -specs=nano.specs -o SDK_Eval_BlueNRG1\SDK_EVAL_Button.o 
arm-atollic-eabi-gcc -c ..\..\..\..\..\..\..\Library\hal\src\miscutil.c -mthumb -mcpu=cortex-m0 -std=c99 -DSMPS_INDUCTOR=SMPS_INDUCTOR_10uH -DLS_SOURCE=LS_SOURCE_EXTERNAL_32KHZ -DUSE_FULL_ASSERT -DBLUENRG2_DEVICE -DHS_SPEED_XTAL=HS_SPEED_XTAL_32MHZ -DFORCE_CORE_TO_16MHZ -DUSER_BUTTON=BUTTON_1 -I..\..\.. -I..\..\..\..\..\..\..\Library\BlueNRG1_Periph_Driver\inc -I..\..\..\..\..\..\..\Library\CMSIS\Device\ST\BlueNRG1\Include -I..\..\..\..\..\..\..\Library\SDK_Eval_BlueNRG1\inc -I..\..\..\..\..\..\..\Library\CMSIS\Include -I..\..\..\..\..\..\..\Library\hal\inc -Os -ffunction-sections -fdata-sections -g -fstack-usage -Wall -mcpu=cortex-m0 -specs=nano.specs -o HAL\miscutil.o 
arm-atollic-eabi-gcc -c ..\..\..\..\..\..\..\Library\BlueNRG1_Periph_Driver\src\BlueNRG1_spi.c -mthumb -mcpu=cortex-m0 -std=c99 -DSMPS_INDUCTOR=SMPS_INDUCTOR_10uH -DLS_SOURCE=LS_SOURCE_EXTERNAL_32KHZ -DUSE_FULL_ASSERT -DBLUENRG2_DEVICE -DHS_SPEED_XTAL=HS_SPEED_XTAL_32MHZ -DFORCE_CORE_TO_16MHZ -DUSER_BUTTON=BUTTON_1 -I..\..\.. -I..\..\..\..\..\..\..\Library\BlueNRG1_Periph_Driver\inc -I..\..\..\..\..\..\..\Library\CMSIS\Device\ST\BlueNRG1\Include -I..\..\..\..\..\..\..\Library\SDK_Eval_BlueNRG1\inc -I..\..\..\..\..\..\..\Library\CMSIS\Include -I..\..\..\..\..\..\..\Library\hal\inc -Os -ffunction-sections -fdata-sections -g -fstack-usage -Wall -mcpu=cortex-m0 -specs=nano.specs -o Library\BlueNRG1_spi.o 
arm-atollic-eabi-gcc -c ..\..\..\ADC_Polling_main.c -mthumb -mcpu=cortex-m0 -std=c99 -DSMPS_INDUCTOR=SMPS_INDUCTOR_10uH -DLS_SOURCE=LS_SOURCE_EXTERNAL_32KHZ -DUSE_FULL_ASSERT -DBLUENRG2_DEVICE -DHS_SPEED_XTAL=HS_SPEED_XTAL_32MHZ -DFORCE_CORE_TO_16MHZ -DUSER_BUTTON=BUTTON_1 -I..\..\.. -I..\..\..\..\..\..\..\Library\BlueNRG1_Periph_Driver\inc -I..\..\..\..\..\..\..\Library\CMSIS\Device\ST\BlueNRG1\Include -I..\..\..\..\..\..\..\Library\SDK_Eval_BlueNRG1\inc -I..\..\..\..\..\..\..\Library\CMSIS\Include -I..\..\..\..\..\..\..\Library\hal\inc -Os -ffunction-sections -fdata-sections -g -fstack-usage -Wall -mcpu=cortex-m0 -specs=nano.specs -o User\ADC_Polling_main.o 
arm-atollic-eabi-gcc -c ..\..\..\..\..\..\..\Library\SDK_Eval_BlueNRG1\src\SDK_EVAL_I2C.c -mthumb -mcpu=cortex-m0 -std=c99 -DSMPS_INDUCTOR=SMPS_INDUCTOR_10uH -DLS_SOURCE=LS_SOURCE_EXTERNAL_32KHZ -DUSE_FULL_ASSERT -DBLUENRG2_DEVICE -DHS_SPEED_XTAL=HS_SPEED_XTAL_32MHZ -DFORCE_CORE_TO_16MHZ -DUSER_BUTTON=BUTTON_1 -I..\..\.. -I..\..\..\..\..\..\..\Library\BlueNRG1_Periph_Driver\inc -I..\..\..\..\..\..\..\Library\CMSIS\Device\ST\BlueNRG1\Include -I..\..\..\..\..\..\..\Library\SDK_Eval_BlueNRG1\inc -I..\..\..\..\..\..\..\Library\CMSIS\Include -I..\..\..\..\..\..\..\Library\hal\inc -Os -ffunction-sections -fdata-sections -g -fstack-usage -Wall -mcpu=cortex-m0 -specs=nano.specs -o SDK_Eval_BlueNRG1\SDK_EVAL_I2C.o 
arm-atollic-eabi-gcc -c ..\..\..\..\..\..\..\Library\SDK_Eval_BlueNRG1\src\SDK_EVAL_Config.c -mthumb -mcpu=cortex-m0 -std=c99 -DSMPS_INDUCTOR=SMPS_INDUCTOR_10uH -DLS_SOURCE=LS_SOURCE_EXTERNAL_32KHZ -DUSE_FULL_ASSERT -DBLUENRG2_DEVICE -DHS_SPEED_XTAL=HS_SPEED_XTAL_32MHZ -DFORCE_CORE_TO_16MHZ -DUSER_BUTTON=BUTTON_1 -I..\..\.. -I..\..\..\..\..\..\..\Library\BlueNRG1_Periph_Driver\inc -I..\..\..\..\..\..\..\Library\CMSIS\Device\ST\BlueNRG1\Include -I..\..\..\..\..\..\..\Library\SDK_Eval_BlueNRG1\inc -I..\..\..\..\..\..\..\Library\CMSIS\Include -I..\..\..\..\..\..\..\Library\hal\inc -Os -ffunction-sections -fdata-sections -g -fstack-usage -Wall -mcpu=cortex-m0 -specs=nano.specs -o SDK_Eval_BlueNRG1\SDK_EVAL_Config.o 
arm-atollic-eabi-gcc -c ..\..\..\..\..\..\..\Library\BlueNRG1_Periph_Driver\src\BlueNRG1_wdg.c -mthumb -mcpu=cortex-m0 -std=c99 -DSMPS_INDUCTOR=SMPS_INDUCTOR_10uH -DLS_SOURCE=LS_SOURCE_EXTERNAL_32KHZ -DUSE_FULL_ASSERT -DBLUENRG2_DEVICE -DHS_SPEED_XTAL=HS_SPEED_XTAL_32MHZ -DFORCE_CORE_TO_16MHZ -DUSER_BUTTON=BUTTON_1 -I..\..\.. -I..\..\..\..\..\..\..\Library\BlueNRG1_Periph_Driver\inc -I..\..\..\..\..\..\..\Library\CMSIS\Device\ST\BlueNRG1\Include -I..\..\..\..\..\..\..\Library\SDK_Eval_BlueNRG1\inc -I..\..\..\..\..\..\..\Library\CMSIS\Include -I..\..\..\..\..\..\..\Library\hal\inc -Os -ffunction-sections -fdata-sections -g -fstack-usage -Wall -mcpu=cortex-m0 -specs=nano.specs -o Library\BlueNRG1_wdg.o 
arm-atollic-eabi-gcc -c ..\..\..\..\..\..\..\Library\SDK_Eval_BlueNRG1\src\SDK_EVAL_Com.c -mthumb -mcpu=cortex-m0 -std=c99 -DSMPS_INDUCTOR=SMPS_INDUCTOR_10uH -DLS_SOURCE=LS_SOURCE_EXTERNAL_32KHZ -DUSE_FULL_ASSERT -DBLUENRG2_DEVICE -DHS_SPEED_XTAL=HS_SPEED_XTAL_32MHZ -DFORCE_CORE_TO_16MHZ -DUSER_BUTTON=BUTTON_1 -I..\..\.. -I..\..\..\..\..\..\..\Library\BlueNRG1_Periph_Driver\inc -I..\..\..\..\..\..\..\Library\CMSIS\Device\ST\BlueNRG1\Include -I..\..\..\..\..\..\..\Library\SDK_Eval_BlueNRG1\inc -I..\..\..\..\..\..\..\Library\CMSIS\Include -I..\..\..\..\..\..\..\Library\hal\inc -Os -ffunction-sections -fdata-sections -g -fstack-usage -Wall -mcpu=cortex-m0 -specs=nano.specs -o SDK_Eval_BlueNRG1\SDK_EVAL_Com.o 
arm-atollic-eabi-gcc -c ..\..\..\..\..\..\..\Library\BlueNRG1_Periph_Driver\src\BlueNRG1_gpio.c -mthumb -mcpu=cortex-m0 -std=c99 -DSMPS_INDUCTOR=SMPS_INDUCTOR_10uH -DLS_SOURCE=LS_SOURCE_EXTERNAL_32KHZ -DUSE_FULL_ASSERT -DBLUENRG2_DEVICE -DHS_SPEED_XTAL=HS_SPEED_XTAL_32MHZ -DFORCE_CORE_TO_16MHZ -DUSER_BUTTON=BUTTON_1 -I..\..\.. -I..\..\..\..\..\..\..\Library\BlueNRG1_Periph_Driver\inc -I..\..\..\..\..\..\..\Library\CMSIS\Device\ST\BlueNRG1\Include -I..\..\..\..\..\..\..\Library\SDK_Eval_BlueNRG1\inc -I..\..\..\..\..\..\..\Library\CMSIS\Include -I..\..\..\..\..\..\..\Library\hal\inc -Os -ffunction-sections -fdata-sections -g -fstack-usage -Wall -mcpu=cortex-m0 -specs=nano.specs -o Library\BlueNRG1_gpio.o 
arm-atollic-eabi-gcc -c ..\..\..\..\..\..\..\Library\BlueNRG1_Periph_Driver\src\BlueNRG1_uart.c -mthumb -mcpu=cortex-m0 -std=c99 -DSMPS_INDUCTOR=SMPS_INDUCTOR_10uH -DLS_SOURCE=LS_SOURCE_EXTERNAL_32KHZ -DUSE_FULL_ASSERT -DBLUENRG2_DEVICE -DHS_SPEED_XTAL=HS_SPEED_XTAL_32MHZ -DFORCE_CORE_TO_16MHZ -DUSER_BUTTON=BUTTON_1 -I..\..\.. -I..\..\..\..\..\..\..\Library\BlueNRG1_Periph_Driver\inc -I..\..\..\..\..\..\..\Library\CMSIS\Device\ST\BlueNRG1\Include -I..\..\..\..\..\..\..\Library\SDK_Eval_BlueNRG1\inc -I..\..\..\..\..\..\..\Library\CMSIS\Include -I..\..\..\..\..\..\..\Library\hal\inc -Os -ffunction-sections -fdata-sections -g -fstack-usage -Wall -mcpu=cortex-m0 -specs=nano.specs -o Library\BlueNRG1_uart.o 
arm-atollic-eabi-gcc -c ..\..\..\..\..\..\..\Library\SDK_Eval_BlueNRG1\src\SDK_EVAL_Led.c -mthumb -mcpu=cortex-m0 -std=c99 -DSMPS_INDUCTOR=SMPS_INDUCTOR_10uH -DLS_SOURCE=LS_SOURCE_EXTERNAL_32KHZ -DUSE_FULL_ASSERT -DBLUENRG2_DEVICE -DHS_SPEED_XTAL=HS_SPEED_XTAL_32MHZ -DFORCE_CORE_TO_16MHZ -DUSER_BUTTON=BUTTON_1 -I..\..\.. -I..\..\..\..\..\..\..\Library\BlueNRG1_Periph_Driver\inc -I..\..\..\..\..\..\..\Library\CMSIS\Device\ST\BlueNRG1\Include -I..\..\..\..\..\..\..\Library\SDK_Eval_BlueNRG1\inc -I..\..\..\..\..\..\..\Library\CMSIS\Include -I..\..\..\..\..\..\..\Library\hal\inc -Os -ffunction-sections -fdata-sections -g -fstack-usage -Wall -mcpu=cortex-m0 -specs=nano.specs -o SDK_Eval_BlueNRG1\SDK_EVAL_Led.o 
arm-atollic-eabi-gcc -c ..\..\..\..\..\..\..\Library\BlueNRG1_Periph_Driver\src\BlueNRG1_rtc.c -mthumb -mcpu=cortex-m0 -std=c99 -DSMPS_INDUCTOR=SMPS_INDUCTOR_10uH -DLS_SOURCE=LS_SOURCE_EXTERNAL_32KHZ -DUSE_FULL_ASSERT -DBLUENRG2_DEVICE -DHS_SPEED_XTAL=HS_SPEED_XTAL_32MHZ -DFORCE_CORE_TO_16MHZ -DUSER_BUTTON=BUTTON_1 -I..\..\.. -I..\..\..\..\..\..\..\Library\BlueNRG1_Periph_Driver\inc -I..\..\..\..\..\..\..\Library\CMSIS\Device\ST\BlueNRG1\Include -I..\..\..\..\..\..\..\Library\SDK_Eval_BlueNRG1\inc -I..\..\..\..\..\..\..\Library\CMSIS\Include -I..\..\..\..\..\..\..\Library\hal\inc -Os -ffunction-sections -fdata-sections -g -fstack-usage -Wall -mcpu=cortex-m0 -specs=nano.specs -o Library\BlueNRG1_rtc.o 
arm-atollic-eabi-gcc -c ..\..\..\..\..\..\..\Library\BlueNRG1_Periph_Driver\src\BlueNRG1_flash.c -mthumb -mcpu=cortex-m0 -std=c99 -DSMPS_INDUCTOR=SMPS_INDUCTOR_10uH -DLS_SOURCE=LS_SOURCE_EXTERNAL_32KHZ -DUSE_FULL_ASSERT -DBLUENRG2_DEVICE -DHS_SPEED_XTAL=HS_SPEED_XTAL_32MHZ -DFORCE_CORE_TO_16MHZ -DUSER_BUTTON=BUTTON_1 -I..\..\.. -I..\..\..\..\..\..\..\Library\BlueNRG1_Periph_Driver\inc -I..\..\..\..\..\..\..\Library\CMSIS\Device\ST\BlueNRG1\Include -I..\..\..\..\..\..\..\Library\SDK_Eval_BlueNRG1\inc -I..\..\..\..\..\..\..\Library\CMSIS\Include -I..\..\..\..\..\..\..\Library\hal\inc -Os -ffunction-sections -fdata-sections -g -fstack-usage -Wall -mcpu=cortex-m0 -specs=nano.specs -o Library\BlueNRG1_flash.o 
arm-atollic-eabi-gcc -c ..\..\..\..\..\..\..\Library\SDK_Eval_BlueNRG1\src\SDK_EVAL_SPI.c -mthumb -mcpu=cortex-m0 -std=c99 -DSMPS_INDUCTOR=SMPS_INDUCTOR_10uH -DLS_SOURCE=LS_SOURCE_EXTERNAL_32KHZ -DUSE_FULL_ASSERT -DBLUENRG2_DEVICE -DHS_SPEED_XTAL=HS_SPEED_XTAL_32MHZ -DFORCE_CORE_TO_16MHZ -DUSER_BUTTON=BUTTON_1 -I..\..\.. -I..\..\..\..\..\..\..\Library\BlueNRG1_Periph_Driver\inc -I..\..\..\..\..\..\..\Library\CMSIS\Device\ST\BlueNRG1\Include -I..\..\..\..\..\..\..\Library\SDK_Eval_BlueNRG1\inc -I..\..\..\..\..\..\..\Library\CMSIS\Include -I..\..\..\..\..\..\..\Library\hal\inc -Os -ffunction-sections -fdata-sections -g -fstack-usage -Wall -mcpu=cortex-m0 -specs=nano.specs -o SDK_Eval_BlueNRG1\SDK_EVAL_SPI.o 
arm-atollic-eabi-gcc -c ..\..\..\..\..\..\..\Library\BlueNRG1_Periph_Driver\src\BlueNRG1_adc.c -mthumb -mcpu=cortex-m0 -std=c99 -DSMPS_INDUCTOR=SMPS_INDUCTOR_10uH -DLS_SOURCE=LS_SOURCE_EXTERNAL_32KHZ -DUSE_FULL_ASSERT -DBLUENRG2_DEVICE -DHS_SPEED_XTAL=HS_SPEED_XTAL_32MHZ -DFORCE_CORE_TO_16MHZ -DUSER_BUTTON=BUTTON_1 -I..\..\.. -I..\..\..\..\..\..\..\Library\BlueNRG1_Periph_Driver\inc -I..\..\..\..\..\..\..\Library\CMSIS\Device\ST\BlueNRG1\Include -I..\..\..\..\..\..\..\Library\SDK_Eval_BlueNRG1\inc -I..\..\..\..\..\..\..\Library\CMSIS\Include -I..\..\..\..\..\..\..\Library\hal\inc -Os -ffunction-sections -fdata-sections -g -fstack-usage -Wall -mcpu=cortex-m0 -specs=nano.specs -o Library\BlueNRG1_adc.o 
arm-atollic-eabi-gcc -c ..\..\..\..\..\..\..\Library\CMSIS\Device\ST\BlueNRG1\Source\system_bluenrg1.c -mthumb -mcpu=cortex-m0 -std=c99 -DSMPS_INDUCTOR=SMPS_INDUCTOR_10uH -DLS_SOURCE=LS_SOURCE_EXTERNAL_32KHZ -DUSE_FULL_ASSERT -DBLUENRG2_DEVICE -DHS_SPEED_XTAL=HS_SPEED_XTAL_32MHZ -DFORCE_CORE_TO_16MHZ -DUSER_BUTTON=BUTTON_1 -I..\..\.. -I..\..\..\..\..\..\..\Library\BlueNRG1_Periph_Driver\inc -I..\..\..\..\..\..\..\Library\CMSIS\Device\ST\BlueNRG1\Include -I..\..\..\..\..\..\..\Library\SDK_Eval_BlueNRG1\inc -I..\..\..\..\..\..\..\Library\CMSIS\Include -I..\..\..\..\..\..\..\Library\hal\inc -Os -ffunction-sections -fdata-sections -g -fstack-usage -Wall -mcpu=cortex-m0 -specs=nano.specs -o Startup\system_bluenrg1.o 
arm-atollic-eabi-gcc -c ..\..\..\..\..\..\..\Library\BlueNRG1_Periph_Driver\src\BlueNRG1_sysCtrl.c -mthumb -mcpu=cortex-m0 -std=c99 -DSMPS_INDUCTOR=SMPS_INDUCTOR_10uH -DLS_SOURCE=LS_SOURCE_EXTERNAL_32KHZ -DUSE_FULL_ASSERT -DBLUENRG2_DEVICE -DHS_SPEED_XTAL=HS_SPEED_XTAL_32MHZ -DFORCE_CORE_TO_16MHZ -DUSER_BUTTON=BUTTON_1 -I..\..\.. -I..\..\..\..\..\..\..\Library\BlueNRG1_Periph_Driver\inc -I..\..\..\..\..\..\..\Library\CMSIS\Device\ST\BlueNRG1\Include -I..\..\..\..\..\..\..\Library\SDK_Eval_BlueNRG1\inc -I..\..\..\..\..\..\..\Library\CMSIS\Include -I..\..\..\..\..\..\..\Library\hal\inc -Os -ffunction-sections -fdata-sections -g -fstack-usage -Wall -mcpu=cortex-m0 -specs=nano.specs -o Library\BlueNRG1_sysCtrl.o 
arm-atollic-eabi-gcc -c ..\..\..\..\..\..\..\Library\BlueNRG1_Periph_Driver\src\misc.c -mthumb -mcpu=cortex-m0 -std=c99 -DSMPS_INDUCTOR=SMPS_INDUCTOR_10uH -DLS_SOURCE=LS_SOURCE_EXTERNAL_32KHZ -DUSE_FULL_ASSERT -DBLUENRG2_DEVICE -DHS_SPEED_XTAL=HS_SPEED_XTAL_32MHZ -DFORCE_CORE_TO_16MHZ -DUSER_BUTTON=BUTTON_1 -I..\..\.. -I..\..\..\..\..\..\..\Library\BlueNRG1_Periph_Driver\inc -I..\..\..\..\..\..\..\Library\CMSIS\Device\ST\BlueNRG1\Include -I..\..\..\..\..\..\..\Library\SDK_Eval_BlueNRG1\inc -I..\..\..\..\..\..\..\Library\CMSIS\Include -I..\..\..\..\..\..\..\Library\hal\inc -Os -ffunction-sections -fdata-sections -g -fstack-usage -Wall -mcpu=cortex-m0 -specs=nano.specs -o Library\misc.o 
arm-atollic-eabi-gcc -c ..\..\..\BlueNRG1_it.c -mthumb -mcpu=cortex-m0 -std=c99 -DSMPS_INDUCTOR=SMPS_INDUCTOR_10uH -DLS_SOURCE=LS_SOURCE_EXTERNAL_32KHZ -DUSE_FULL_ASSERT -DBLUENRG2_DEVICE -DHS_SPEED_XTAL=HS_SPEED_XTAL_32MHZ -DFORCE_CORE_TO_16MHZ -DUSER_BUTTON=BUTTON_1 -I..\..\.. -I..\..\..\..\..\..\..\Library\BlueNRG1_Periph_Driver\inc -I..\..\..\..\..\..\..\Library\CMSIS\Device\ST\BlueNRG1\Include -I..\..\..\..\..\..\..\Library\SDK_Eval_BlueNRG1\inc -I..\..\..\..\..\..\..\Library\CMSIS\Include -I..\..\..\..\..\..\..\Library\hal\inc -Os -ffunction-sections -fdata-sections -g -fstack-usage -Wall -mcpu=cortex-m0 -specs=nano.specs -o User\BlueNRG1_it.o 
arm-atollic-eabi-gcc -c ..\..\..\..\..\..\..\Library\BlueNRG1_Periph_Driver\src\BlueNRG1_dma.c -mthumb -mcpu=cortex-m0 -std=c99 -DSMPS_INDUCTOR=SMPS_INDUCTOR_10uH -DLS_SOURCE=LS_SOURCE_EXTERNAL_32KHZ -DUSE_FULL_ASSERT -DBLUENRG2_DEVICE -DHS_SPEED_XTAL=HS_SPEED_XTAL_32MHZ -DFORCE_CORE_TO_16MHZ -DUSER_BUTTON=BUTTON_1 -I..\..\.. -I..\..\..\..\..\..\..\Library\BlueNRG1_Periph_Driver\inc -I..\..\..\..\..\..\..\Library\CMSIS\Device\ST\BlueNRG1\Include -I..\..\..\..\..\..\..\Library\SDK_Eval_BlueNRG1\inc -I..\..\..\..\..\..\..\Library\CMSIS\Include -I..\..\..\..\..\..\..\Library\hal\inc -Os -ffunction-sections -fdata-sections -g -fstack-usage -Wall -mcpu=cortex-m0 -specs=nano.specs -o Library\BlueNRG1_dma.o 
arm-atollic-eabi-gcc -c ..\..\..\..\..\..\..\Library\BlueNRG1_Periph_Driver\src\BlueNRG1_mft.c -mthumb -mcpu=cortex-m0 -std=c99 -DSMPS_INDUCTOR=SMPS_INDUCTOR_10uH -DLS_SOURCE=LS_SOURCE_EXTERNAL_32KHZ -DUSE_FULL_ASSERT -DBLUENRG2_DEVICE -DHS_SPEED_XTAL=HS_SPEED_XTAL_32MHZ -DFORCE_CORE_TO_16MHZ -DUSER_BUTTON=BUTTON_1 -I..\..\.. -I..\..\..\..\..\..\..\Library\BlueNRG1_Periph_Driver\inc -I..\..\..\..\..\..\..\Library\CMSIS\Device\ST\BlueNRG1\Include -I..\..\..\..\..\..\..\Library\SDK_Eval_BlueNRG1\inc -I..\..\..\..\..\..\..\Library\CMSIS\Include -I..\..\..\..\..\..\..\Library\hal\inc -Os -ffunction-sections -fdata-sections -g -fstack-usage -Wall -mcpu=cortex-m0 -specs=nano.specs -o Library\BlueNRG1_mft.o 
arm-atollic-eabi-gcc -c ..\..\..\..\..\..\..\Library\BlueNRG1_Periph_Driver\src\BlueNRG1_i2c.c -mthumb -mcpu=cortex-m0 -std=c99 -DSMPS_INDUCTOR=SMPS_INDUCTOR_10uH -DLS_SOURCE=LS_SOURCE_EXTERNAL_32KHZ -DUSE_FULL_ASSERT -DBLUENRG2_DEVICE -DHS_SPEED_XTAL=HS_SPEED_XTAL_32MHZ -DFORCE_CORE_TO_16MHZ -DUSER_BUTTON=BUTTON_1 -I..\..\.. -I..\..\..\..\..\..\..\Library\BlueNRG1_Periph_Driver\inc -I..\..\..\..\..\..\..\Library\CMSIS\Device\ST\BlueNRG1\Include -I..\..\..\..\..\..\..\Library\SDK_Eval_BlueNRG1\inc -I..\..\..\..\..\..\..\Library\CMSIS\Include -I..\..\..\..\..\..\..\Library\hal\inc -Os -ffunction-sections -fdata-sections -g -fstack-usage -Wall -mcpu=cortex-m0 -specs=nano.specs -o Library\BlueNRG1_i2c.o 
arm-atollic-eabi-gcc -o ADC_Polling.elf HAL\miscutil.o Library\BlueNRG1_adc.o Library\BlueNRG1_dma.o Library\BlueNRG1_flash.o Library\BlueNRG1_gpio.o Library\BlueNRG1_i2c.o Library\BlueNRG1_mft.o Library\BlueNRG1_rtc.o Library\BlueNRG1_spi.o Library\BlueNRG1_sysCtrl.o Library\BlueNRG1_uart.o Library\BlueNRG1_wdg.o Library\misc.o SDK_Eval_BlueNRG1\SDK_EVAL_Button.o SDK_Eval_BlueNRG1\SDK_EVAL_Com.o SDK_Eval_BlueNRG1\SDK_EVAL_Config.o SDK_Eval_BlueNRG1\SDK_EVAL_I2C.o SDK_Eval_BlueNRG1\SDK_EVAL_Led.o SDK_Eval_BlueNRG1\SDK_EVAL_SPI.o Startup\context_switch.o Startup\system_bluenrg1.o User\ADC_Polling_main.o User\BlueNRG1_it.o -mthumb -mcpu=cortex-m0 -T..\BlueNRG2.ld -specs=nosys.specs -nostartfiles -nodefaultlibs -static -Wl,--cref -Wl,-Map=ADC_Polling.map -Wl,--gc-sections -Wl,--defsym=malloc_getpagesize_P=0x80 -Wl,--start-group -lc -lm -Wl,--end-group -specs=nano.specs 
C:\Program Files (x86)\Atollic\TrueSTUDIO for STM32 9.3.0\ide\jre\bin\java -jar C:\Program Files (x86)\Atollic\TrueSTUDIO for STM32 9.3.0\Tools\arm-atollic-reports.jar convert-hex sizeinfo list ADC_Polling.elf 
Generate build reports...
Converting build output to hex
Output sent to: ADC_Polling.hex
Converting build output to hex done
Print size information
   text	   data	    bss	    dec	    hex	filename
  21896	    148	   5780	  27824	   6cb0	ADC_Polling.elf
Print size information done
Generate listing file
Output sent to: ADC_Polling.list
Generate listing file done
Generate build reports done
arm-atollic-eabi-objcopy -O binary ADC_Polling.elf ADC_Polling.bin 

20:55:44 Build Finished (took 6s.589ms)

