21:10:17 **** Rebuild of configuration Client for project BLE_Chat ****
Info: Internal Builder is used for build
arm-atollic-eabi-gcc -c ..\..\..\..\..\..\Library\Bluetooth_LE\src\stack_user_cfg.c -mthumb -mcpu=cortex-m0 -std=c99 -DLS_SOURCE=LS_SOURCE_EXTERNAL_32KHZ -DSMPS_INDUCTOR=SMPS_INDUCTOR_10uH -DCLIENT=1 -DBLE_STACK_CONFIGURATION=BLE_STACK_FULL_CONFIGURATION -DBLUENRG2_DEVICE -DHS_SPEED_XTAL=HS_SPEED_XTAL_32MHZ -DUSER_BUTTON=BUTTON_1 -I..\../../inc -I..\../../../../../Library/hal/inc -I..\../../../../../Library/BlueNRG1_Periph_Driver/inc -I..\..\..\..\..\..\Library\CMSIS\Device\ST\BlueNRG1\Include -I..\..\..\..\..\..\Library\CMSIS\Include -I..\..\..\..\..\..\Library\Bluetooth_LE\inc -I..\..\..\..\..\..\Library\BLE_Application\layers_inc -I..\..\..\..\..\..\Library\BLE_Application\Utils\inc -I..\..\..\..\..\..\Library\BLE_Application\OTA\inc -I..\..\..\..\..\..\Library\SDK_Eval_BlueNRG1\inc -Os -ffunction-sections -fdata-sections -g -fstack-usage -Wall -mcpu=cortex-m0 -specs=nano.specs -o Stack\stack_user_cfg.o 
arm-atollic-eabi-gcc -c ..\..\..\..\..\..\Library\hal\src\gp_timer.c -mthumb -mcpu=cortex-m0 -std=c99 -DLS_SOURCE=LS_SOURCE_EXTERNAL_32KHZ -DSMPS_INDUCTOR=SMPS_INDUCTOR_10uH -DCLIENT=1 -DBLE_STACK_CONFIGURATION=BLE_STACK_FULL_CONFIGURATION -DBLUENRG2_DEVICE -DHS_SPEED_XTAL=HS_SPEED_XTAL_32MHZ -DUSER_BUTTON=BUTTON_1 -I..\../../inc -I..\../../../../../Library/hal/inc -I..\../../../../../Library/BlueNRG1_Periph_Driver/inc -I..\..\..\..\..\..\Library\CMSIS\Device\ST\BlueNRG1\Include -I..\..\..\..\..\..\Library\CMSIS\Include -I..\..\..\..\..\..\Library\Bluetooth_LE\inc -I..\..\..\..\..\..\Library\BLE_Application\layers_inc -I..\..\..\..\..\..\Library\BLE_Application\Utils\inc -I..\..\..\..\..\..\Library\BLE_Application\OTA\inc -I..\..\..\..\..\..\Library\SDK_Eval_BlueNRG1\inc -Os -ffunction-sections -fdata-sections -g -fstack-usage -Wall -mcpu=cortex-m0 -specs=nano.specs -o HAL\gp_timer.o 
arm-atollic-eabi-gcc -c ..\..\..\..\..\..\Library\BlueNRG1_Periph_Driver\src\BlueNRG1_i2c.c -mthumb -mcpu=cortex-m0 -std=c99 -DLS_SOURCE=LS_SOURCE_EXTERNAL_32KHZ -DSMPS_INDUCTOR=SMPS_INDUCTOR_10uH -DCLIENT=1 -DBLE_STACK_CONFIGURATION=BLE_STACK_FULL_CONFIGURATION -DBLUENRG2_DEVICE -DHS_SPEED_XTAL=HS_SPEED_XTAL_32MHZ -DUSER_BUTTON=BUTTON_1 -I..\../../inc -I..\../../../../../Library/hal/inc -I..\../../../../../Library/BlueNRG1_Periph_Driver/inc -I..\..\..\..\..\..\Library\CMSIS\Device\ST\BlueNRG1\Include -I..\..\..\..\..\..\Library\CMSIS\Include -I..\..\..\..\..\..\Library\Bluetooth_LE\inc -I..\..\..\..\..\..\Library\BLE_Application\layers_inc -I..\..\..\..\..\..\Library\BLE_Application\Utils\inc -I..\..\..\..\..\..\Library\BLE_Application\OTA\inc -I..\..\..\..\..\..\Library\SDK_Eval_BlueNRG1\inc -Os -ffunction-sections -fdata-sections -g -fstack-usage -Wall -mcpu=cortex-m0 -specs=nano.specs -o Library\BlueNRG1_i2c.o 
arm-atollic-eabi-gcc -c ..\..\..\..\..\..\Library\BlueNRG1_Periph_Driver\src\BlueNRG1_pka.c -mthumb -mcpu=cortex-m0 -std=c99 -DLS_SOURCE=LS_SOURCE_EXTERNAL_32KHZ -DSMPS_INDUCTOR=SMPS_INDUCTOR_10uH -DCLIENT=1 -DBLE_STACK_CONFIGURATION=BLE_STACK_FULL_CONFIGURATION -DBLUENRG2_DEVICE -DHS_SPEED_XTAL=HS_SPEED_XTAL_32MHZ -DUSER_BUTTON=BUTTON_1 -I..\../../inc -I..\../../../../../Library/hal/inc -I..\../../../../../Library/BlueNRG1_Periph_Driver/inc -I..\..\..\..\..\..\Library\CMSIS\Device\ST\BlueNRG1\Include -I..\..\..\..\..\..\Library\CMSIS\Include -I..\..\..\..\..\..\Library\Bluetooth_LE\inc -I..\..\..\..\..\..\Library\BLE_Application\layers_inc -I..\..\..\..\..\..\Library\BLE_Application\Utils\inc -I..\..\..\..\..\..\Library\BLE_Application\OTA\inc -I..\..\..\..\..\..\Library\SDK_Eval_BlueNRG1\inc -Os -ffunction-sections -fdata-sections -g -fstack-usage -Wall -mcpu=cortex-m0 -specs=nano.specs -o Library\BlueNRG1_pka.o 
arm-atollic-eabi-gcc -c ..\..\..\..\..\..\Library\CMSIS\Device\ST\BlueNRG1\Source\system_bluenrg1.c -mthumb -mcpu=cortex-m0 -std=c99 -DLS_SOURCE=LS_SOURCE_EXTERNAL_32KHZ -DSMPS_INDUCTOR=SMPS_INDUCTOR_10uH -DCLIENT=1 -DBLE_STACK_CONFIGURATION=BLE_STACK_FULL_CONFIGURATION -DBLUENRG2_DEVICE -DHS_SPEED_XTAL=HS_SPEED_XTAL_32MHZ -DUSER_BUTTON=BUTTON_1 -I..\../../inc -I..\../../../../../Library/hal/inc -I..\../../../../../Library/BlueNRG1_Periph_Driver/inc -I..\..\..\..\..\..\Library\CMSIS\Device\ST\BlueNRG1\Include -I..\..\..\..\..\..\Library\CMSIS\Include -I..\..\..\..\..\..\Library\Bluetooth_LE\inc -I..\..\..\..\..\..\Library\BLE_Application\layers_inc -I..\..\..\..\..\..\Library\BLE_Application\Utils\inc -I..\..\..\..\..\..\Library\BLE_Application\OTA\inc -I..\..\..\..\..\..\Library\SDK_Eval_BlueNRG1\inc -Os -ffunction-sections -fdata-sections -g -fstack-usage -Wall -mcpu=cortex-m0 -specs=nano.specs -o Startup\system_bluenrg1.o 
arm-atollic-eabi-gcc -c ..\..\..\..\..\..\Library\hal\src\osal.c -mthumb -mcpu=cortex-m0 -std=c99 -DLS_SOURCE=LS_SOURCE_EXTERNAL_32KHZ -DSMPS_INDUCTOR=SMPS_INDUCTOR_10uH -DCLIENT=1 -DBLE_STACK_CONFIGURATION=BLE_STACK_FULL_CONFIGURATION -DBLUENRG2_DEVICE -DHS_SPEED_XTAL=HS_SPEED_XTAL_32MHZ -DUSER_BUTTON=BUTTON_1 -I..\../../inc -I..\../../../../../Library/hal/inc -I..\../../../../../Library/BlueNRG1_Periph_Driver/inc -I..\..\..\..\..\..\Library\CMSIS\Device\ST\BlueNRG1\Include -I..\..\..\..\..\..\Library\CMSIS\Include -I..\..\..\..\..\..\Library\Bluetooth_LE\inc -I..\..\..\..\..\..\Library\BLE_Application\layers_inc -I..\..\..\..\..\..\Library\BLE_Application\Utils\inc -I..\..\..\..\..\..\Library\BLE_Application\OTA\inc -I..\..\..\..\..\..\Library\SDK_Eval_BlueNRG1\inc -Os -ffunction-sections -fdata-sections -g -fstack-usage -Wall -mcpu=cortex-m0 -specs=nano.specs -o HAL\osal.o 
arm-atollic-eabi-gcc -c ..\..\..\..\..\..\Library\BlueNRG1_Periph_Driver\src\misc.c -mthumb -mcpu=cortex-m0 -std=c99 -DLS_SOURCE=LS_SOURCE_EXTERNAL_32KHZ -DSMPS_INDUCTOR=SMPS_INDUCTOR_10uH -DCLIENT=1 -DBLE_STACK_CONFIGURATION=BLE_STACK_FULL_CONFIGURATION -DBLUENRG2_DEVICE -DHS_SPEED_XTAL=HS_SPEED_XTAL_32MHZ -DUSER_BUTTON=BUTTON_1 -I..\../../inc -I..\../../../../../Library/hal/inc -I..\../../../../../Library/BlueNRG1_Periph_Driver/inc -I..\..\..\..\..\..\Library\CMSIS\Device\ST\BlueNRG1\Include -I..\..\..\..\..\..\Library\CMSIS\Include -I..\..\..\..\..\..\Library\Bluetooth_LE\inc -I..\..\..\..\..\..\Library\BLE_Application\layers_inc -I..\..\..\..\..\..\Library\BLE_Application\Utils\inc -I..\..\..\..\..\..\Library\BLE_Application\OTA\inc -I..\..\..\..\..\..\Library\SDK_Eval_BlueNRG1\inc -Os -ffunction-sections -fdata-sections -g -fstack-usage -Wall -mcpu=cortex-m0 -specs=nano.specs -o Library\misc.o 
arm-atollic-eabi-gcc -c ..\..\..\..\..\..\Library\SDK_Eval_BlueNRG1\src\SDK_EVAL_Config.c -mthumb -mcpu=cortex-m0 -std=c99 -DLS_SOURCE=LS_SOURCE_EXTERNAL_32KHZ -DSMPS_INDUCTOR=SMPS_INDUCTOR_10uH -DCLIENT=1 -DBLE_STACK_CONFIGURATION=BLE_STACK_FULL_CONFIGURATION -DBLUENRG2_DEVICE -DHS_SPEED_XTAL=HS_SPEED_XTAL_32MHZ -DUSER_BUTTON=BUTTON_1 -I..\../../inc -I..\../../../../../Library/hal/inc -I..\../../../../../Library/BlueNRG1_Periph_Driver/inc -I..\..\..\..\..\..\Library\CMSIS\Device\ST\BlueNRG1\Include -I..\..\..\..\..\..\Library\CMSIS\Include -I..\..\..\..\..\..\Library\Bluetooth_LE\inc -I..\..\..\..\..\..\Library\BLE_Application\layers_inc -I..\..\..\..\..\..\Library\BLE_Application\Utils\inc -I..\..\..\..\..\..\Library\BLE_Application\OTA\inc -I..\..\..\..\..\..\Library\SDK_Eval_BlueNRG1\inc -Os -ffunction-sections -fdata-sections -g -fstack-usage -Wall -mcpu=cortex-m0 -specs=nano.specs -o Platform_Layers\SDK_EVAL_Config.o 
arm-atollic-eabi-gcc -c ..\..\..\..\..\..\Library\BlueNRG1_Periph_Driver\src\BlueNRG1_rtc.c -mthumb -mcpu=cortex-m0 -std=c99 -DLS_SOURCE=LS_SOURCE_EXTERNAL_32KHZ -DSMPS_INDUCTOR=SMPS_INDUCTOR_10uH -DCLIENT=1 -DBLE_STACK_CONFIGURATION=BLE_STACK_FULL_CONFIGURATION -DBLUENRG2_DEVICE -DHS_SPEED_XTAL=HS_SPEED_XTAL_32MHZ -DUSER_BUTTON=BUTTON_1 -I..\../../inc -I..\../../../../../Library/hal/inc -I..\../../../../../Library/BlueNRG1_Periph_Driver/inc -I..\..\..\..\..\..\Library\CMSIS\Device\ST\BlueNRG1\Include -I..\..\..\..\..\..\Library\CMSIS\Include -I..\..\..\..\..\..\Library\Bluetooth_LE\inc -I..\..\..\..\..\..\Library\BLE_Application\layers_inc -I..\..\..\..\..\..\Library\BLE_Application\Utils\inc -I..\..\..\..\..\..\Library\BLE_Application\OTA\inc -I..\..\..\..\..\..\Library\SDK_Eval_BlueNRG1\inc -Os -ffunction-sections -fdata-sections -g -fstack-usage -Wall -mcpu=cortex-m0 -specs=nano.specs -o Library\BlueNRG1_rtc.o 
arm-atollic-eabi-gcc -c ..\..\..\..\..\..\Library\SDK_Eval_BlueNRG1\src\SDK_EVAL_Button.c -mthumb -mcpu=cortex-m0 -std=c99 -DLS_SOURCE=LS_SOURCE_EXTERNAL_32KHZ -DSMPS_INDUCTOR=SMPS_INDUCTOR_10uH -DCLIENT=1 -DBLE_STACK_CONFIGURATION=BLE_STACK_FULL_CONFIGURATION -DBLUENRG2_DEVICE -DHS_SPEED_XTAL=HS_SPEED_XTAL_32MHZ -DUSER_BUTTON=BUTTON_1 -I..\../../inc -I..\../../../../../Library/hal/inc -I..\../../../../../Library/BlueNRG1_Periph_Driver/inc -I..\..\..\..\..\..\Library\CMSIS\Device\ST\BlueNRG1\Include -I..\..\..\..\..\..\Library\CMSIS\Include -I..\..\..\..\..\..\Library\Bluetooth_LE\inc -I..\..\..\..\..\..\Library\BLE_Application\layers_inc -I..\..\..\..\..\..\Library\BLE_Application\Utils\inc -I..\..\..\..\..\..\Library\BLE_Application\OTA\inc -I..\..\..\..\..\..\Library\SDK_Eval_BlueNRG1\inc -Os -ffunction-sections -fdata-sections -g -fstack-usage -Wall -mcpu=cortex-m0 -specs=nano.specs -o Platform_Layers\SDK_EVAL_Button.o 
arm-atollic-eabi-gcc -c ..\..\..\..\..\..\Library\BlueNRG1_Periph_Driver\src\BlueNRG1_sysCtrl.c -mthumb -mcpu=cortex-m0 -std=c99 -DLS_SOURCE=LS_SOURCE_EXTERNAL_32KHZ -DSMPS_INDUCTOR=SMPS_INDUCTOR_10uH -DCLIENT=1 -DBLE_STACK_CONFIGURATION=BLE_STACK_FULL_CONFIGURATION -DBLUENRG2_DEVICE -DHS_SPEED_XTAL=HS_SPEED_XTAL_32MHZ -DUSER_BUTTON=BUTTON_1 -I..\../../inc -I..\../../../../../Library/hal/inc -I..\../../../../../Library/BlueNRG1_Periph_Driver/inc -I..\..\..\..\..\..\Library\CMSIS\Device\ST\BlueNRG1\Include -I..\..\..\..\..\..\Library\CMSIS\Include -I..\..\..\..\..\..\Library\Bluetooth_LE\inc -I..\..\..\..\..\..\Library\BLE_Application\layers_inc -I..\..\..\..\..\..\Library\BLE_Application\Utils\inc -I..\..\..\..\..\..\Library\BLE_Application\OTA\inc -I..\..\..\..\..\..\Library\SDK_Eval_BlueNRG1\inc -Os -ffunction-sections -fdata-sections -g -fstack-usage -Wall -mcpu=cortex-m0 -specs=nano.specs -o Library\BlueNRG1_sysCtrl.o 
arm-atollic-eabi-gcc -c ..\..\..\..\..\..\Library\BlueNRG1_Periph_Driver\src\BlueNRG1_gpio.c -mthumb -mcpu=cortex-m0 -std=c99 -DLS_SOURCE=LS_SOURCE_EXTERNAL_32KHZ -DSMPS_INDUCTOR=SMPS_INDUCTOR_10uH -DCLIENT=1 -DBLE_STACK_CONFIGURATION=BLE_STACK_FULL_CONFIGURATION -DBLUENRG2_DEVICE -DHS_SPEED_XTAL=HS_SPEED_XTAL_32MHZ -DUSER_BUTTON=BUTTON_1 -I..\../../inc -I..\../../../../../Library/hal/inc -I..\../../../../../Library/BlueNRG1_Periph_Driver/inc -I..\..\..\..\..\..\Library\CMSIS\Device\ST\BlueNRG1\Include -I..\..\..\..\..\..\Library\CMSIS\Include -I..\..\..\..\..\..\Library\Bluetooth_LE\inc -I..\..\..\..\..\..\Library\BLE_Application\layers_inc -I..\..\..\..\..\..\Library\BLE_Application\Utils\inc -I..\..\..\..\..\..\Library\BLE_Application\OTA\inc -I..\..\..\..\..\..\Library\SDK_Eval_BlueNRG1\inc -Os -ffunction-sections -fdata-sections -g -fstack-usage -Wall -mcpu=cortex-m0 -specs=nano.specs -o Library\BlueNRG1_gpio.o 
arm-atollic-eabi-gcc -c ..\..\..\src\chat.c -mthumb -mcpu=cortex-m0 -std=c99 -DLS_SOURCE=LS_SOURCE_EXTERNAL_32KHZ -DSMPS_INDUCTOR=SMPS_INDUCTOR_10uH -DCLIENT=1 -DBLE_STACK_CONFIGURATION=BLE_STACK_FULL_CONFIGURATION -DBLUENRG2_DEVICE -DHS_SPEED_XTAL=HS_SPEED_XTAL_32MHZ -DUSER_BUTTON=BUTTON_1 -I..\../../inc -I..\../../../../../Library/hal/inc -I..\../../../../../Library/BlueNRG1_Periph_Driver/inc -I..\..\..\..\..\..\Library\CMSIS\Device\ST\BlueNRG1\Include -I..\..\..\..\..\..\Library\CMSIS\Include -I..\..\..\..\..\..\Library\Bluetooth_LE\inc -I..\..\..\..\..\..\Library\BLE_Application\layers_inc -I..\..\..\..\..\..\Library\BLE_Application\Utils\inc -I..\..\..\..\..\..\Library\BLE_Application\OTA\inc -I..\..\..\..\..\..\Library\SDK_Eval_BlueNRG1\inc -Os -ffunction-sections -fdata-sections -g -fstack-usage -Wall -mcpu=cortex-m0 -specs=nano.specs -o User\chat.o 
..\..\..\src\chat.c:34:0: warning: "CLIENT" redefined
 #define CLIENT 0
 
<command-line>:0:0: note: this is the location of the previous definition
arm-atollic-eabi-gcc -c ..\..\..\src\BlueNRG1_it.c -mthumb -mcpu=cortex-m0 -std=c99 -DLS_SOURCE=LS_SOURCE_EXTERNAL_32KHZ -DSMPS_INDUCTOR=SMPS_INDUCTOR_10uH -DCLIENT=1 -DBLE_STACK_CONFIGURATION=BLE_STACK_FULL_CONFIGURATION -DBLUENRG2_DEVICE -DHS_SPEED_XTAL=HS_SPEED_XTAL_32MHZ -DUSER_BUTTON=BUTTON_1 -I..\../../inc -I..\../../../../../Library/hal/inc -I..\../../../../../Library/BlueNRG1_Periph_Driver/inc -I..\..\..\..\..\..\Library\CMSIS\Device\ST\BlueNRG1\Include -I..\..\..\..\..\..\Library\CMSIS\Include -I..\..\..\..\..\..\Library\Bluetooth_LE\inc -I..\..\..\..\..\..\Library\BLE_Application\layers_inc -I..\..\..\..\..\..\Library\BLE_Application\Utils\inc -I..\..\..\..\..\..\Library\BLE_Application\OTA\inc -I..\..\..\..\..\..\Library\SDK_Eval_BlueNRG1\inc -Os -ffunction-sections -fdata-sections -g -fstack-usage -Wall -mcpu=cortex-m0 -specs=nano.specs -o User\BlueNRG1_it.o 
arm-atollic-eabi-gcc -c ..\..\..\src\gatt_db.c -mthumb -mcpu=cortex-m0 -std=c99 -DLS_SOURCE=LS_SOURCE_EXTERNAL_32KHZ -DSMPS_INDUCTOR=SMPS_INDUCTOR_10uH -DCLIENT=1 -DBLE_STACK_CONFIGURATION=BLE_STACK_FULL_CONFIGURATION -DBLUENRG2_DEVICE -DHS_SPEED_XTAL=HS_SPEED_XTAL_32MHZ -DUSER_BUTTON=BUTTON_1 -I..\../../inc -I..\../../../../../Library/hal/inc -I..\../../../../../Library/BlueNRG1_Periph_Driver/inc -I..\..\..\..\..\..\Library\CMSIS\Device\ST\BlueNRG1\Include -I..\..\..\..\..\..\Library\CMSIS\Include -I..\..\..\..\..\..\Library\Bluetooth_LE\inc -I..\..\..\..\..\..\Library\BLE_Application\layers_inc -I..\..\..\..\..\..\Library\BLE_Application\Utils\inc -I..\..\..\..\..\..\Library\BLE_Application\OTA\inc -I..\..\..\..\..\..\Library\SDK_Eval_BlueNRG1\inc -Os -ffunction-sections -fdata-sections -g -fstack-usage -Wall -mcpu=cortex-m0 -specs=nano.specs -o User\gatt_db.o 
arm-atollic-eabi-gcc -c ..\..\..\..\..\..\Library\hal\src\clock.c -mthumb -mcpu=cortex-m0 -std=c99 -DLS_SOURCE=LS_SOURCE_EXTERNAL_32KHZ -DSMPS_INDUCTOR=SMPS_INDUCTOR_10uH -DCLIENT=1 -DBLE_STACK_CONFIGURATION=BLE_STACK_FULL_CONFIGURATION -DBLUENRG2_DEVICE -DHS_SPEED_XTAL=HS_SPEED_XTAL_32MHZ -DUSER_BUTTON=BUTTON_1 -I..\../../inc -I..\../../../../../Library/hal/inc -I..\../../../../../Library/BlueNRG1_Periph_Driver/inc -I..\..\..\..\..\..\Library\CMSIS\Device\ST\BlueNRG1\Include -I..\..\..\..\..\..\Library\CMSIS\Include -I..\..\..\..\..\..\Library\Bluetooth_LE\inc -I..\..\..\..\..\..\Library\BLE_Application\layers_inc -I..\..\..\..\..\..\Library\BLE_Application\Utils\inc -I..\..\..\..\..\..\Library\BLE_Application\OTA\inc -I..\..\..\..\..\..\Library\SDK_Eval_BlueNRG1\inc -Os -ffunction-sections -fdata-sections -g -fstack-usage -Wall -mcpu=cortex-m0 -specs=nano.specs -o HAL\clock.o 
arm-atollic-eabi-gcc -c ..\..\..\..\..\..\Library\BlueNRG1_Periph_Driver\src\BlueNRG1_adc.c -mthumb -mcpu=cortex-m0 -std=c99 -DLS_SOURCE=LS_SOURCE_EXTERNAL_32KHZ -DSMPS_INDUCTOR=SMPS_INDUCTOR_10uH -DCLIENT=1 -DBLE_STACK_CONFIGURATION=BLE_STACK_FULL_CONFIGURATION -DBLUENRG2_DEVICE -DHS_SPEED_XTAL=HS_SPEED_XTAL_32MHZ -DUSER_BUTTON=BUTTON_1 -I..\../../inc -I..\../../../../../Library/hal/inc -I..\../../../../../Library/BlueNRG1_Periph_Driver/inc -I..\..\..\..\..\..\Library\CMSIS\Device\ST\BlueNRG1\Include -I..\..\..\..\..\..\Library\CMSIS\Include -I..\..\..\..\..\..\Library\Bluetooth_LE\inc -I..\..\..\..\..\..\Library\BLE_Application\layers_inc -I..\..\..\..\..\..\Library\BLE_Application\Utils\inc -I..\..\..\..\..\..\Library\BLE_Application\OTA\inc -I..\..\..\..\..\..\Library\SDK_Eval_BlueNRG1\inc -Os -ffunction-sections -fdata-sections -g -fstack-usage -Wall -mcpu=cortex-m0 -specs=nano.specs -o Library\BlueNRG1_adc.o 
arm-atollic-eabi-gcc -c ..\..\..\..\..\..\Library\hal\src\miscutil.c -mthumb -mcpu=cortex-m0 -std=c99 -DLS_SOURCE=LS_SOURCE_EXTERNAL_32KHZ -DSMPS_INDUCTOR=SMPS_INDUCTOR_10uH -DCLIENT=1 -DBLE_STACK_CONFIGURATION=BLE_STACK_FULL_CONFIGURATION -DBLUENRG2_DEVICE -DHS_SPEED_XTAL=HS_SPEED_XTAL_32MHZ -DUSER_BUTTON=BUTTON_1 -I..\../../inc -I..\../../../../../Library/hal/inc -I..\../../../../../Library/BlueNRG1_Periph_Driver/inc -I..\..\..\..\..\..\Library\CMSIS\Device\ST\BlueNRG1\Include -I..\..\..\..\..\..\Library\CMSIS\Include -I..\..\..\..\..\..\Library\Bluetooth_LE\inc -I..\..\..\..\..\..\Library\BLE_Application\layers_inc -I..\..\..\..\..\..\Library\BLE_Application\Utils\inc -I..\..\..\..\..\..\Library\BLE_Application\OTA\inc -I..\..\..\..\..\..\Library\SDK_Eval_BlueNRG1\inc -Os -ffunction-sections -fdata-sections -g -fstack-usage -Wall -mcpu=cortex-m0 -specs=nano.specs -o HAL\miscutil.o 
arm-atollic-eabi-gcc -c ..\..\..\..\..\..\Library\BlueNRG1_Periph_Driver\src\BlueNRG1_wdg.c -mthumb -mcpu=cortex-m0 -std=c99 -DLS_SOURCE=LS_SOURCE_EXTERNAL_32KHZ -DSMPS_INDUCTOR=SMPS_INDUCTOR_10uH -DCLIENT=1 -DBLE_STACK_CONFIGURATION=BLE_STACK_FULL_CONFIGURATION -DBLUENRG2_DEVICE -DHS_SPEED_XTAL=HS_SPEED_XTAL_32MHZ -DUSER_BUTTON=BUTTON_1 -I..\../../inc -I..\../../../../../Library/hal/inc -I..\../../../../../Library/BlueNRG1_Periph_Driver/inc -I..\..\..\..\..\..\Library\CMSIS\Device\ST\BlueNRG1\Include -I..\..\..\..\..\..\Library\CMSIS\Include -I..\..\..\..\..\..\Library\Bluetooth_LE\inc -I..\..\..\..\..\..\Library\BLE_Application\layers_inc -I..\..\..\..\..\..\Library\BLE_Application\Utils\inc -I..\..\..\..\..\..\Library\BLE_Application\OTA\inc -I..\..\..\..\..\..\Library\SDK_Eval_BlueNRG1\inc -Os -ffunction-sections -fdata-sections -g -fstack-usage -Wall -mcpu=cortex-m0 -specs=nano.specs -o Library\BlueNRG1_wdg.o 
arm-atollic-eabi-gcc -c ..\..\..\..\..\..\Library\SDK_Eval_BlueNRG1\src\SDK_EVAL_Com.c -mthumb -mcpu=cortex-m0 -std=c99 -DLS_SOURCE=LS_SOURCE_EXTERNAL_32KHZ -DSMPS_INDUCTOR=SMPS_INDUCTOR_10uH -DCLIENT=1 -DBLE_STACK_CONFIGURATION=BLE_STACK_FULL_CONFIGURATION -DBLUENRG2_DEVICE -DHS_SPEED_XTAL=HS_SPEED_XTAL_32MHZ -DUSER_BUTTON=BUTTON_1 -I..\../../inc -I..\../../../../../Library/hal/inc -I..\../../../../../Library/BlueNRG1_Periph_Driver/inc -I..\..\..\..\..\..\Library\CMSIS\Device\ST\BlueNRG1\Include -I..\..\..\..\..\..\Library\CMSIS\Include -I..\..\..\..\..\..\Library\Bluetooth_LE\inc -I..\..\..\..\..\..\Library\BLE_Application\layers_inc -I..\..\..\..\..\..\Library\BLE_Application\Utils\inc -I..\..\..\..\..\..\Library\BLE_Application\OTA\inc -I..\..\..\..\..\..\Library\SDK_Eval_BlueNRG1\inc -Os -ffunction-sections -fdata-sections -g -fstack-usage -Wall -mcpu=cortex-m0 -specs=nano.specs -o Platform_Layers\SDK_EVAL_Com.o 
arm-atollic-eabi-gcc -c ..\..\..\..\..\..\Library\SDK_Eval_BlueNRG1\src\SDK_EVAL_Led.c -mthumb -mcpu=cortex-m0 -std=c99 -DLS_SOURCE=LS_SOURCE_EXTERNAL_32KHZ -DSMPS_INDUCTOR=SMPS_INDUCTOR_10uH -DCLIENT=1 -DBLE_STACK_CONFIGURATION=BLE_STACK_FULL_CONFIGURATION -DBLUENRG2_DEVICE -DHS_SPEED_XTAL=HS_SPEED_XTAL_32MHZ -DUSER_BUTTON=BUTTON_1 -I..\../../inc -I..\../../../../../Library/hal/inc -I..\../../../../../Library/BlueNRG1_Periph_Driver/inc -I..\..\..\..\..\..\Library\CMSIS\Device\ST\BlueNRG1\Include -I..\..\..\..\..\..\Library\CMSIS\Include -I..\..\..\..\..\..\Library\Bluetooth_LE\inc -I..\..\..\..\..\..\Library\BLE_Application\layers_inc -I..\..\..\..\..\..\Library\BLE_Application\Utils\inc -I..\..\..\..\..\..\Library\BLE_Application\OTA\inc -I..\..\..\..\..\..\Library\SDK_Eval_BlueNRG1\inc -Os -ffunction-sections -fdata-sections -g -fstack-usage -Wall -mcpu=cortex-m0 -specs=nano.specs -o Platform_Layers\SDK_EVAL_Led.o 
arm-atollic-eabi-gcc -c -mthumb -mcpu=cortex-m0 -g -Wa,--no-warn -x assembler-with-cpp -specs=nano.specs -o HAL\context_switch.o ..\..\..\..\..\..\Library\hal\src\context_switch.s 
arm-atollic-eabi-gcc -c ..\..\..\src\BLE_Chat_main.c -mthumb -mcpu=cortex-m0 -std=c99 -DLS_SOURCE=LS_SOURCE_EXTERNAL_32KHZ -DSMPS_INDUCTOR=SMPS_INDUCTOR_10uH -DCLIENT=1 -DBLE_STACK_CONFIGURATION=BLE_STACK_FULL_CONFIGURATION -DBLUENRG2_DEVICE -DHS_SPEED_XTAL=HS_SPEED_XTAL_32MHZ -DUSER_BUTTON=BUTTON_1 -I..\../../inc -I..\../../../../../Library/hal/inc -I..\../../../../../Library/BlueNRG1_Periph_Driver/inc -I..\..\..\..\..\..\Library\CMSIS\Device\ST\BlueNRG1\Include -I..\..\..\..\..\..\Library\CMSIS\Include -I..\..\..\..\..\..\Library\Bluetooth_LE\inc -I..\..\..\..\..\..\Library\BLE_Application\layers_inc -I..\..\..\..\..\..\Library\BLE_Application\Utils\inc -I..\..\..\..\..\..\Library\BLE_Application\OTA\inc -I..\..\..\..\..\..\Library\SDK_Eval_BlueNRG1\inc -Os -ffunction-sections -fdata-sections -g -fstack-usage -Wall -mcpu=cortex-m0 -specs=nano.specs -o User\BLE_Chat_main.o 
arm-atollic-eabi-gcc -c ..\..\..\..\..\..\Library\BlueNRG1_Periph_Driver\src\BlueNRG1_flash.c -mthumb -mcpu=cortex-m0 -std=c99 -DLS_SOURCE=LS_SOURCE_EXTERNAL_32KHZ -DSMPS_INDUCTOR=SMPS_INDUCTOR_10uH -DCLIENT=1 -DBLE_STACK_CONFIGURATION=BLE_STACK_FULL_CONFIGURATION -DBLUENRG2_DEVICE -DHS_SPEED_XTAL=HS_SPEED_XTAL_32MHZ -DUSER_BUTTON=BUTTON_1 -I..\../../inc -I..\../../../../../Library/hal/inc -I..\../../../../../Library/BlueNRG1_Periph_Driver/inc -I..\..\..\..\..\..\Library\CMSIS\Device\ST\BlueNRG1\Include -I..\..\..\..\..\..\Library\CMSIS\Include -I..\..\..\..\..\..\Library\Bluetooth_LE\inc -I..\..\..\..\..\..\Library\BLE_Application\layers_inc -I..\..\..\..\..\..\Library\BLE_Application\Utils\inc -I..\..\..\..\..\..\Library\BLE_Application\OTA\inc -I..\..\..\..\..\..\Library\SDK_Eval_BlueNRG1\inc -Os -ffunction-sections -fdata-sections -g -fstack-usage -Wall -mcpu=cortex-m0 -specs=nano.specs -o Library\BlueNRG1_flash.o 
arm-atollic-eabi-gcc -c ..\..\..\..\..\..\Library\BlueNRG1_Periph_Driver\src\BlueNRG1_mft.c -mthumb -mcpu=cortex-m0 -std=c99 -DLS_SOURCE=LS_SOURCE_EXTERNAL_32KHZ -DSMPS_INDUCTOR=SMPS_INDUCTOR_10uH -DCLIENT=1 -DBLE_STACK_CONFIGURATION=BLE_STACK_FULL_CONFIGURATION -DBLUENRG2_DEVICE -DHS_SPEED_XTAL=HS_SPEED_XTAL_32MHZ -DUSER_BUTTON=BUTTON_1 -I..\../../inc -I..\../../../../../Library/hal/inc -I..\../../../../../Library/BlueNRG1_Periph_Driver/inc -I..\..\..\..\..\..\Library\CMSIS\Device\ST\BlueNRG1\Include -I..\..\..\..\..\..\Library\CMSIS\Include -I..\..\..\..\..\..\Library\Bluetooth_LE\inc -I..\..\..\..\..\..\Library\BLE_Application\layers_inc -I..\..\..\..\..\..\Library\BLE_Application\Utils\inc -I..\..\..\..\..\..\Library\BLE_Application\OTA\inc -I..\..\..\..\..\..\Library\SDK_Eval_BlueNRG1\inc -Os -ffunction-sections -fdata-sections -g -fstack-usage -Wall -mcpu=cortex-m0 -specs=nano.specs -o Library\BlueNRG1_mft.o 
arm-atollic-eabi-gcc -c ..\..\..\..\..\..\Library\BlueNRG1_Periph_Driver\src\BlueNRG1_spi.c -mthumb -mcpu=cortex-m0 -std=c99 -DLS_SOURCE=LS_SOURCE_EXTERNAL_32KHZ -DSMPS_INDUCTOR=SMPS_INDUCTOR_10uH -DCLIENT=1 -DBLE_STACK_CONFIGURATION=BLE_STACK_FULL_CONFIGURATION -DBLUENRG2_DEVICE -DHS_SPEED_XTAL=HS_SPEED_XTAL_32MHZ -DUSER_BUTTON=BUTTON_1 -I..\../../inc -I..\../../../../../Library/hal/inc -I..\../../../../../Library/BlueNRG1_Periph_Driver/inc -I..\..\..\..\..\..\Library\CMSIS\Device\ST\BlueNRG1\Include -I..\..\..\..\..\..\Library\CMSIS\Include -I..\..\..\..\..\..\Library\Bluetooth_LE\inc -I..\..\..\..\..\..\Library\BLE_Application\layers_inc -I..\..\..\..\..\..\Library\BLE_Application\Utils\inc -I..\..\..\..\..\..\Library\BLE_Application\OTA\inc -I..\..\..\..\..\..\Library\SDK_Eval_BlueNRG1\inc -Os -ffunction-sections -fdata-sections -g -fstack-usage -Wall -mcpu=cortex-m0 -specs=nano.specs -o Library\BlueNRG1_spi.o 
arm-atollic-eabi-gcc -c ..\..\..\..\..\..\Library\BlueNRG1_Periph_Driver\src\BlueNRG1_dma.c -mthumb -mcpu=cortex-m0 -std=c99 -DLS_SOURCE=LS_SOURCE_EXTERNAL_32KHZ -DSMPS_INDUCTOR=SMPS_INDUCTOR_10uH -DCLIENT=1 -DBLE_STACK_CONFIGURATION=BLE_STACK_FULL_CONFIGURATION -DBLUENRG2_DEVICE -DHS_SPEED_XTAL=HS_SPEED_XTAL_32MHZ -DUSER_BUTTON=BUTTON_1 -I..\../../inc -I..\../../../../../Library/hal/inc -I..\../../../../../Library/BlueNRG1_Periph_Driver/inc -I..\..\..\..\..\..\Library\CMSIS\Device\ST\BlueNRG1\Include -I..\..\..\..\..\..\Library\CMSIS\Include -I..\..\..\..\..\..\Library\Bluetooth_LE\inc -I..\..\..\..\..\..\Library\BLE_Application\layers_inc -I..\..\..\..\..\..\Library\BLE_Application\Utils\inc -I..\..\..\..\..\..\Library\BLE_Application\OTA\inc -I..\..\..\..\..\..\Library\SDK_Eval_BlueNRG1\inc -Os -ffunction-sections -fdata-sections -g -fstack-usage -Wall -mcpu=cortex-m0 -specs=nano.specs -o Library\BlueNRG1_dma.o 
arm-atollic-eabi-gcc -c ..\..\..\..\..\..\Library\BlueNRG1_Periph_Driver\src\BlueNRG1_uart.c -mthumb -mcpu=cortex-m0 -std=c99 -DLS_SOURCE=LS_SOURCE_EXTERNAL_32KHZ -DSMPS_INDUCTOR=SMPS_INDUCTOR_10uH -DCLIENT=1 -DBLE_STACK_CONFIGURATION=BLE_STACK_FULL_CONFIGURATION -DBLUENRG2_DEVICE -DHS_SPEED_XTAL=HS_SPEED_XTAL_32MHZ -DUSER_BUTTON=BUTTON_1 -I..\../../inc -I..\../../../../../Library/hal/inc -I..\../../../../../Library/BlueNRG1_Periph_Driver/inc -I..\..\..\..\..\..\Library\CMSIS\Device\ST\BlueNRG1\Include -I..\..\..\..\..\..\Library\CMSIS\Include -I..\..\..\..\..\..\Library\Bluetooth_LE\inc -I..\..\..\..\..\..\Library\BLE_Application\layers_inc -I..\..\..\..\..\..\Library\BLE_Application\Utils\inc -I..\..\..\..\..\..\Library\BLE_Application\OTA\inc -I..\..\..\..\..\..\Library\SDK_Eval_BlueNRG1\inc -Os -ffunction-sections -fdata-sections -g -fstack-usage -Wall -mcpu=cortex-m0 -specs=nano.specs -o Library\BlueNRG1_uart.o 
arm-atollic-eabi-gcc -o BLE_Chat_Client.elf HAL\clock.o HAL\context_switch.o HAL\gp_timer.o HAL\miscutil.o HAL\osal.o Library\BlueNRG1_adc.o Library\BlueNRG1_dma.o Library\BlueNRG1_flash.o Library\BlueNRG1_gpio.o Library\BlueNRG1_i2c.o Library\BlueNRG1_mft.o Library\BlueNRG1_pka.o Library\BlueNRG1_rtc.o Library\BlueNRG1_spi.o Library\BlueNRG1_sysCtrl.o Library\BlueNRG1_uart.o Library\BlueNRG1_wdg.o Library\misc.o Platform_Layers\SDK_EVAL_Button.o Platform_Layers\SDK_EVAL_Com.o Platform_Layers\SDK_EVAL_Config.o Platform_Layers\SDK_EVAL_Led.o Stack\stack_user_cfg.o Startup\system_bluenrg1.o User\BLE_Chat_main.o User\BlueNRG1_it.o User\chat.o User\gatt_db.o -lbluenrg1_stack -lcrypto -mthumb -mcpu=cortex-m0 -T..\BlueNRG2.ld -specs=nosys.specs -nostartfiles -nodefaultlibs -static -L../../../../../../Library/Bluetooth_LE/library -L../../../../../../Library/cryptolib -Wl,--cref -Wl,-Map=BLE_Chat_Client.map -Wl,--gc-sections -Wl,--defsym=malloc_getpagesize_P=0x80 -Wl,--start-group -lc -lm -Wl,--end-group -specs=nano.specs 
C:\Program Files (x86)\Atollic\TrueSTUDIO for STM32 9.3.0\ide\jre\bin\java -jar C:\Program Files (x86)\Atollic\TrueSTUDIO for STM32 9.3.0\Tools\arm-atollic-reports.jar convert-hex sizeinfo list BLE_Chat_Client.elf 
Generate build reports...
Converting build output to hex
Output sent to: BLE_Chat_Client.hex
Converting build output to hex done
Print size information
   text	   data	    bss	    dec	    hex	filename
  92964	    236	  17208	 110408	  1af48	BLE_Chat_Client.elf
Print size information done
Generate listing file
Output sent to: BLE_Chat_Client.list
Generate listing file done
Generate build reports done
arm-atollic-eabi-objcopy -O binary BLE_Chat_Client.elf BLE_Chat_Client.bin 

21:10:25 Build Finished (took 7s.343ms)

