20:29:58 **** Incremental Build of configuration Debug for project SmartBB ****
Info: Internal Builder is used for build
arm-atollic-eabi-gcc -c ..\src\main.c -mthumb -mcpu=cortex-m0 -std=gnu11 -DLS_SOURCE=LS_SOURCE_EXTERNAL_32KHZ -DSMPS_INDUCTOR=SMPS_INDUCTOR_10uH -DBLUENRG2_DEVICE -DHS_SPEED_XTAL=HS_SPEED_XTAL_32MHZ -DUSER_BUTTON=BUTTON_1 -DNO_SMART_POWER_MANAGEMENT -I../inc -I../Library/BlueNRG1_Periph_Driver/inc -I../Library/CMSIS/Device/ST/BlueNRG1/Include -I../Library/SDK_Eval_BlueNRG1/inc -I../Library/CMSIS/Include -I../Library/hal/inc -I../Library/Bluetooth_LE/inc -I../Library/BLE_Application/layers_inc -I../Library/BLE_Application/Utils/inc -I../src -O0 -ffunction-sections -fdata-sections -g -fstack-usage -Wall -specs=nano.specs -o src\main.o 
..\src\main.c: In function 'main':
..\src\main.c:72:3: warning: implicit declaration of function 'APP_Tick' [-Wimplicit-function-declaration]
   APP_Tick();
   ^~~~~~~~
..\src\main.c: In function 'initSoftware':
..\src\main.c:171:8: warning: implicit declaration of function 'CHAT_DeviceInit' [-Wimplicit-function-declaration]
  ret = CHAT_DeviceInit();
        ^~~~~~~~~~~~~~~
arm-atollic-eabi-gcc -o SmartBB.elf Library\BLE_Application\Utils\src\ble_utils.o Library\BlueNRG1_Periph_Driver\src\BlueNRG1_adc.o Library\BlueNRG1_Periph_Driver\src\BlueNRG1_dma.o Library\BlueNRG1_Periph_Driver\src\BlueNRG1_flash.o Library\BlueNRG1_Periph_Driver\src\BlueNRG1_gpio.o Library\BlueNRG1_Periph_Driver\src\BlueNRG1_i2c.o Library\BlueNRG1_Periph_Driver\src\BlueNRG1_mft.o Library\BlueNRG1_Periph_Driver\src\BlueNRG1_pka.o Library\BlueNRG1_Periph_Driver\src\BlueNRG1_rng.o Library\BlueNRG1_Periph_Driver\src\BlueNRG1_rtc.o Library\BlueNRG1_Periph_Driver\src\BlueNRG1_spi.o Library\BlueNRG1_Periph_Driver\src\BlueNRG1_sysCtrl.o Library\BlueNRG1_Periph_Driver\src\BlueNRG1_uart.o Library\BlueNRG1_Periph_Driver\src\BlueNRG1_wdg.o Library\BlueNRG1_Periph_Driver\src\misc.o Library\Bluetooth_LE\src\stack_dle_api_stubs.o Library\Bluetooth_LE\src\stack_priv_api_stubs.o Library\Bluetooth_LE\src\stack_sc_api_stubs.o Library\Bluetooth_LE\src\stack_slvonly_api_stubs.o Library\Bluetooth_LE\src\stack_user_cfg.o Library\CMSIS\Device\ST\BlueNRG1\Source\system_bluenrg1.o Library\SDK_Eval_BlueNRG1\src\SDK_EVAL_Com.o Library\SDK_Eval_BlueNRG1\src\SDK_EVAL_Config.o Library\hal\src\clock.o Library\hal\src\context_switch.o Library\hal\src\miscutil.o Library\hal\src\osal.o Library\hal\src\sleep.o src\BlueNRG1_it.o src\Motor.o src\chat.o src\gatt_db.o src\gp_timer.o src\main.o -lcrypto -lbluenrg1_stack -mthumb -mcpu=cortex-m0 -T../BlueNRG2.ld -specs=nosys.specs -static -L../Library/Bluetooth_LE/library -L../Library/cryptolib -Wl,-cref,-u,Reset_Handler -Wl,-Map=SmartBB.map -Wl,--gc-sections -Wl,--defsym=malloc_getpagesize_P=0x80 -Wl,--start-group -lc -lm -Wl,--end-group -specs=nano.specs 
C:\Program Files (x86)\Atollic\TrueSTUDIO for STM32 9.3.0\ide\jre\bin\java -jar C:\Program Files (x86)\Atollic\TrueSTUDIO for STM32 9.3.0\Tools\arm-atollic-reports.jar convert-hex sizeinfo list SmartBB.elf 
Generate build reports...
Converting build output to hex
Output sent to: SmartBB.hex
Converting build output to hex done
Print size information
   text	   data	    bss	    dec	    hex	filename
  66756	    228	   8028	  75012	  12504	SmartBB.elf
Print size information done
Generate listing file
Output sent to: SmartBB.list
Generate listing file done
Generate build reports done
20:30:00 **** Rebuild of configuration Debug for project SmartBB ****
Info: Internal Builder is used for build
arm-atollic-eabi-gcc -c ..\Library\BlueNRG1_Periph_Driver\src\BlueNRG1_uart.c -mthumb -mcpu=cortex-m0 -std=gnu11 -DLS_SOURCE=LS_SOURCE_EXTERNAL_32KHZ -DSMPS_INDUCTOR=SMPS_INDUCTOR_10uH -DBLUENRG2_DEVICE -DHS_SPEED_XTAL=HS_SPEED_XTAL_32MHZ -DUSER_BUTTON=BUTTON_1 -DNO_SMART_POWER_MANAGEMENT -I../inc -I../Library/BlueNRG1_Periph_Driver/inc -I../Library/CMSIS/Device/ST/BlueNRG1/Include -I../Library/SDK_Eval_BlueNRG1/inc -I../Library/CMSIS/Include -I../Library/hal/inc -I../Library/Bluetooth_LE/inc -I../Library/BLE_Application/layers_inc -I../Library/BLE_Application/Utils/inc -I../src -O0 -ffunction-sections -fdata-sections -g -fstack-usage -Wall -specs=nano.specs -o Library\BlueNRG1_Periph_Driver\src\BlueNRG1_uart.o 
arm-atollic-eabi-gcc -c ..\Library\BlueNRG1_Periph_Driver\src\BlueNRG1_spi.c -mthumb -mcpu=cortex-m0 -std=gnu11 -DLS_SOURCE=LS_SOURCE_EXTERNAL_32KHZ -DSMPS_INDUCTOR=SMPS_INDUCTOR_10uH -DBLUENRG2_DEVICE -DHS_SPEED_XTAL=HS_SPEED_XTAL_32MHZ -DUSER_BUTTON=BUTTON_1 -DNO_SMART_POWER_MANAGEMENT -I../inc -I../Library/BlueNRG1_Periph_Driver/inc -I../Library/CMSIS/Device/ST/BlueNRG1/Include -I../Library/SDK_Eval_BlueNRG1/inc -I../Library/CMSIS/Include -I../Library/hal/inc -I../Library/Bluetooth_LE/inc -I../Library/BLE_Application/layers_inc -I../Library/BLE_Application/Utils/inc -I../src -O0 -ffunction-sections -fdata-sections -g -fstack-usage -Wall -specs=nano.specs -o Library\BlueNRG1_Periph_Driver\src\BlueNRG1_spi.o 
arm-atollic-eabi-gcc -c ..\Library\Bluetooth_LE\src\stack_sc_api_stubs.c -mthumb -mcpu=cortex-m0 -std=gnu11 -DLS_SOURCE=LS_SOURCE_EXTERNAL_32KHZ -DSMPS_INDUCTOR=SMPS_INDUCTOR_10uH -DBLUENRG2_DEVICE -DHS_SPEED_XTAL=HS_SPEED_XTAL_32MHZ -DUSER_BUTTON=BUTTON_1 -DNO_SMART_POWER_MANAGEMENT -I../inc -I../Library/BlueNRG1_Periph_Driver/inc -I../Library/CMSIS/Device/ST/BlueNRG1/Include -I../Library/SDK_Eval_BlueNRG1/inc -I../Library/CMSIS/Include -I../Library/hal/inc -I../Library/Bluetooth_LE/inc -I../Library/BLE_Application/layers_inc -I../Library/BLE_Application/Utils/inc -I../src -O0 -ffunction-sections -fdata-sections -g -fstack-usage -Wall -specs=nano.specs -o Library\Bluetooth_LE\src\stack_sc_api_stubs.o 
arm-atollic-eabi-gcc -c ..\Library\hal\src\clock.c -mthumb -mcpu=cortex-m0 -std=gnu11 -DLS_SOURCE=LS_SOURCE_EXTERNAL_32KHZ -DSMPS_INDUCTOR=SMPS_INDUCTOR_10uH -DBLUENRG2_DEVICE -DHS_SPEED_XTAL=HS_SPEED_XTAL_32MHZ -DUSER_BUTTON=BUTTON_1 -DNO_SMART_POWER_MANAGEMENT -I../inc -I../Library/BlueNRG1_Periph_Driver/inc -I../Library/CMSIS/Device/ST/BlueNRG1/Include -I../Library/SDK_Eval_BlueNRG1/inc -I../Library/CMSIS/Include -I../Library/hal/inc -I../Library/Bluetooth_LE/inc -I../Library/BLE_Application/layers_inc -I../Library/BLE_Application/Utils/inc -I../src -O0 -ffunction-sections -fdata-sections -g -fstack-usage -Wall -specs=nano.specs -o Library\hal\src\clock.o 
arm-atollic-eabi-gcc -c ..\Library\SDK_Eval_BlueNRG1\src\SDK_EVAL_Config.c -mthumb -mcpu=cortex-m0 -std=gnu11 -DLS_SOURCE=LS_SOURCE_EXTERNAL_32KHZ -DSMPS_INDUCTOR=SMPS_INDUCTOR_10uH -DBLUENRG2_DEVICE -DHS_SPEED_XTAL=HS_SPEED_XTAL_32MHZ -DUSER_BUTTON=BUTTON_1 -DNO_SMART_POWER_MANAGEMENT -I../inc -I../Library/BlueNRG1_Periph_Driver/inc -I../Library/CMSIS/Device/ST/BlueNRG1/Include -I../Library/SDK_Eval_BlueNRG1/inc -I../Library/CMSIS/Include -I../Library/hal/inc -I../Library/Bluetooth_LE/inc -I../Library/BLE_Application/layers_inc -I../Library/BLE_Application/Utils/inc -I../src -O0 -ffunction-sections -fdata-sections -g -fstack-usage -Wall -specs=nano.specs -o Library\SDK_Eval_BlueNRG1\src\SDK_EVAL_Config.o 
arm-atollic-eabi-gcc -c ..\Library\BlueNRG1_Periph_Driver\src\BlueNRG1_dma.c -mthumb -mcpu=cortex-m0 -std=gnu11 -DLS_SOURCE=LS_SOURCE_EXTERNAL_32KHZ -DSMPS_INDUCTOR=SMPS_INDUCTOR_10uH -DBLUENRG2_DEVICE -DHS_SPEED_XTAL=HS_SPEED_XTAL_32MHZ -DUSER_BUTTON=BUTTON_1 -DNO_SMART_POWER_MANAGEMENT -I../inc -I../Library/BlueNRG1_Periph_Driver/inc -I../Library/CMSIS/Device/ST/BlueNRG1/Include -I../Library/SDK_Eval_BlueNRG1/inc -I../Library/CMSIS/Include -I../Library/hal/inc -I../Library/Bluetooth_LE/inc -I../Library/BLE_Application/layers_inc -I../Library/BLE_Application/Utils/inc -I../src -O0 -ffunction-sections -fdata-sections -g -fstack-usage -Wall -specs=nano.specs -o Library\BlueNRG1_Periph_Driver\src\BlueNRG1_dma.o 
arm-atollic-eabi-gcc -c ..\Library\BlueNRG1_Periph_Driver\src\BlueNRG1_wdg.c -mthumb -mcpu=cortex-m0 -std=gnu11 -DLS_SOURCE=LS_SOURCE_EXTERNAL_32KHZ -DSMPS_INDUCTOR=SMPS_INDUCTOR_10uH -DBLUENRG2_DEVICE -DHS_SPEED_XTAL=HS_SPEED_XTAL_32MHZ -DUSER_BUTTON=BUTTON_1 -DNO_SMART_POWER_MANAGEMENT -I../inc -I../Library/BlueNRG1_Periph_Driver/inc -I../Library/CMSIS/Device/ST/BlueNRG1/Include -I../Library/SDK_Eval_BlueNRG1/inc -I../Library/CMSIS/Include -I../Library/hal/inc -I../Library/Bluetooth_LE/inc -I../Library/BLE_Application/layers_inc -I../Library/BLE_Application/Utils/inc -I../src -O0 -ffunction-sections -fdata-sections -g -fstack-usage -Wall -specs=nano.specs -o Library\BlueNRG1_Periph_Driver\src\BlueNRG1_wdg.o 
arm-atollic-eabi-gcc -c ..\Library\BlueNRG1_Periph_Driver\src\BlueNRG1_flash.c -mthumb -mcpu=cortex-m0 -std=gnu11 -DLS_SOURCE=LS_SOURCE_EXTERNAL_32KHZ -DSMPS_INDUCTOR=SMPS_INDUCTOR_10uH -DBLUENRG2_DEVICE -DHS_SPEED_XTAL=HS_SPEED_XTAL_32MHZ -DUSER_BUTTON=BUTTON_1 -DNO_SMART_POWER_MANAGEMENT -I../inc -I../Library/BlueNRG1_Periph_Driver/inc -I../Library/CMSIS/Device/ST/BlueNRG1/Include -I../Library/SDK_Eval_BlueNRG1/inc -I../Library/CMSIS/Include -I../Library/hal/inc -I../Library/Bluetooth_LE/inc -I../Library/BLE_Application/layers_inc -I../Library/BLE_Application/Utils/inc -I../src -O0 -ffunction-sections -fdata-sections -g -fstack-usage -Wall -specs=nano.specs -o Library\BlueNRG1_Periph_Driver\src\BlueNRG1_flash.o 
arm-atollic-eabi-gcc -c ..\src\gp_timer.c -mthumb -mcpu=cortex-m0 -std=gnu11 -DLS_SOURCE=LS_SOURCE_EXTERNAL_32KHZ -DSMPS_INDUCTOR=SMPS_INDUCTOR_10uH -DBLUENRG2_DEVICE -DHS_SPEED_XTAL=HS_SPEED_XTAL_32MHZ -DUSER_BUTTON=BUTTON_1 -DNO_SMART_POWER_MANAGEMENT -I../inc -I../Library/BlueNRG1_Periph_Driver/inc -I../Library/CMSIS/Device/ST/BlueNRG1/Include -I../Library/SDK_Eval_BlueNRG1/inc -I../Library/CMSIS/Include -I../Library/hal/inc -I../Library/Bluetooth_LE/inc -I../Library/BLE_Application/layers_inc -I../Library/BLE_Application/Utils/inc -I../src -O0 -ffunction-sections -fdata-sections -g -fstack-usage -Wall -specs=nano.specs -o src\gp_timer.o 
arm-atollic-eabi-gcc -c ..\Library\BlueNRG1_Periph_Driver\src\BlueNRG1_adc.c -mthumb -mcpu=cortex-m0 -std=gnu11 -DLS_SOURCE=LS_SOURCE_EXTERNAL_32KHZ -DSMPS_INDUCTOR=SMPS_INDUCTOR_10uH -DBLUENRG2_DEVICE -DHS_SPEED_XTAL=HS_SPEED_XTAL_32MHZ -DUSER_BUTTON=BUTTON_1 -DNO_SMART_POWER_MANAGEMENT -I../inc -I../Library/BlueNRG1_Periph_Driver/inc -I../Library/CMSIS/Device/ST/BlueNRG1/Include -I../Library/SDK_Eval_BlueNRG1/inc -I../Library/CMSIS/Include -I../Library/hal/inc -I../Library/Bluetooth_LE/inc -I../Library/BLE_Application/layers_inc -I../Library/BLE_Application/Utils/inc -I../src -O0 -ffunction-sections -fdata-sections -g -fstack-usage -Wall -specs=nano.specs -o Library\BlueNRG1_Periph_Driver\src\BlueNRG1_adc.o 
arm-atollic-eabi-gcc -c ..\Library\BlueNRG1_Periph_Driver\src\BlueNRG1_pka.c -mthumb -mcpu=cortex-m0 -std=gnu11 -DLS_SOURCE=LS_SOURCE_EXTERNAL_32KHZ -DSMPS_INDUCTOR=SMPS_INDUCTOR_10uH -DBLUENRG2_DEVICE -DHS_SPEED_XTAL=HS_SPEED_XTAL_32MHZ -DUSER_BUTTON=BUTTON_1 -DNO_SMART_POWER_MANAGEMENT -I../inc -I../Library/BlueNRG1_Periph_Driver/inc -I../Library/CMSIS/Device/ST/BlueNRG1/Include -I../Library/SDK_Eval_BlueNRG1/inc -I../Library/CMSIS/Include -I../Library/hal/inc -I../Library/Bluetooth_LE/inc -I../Library/BLE_Application/layers_inc -I../Library/BLE_Application/Utils/inc -I../src -O0 -ffunction-sections -fdata-sections -g -fstack-usage -Wall -specs=nano.specs -o Library\BlueNRG1_Periph_Driver\src\BlueNRG1_pka.o 
arm-atollic-eabi-gcc -c ..\Library\hal\src\osal.c -mthumb -mcpu=cortex-m0 -std=gnu11 -DLS_SOURCE=LS_SOURCE_EXTERNAL_32KHZ -DSMPS_INDUCTOR=SMPS_INDUCTOR_10uH -DBLUENRG2_DEVICE -DHS_SPEED_XTAL=HS_SPEED_XTAL_32MHZ -DUSER_BUTTON=BUTTON_1 -DNO_SMART_POWER_MANAGEMENT -I../inc -I../Library/BlueNRG1_Periph_Driver/inc -I../Library/CMSIS/Device/ST/BlueNRG1/Include -I../Library/SDK_Eval_BlueNRG1/inc -I../Library/CMSIS/Include -I../Library/hal/inc -I../Library/Bluetooth_LE/inc -I../Library/BLE_Application/layers_inc -I../Library/BLE_Application/Utils/inc -I../src -O0 -ffunction-sections -fdata-sections -g -fstack-usage -Wall -specs=nano.specs -o Library\hal\src\osal.o 
arm-atollic-eabi-gcc -c ..\Library\BlueNRG1_Periph_Driver\src\misc.c -mthumb -mcpu=cortex-m0 -std=gnu11 -DLS_SOURCE=LS_SOURCE_EXTERNAL_32KHZ -DSMPS_INDUCTOR=SMPS_INDUCTOR_10uH -DBLUENRG2_DEVICE -DHS_SPEED_XTAL=HS_SPEED_XTAL_32MHZ -DUSER_BUTTON=BUTTON_1 -DNO_SMART_POWER_MANAGEMENT -I../inc -I../Library/BlueNRG1_Periph_Driver/inc -I../Library/CMSIS/Device/ST/BlueNRG1/Include -I../Library/SDK_Eval_BlueNRG1/inc -I../Library/CMSIS/Include -I../Library/hal/inc -I../Library/Bluetooth_LE/inc -I../Library/BLE_Application/layers_inc -I../Library/BLE_Application/Utils/inc -I../src -O0 -ffunction-sections -fdata-sections -g -fstack-usage -Wall -specs=nano.specs -o Library\BlueNRG1_Periph_Driver\src\misc.o 
arm-atollic-eabi-gcc -c ..\Library\Bluetooth_LE\src\stack_user_cfg.c -mthumb -mcpu=cortex-m0 -std=gnu11 -DLS_SOURCE=LS_SOURCE_EXTERNAL_32KHZ -DSMPS_INDUCTOR=SMPS_INDUCTOR_10uH -DBLUENRG2_DEVICE -DHS_SPEED_XTAL=HS_SPEED_XTAL_32MHZ -DUSER_BUTTON=BUTTON_1 -DNO_SMART_POWER_MANAGEMENT -I../inc -I../Library/BlueNRG1_Periph_Driver/inc -I../Library/CMSIS/Device/ST/BlueNRG1/Include -I../Library/SDK_Eval_BlueNRG1/inc -I../Library/CMSIS/Include -I../Library/hal/inc -I../Library/Bluetooth_LE/inc -I../Library/BLE_Application/layers_inc -I../Library/BLE_Application/Utils/inc -I../src -O0 -ffunction-sections -fdata-sections -g -fstack-usage -Wall -specs=nano.specs -o Library\Bluetooth_LE\src\stack_user_cfg.o 
arm-atollic-eabi-gcc -c ..\Library\Bluetooth_LE\src\stack_dle_api_stubs.c -mthumb -mcpu=cortex-m0 -std=gnu11 -DLS_SOURCE=LS_SOURCE_EXTERNAL_32KHZ -DSMPS_INDUCTOR=SMPS_INDUCTOR_10uH -DBLUENRG2_DEVICE -DHS_SPEED_XTAL=HS_SPEED_XTAL_32MHZ -DUSER_BUTTON=BUTTON_1 -DNO_SMART_POWER_MANAGEMENT -I../inc -I../Library/BlueNRG1_Periph_Driver/inc -I../Library/CMSIS/Device/ST/BlueNRG1/Include -I../Library/SDK_Eval_BlueNRG1/inc -I../Library/CMSIS/Include -I../Library/hal/inc -I../Library/Bluetooth_LE/inc -I../Library/BLE_Application/layers_inc -I../Library/BLE_Application/Utils/inc -I../src -O0 -ffunction-sections -fdata-sections -g -fstack-usage -Wall -specs=nano.specs -o Library\Bluetooth_LE\src\stack_dle_api_stubs.o 
arm-atollic-eabi-gcc -c ..\Library\Bluetooth_LE\src\stack_priv_api_stubs.c -mthumb -mcpu=cortex-m0 -std=gnu11 -DLS_SOURCE=LS_SOURCE_EXTERNAL_32KHZ -DSMPS_INDUCTOR=SMPS_INDUCTOR_10uH -DBLUENRG2_DEVICE -DHS_SPEED_XTAL=HS_SPEED_XTAL_32MHZ -DUSER_BUTTON=BUTTON_1 -DNO_SMART_POWER_MANAGEMENT -I../inc -I../Library/BlueNRG1_Periph_Driver/inc -I../Library/CMSIS/Device/ST/BlueNRG1/Include -I../Library/SDK_Eval_BlueNRG1/inc -I../Library/CMSIS/Include -I../Library/hal/inc -I../Library/Bluetooth_LE/inc -I../Library/BLE_Application/layers_inc -I../Library/BLE_Application/Utils/inc -I../src -O0 -ffunction-sections -fdata-sections -g -fstack-usage -Wall -specs=nano.specs -o Library\Bluetooth_LE\src\stack_priv_api_stubs.o 
arm-atollic-eabi-gcc -c ..\Library\BlueNRG1_Periph_Driver\src\BlueNRG1_rtc.c -mthumb -mcpu=cortex-m0 -std=gnu11 -DLS_SOURCE=LS_SOURCE_EXTERNAL_32KHZ -DSMPS_INDUCTOR=SMPS_INDUCTOR_10uH -DBLUENRG2_DEVICE -DHS_SPEED_XTAL=HS_SPEED_XTAL_32MHZ -DUSER_BUTTON=BUTTON_1 -DNO_SMART_POWER_MANAGEMENT -I../inc -I../Library/BlueNRG1_Periph_Driver/inc -I../Library/CMSIS/Device/ST/BlueNRG1/Include -I../Library/SDK_Eval_BlueNRG1/inc -I../Library/CMSIS/Include -I../Library/hal/inc -I../Library/Bluetooth_LE/inc -I../Library/BLE_Application/layers_inc -I../Library/BLE_Application/Utils/inc -I../src -O0 -ffunction-sections -fdata-sections -g -fstack-usage -Wall -specs=nano.specs -o Library\BlueNRG1_Periph_Driver\src\BlueNRG1_rtc.o 
arm-atollic-eabi-gcc -c ..\Library\BlueNRG1_Periph_Driver\src\BlueNRG1_sysCtrl.c -mthumb -mcpu=cortex-m0 -std=gnu11 -DLS_SOURCE=LS_SOURCE_EXTERNAL_32KHZ -DSMPS_INDUCTOR=SMPS_INDUCTOR_10uH -DBLUENRG2_DEVICE -DHS_SPEED_XTAL=HS_SPEED_XTAL_32MHZ -DUSER_BUTTON=BUTTON_1 -DNO_SMART_POWER_MANAGEMENT -I../inc -I../Library/BlueNRG1_Periph_Driver/inc -I../Library/CMSIS/Device/ST/BlueNRG1/Include -I../Library/SDK_Eval_BlueNRG1/inc -I../Library/CMSIS/Include -I../Library/hal/inc -I../Library/Bluetooth_LE/inc -I../Library/BLE_Application/layers_inc -I../Library/BLE_Application/Utils/inc -I../src -O0 -ffunction-sections -fdata-sections -g -fstack-usage -Wall -specs=nano.specs -o Library\BlueNRG1_Periph_Driver\src\BlueNRG1_sysCtrl.o 
arm-atollic-eabi-gcc -c ..\Library\CMSIS\Device\ST\BlueNRG1\Source\system_bluenrg1.c -mthumb -mcpu=cortex-m0 -std=gnu11 -DLS_SOURCE=LS_SOURCE_EXTERNAL_32KHZ -DSMPS_INDUCTOR=SMPS_INDUCTOR_10uH -DBLUENRG2_DEVICE -DHS_SPEED_XTAL=HS_SPEED_XTAL_32MHZ -DUSER_BUTTON=BUTTON_1 -DNO_SMART_POWER_MANAGEMENT -I../inc -I../Library/BlueNRG1_Periph_Driver/inc -I../Library/CMSIS/Device/ST/BlueNRG1/Include -I../Library/SDK_Eval_BlueNRG1/inc -I../Library/CMSIS/Include -I../Library/hal/inc -I../Library/Bluetooth_LE/inc -I../Library/BLE_Application/layers_inc -I../Library/BLE_Application/Utils/inc -I../src -O0 -ffunction-sections -fdata-sections -g -fstack-usage -Wall -specs=nano.specs -o Library\CMSIS\Device\ST\BlueNRG1\Source\system_bluenrg1.o 
arm-atollic-eabi-gcc -c ..\Library\BlueNRG1_Periph_Driver\src\BlueNRG1_i2c.c -mthumb -mcpu=cortex-m0 -std=gnu11 -DLS_SOURCE=LS_SOURCE_EXTERNAL_32KHZ -DSMPS_INDUCTOR=SMPS_INDUCTOR_10uH -DBLUENRG2_DEVICE -DHS_SPEED_XTAL=HS_SPEED_XTAL_32MHZ -DUSER_BUTTON=BUTTON_1 -DNO_SMART_POWER_MANAGEMENT -I../inc -I../Library/BlueNRG1_Periph_Driver/inc -I../Library/CMSIS/Device/ST/BlueNRG1/Include -I../Library/SDK_Eval_BlueNRG1/inc -I../Library/CMSIS/Include -I../Library/hal/inc -I../Library/Bluetooth_LE/inc -I../Library/BLE_Application/layers_inc -I../Library/BLE_Application/Utils/inc -I../src -O0 -ffunction-sections -fdata-sections -g -fstack-usage -Wall -specs=nano.specs -o Library\BlueNRG1_Periph_Driver\src\BlueNRG1_i2c.o 
arm-atollic-eabi-gcc -c ..\src\gatt_db.c -mthumb -mcpu=cortex-m0 -std=gnu11 -DLS_SOURCE=LS_SOURCE_EXTERNAL_32KHZ -DSMPS_INDUCTOR=SMPS_INDUCTOR_10uH -DBLUENRG2_DEVICE -DHS_SPEED_XTAL=HS_SPEED_XTAL_32MHZ -DUSER_BUTTON=BUTTON_1 -DNO_SMART_POWER_MANAGEMENT -I../inc -I../Library/BlueNRG1_Periph_Driver/inc -I../Library/CMSIS/Device/ST/BlueNRG1/Include -I../Library/SDK_Eval_BlueNRG1/inc -I../Library/CMSIS/Include -I../Library/hal/inc -I../Library/Bluetooth_LE/inc -I../Library/BLE_Application/layers_inc -I../Library/BLE_Application/Utils/inc -I../src -O0 -ffunction-sections -fdata-sections -g -fstack-usage -Wall -specs=nano.specs -o src\gatt_db.o 
arm-atollic-eabi-gcc -c ..\Library\BLE_Application\Utils\src\ble_utils.c -mthumb -mcpu=cortex-m0 -std=gnu11 -DLS_SOURCE=LS_SOURCE_EXTERNAL_32KHZ -DSMPS_INDUCTOR=SMPS_INDUCTOR_10uH -DBLUENRG2_DEVICE -DHS_SPEED_XTAL=HS_SPEED_XTAL_32MHZ -DUSER_BUTTON=BUTTON_1 -DNO_SMART_POWER_MANAGEMENT -I../inc -I../Library/BlueNRG1_Periph_Driver/inc -I../Library/CMSIS/Device/ST/BlueNRG1/Include -I../Library/SDK_Eval_BlueNRG1/inc -I../Library/CMSIS/Include -I../Library/hal/inc -I../Library/Bluetooth_LE/inc -I../Library/BLE_Application/layers_inc -I../Library/BLE_Application/Utils/inc -I../src -O0 -ffunction-sections -fdata-sections -g -fstack-usage -Wall -specs=nano.specs -o Library\BLE_Application\Utils\src\ble_utils.o 
arm-atollic-eabi-gcc -c ..\src\chat.c -mthumb -mcpu=cortex-m0 -std=gnu11 -DLS_SOURCE=LS_SOURCE_EXTERNAL_32KHZ -DSMPS_INDUCTOR=SMPS_INDUCTOR_10uH -DBLUENRG2_DEVICE -DHS_SPEED_XTAL=HS_SPEED_XTAL_32MHZ -DUSER_BUTTON=BUTTON_1 -DNO_SMART_POWER_MANAGEMENT -I../inc -I../Library/BlueNRG1_Periph_Driver/inc -I../Library/CMSIS/Device/ST/BlueNRG1/Include -I../Library/SDK_Eval_BlueNRG1/inc -I../Library/CMSIS/Include -I../Library/hal/inc -I../Library/Bluetooth_LE/inc -I../Library/BLE_Application/layers_inc -I../Library/BLE_Application/Utils/inc -I../src -O0 -ffunction-sections -fdata-sections -g -fstack-usage -Wall -specs=nano.specs -o src\chat.o 
arm-atollic-eabi-gcc -c ..\Library\BlueNRG1_Periph_Driver\src\BlueNRG1_rng.c -mthumb -mcpu=cortex-m0 -std=gnu11 -DLS_SOURCE=LS_SOURCE_EXTERNAL_32KHZ -DSMPS_INDUCTOR=SMPS_INDUCTOR_10uH -DBLUENRG2_DEVICE -DHS_SPEED_XTAL=HS_SPEED_XTAL_32MHZ -DUSER_BUTTON=BUTTON_1 -DNO_SMART_POWER_MANAGEMENT -I../inc -I../Library/BlueNRG1_Periph_Driver/inc -I../Library/CMSIS/Device/ST/BlueNRG1/Include -I../Library/SDK_Eval_BlueNRG1/inc -I../Library/CMSIS/Include -I../Library/hal/inc -I../Library/Bluetooth_LE/inc -I../Library/BLE_Application/layers_inc -I../Library/BLE_Application/Utils/inc -I../src -O0 -ffunction-sections -fdata-sections -g -fstack-usage -Wall -specs=nano.specs -o Library\BlueNRG1_Periph_Driver\src\BlueNRG1_rng.o 
arm-atollic-eabi-gcc -c ..\src\Motor.c -mthumb -mcpu=cortex-m0 -std=gnu11 -DLS_SOURCE=LS_SOURCE_EXTERNAL_32KHZ -DSMPS_INDUCTOR=SMPS_INDUCTOR_10uH -DBLUENRG2_DEVICE -DHS_SPEED_XTAL=HS_SPEED_XTAL_32MHZ -DUSER_BUTTON=BUTTON_1 -DNO_SMART_POWER_MANAGEMENT -I../inc -I../Library/BlueNRG1_Periph_Driver/inc -I../Library/CMSIS/Device/ST/BlueNRG1/Include -I../Library/SDK_Eval_BlueNRG1/inc -I../Library/CMSIS/Include -I../Library/hal/inc -I../Library/Bluetooth_LE/inc -I../Library/BLE_Application/layers_inc -I../Library/BLE_Application/Utils/inc -I../src -O0 -ffunction-sections -fdata-sections -g -fstack-usage -Wall -specs=nano.specs -o src\Motor.o 
arm-atollic-eabi-gcc -c ..\Library\hal\src\sleep.c -mthumb -mcpu=cortex-m0 -std=gnu11 -DLS_SOURCE=LS_SOURCE_EXTERNAL_32KHZ -DSMPS_INDUCTOR=SMPS_INDUCTOR_10uH -DBLUENRG2_DEVICE -DHS_SPEED_XTAL=HS_SPEED_XTAL_32MHZ -DUSER_BUTTON=BUTTON_1 -DNO_SMART_POWER_MANAGEMENT -I../inc -I../Library/BlueNRG1_Periph_Driver/inc -I../Library/CMSIS/Device/ST/BlueNRG1/Include -I../Library/SDK_Eval_BlueNRG1/inc -I../Library/CMSIS/Include -I../Library/hal/inc -I../Library/Bluetooth_LE/inc -I../Library/BLE_Application/layers_inc -I../Library/BLE_Application/Utils/inc -I../src -O0 -ffunction-sections -fdata-sections -g -fstack-usage -Wall -specs=nano.specs -o Library\hal\src\sleep.o 
arm-atollic-eabi-gcc -c ..\Library\Bluetooth_LE\src\stack_slvonly_api_stubs.c -mthumb -mcpu=cortex-m0 -std=gnu11 -DLS_SOURCE=LS_SOURCE_EXTERNAL_32KHZ -DSMPS_INDUCTOR=SMPS_INDUCTOR_10uH -DBLUENRG2_DEVICE -DHS_SPEED_XTAL=HS_SPEED_XTAL_32MHZ -DUSER_BUTTON=BUTTON_1 -DNO_SMART_POWER_MANAGEMENT -I../inc -I../Library/BlueNRG1_Periph_Driver/inc -I../Library/CMSIS/Device/ST/BlueNRG1/Include -I../Library/SDK_Eval_BlueNRG1/inc -I../Library/CMSIS/Include -I../Library/hal/inc -I../Library/Bluetooth_LE/inc -I../Library/BLE_Application/layers_inc -I../Library/BLE_Application/Utils/inc -I../src -O0 -ffunction-sections -fdata-sections -g -fstack-usage -Wall -specs=nano.specs -o Library\Bluetooth_LE\src\stack_slvonly_api_stubs.o 
arm-atollic-eabi-gcc -c ..\Library\BlueNRG1_Periph_Driver\src\BlueNRG1_mft.c -mthumb -mcpu=cortex-m0 -std=gnu11 -DLS_SOURCE=LS_SOURCE_EXTERNAL_32KHZ -DSMPS_INDUCTOR=SMPS_INDUCTOR_10uH -DBLUENRG2_DEVICE -DHS_SPEED_XTAL=HS_SPEED_XTAL_32MHZ -DUSER_BUTTON=BUTTON_1 -DNO_SMART_POWER_MANAGEMENT -I../inc -I../Library/BlueNRG1_Periph_Driver/inc -I../Library/CMSIS/Device/ST/BlueNRG1/Include -I../Library/SDK_Eval_BlueNRG1/inc -I../Library/CMSIS/Include -I../Library/hal/inc -I../Library/Bluetooth_LE/inc -I../Library/BLE_Application/layers_inc -I../Library/BLE_Application/Utils/inc -I../src -O0 -ffunction-sections -fdata-sections -g -fstack-usage -Wall -specs=nano.specs -o Library\BlueNRG1_Periph_Driver\src\BlueNRG1_mft.o 
arm-atollic-eabi-gcc -c ..\src\main.c -mthumb -mcpu=cortex-m0 -std=gnu11 -DLS_SOURCE=LS_SOURCE_EXTERNAL_32KHZ -DSMPS_INDUCTOR=SMPS_INDUCTOR_10uH -DBLUENRG2_DEVICE -DHS_SPEED_XTAL=HS_SPEED_XTAL_32MHZ -DUSER_BUTTON=BUTTON_1 -DNO_SMART_POWER_MANAGEMENT -I../inc -I../Library/BlueNRG1_Periph_Driver/inc -I../Library/CMSIS/Device/ST/BlueNRG1/Include -I../Library/SDK_Eval_BlueNRG1/inc -I../Library/CMSIS/Include -I../Library/hal/inc -I../Library/Bluetooth_LE/inc -I../Library/BLE_Application/layers_inc -I../Library/BLE_Application/Utils/inc -I../src -O0 -ffunction-sections -fdata-sections -g -fstack-usage -Wall -specs=nano.specs -o src\main.o 
..\src\main.c: In function 'main':
..\src\main.c:72:3: warning: implicit declaration of function 'APP_Tick' [-Wimplicit-function-declaration]
   APP_Tick();
   ^~~~~~~~
..\src\main.c: In function 'initSoftware':
..\src\main.c:171:8: warning: implicit declaration of function 'CHAT_DeviceInit' [-Wimplicit-function-declaration]
  ret = CHAT_DeviceInit();
        ^~~~~~~~~~~~~~~
arm-atollic-eabi-gcc -c ..\src\BlueNRG1_it.c -mthumb -mcpu=cortex-m0 -std=gnu11 -DLS_SOURCE=LS_SOURCE_EXTERNAL_32KHZ -DSMPS_INDUCTOR=SMPS_INDUCTOR_10uH -DBLUENRG2_DEVICE -DHS_SPEED_XTAL=HS_SPEED_XTAL_32MHZ -DUSER_BUTTON=BUTTON_1 -DNO_SMART_POWER_MANAGEMENT -I../inc -I../Library/BlueNRG1_Periph_Driver/inc -I../Library/CMSIS/Device/ST/BlueNRG1/Include -I../Library/SDK_Eval_BlueNRG1/inc -I../Library/CMSIS/Include -I../Library/hal/inc -I../Library/Bluetooth_LE/inc -I../Library/BLE_Application/layers_inc -I../Library/BLE_Application/Utils/inc -I../src -O0 -ffunction-sections -fdata-sections -g -fstack-usage -Wall -specs=nano.specs -o src\BlueNRG1_it.o 
arm-atollic-eabi-gcc -c ..\Library\hal\src\miscutil.c -mthumb -mcpu=cortex-m0 -std=gnu11 -DLS_SOURCE=LS_SOURCE_EXTERNAL_32KHZ -DSMPS_INDUCTOR=SMPS_INDUCTOR_10uH -DBLUENRG2_DEVICE -DHS_SPEED_XTAL=HS_SPEED_XTAL_32MHZ -DUSER_BUTTON=BUTTON_1 -DNO_SMART_POWER_MANAGEMENT -I../inc -I../Library/BlueNRG1_Periph_Driver/inc -I../Library/CMSIS/Device/ST/BlueNRG1/Include -I../Library/SDK_Eval_BlueNRG1/inc -I../Library/CMSIS/Include -I../Library/hal/inc -I../Library/Bluetooth_LE/inc -I../Library/BLE_Application/layers_inc -I../Library/BLE_Application/Utils/inc -I../src -O0 -ffunction-sections -fdata-sections -g -fstack-usage -Wall -specs=nano.specs -o Library\hal\src\miscutil.o 
arm-atollic-eabi-gcc -c -mthumb -mcpu=cortex-m0 -DBLUENRG2_DEVICE -DNO_SMART_POWER_MANAGEMENT -I../src -I../Library/CMSIS/Include -I../Library/CMSIS/Device/ST/BlueNRG1/Include -I../Library/hal/inc -I../Library/BlueNRG1_Periph_Driver/inc -g -Wa,--warn -x assembler-with-cpp -specs=nano.specs -o Library\hal\src\context_switch.o ..\Library\hal\src\context_switch.s 
arm-atollic-eabi-gcc -c ..\Library\BlueNRG1_Periph_Driver\src\BlueNRG1_gpio.c -mthumb -mcpu=cortex-m0 -std=gnu11 -DLS_SOURCE=LS_SOURCE_EXTERNAL_32KHZ -DSMPS_INDUCTOR=SMPS_INDUCTOR_10uH -DBLUENRG2_DEVICE -DHS_SPEED_XTAL=HS_SPEED_XTAL_32MHZ -DUSER_BUTTON=BUTTON_1 -DNO_SMART_POWER_MANAGEMENT -I../inc -I../Library/BlueNRG1_Periph_Driver/inc -I../Library/CMSIS/Device/ST/BlueNRG1/Include -I../Library/SDK_Eval_BlueNRG1/inc -I../Library/CMSIS/Include -I../Library/hal/inc -I../Library/Bluetooth_LE/inc -I../Library/BLE_Application/layers_inc -I../Library/BLE_Application/Utils/inc -I../src -O0 -ffunction-sections -fdata-sections -g -fstack-usage -Wall -specs=nano.specs -o Library\BlueNRG1_Periph_Driver\src\BlueNRG1_gpio.o 
arm-atollic-eabi-gcc -c ..\Library\SDK_Eval_BlueNRG1\src\SDK_EVAL_Com.c -mthumb -mcpu=cortex-m0 -std=gnu11 -DLS_SOURCE=LS_SOURCE_EXTERNAL_32KHZ -DSMPS_INDUCTOR=SMPS_INDUCTOR_10uH -DBLUENRG2_DEVICE -DHS_SPEED_XTAL=HS_SPEED_XTAL_32MHZ -DUSER_BUTTON=BUTTON_1 -DNO_SMART_POWER_MANAGEMENT -I../inc -I../Library/BlueNRG1_Periph_Driver/inc -I../Library/CMSIS/Device/ST/BlueNRG1/Include -I../Library/SDK_Eval_BlueNRG1/inc -I../Library/CMSIS/Include -I../Library/hal/inc -I../Library/Bluetooth_LE/inc -I../Library/BLE_Application/layers_inc -I../Library/BLE_Application/Utils/inc -I../src -O0 -ffunction-sections -fdata-sections -g -fstack-usage -Wall -specs=nano.specs -o Library\SDK_Eval_BlueNRG1\src\SDK_EVAL_Com.o 
arm-atollic-eabi-gcc -o SmartBB.elf Library\BLE_Application\Utils\src\ble_utils.o Library\BlueNRG1_Periph_Driver\src\BlueNRG1_adc.o Library\BlueNRG1_Periph_Driver\src\BlueNRG1_dma.o Library\BlueNRG1_Periph_Driver\src\BlueNRG1_flash.o Library\BlueNRG1_Periph_Driver\src\BlueNRG1_gpio.o Library\BlueNRG1_Periph_Driver\src\BlueNRG1_i2c.o Library\BlueNRG1_Periph_Driver\src\BlueNRG1_mft.o Library\BlueNRG1_Periph_Driver\src\BlueNRG1_pka.o Library\BlueNRG1_Periph_Driver\src\BlueNRG1_rng.o Library\BlueNRG1_Periph_Driver\src\BlueNRG1_rtc.o Library\BlueNRG1_Periph_Driver\src\BlueNRG1_spi.o Library\BlueNRG1_Periph_Driver\src\BlueNRG1_sysCtrl.o Library\BlueNRG1_Periph_Driver\src\BlueNRG1_uart.o Library\BlueNRG1_Periph_Driver\src\BlueNRG1_wdg.o Library\BlueNRG1_Periph_Driver\src\misc.o Library\Bluetooth_LE\src\stack_dle_api_stubs.o Library\Bluetooth_LE\src\stack_priv_api_stubs.o Library\Bluetooth_LE\src\stack_sc_api_stubs.o Library\Bluetooth_LE\src\stack_slvonly_api_stubs.o Library\Bluetooth_LE\src\stack_user_cfg.o Library\CMSIS\Device\ST\BlueNRG1\Source\system_bluenrg1.o Library\SDK_Eval_BlueNRG1\src\SDK_EVAL_Com.o Library\SDK_Eval_BlueNRG1\src\SDK_EVAL_Config.o Library\hal\src\clock.o Library\hal\src\context_switch.o Library\hal\src\miscutil.o Library\hal\src\osal.o Library\hal\src\sleep.o src\BlueNRG1_it.o src\Motor.o src\chat.o src\gatt_db.o src\gp_timer.o src\main.o -lcrypto -lbluenrg1_stack -mthumb -mcpu=cortex-m0 -T../BlueNRG2.ld -specs=nosys.specs -static -L../Library/Bluetooth_LE/library -L../Library/cryptolib -Wl,-cref,-u,Reset_Handler -Wl,-Map=SmartBB.map -Wl,--gc-sections -Wl,--defsym=malloc_getpagesize_P=0x80 -Wl,--start-group -lc -lm -Wl,--end-group -specs=nano.specs 
C:\Program Files (x86)\Atollic\TrueSTUDIO for STM32 9.3.0\ide\jre\bin\java -jar C:\Program Files (x86)\Atollic\TrueSTUDIO for STM32 9.3.0\Tools\arm-atollic-reports.jar convert-hex sizeinfo list SmartBB.elf 
Generate build reports...
Converting build output to hex
Output sent to: SmartBB.hex
Converting build output to hex done
Print size information
   text	   data	    bss	    dec	    hex	filename
  66756	    228	   8028	  75012	  12504	SmartBB.elf
Print size information done
Generate listing file
Output sent to: SmartBB.list
Generate listing file done
Generate build reports done
20:35:31 **** Rebuild of configuration Debug for project SmartBB ****
Info: Internal Builder is used for build
arm-atollic-eabi-gcc -c ..\src\chat.c -mthumb -mcpu=cortex-m0 -std=gnu11 -DLS_SOURCE=LS_SOURCE_EXTERNAL_32KHZ -DSMPS_INDUCTOR=SMPS_INDUCTOR_10uH -DBLUENRG2_DEVICE -DHS_SPEED_XTAL=HS_SPEED_XTAL_32MHZ -DUSER_BUTTON=BUTTON_1 -DNO_SMART_POWER_MANAGEMENT -I../inc -I../Library/BlueNRG1_Periph_Driver/inc -I../Library/CMSIS/Device/ST/BlueNRG1/Include -I../Library/SDK_Eval_BlueNRG1/inc -I../Library/CMSIS/Include -I../Library/hal/inc -I../Library/Bluetooth_LE/inc -I../Library/BLE_Application/layers_inc -I../Library/BLE_Application/Utils/inc -I../src -O0 -ffunction-sections -fdata-sections -g -fstack-usage -Wall -specs=nano.specs -o src\chat.o 
arm-atollic-eabi-gcc -c ..\Library\Bluetooth_LE\src\stack_dle_api_stubs.c -mthumb -mcpu=cortex-m0 -std=gnu11 -DLS_SOURCE=LS_SOURCE_EXTERNAL_32KHZ -DSMPS_INDUCTOR=SMPS_INDUCTOR_10uH -DBLUENRG2_DEVICE -DHS_SPEED_XTAL=HS_SPEED_XTAL_32MHZ -DUSER_BUTTON=BUTTON_1 -DNO_SMART_POWER_MANAGEMENT -I../inc -I../Library/BlueNRG1_Periph_Driver/inc -I../Library/CMSIS/Device/ST/BlueNRG1/Include -I../Library/SDK_Eval_BlueNRG1/inc -I../Library/CMSIS/Include -I../Library/hal/inc -I../Library/Bluetooth_LE/inc -I../Library/BLE_Application/layers_inc -I../Library/BLE_Application/Utils/inc -I../src -O0 -ffunction-sections -fdata-sections -g -fstack-usage -Wall -specs=nano.specs -o Library\Bluetooth_LE\src\stack_dle_api_stubs.o 
arm-atollic-eabi-gcc -c ..\Library\BlueNRG1_Periph_Driver\src\BlueNRG1_pka.c -mthumb -mcpu=cortex-m0 -std=gnu11 -DLS_SOURCE=LS_SOURCE_EXTERNAL_32KHZ -DSMPS_INDUCTOR=SMPS_INDUCTOR_10uH -DBLUENRG2_DEVICE -DHS_SPEED_XTAL=HS_SPEED_XTAL_32MHZ -DUSER_BUTTON=BUTTON_1 -DNO_SMART_POWER_MANAGEMENT -I../inc -I../Library/BlueNRG1_Periph_Driver/inc -I../Library/CMSIS/Device/ST/BlueNRG1/Include -I../Library/SDK_Eval_BlueNRG1/inc -I../Library/CMSIS/Include -I../Library/hal/inc -I../Library/Bluetooth_LE/inc -I../Library/BLE_Application/layers_inc -I../Library/BLE_Application/Utils/inc -I../src -O0 -ffunction-sections -fdata-sections -g -fstack-usage -Wall -specs=nano.specs -o Library\BlueNRG1_Periph_Driver\src\BlueNRG1_pka.o 
arm-atollic-eabi-gcc -c ..\Library\CMSIS\Device\ST\BlueNRG1\Source\system_bluenrg1.c -mthumb -mcpu=cortex-m0 -std=gnu11 -DLS_SOURCE=LS_SOURCE_EXTERNAL_32KHZ -DSMPS_INDUCTOR=SMPS_INDUCTOR_10uH -DBLUENRG2_DEVICE -DHS_SPEED_XTAL=HS_SPEED_XTAL_32MHZ -DUSER_BUTTON=BUTTON_1 -DNO_SMART_POWER_MANAGEMENT -I../inc -I../Library/BlueNRG1_Periph_Driver/inc -I../Library/CMSIS/Device/ST/BlueNRG1/Include -I../Library/SDK_Eval_BlueNRG1/inc -I../Library/CMSIS/Include -I../Library/hal/inc -I../Library/Bluetooth_LE/inc -I../Library/BLE_Application/layers_inc -I../Library/BLE_Application/Utils/inc -I../src -O0 -ffunction-sections -fdata-sections -g -fstack-usage -Wall -specs=nano.specs -o Library\CMSIS\Device\ST\BlueNRG1\Source\system_bluenrg1.o 
arm-atollic-eabi-gcc -c ..\Library\BlueNRG1_Periph_Driver\src\BlueNRG1_wdg.c -mthumb -mcpu=cortex-m0 -std=gnu11 -DLS_SOURCE=LS_SOURCE_EXTERNAL_32KHZ -DSMPS_INDUCTOR=SMPS_INDUCTOR_10uH -DBLUENRG2_DEVICE -DHS_SPEED_XTAL=HS_SPEED_XTAL_32MHZ -DUSER_BUTTON=BUTTON_1 -DNO_SMART_POWER_MANAGEMENT -I../inc -I../Library/BlueNRG1_Periph_Driver/inc -I../Library/CMSIS/Device/ST/BlueNRG1/Include -I../Library/SDK_Eval_BlueNRG1/inc -I../Library/CMSIS/Include -I../Library/hal/inc -I../Library/Bluetooth_LE/inc -I../Library/BLE_Application/layers_inc -I../Library/BLE_Application/Utils/inc -I../src -O0 -ffunction-sections -fdata-sections -g -fstack-usage -Wall -specs=nano.specs -o Library\BlueNRG1_Periph_Driver\src\BlueNRG1_wdg.o 
arm-atollic-eabi-gcc -c ..\Library\hal\src\miscutil.c -mthumb -mcpu=cortex-m0 -std=gnu11 -DLS_SOURCE=LS_SOURCE_EXTERNAL_32KHZ -DSMPS_INDUCTOR=SMPS_INDUCTOR_10uH -DBLUENRG2_DEVICE -DHS_SPEED_XTAL=HS_SPEED_XTAL_32MHZ -DUSER_BUTTON=BUTTON_1 -DNO_SMART_POWER_MANAGEMENT -I../inc -I../Library/BlueNRG1_Periph_Driver/inc -I../Library/CMSIS/Device/ST/BlueNRG1/Include -I../Library/SDK_Eval_BlueNRG1/inc -I../Library/CMSIS/Include -I../Library/hal/inc -I../Library/Bluetooth_LE/inc -I../Library/BLE_Application/layers_inc -I../Library/BLE_Application/Utils/inc -I../src -O0 -ffunction-sections -fdata-sections -g -fstack-usage -Wall -specs=nano.specs -o Library\hal\src\miscutil.o 
arm-atollic-eabi-gcc -c ..\Library\BlueNRG1_Periph_Driver\src\BlueNRG1_i2c.c -mthumb -mcpu=cortex-m0 -std=gnu11 -DLS_SOURCE=LS_SOURCE_EXTERNAL_32KHZ -DSMPS_INDUCTOR=SMPS_INDUCTOR_10uH -DBLUENRG2_DEVICE -DHS_SPEED_XTAL=HS_SPEED_XTAL_32MHZ -DUSER_BUTTON=BUTTON_1 -DNO_SMART_POWER_MANAGEMENT -I../inc -I../Library/BlueNRG1_Periph_Driver/inc -I../Library/CMSIS/Device/ST/BlueNRG1/Include -I../Library/SDK_Eval_BlueNRG1/inc -I../Library/CMSIS/Include -I../Library/hal/inc -I../Library/Bluetooth_LE/inc -I../Library/BLE_Application/layers_inc -I../Library/BLE_Application/Utils/inc -I../src -O0 -ffunction-sections -fdata-sections -g -fstack-usage -Wall -specs=nano.specs -o Library\BlueNRG1_Periph_Driver\src\BlueNRG1_i2c.o 
arm-atollic-eabi-gcc -c ..\src\main.c -mthumb -mcpu=cortex-m0 -std=gnu11 -DLS_SOURCE=LS_SOURCE_EXTERNAL_32KHZ -DSMPS_INDUCTOR=SMPS_INDUCTOR_10uH -DBLUENRG2_DEVICE -DHS_SPEED_XTAL=HS_SPEED_XTAL_32MHZ -DUSER_BUTTON=BUTTON_1 -DNO_SMART_POWER_MANAGEMENT -I../inc -I../Library/BlueNRG1_Periph_Driver/inc -I../Library/CMSIS/Device/ST/BlueNRG1/Include -I../Library/SDK_Eval_BlueNRG1/inc -I../Library/CMSIS/Include -I../Library/hal/inc -I../Library/Bluetooth_LE/inc -I../Library/BLE_Application/layers_inc -I../Library/BLE_Application/Utils/inc -I../src -O0 -ffunction-sections -fdata-sections -g -fstack-usage -Wall -specs=nano.specs -o src\main.o 
..\src\main.c: In function 'main':
..\src\main.c:78:4: error: 'ret' undeclared (first use in this function)
    ret = BlueNRG_Stack_Initialization(&BlueNRG_Stack_Init_params);
    ^~~
..\src\main.c:78:4: note: each undeclared identifier is reported only once for each function it appears in
..\src\main.c:84:9: warning: implicit declaration of function 'CHAT_DeviceInit' [-Wimplicit-function-declaration]
   ret = CHAT_DeviceInit();
         ^~~~~~~~~~~~~~~
..\src\main.c:92:3: warning: implicit declaration of function 'APP_Tick' [-Wimplicit-function-declaration]
   APP_Tick();
   ^~~~~~~~
20:35:48 **** Rebuild of configuration Debug for project SmartBB ****
Info: Internal Builder is used for build
arm-atollic-eabi-gcc -c ..\Library\BlueNRG1_Periph_Driver\src\BlueNRG1_mft.c -mthumb -mcpu=cortex-m0 -std=gnu11 -DLS_SOURCE=LS_SOURCE_EXTERNAL_32KHZ -DSMPS_INDUCTOR=SMPS_INDUCTOR_10uH -DBLUENRG2_DEVICE -DHS_SPEED_XTAL=HS_SPEED_XTAL_32MHZ -DUSER_BUTTON=BUTTON_1 -DNO_SMART_POWER_MANAGEMENT -I../inc -I../Library/BlueNRG1_Periph_Driver/inc -I../Library/CMSIS/Device/ST/BlueNRG1/Include -I../Library/SDK_Eval_BlueNRG1/inc -I../Library/CMSIS/Include -I../Library/hal/inc -I../Library/Bluetooth_LE/inc -I../Library/BLE_Application/layers_inc -I../Library/BLE_Application/Utils/inc -I../src -O0 -ffunction-sections -fdata-sections -g -fstack-usage -Wall -specs=nano.specs -o Library\BlueNRG1_Periph_Driver\src\BlueNRG1_mft.o 
arm-atollic-eabi-gcc -c ..\Library\BlueNRG1_Periph_Driver\src\BlueNRG1_wdg.c -mthumb -mcpu=cortex-m0 -std=gnu11 -DLS_SOURCE=LS_SOURCE_EXTERNAL_32KHZ -DSMPS_INDUCTOR=SMPS_INDUCTOR_10uH -DBLUENRG2_DEVICE -DHS_SPEED_XTAL=HS_SPEED_XTAL_32MHZ -DUSER_BUTTON=BUTTON_1 -DNO_SMART_POWER_MANAGEMENT -I../inc -I../Library/BlueNRG1_Periph_Driver/inc -I../Library/CMSIS/Device/ST/BlueNRG1/Include -I../Library/SDK_Eval_BlueNRG1/inc -I../Library/CMSIS/Include -I../Library/hal/inc -I../Library/Bluetooth_LE/inc -I../Library/BLE_Application/layers_inc -I../Library/BLE_Application/Utils/inc -I../src -O0 -ffunction-sections -fdata-sections -g -fstack-usage -Wall -specs=nano.specs -o Library\BlueNRG1_Periph_Driver\src\BlueNRG1_wdg.o 
arm-atollic-eabi-gcc -c ..\Library\CMSIS\Device\ST\BlueNRG1\Source\system_bluenrg1.c -mthumb -mcpu=cortex-m0 -std=gnu11 -DLS_SOURCE=LS_SOURCE_EXTERNAL_32KHZ -DSMPS_INDUCTOR=SMPS_INDUCTOR_10uH -DBLUENRG2_DEVICE -DHS_SPEED_XTAL=HS_SPEED_XTAL_32MHZ -DUSER_BUTTON=BUTTON_1 -DNO_SMART_POWER_MANAGEMENT -I../inc -I../Library/BlueNRG1_Periph_Driver/inc -I../Library/CMSIS/Device/ST/BlueNRG1/Include -I../Library/SDK_Eval_BlueNRG1/inc -I../Library/CMSIS/Include -I../Library/hal/inc -I../Library/Bluetooth_LE/inc -I../Library/BLE_Application/layers_inc -I../Library/BLE_Application/Utils/inc -I../src -O0 -ffunction-sections -fdata-sections -g -fstack-usage -Wall -specs=nano.specs -o Library\CMSIS\Device\ST\BlueNRG1\Source\system_bluenrg1.o 
arm-atollic-eabi-gcc -c ..\Library\Bluetooth_LE\src\stack_user_cfg.c -mthumb -mcpu=cortex-m0 -std=gnu11 -DLS_SOURCE=LS_SOURCE_EXTERNAL_32KHZ -DSMPS_INDUCTOR=SMPS_INDUCTOR_10uH -DBLUENRG2_DEVICE -DHS_SPEED_XTAL=HS_SPEED_XTAL_32MHZ -DUSER_BUTTON=BUTTON_1 -DNO_SMART_POWER_MANAGEMENT -I../inc -I../Library/BlueNRG1_Periph_Driver/inc -I../Library/CMSIS/Device/ST/BlueNRG1/Include -I../Library/SDK_Eval_BlueNRG1/inc -I../Library/CMSIS/Include -I../Library/hal/inc -I../Library/Bluetooth_LE/inc -I../Library/BLE_Application/layers_inc -I../Library/BLE_Application/Utils/inc -I../src -O0 -ffunction-sections -fdata-sections -g -fstack-usage -Wall -specs=nano.specs -o Library\Bluetooth_LE\src\stack_user_cfg.o 
arm-atollic-eabi-gcc -c -mthumb -mcpu=cortex-m0 -DBLUENRG2_DEVICE -DNO_SMART_POWER_MANAGEMENT -I../src -I../Library/CMSIS/Include -I../Library/CMSIS/Device/ST/BlueNRG1/Include -I../Library/hal/inc -I../Library/BlueNRG1_Periph_Driver/inc -g -Wa,--warn -x assembler-with-cpp -specs=nano.specs -o Library\hal\src\context_switch.o ..\Library\hal\src\context_switch.s 
arm-atollic-eabi-gcc -c ..\Library\BlueNRG1_Periph_Driver\src\BlueNRG1_adc.c -mthumb -mcpu=cortex-m0 -std=gnu11 -DLS_SOURCE=LS_SOURCE_EXTERNAL_32KHZ -DSMPS_INDUCTOR=SMPS_INDUCTOR_10uH -DBLUENRG2_DEVICE -DHS_SPEED_XTAL=HS_SPEED_XTAL_32MHZ -DUSER_BUTTON=BUTTON_1 -DNO_SMART_POWER_MANAGEMENT -I../inc -I../Library/BlueNRG1_Periph_Driver/inc -I../Library/CMSIS/Device/ST/BlueNRG1/Include -I../Library/SDK_Eval_BlueNRG1/inc -I../Library/CMSIS/Include -I../Library/hal/inc -I../Library/Bluetooth_LE/inc -I../Library/BLE_Application/layers_inc -I../Library/BLE_Application/Utils/inc -I../src -O0 -ffunction-sections -fdata-sections -g -fstack-usage -Wall -specs=nano.specs -o Library\BlueNRG1_Periph_Driver\src\BlueNRG1_adc.o 
arm-atollic-eabi-gcc -c ..\Library\BlueNRG1_Periph_Driver\src\BlueNRG1_spi.c -mthumb -mcpu=cortex-m0 -std=gnu11 -DLS_SOURCE=LS_SOURCE_EXTERNAL_32KHZ -DSMPS_INDUCTOR=SMPS_INDUCTOR_10uH -DBLUENRG2_DEVICE -DHS_SPEED_XTAL=HS_SPEED_XTAL_32MHZ -DUSER_BUTTON=BUTTON_1 -DNO_SMART_POWER_MANAGEMENT -I../inc -I../Library/BlueNRG1_Periph_Driver/inc -I../Library/CMSIS/Device/ST/BlueNRG1/Include -I../Library/SDK_Eval_BlueNRG1/inc -I../Library/CMSIS/Include -I../Library/hal/inc -I../Library/Bluetooth_LE/inc -I../Library/BLE_Application/layers_inc -I../Library/BLE_Application/Utils/inc -I../src -O0 -ffunction-sections -fdata-sections -g -fstack-usage -Wall -specs=nano.specs -o Library\BlueNRG1_Periph_Driver\src\BlueNRG1_spi.o 
arm-atollic-eabi-gcc -c ..\src\Motor.c -mthumb -mcpu=cortex-m0 -std=gnu11 -DLS_SOURCE=LS_SOURCE_EXTERNAL_32KHZ -DSMPS_INDUCTOR=SMPS_INDUCTOR_10uH -DBLUENRG2_DEVICE -DHS_SPEED_XTAL=HS_SPEED_XTAL_32MHZ -DUSER_BUTTON=BUTTON_1 -DNO_SMART_POWER_MANAGEMENT -I../inc -I../Library/BlueNRG1_Periph_Driver/inc -I../Library/CMSIS/Device/ST/BlueNRG1/Include -I../Library/SDK_Eval_BlueNRG1/inc -I../Library/CMSIS/Include -I../Library/hal/inc -I../Library/Bluetooth_LE/inc -I../Library/BLE_Application/layers_inc -I../Library/BLE_Application/Utils/inc -I../src -O0 -ffunction-sections -fdata-sections -g -fstack-usage -Wall -specs=nano.specs -o src\Motor.o 
arm-atollic-eabi-gcc -c ..\Library\SDK_Eval_BlueNRG1\src\SDK_EVAL_Config.c -mthumb -mcpu=cortex-m0 -std=gnu11 -DLS_SOURCE=LS_SOURCE_EXTERNAL_32KHZ -DSMPS_INDUCTOR=SMPS_INDUCTOR_10uH -DBLUENRG2_DEVICE -DHS_SPEED_XTAL=HS_SPEED_XTAL_32MHZ -DUSER_BUTTON=BUTTON_1 -DNO_SMART_POWER_MANAGEMENT -I../inc -I../Library/BlueNRG1_Periph_Driver/inc -I../Library/CMSIS/Device/ST/BlueNRG1/Include -I../Library/SDK_Eval_BlueNRG1/inc -I../Library/CMSIS/Include -I../Library/hal/inc -I../Library/Bluetooth_LE/inc -I../Library/BLE_Application/layers_inc -I../Library/BLE_Application/Utils/inc -I../src -O0 -ffunction-sections -fdata-sections -g -fstack-usage -Wall -specs=nano.specs -o Library\SDK_Eval_BlueNRG1\src\SDK_EVAL_Config.o 
arm-atollic-eabi-gcc -c ..\src\main.c -mthumb -mcpu=cortex-m0 -std=gnu11 -DLS_SOURCE=LS_SOURCE_EXTERNAL_32KHZ -DSMPS_INDUCTOR=SMPS_INDUCTOR_10uH -DBLUENRG2_DEVICE -DHS_SPEED_XTAL=HS_SPEED_XTAL_32MHZ -DUSER_BUTTON=BUTTON_1 -DNO_SMART_POWER_MANAGEMENT -I../inc -I../Library/BlueNRG1_Periph_Driver/inc -I../Library/CMSIS/Device/ST/BlueNRG1/Include -I../Library/SDK_Eval_BlueNRG1/inc -I../Library/CMSIS/Include -I../Library/hal/inc -I../Library/Bluetooth_LE/inc -I../Library/BLE_Application/layers_inc -I../Library/BLE_Application/Utils/inc -I../src -O0 -ffunction-sections -fdata-sections -g -fstack-usage -Wall -specs=nano.specs -o src\main.o 
..\src\main.c: In function 'main':
..\src\main.c:85:9: warning: implicit declaration of function 'CHAT_DeviceInit' [-Wimplicit-function-declaration]
   ret = CHAT_DeviceInit();
         ^~~~~~~~~~~~~~~
..\src\main.c:93:3: warning: implicit declaration of function 'APP_Tick' [-Wimplicit-function-declaration]
   APP_Tick();
   ^~~~~~~~
arm-atollic-eabi-gcc -c ..\Library\BLE_Application\Utils\src\ble_utils.c -mthumb -mcpu=cortex-m0 -std=gnu11 -DLS_SOURCE=LS_SOURCE_EXTERNAL_32KHZ -DSMPS_INDUCTOR=SMPS_INDUCTOR_10uH -DBLUENRG2_DEVICE -DHS_SPEED_XTAL=HS_SPEED_XTAL_32MHZ -DUSER_BUTTON=BUTTON_1 -DNO_SMART_POWER_MANAGEMENT -I../inc -I../Library/BlueNRG1_Periph_Driver/inc -I../Library/CMSIS/Device/ST/BlueNRG1/Include -I../Library/SDK_Eval_BlueNRG1/inc -I../Library/CMSIS/Include -I../Library/hal/inc -I../Library/Bluetooth_LE/inc -I../Library/BLE_Application/layers_inc -I../Library/BLE_Application/Utils/inc -I../src -O0 -ffunction-sections -fdata-sections -g -fstack-usage -Wall -specs=nano.specs -o Library\BLE_Application\Utils\src\ble_utils.o 
arm-atollic-eabi-gcc -c ..\Library\BlueNRG1_Periph_Driver\src\BlueNRG1_rng.c -mthumb -mcpu=cortex-m0 -std=gnu11 -DLS_SOURCE=LS_SOURCE_EXTERNAL_32KHZ -DSMPS_INDUCTOR=SMPS_INDUCTOR_10uH -DBLUENRG2_DEVICE -DHS_SPEED_XTAL=HS_SPEED_XTAL_32MHZ -DUSER_BUTTON=BUTTON_1 -DNO_SMART_POWER_MANAGEMENT -I../inc -I../Library/BlueNRG1_Periph_Driver/inc -I../Library/CMSIS/Device/ST/BlueNRG1/Include -I../Library/SDK_Eval_BlueNRG1/inc -I../Library/CMSIS/Include -I../Library/hal/inc -I../Library/Bluetooth_LE/inc -I../Library/BLE_Application/layers_inc -I../Library/BLE_Application/Utils/inc -I../src -O0 -ffunction-sections -fdata-sections -g -fstack-usage -Wall -specs=nano.specs -o Library\BlueNRG1_Periph_Driver\src\BlueNRG1_rng.o 
arm-atollic-eabi-gcc -c ..\Library\BlueNRG1_Periph_Driver\src\BlueNRG1_uart.c -mthumb -mcpu=cortex-m0 -std=gnu11 -DLS_SOURCE=LS_SOURCE_EXTERNAL_32KHZ -DSMPS_INDUCTOR=SMPS_INDUCTOR_10uH -DBLUENRG2_DEVICE -DHS_SPEED_XTAL=HS_SPEED_XTAL_32MHZ -DUSER_BUTTON=BUTTON_1 -DNO_SMART_POWER_MANAGEMENT -I../inc -I../Library/BlueNRG1_Periph_Driver/inc -I../Library/CMSIS/Device/ST/BlueNRG1/Include -I../Library/SDK_Eval_BlueNRG1/inc -I../Library/CMSIS/Include -I../Library/hal/inc -I../Library/Bluetooth_LE/inc -I../Library/BLE_Application/layers_inc -I../Library/BLE_Application/Utils/inc -I../src -O0 -ffunction-sections -fdata-sections -g -fstack-usage -Wall -specs=nano.specs -o Library\BlueNRG1_Periph_Driver\src\BlueNRG1_uart.o 
arm-atollic-eabi-gcc -c ..\Library\hal\src\osal.c -mthumb -mcpu=cortex-m0 -std=gnu11 -DLS_SOURCE=LS_SOURCE_EXTERNAL_32KHZ -DSMPS_INDUCTOR=SMPS_INDUCTOR_10uH -DBLUENRG2_DEVICE -DHS_SPEED_XTAL=HS_SPEED_XTAL_32MHZ -DUSER_BUTTON=BUTTON_1 -DNO_SMART_POWER_MANAGEMENT -I../inc -I../Library/BlueNRG1_Periph_Driver/inc -I../Library/CMSIS/Device/ST/BlueNRG1/Include -I../Library/SDK_Eval_BlueNRG1/inc -I../Library/CMSIS/Include -I../Library/hal/inc -I../Library/Bluetooth_LE/inc -I../Library/BLE_Application/layers_inc -I../Library/BLE_Application/Utils/inc -I../src -O0 -ffunction-sections -fdata-sections -g -fstack-usage -Wall -specs=nano.specs -o Library\hal\src\osal.o 
arm-atollic-eabi-gcc -c ..\Library\hal\src\sleep.c -mthumb -mcpu=cortex-m0 -std=gnu11 -DLS_SOURCE=LS_SOURCE_EXTERNAL_32KHZ -DSMPS_INDUCTOR=SMPS_INDUCTOR_10uH -DBLUENRG2_DEVICE -DHS_SPEED_XTAL=HS_SPEED_XTAL_32MHZ -DUSER_BUTTON=BUTTON_1 -DNO_SMART_POWER_MANAGEMENT -I../inc -I../Library/BlueNRG1_Periph_Driver/inc -I../Library/CMSIS/Device/ST/BlueNRG1/Include -I../Library/SDK_Eval_BlueNRG1/inc -I../Library/CMSIS/Include -I../Library/hal/inc -I../Library/Bluetooth_LE/inc -I../Library/BLE_Application/layers_inc -I../Library/BLE_Application/Utils/inc -I../src -O0 -ffunction-sections -fdata-sections -g -fstack-usage -Wall -specs=nano.specs -o Library\hal\src\sleep.o 
arm-atollic-eabi-gcc -c ..\Library\BlueNRG1_Periph_Driver\src\BlueNRG1_pka.c -mthumb -mcpu=cortex-m0 -std=gnu11 -DLS_SOURCE=LS_SOURCE_EXTERNAL_32KHZ -DSMPS_INDUCTOR=SMPS_INDUCTOR_10uH -DBLUENRG2_DEVICE -DHS_SPEED_XTAL=HS_SPEED_XTAL_32MHZ -DUSER_BUTTON=BUTTON_1 -DNO_SMART_POWER_MANAGEMENT -I../inc -I../Library/BlueNRG1_Periph_Driver/inc -I../Library/CMSIS/Device/ST/BlueNRG1/Include -I../Library/SDK_Eval_BlueNRG1/inc -I../Library/CMSIS/Include -I../Library/hal/inc -I../Library/Bluetooth_LE/inc -I../Library/BLE_Application/layers_inc -I../Library/BLE_Application/Utils/inc -I../src -O0 -ffunction-sections -fdata-sections -g -fstack-usage -Wall -specs=nano.specs -o Library\BlueNRG1_Periph_Driver\src\BlueNRG1_pka.o 
arm-atollic-eabi-gcc -c ..\src\gatt_db.c -mthumb -mcpu=cortex-m0 -std=gnu11 -DLS_SOURCE=LS_SOURCE_EXTERNAL_32KHZ -DSMPS_INDUCTOR=SMPS_INDUCTOR_10uH -DBLUENRG2_DEVICE -DHS_SPEED_XTAL=HS_SPEED_XTAL_32MHZ -DUSER_BUTTON=BUTTON_1 -DNO_SMART_POWER_MANAGEMENT -I../inc -I../Library/BlueNRG1_Periph_Driver/inc -I../Library/CMSIS/Device/ST/BlueNRG1/Include -I../Library/SDK_Eval_BlueNRG1/inc -I../Library/CMSIS/Include -I../Library/hal/inc -I../Library/Bluetooth_LE/inc -I../Library/BLE_Application/layers_inc -I../Library/BLE_Application/Utils/inc -I../src -O0 -ffunction-sections -fdata-sections -g -fstack-usage -Wall -specs=nano.specs -o src\gatt_db.o 
arm-atollic-eabi-gcc -c ..\Library\hal\src\clock.c -mthumb -mcpu=cortex-m0 -std=gnu11 -DLS_SOURCE=LS_SOURCE_EXTERNAL_32KHZ -DSMPS_INDUCTOR=SMPS_INDUCTOR_10uH -DBLUENRG2_DEVICE -DHS_SPEED_XTAL=HS_SPEED_XTAL_32MHZ -DUSER_BUTTON=BUTTON_1 -DNO_SMART_POWER_MANAGEMENT -I../inc -I../Library/BlueNRG1_Periph_Driver/inc -I../Library/CMSIS/Device/ST/BlueNRG1/Include -I../Library/SDK_Eval_BlueNRG1/inc -I../Library/CMSIS/Include -I../Library/hal/inc -I../Library/Bluetooth_LE/inc -I../Library/BLE_Application/layers_inc -I../Library/BLE_Application/Utils/inc -I../src -O0 -ffunction-sections -fdata-sections -g -fstack-usage -Wall -specs=nano.specs -o Library\hal\src\clock.o 
arm-atollic-eabi-gcc -c ..\Library\BlueNRG1_Periph_Driver\src\misc.c -mthumb -mcpu=cortex-m0 -std=gnu11 -DLS_SOURCE=LS_SOURCE_EXTERNAL_32KHZ -DSMPS_INDUCTOR=SMPS_INDUCTOR_10uH -DBLUENRG2_DEVICE -DHS_SPEED_XTAL=HS_SPEED_XTAL_32MHZ -DUSER_BUTTON=BUTTON_1 -DNO_SMART_POWER_MANAGEMENT -I../inc -I../Library/BlueNRG1_Periph_Driver/inc -I../Library/CMSIS/Device/ST/BlueNRG1/Include -I../Library/SDK_Eval_BlueNRG1/inc -I../Library/CMSIS/Include -I../Library/hal/inc -I../Library/Bluetooth_LE/inc -I../Library/BLE_Application/layers_inc -I../Library/BLE_Application/Utils/inc -I../src -O0 -ffunction-sections -fdata-sections -g -fstack-usage -Wall -specs=nano.specs -o Library\BlueNRG1_Periph_Driver\src\misc.o 
arm-atollic-eabi-gcc -c ..\src\gp_timer.c -mthumb -mcpu=cortex-m0 -std=gnu11 -DLS_SOURCE=LS_SOURCE_EXTERNAL_32KHZ -DSMPS_INDUCTOR=SMPS_INDUCTOR_10uH -DBLUENRG2_DEVICE -DHS_SPEED_XTAL=HS_SPEED_XTAL_32MHZ -DUSER_BUTTON=BUTTON_1 -DNO_SMART_POWER_MANAGEMENT -I../inc -I../Library/BlueNRG1_Periph_Driver/inc -I../Library/CMSIS/Device/ST/BlueNRG1/Include -I../Library/SDK_Eval_BlueNRG1/inc -I../Library/CMSIS/Include -I../Library/hal/inc -I../Library/Bluetooth_LE/inc -I../Library/BLE_Application/layers_inc -I../Library/BLE_Application/Utils/inc -I../src -O0 -ffunction-sections -fdata-sections -g -fstack-usage -Wall -specs=nano.specs -o src\gp_timer.o 
arm-atollic-eabi-gcc -c ..\Library\Bluetooth_LE\src\stack_sc_api_stubs.c -mthumb -mcpu=cortex-m0 -std=gnu11 -DLS_SOURCE=LS_SOURCE_EXTERNAL_32KHZ -DSMPS_INDUCTOR=SMPS_INDUCTOR_10uH -DBLUENRG2_DEVICE -DHS_SPEED_XTAL=HS_SPEED_XTAL_32MHZ -DUSER_BUTTON=BUTTON_1 -DNO_SMART_POWER_MANAGEMENT -I../inc -I../Library/BlueNRG1_Periph_Driver/inc -I../Library/CMSIS/Device/ST/BlueNRG1/Include -I../Library/SDK_Eval_BlueNRG1/inc -I../Library/CMSIS/Include -I../Library/hal/inc -I../Library/Bluetooth_LE/inc -I../Library/BLE_Application/layers_inc -I../Library/BLE_Application/Utils/inc -I../src -O0 -ffunction-sections -fdata-sections -g -fstack-usage -Wall -specs=nano.specs -o Library\Bluetooth_LE\src\stack_sc_api_stubs.o 
arm-atollic-eabi-gcc -c ..\Library\BlueNRG1_Periph_Driver\src\BlueNRG1_sysCtrl.c -mthumb -mcpu=cortex-m0 -std=gnu11 -DLS_SOURCE=LS_SOURCE_EXTERNAL_32KHZ -DSMPS_INDUCTOR=SMPS_INDUCTOR_10uH -DBLUENRG2_DEVICE -DHS_SPEED_XTAL=HS_SPEED_XTAL_32MHZ -DUSER_BUTTON=BUTTON_1 -DNO_SMART_POWER_MANAGEMENT -I../inc -I../Library/BlueNRG1_Periph_Driver/inc -I../Library/CMSIS/Device/ST/BlueNRG1/Include -I../Library/SDK_Eval_BlueNRG1/inc -I../Library/CMSIS/Include -I../Library/hal/inc -I../Library/Bluetooth_LE/inc -I../Library/BLE_Application/layers_inc -I../Library/BLE_Application/Utils/inc -I../src -O0 -ffunction-sections -fdata-sections -g -fstack-usage -Wall -specs=nano.specs -o Library\BlueNRG1_Periph_Driver\src\BlueNRG1_sysCtrl.o 
arm-atollic-eabi-gcc -c ..\Library\BlueNRG1_Periph_Driver\src\BlueNRG1_i2c.c -mthumb -mcpu=cortex-m0 -std=gnu11 -DLS_SOURCE=LS_SOURCE_EXTERNAL_32KHZ -DSMPS_INDUCTOR=SMPS_INDUCTOR_10uH -DBLUENRG2_DEVICE -DHS_SPEED_XTAL=HS_SPEED_XTAL_32MHZ -DUSER_BUTTON=BUTTON_1 -DNO_SMART_POWER_MANAGEMENT -I../inc -I../Library/BlueNRG1_Periph_Driver/inc -I../Library/CMSIS/Device/ST/BlueNRG1/Include -I../Library/SDK_Eval_BlueNRG1/inc -I../Library/CMSIS/Include -I../Library/hal/inc -I../Library/Bluetooth_LE/inc -I../Library/BLE_Application/layers_inc -I../Library/BLE_Application/Utils/inc -I../src -O0 -ffunction-sections -fdata-sections -g -fstack-usage -Wall -specs=nano.specs -o Library\BlueNRG1_Periph_Driver\src\BlueNRG1_i2c.o 
arm-atollic-eabi-gcc -c ..\Library\Bluetooth_LE\src\stack_priv_api_stubs.c -mthumb -mcpu=cortex-m0 -std=gnu11 -DLS_SOURCE=LS_SOURCE_EXTERNAL_32KHZ -DSMPS_INDUCTOR=SMPS_INDUCTOR_10uH -DBLUENRG2_DEVICE -DHS_SPEED_XTAL=HS_SPEED_XTAL_32MHZ -DUSER_BUTTON=BUTTON_1 -DNO_SMART_POWER_MANAGEMENT -I../inc -I../Library/BlueNRG1_Periph_Driver/inc -I../Library/CMSIS/Device/ST/BlueNRG1/Include -I../Library/SDK_Eval_BlueNRG1/inc -I../Library/CMSIS/Include -I../Library/hal/inc -I../Library/Bluetooth_LE/inc -I../Library/BLE_Application/layers_inc -I../Library/BLE_Application/Utils/inc -I../src -O0 -ffunction-sections -fdata-sections -g -fstack-usage -Wall -specs=nano.specs -o Library\Bluetooth_LE\src\stack_priv_api_stubs.o 
arm-atollic-eabi-gcc -c ..\Library\BlueNRG1_Periph_Driver\src\BlueNRG1_dma.c -mthumb -mcpu=cortex-m0 -std=gnu11 -DLS_SOURCE=LS_SOURCE_EXTERNAL_32KHZ -DSMPS_INDUCTOR=SMPS_INDUCTOR_10uH -DBLUENRG2_DEVICE -DHS_SPEED_XTAL=HS_SPEED_XTAL_32MHZ -DUSER_BUTTON=BUTTON_1 -DNO_SMART_POWER_MANAGEMENT -I../inc -I../Library/BlueNRG1_Periph_Driver/inc -I../Library/CMSIS/Device/ST/BlueNRG1/Include -I../Library/SDK_Eval_BlueNRG1/inc -I../Library/CMSIS/Include -I../Library/hal/inc -I../Library/Bluetooth_LE/inc -I../Library/BLE_Application/layers_inc -I../Library/BLE_Application/Utils/inc -I../src -O0 -ffunction-sections -fdata-sections -g -fstack-usage -Wall -specs=nano.specs -o Library\BlueNRG1_Periph_Driver\src\BlueNRG1_dma.o 
arm-atollic-eabi-gcc -c ..\src\chat.c -mthumb -mcpu=cortex-m0 -std=gnu11 -DLS_SOURCE=LS_SOURCE_EXTERNAL_32KHZ -DSMPS_INDUCTOR=SMPS_INDUCTOR_10uH -DBLUENRG2_DEVICE -DHS_SPEED_XTAL=HS_SPEED_XTAL_32MHZ -DUSER_BUTTON=BUTTON_1 -DNO_SMART_POWER_MANAGEMENT -I../inc -I../Library/BlueNRG1_Periph_Driver/inc -I../Library/CMSIS/Device/ST/BlueNRG1/Include -I../Library/SDK_Eval_BlueNRG1/inc -I../Library/CMSIS/Include -I../Library/hal/inc -I../Library/Bluetooth_LE/inc -I../Library/BLE_Application/layers_inc -I../Library/BLE_Application/Utils/inc -I../src -O0 -ffunction-sections -fdata-sections -g -fstack-usage -Wall -specs=nano.specs -o src\chat.o 
arm-atollic-eabi-gcc -c ..\Library\BlueNRG1_Periph_Driver\src\BlueNRG1_flash.c -mthumb -mcpu=cortex-m0 -std=gnu11 -DLS_SOURCE=LS_SOURCE_EXTERNAL_32KHZ -DSMPS_INDUCTOR=SMPS_INDUCTOR_10uH -DBLUENRG2_DEVICE -DHS_SPEED_XTAL=HS_SPEED_XTAL_32MHZ -DUSER_BUTTON=BUTTON_1 -DNO_SMART_POWER_MANAGEMENT -I../inc -I../Library/BlueNRG1_Periph_Driver/inc -I../Library/CMSIS/Device/ST/BlueNRG1/Include -I../Library/SDK_Eval_BlueNRG1/inc -I../Library/CMSIS/Include -I../Library/hal/inc -I../Library/Bluetooth_LE/inc -I../Library/BLE_Application/layers_inc -I../Library/BLE_Application/Utils/inc -I../src -O0 -ffunction-sections -fdata-sections -g -fstack-usage -Wall -specs=nano.specs -o Library\BlueNRG1_Periph_Driver\src\BlueNRG1_flash.o 
arm-atollic-eabi-gcc -c ..\Library\SDK_Eval_BlueNRG1\src\SDK_EVAL_Com.c -mthumb -mcpu=cortex-m0 -std=gnu11 -DLS_SOURCE=LS_SOURCE_EXTERNAL_32KHZ -DSMPS_INDUCTOR=SMPS_INDUCTOR_10uH -DBLUENRG2_DEVICE -DHS_SPEED_XTAL=HS_SPEED_XTAL_32MHZ -DUSER_BUTTON=BUTTON_1 -DNO_SMART_POWER_MANAGEMENT -I../inc -I../Library/BlueNRG1_Periph_Driver/inc -I../Library/CMSIS/Device/ST/BlueNRG1/Include -I../Library/SDK_Eval_BlueNRG1/inc -I../Library/CMSIS/Include -I../Library/hal/inc -I../Library/Bluetooth_LE/inc -I../Library/BLE_Application/layers_inc -I../Library/BLE_Application/Utils/inc -I../src -O0 -ffunction-sections -fdata-sections -g -fstack-usage -Wall -specs=nano.specs -o Library\SDK_Eval_BlueNRG1\src\SDK_EVAL_Com.o 
arm-atollic-eabi-gcc -c ..\src\BlueNRG1_it.c -mthumb -mcpu=cortex-m0 -std=gnu11 -DLS_SOURCE=LS_SOURCE_EXTERNAL_32KHZ -DSMPS_INDUCTOR=SMPS_INDUCTOR_10uH -DBLUENRG2_DEVICE -DHS_SPEED_XTAL=HS_SPEED_XTAL_32MHZ -DUSER_BUTTON=BUTTON_1 -DNO_SMART_POWER_MANAGEMENT -I../inc -I../Library/BlueNRG1_Periph_Driver/inc -I../Library/CMSIS/Device/ST/BlueNRG1/Include -I../Library/SDK_Eval_BlueNRG1/inc -I../Library/CMSIS/Include -I../Library/hal/inc -I../Library/Bluetooth_LE/inc -I../Library/BLE_Application/layers_inc -I../Library/BLE_Application/Utils/inc -I../src -O0 -ffunction-sections -fdata-sections -g -fstack-usage -Wall -specs=nano.specs -o src\BlueNRG1_it.o 
arm-atollic-eabi-gcc -c ..\Library\BlueNRG1_Periph_Driver\src\BlueNRG1_gpio.c -mthumb -mcpu=cortex-m0 -std=gnu11 -DLS_SOURCE=LS_SOURCE_EXTERNAL_32KHZ -DSMPS_INDUCTOR=SMPS_INDUCTOR_10uH -DBLUENRG2_DEVICE -DHS_SPEED_XTAL=HS_SPEED_XTAL_32MHZ -DUSER_BUTTON=BUTTON_1 -DNO_SMART_POWER_MANAGEMENT -I../inc -I../Library/BlueNRG1_Periph_Driver/inc -I../Library/CMSIS/Device/ST/BlueNRG1/Include -I../Library/SDK_Eval_BlueNRG1/inc -I../Library/CMSIS/Include -I../Library/hal/inc -I../Library/Bluetooth_LE/inc -I../Library/BLE_Application/layers_inc -I../Library/BLE_Application/Utils/inc -I../src -O0 -ffunction-sections -fdata-sections -g -fstack-usage -Wall -specs=nano.specs -o Library\BlueNRG1_Periph_Driver\src\BlueNRG1_gpio.o 
arm-atollic-eabi-gcc -c ..\Library\Bluetooth_LE\src\stack_slvonly_api_stubs.c -mthumb -mcpu=cortex-m0 -std=gnu11 -DLS_SOURCE=LS_SOURCE_EXTERNAL_32KHZ -DSMPS_INDUCTOR=SMPS_INDUCTOR_10uH -DBLUENRG2_DEVICE -DHS_SPEED_XTAL=HS_SPEED_XTAL_32MHZ -DUSER_BUTTON=BUTTON_1 -DNO_SMART_POWER_MANAGEMENT -I../inc -I../Library/BlueNRG1_Periph_Driver/inc -I../Library/CMSIS/Device/ST/BlueNRG1/Include -I../Library/SDK_Eval_BlueNRG1/inc -I../Library/CMSIS/Include -I../Library/hal/inc -I../Library/Bluetooth_LE/inc -I../Library/BLE_Application/layers_inc -I../Library/BLE_Application/Utils/inc -I../src -O0 -ffunction-sections -fdata-sections -g -fstack-usage -Wall -specs=nano.specs -o Library\Bluetooth_LE\src\stack_slvonly_api_stubs.o 
arm-atollic-eabi-gcc -c ..\Library\hal\src\miscutil.c -mthumb -mcpu=cortex-m0 -std=gnu11 -DLS_SOURCE=LS_SOURCE_EXTERNAL_32KHZ -DSMPS_INDUCTOR=SMPS_INDUCTOR_10uH -DBLUENRG2_DEVICE -DHS_SPEED_XTAL=HS_SPEED_XTAL_32MHZ -DUSER_BUTTON=BUTTON_1 -DNO_SMART_POWER_MANAGEMENT -I../inc -I../Library/BlueNRG1_Periph_Driver/inc -I../Library/CMSIS/Device/ST/BlueNRG1/Include -I../Library/SDK_Eval_BlueNRG1/inc -I../Library/CMSIS/Include -I../Library/hal/inc -I../Library/Bluetooth_LE/inc -I../Library/BLE_Application/layers_inc -I../Library/BLE_Application/Utils/inc -I../src -O0 -ffunction-sections -fdata-sections -g -fstack-usage -Wall -specs=nano.specs -o Library\hal\src\miscutil.o 
arm-atollic-eabi-gcc -c ..\Library\BlueNRG1_Periph_Driver\src\BlueNRG1_rtc.c -mthumb -mcpu=cortex-m0 -std=gnu11 -DLS_SOURCE=LS_SOURCE_EXTERNAL_32KHZ -DSMPS_INDUCTOR=SMPS_INDUCTOR_10uH -DBLUENRG2_DEVICE -DHS_SPEED_XTAL=HS_SPEED_XTAL_32MHZ -DUSER_BUTTON=BUTTON_1 -DNO_SMART_POWER_MANAGEMENT -I../inc -I../Library/BlueNRG1_Periph_Driver/inc -I../Library/CMSIS/Device/ST/BlueNRG1/Include -I../Library/SDK_Eval_BlueNRG1/inc -I../Library/CMSIS/Include -I../Library/hal/inc -I../Library/Bluetooth_LE/inc -I../Library/BLE_Application/layers_inc -I../Library/BLE_Application/Utils/inc -I../src -O0 -ffunction-sections -fdata-sections -g -fstack-usage -Wall -specs=nano.specs -o Library\BlueNRG1_Periph_Driver\src\BlueNRG1_rtc.o 
arm-atollic-eabi-gcc -c ..\Library\Bluetooth_LE\src\stack_dle_api_stubs.c -mthumb -mcpu=cortex-m0 -std=gnu11 -DLS_SOURCE=LS_SOURCE_EXTERNAL_32KHZ -DSMPS_INDUCTOR=SMPS_INDUCTOR_10uH -DBLUENRG2_DEVICE -DHS_SPEED_XTAL=HS_SPEED_XTAL_32MHZ -DUSER_BUTTON=BUTTON_1 -DNO_SMART_POWER_MANAGEMENT -I../inc -I../Library/BlueNRG1_Periph_Driver/inc -I../Library/CMSIS/Device/ST/BlueNRG1/Include -I../Library/SDK_Eval_BlueNRG1/inc -I../Library/CMSIS/Include -I../Library/hal/inc -I../Library/Bluetooth_LE/inc -I../Library/BLE_Application/layers_inc -I../Library/BLE_Application/Utils/inc -I../src -O0 -ffunction-sections -fdata-sections -g -fstack-usage -Wall -specs=nano.specs -o Library\Bluetooth_LE\src\stack_dle_api_stubs.o 
arm-atollic-eabi-gcc -o SmartBB.elf Library\BLE_Application\Utils\src\ble_utils.o Library\BlueNRG1_Periph_Driver\src\BlueNRG1_adc.o Library\BlueNRG1_Periph_Driver\src\BlueNRG1_dma.o Library\BlueNRG1_Periph_Driver\src\BlueNRG1_flash.o Library\BlueNRG1_Periph_Driver\src\BlueNRG1_gpio.o Library\BlueNRG1_Periph_Driver\src\BlueNRG1_i2c.o Library\BlueNRG1_Periph_Driver\src\BlueNRG1_mft.o Library\BlueNRG1_Periph_Driver\src\BlueNRG1_pka.o Library\BlueNRG1_Periph_Driver\src\BlueNRG1_rng.o Library\BlueNRG1_Periph_Driver\src\BlueNRG1_rtc.o Library\BlueNRG1_Periph_Driver\src\BlueNRG1_spi.o Library\BlueNRG1_Periph_Driver\src\BlueNRG1_sysCtrl.o Library\BlueNRG1_Periph_Driver\src\BlueNRG1_uart.o Library\BlueNRG1_Periph_Driver\src\BlueNRG1_wdg.o Library\BlueNRG1_Periph_Driver\src\misc.o Library\Bluetooth_LE\src\stack_dle_api_stubs.o Library\Bluetooth_LE\src\stack_priv_api_stubs.o Library\Bluetooth_LE\src\stack_sc_api_stubs.o Library\Bluetooth_LE\src\stack_slvonly_api_stubs.o Library\Bluetooth_LE\src\stack_user_cfg.o Library\CMSIS\Device\ST\BlueNRG1\Source\system_bluenrg1.o Library\SDK_Eval_BlueNRG1\src\SDK_EVAL_Com.o Library\SDK_Eval_BlueNRG1\src\SDK_EVAL_Config.o Library\hal\src\clock.o Library\hal\src\context_switch.o Library\hal\src\miscutil.o Library\hal\src\osal.o Library\hal\src\sleep.o src\BlueNRG1_it.o src\Motor.o src\chat.o src\gatt_db.o src\gp_timer.o src\main.o -lcrypto -lbluenrg1_stack -mthumb -mcpu=cortex-m0 -T../BlueNRG2.ld -specs=nosys.specs -static -L../Library/Bluetooth_LE/library -L../Library/cryptolib -Wl,-cref,-u,Reset_Handler -Wl,-Map=SmartBB.map -Wl,--gc-sections -Wl,--defsym=malloc_getpagesize_P=0x80 -Wl,--start-group -lc -lm -Wl,--end-group -specs=nano.specs 
C:\Program Files (x86)\Atollic\TrueSTUDIO for STM32 9.3.0\ide\jre\bin\java -jar C:\Program Files (x86)\Atollic\TrueSTUDIO for STM32 9.3.0\Tools\arm-atollic-reports.jar convert-hex sizeinfo list SmartBB.elf 
Generate build reports...
Converting build output to hex
Output sent to: SmartBB.hex
Converting build output to hex done
Print size information
   text	   data	    bss	    dec	    hex	filename
  75264	    280	  17420	  92964	  16b24	SmartBB.elf
Print size information done
Generate listing file
Output sent to: SmartBB.list
Generate listing file done
Generate build reports done
20:41:05 **** Rebuild of configuration Debug for project SmartBB ****
Info: Internal Builder is used for build
arm-atollic-eabi-gcc -c ..\Library\BlueNRG1_Periph_Driver\src\BlueNRG1_dma.c -mthumb -mcpu=cortex-m0 -std=gnu11 -DLS_SOURCE=LS_SOURCE_EXTERNAL_32KHZ -DSMPS_INDUCTOR=SMPS_INDUCTOR_10uH -DBLUENRG2_DEVICE -DHS_SPEED_XTAL=HS_SPEED_XTAL_32MHZ -DUSER_BUTTON=BUTTON_1 -DNO_SMART_POWER_MANAGEMENT -I../inc -I../Library/BlueNRG1_Periph_Driver/inc -I../Library/CMSIS/Device/ST/BlueNRG1/Include -I../Library/SDK_Eval_BlueNRG1/inc -I../Library/CMSIS/Include -I../Library/hal/inc -I../Library/Bluetooth_LE/inc -I../Library/BLE_Application/layers_inc -I../Library/BLE_Application/Utils/inc -I../src -O0 -ffunction-sections -fdata-sections -g -fstack-usage -Wall -specs=nano.specs -o Library\BlueNRG1_Periph_Driver\src\BlueNRG1_dma.o 
arm-atollic-eabi-gcc -c ..\Library\Bluetooth_LE\src\stack_dle_api_stubs.c -mthumb -mcpu=cortex-m0 -std=gnu11 -DLS_SOURCE=LS_SOURCE_EXTERNAL_32KHZ -DSMPS_INDUCTOR=SMPS_INDUCTOR_10uH -DBLUENRG2_DEVICE -DHS_SPEED_XTAL=HS_SPEED_XTAL_32MHZ -DUSER_BUTTON=BUTTON_1 -DNO_SMART_POWER_MANAGEMENT -I../inc -I../Library/BlueNRG1_Periph_Driver/inc -I../Library/CMSIS/Device/ST/BlueNRG1/Include -I../Library/SDK_Eval_BlueNRG1/inc -I../Library/CMSIS/Include -I../Library/hal/inc -I../Library/Bluetooth_LE/inc -I../Library/BLE_Application/layers_inc -I../Library/BLE_Application/Utils/inc -I../src -O0 -ffunction-sections -fdata-sections -g -fstack-usage -Wall -specs=nano.specs -o Library\Bluetooth_LE\src\stack_dle_api_stubs.o 
arm-atollic-eabi-gcc -c ..\Library\hal\src\sleep.c -mthumb -mcpu=cortex-m0 -std=gnu11 -DLS_SOURCE=LS_SOURCE_EXTERNAL_32KHZ -DSMPS_INDUCTOR=SMPS_INDUCTOR_10uH -DBLUENRG2_DEVICE -DHS_SPEED_XTAL=HS_SPEED_XTAL_32MHZ -DUSER_BUTTON=BUTTON_1 -DNO_SMART_POWER_MANAGEMENT -I../inc -I../Library/BlueNRG1_Periph_Driver/inc -I../Library/CMSIS/Device/ST/BlueNRG1/Include -I../Library/SDK_Eval_BlueNRG1/inc -I../Library/CMSIS/Include -I../Library/hal/inc -I../Library/Bluetooth_LE/inc -I../Library/BLE_Application/layers_inc -I../Library/BLE_Application/Utils/inc -I../src -O0 -ffunction-sections -fdata-sections -g -fstack-usage -Wall -specs=nano.specs -o Library\hal\src\sleep.o 
arm-atollic-eabi-gcc -c ..\src\chat.c -mthumb -mcpu=cortex-m0 -std=gnu11 -DLS_SOURCE=LS_SOURCE_EXTERNAL_32KHZ -DSMPS_INDUCTOR=SMPS_INDUCTOR_10uH -DBLUENRG2_DEVICE -DHS_SPEED_XTAL=HS_SPEED_XTAL_32MHZ -DUSER_BUTTON=BUTTON_1 -DNO_SMART_POWER_MANAGEMENT -I../inc -I../Library/BlueNRG1_Periph_Driver/inc -I../Library/CMSIS/Device/ST/BlueNRG1/Include -I../Library/SDK_Eval_BlueNRG1/inc -I../Library/CMSIS/Include -I../Library/hal/inc -I../Library/Bluetooth_LE/inc -I../Library/BLE_Application/layers_inc -I../Library/BLE_Application/Utils/inc -I../src -O0 -ffunction-sections -fdata-sections -g -fstack-usage -Wall -specs=nano.specs -o src\chat.o 
arm-atollic-eabi-gcc -c ..\Library\BlueNRG1_Periph_Driver\src\BlueNRG1_rtc.c -mthumb -mcpu=cortex-m0 -std=gnu11 -DLS_SOURCE=LS_SOURCE_EXTERNAL_32KHZ -DSMPS_INDUCTOR=SMPS_INDUCTOR_10uH -DBLUENRG2_DEVICE -DHS_SPEED_XTAL=HS_SPEED_XTAL_32MHZ -DUSER_BUTTON=BUTTON_1 -DNO_SMART_POWER_MANAGEMENT -I../inc -I../Library/BlueNRG1_Periph_Driver/inc -I../Library/CMSIS/Device/ST/BlueNRG1/Include -I../Library/SDK_Eval_BlueNRG1/inc -I../Library/CMSIS/Include -I../Library/hal/inc -I../Library/Bluetooth_LE/inc -I../Library/BLE_Application/layers_inc -I../Library/BLE_Application/Utils/inc -I../src -O0 -ffunction-sections -fdata-sections -g -fstack-usage -Wall -specs=nano.specs -o Library\BlueNRG1_Periph_Driver\src\BlueNRG1_rtc.o 
arm-atollic-eabi-gcc -c ..\Library\BlueNRG1_Periph_Driver\src\BlueNRG1_mft.c -mthumb -mcpu=cortex-m0 -std=gnu11 -DLS_SOURCE=LS_SOURCE_EXTERNAL_32KHZ -DSMPS_INDUCTOR=SMPS_INDUCTOR_10uH -DBLUENRG2_DEVICE -DHS_SPEED_XTAL=HS_SPEED_XTAL_32MHZ -DUSER_BUTTON=BUTTON_1 -DNO_SMART_POWER_MANAGEMENT -I../inc -I../Library/BlueNRG1_Periph_Driver/inc -I../Library/CMSIS/Device/ST/BlueNRG1/Include -I../Library/SDK_Eval_BlueNRG1/inc -I../Library/CMSIS/Include -I../Library/hal/inc -I../Library/Bluetooth_LE/inc -I../Library/BLE_Application/layers_inc -I../Library/BLE_Application/Utils/inc -I../src -O0 -ffunction-sections -fdata-sections -g -fstack-usage -Wall -specs=nano.specs -o Library\BlueNRG1_Periph_Driver\src\BlueNRG1_mft.o 
arm-atollic-eabi-gcc -c ..\Library\Bluetooth_LE\src\stack_priv_api_stubs.c -mthumb -mcpu=cortex-m0 -std=gnu11 -DLS_SOURCE=LS_SOURCE_EXTERNAL_32KHZ -DSMPS_INDUCTOR=SMPS_INDUCTOR_10uH -DBLUENRG2_DEVICE -DHS_SPEED_XTAL=HS_SPEED_XTAL_32MHZ -DUSER_BUTTON=BUTTON_1 -DNO_SMART_POWER_MANAGEMENT -I../inc -I../Library/BlueNRG1_Periph_Driver/inc -I../Library/CMSIS/Device/ST/BlueNRG1/Include -I../Library/SDK_Eval_BlueNRG1/inc -I../Library/CMSIS/Include -I../Library/hal/inc -I../Library/Bluetooth_LE/inc -I../Library/BLE_Application/layers_inc -I../Library/BLE_Application/Utils/inc -I../src -O0 -ffunction-sections -fdata-sections -g -fstack-usage -Wall -specs=nano.specs -o Library\Bluetooth_LE\src\stack_priv_api_stubs.o 
arm-atollic-eabi-gcc -c ..\src\Motor.c -mthumb -mcpu=cortex-m0 -std=gnu11 -DLS_SOURCE=LS_SOURCE_EXTERNAL_32KHZ -DSMPS_INDUCTOR=SMPS_INDUCTOR_10uH -DBLUENRG2_DEVICE -DHS_SPEED_XTAL=HS_SPEED_XTAL_32MHZ -DUSER_BUTTON=BUTTON_1 -DNO_SMART_POWER_MANAGEMENT -I../inc -I../Library/BlueNRG1_Periph_Driver/inc -I../Library/CMSIS/Device/ST/BlueNRG1/Include -I../Library/SDK_Eval_BlueNRG1/inc -I../Library/CMSIS/Include -I../Library/hal/inc -I../Library/Bluetooth_LE/inc -I../Library/BLE_Application/layers_inc -I../Library/BLE_Application/Utils/inc -I../src -O0 -ffunction-sections -fdata-sections -g -fstack-usage -Wall -specs=nano.specs -o src\Motor.o 
arm-atollic-eabi-gcc -c -mthumb -mcpu=cortex-m0 -DBLUENRG2_DEVICE -DNO_SMART_POWER_MANAGEMENT -I../src -I../Library/CMSIS/Include -I../Library/CMSIS/Device/ST/BlueNRG1/Include -I../Library/hal/inc -I../Library/BlueNRG1_Periph_Driver/inc -g -Wa,--warn -x assembler-with-cpp -specs=nano.specs -o Library\hal\src\context_switch.o ..\Library\hal\src\context_switch.s 
arm-atollic-eabi-gcc -c ..\Library\hal\src\osal.c -mthumb -mcpu=cortex-m0 -std=gnu11 -DLS_SOURCE=LS_SOURCE_EXTERNAL_32KHZ -DSMPS_INDUCTOR=SMPS_INDUCTOR_10uH -DBLUENRG2_DEVICE -DHS_SPEED_XTAL=HS_SPEED_XTAL_32MHZ -DUSER_BUTTON=BUTTON_1 -DNO_SMART_POWER_MANAGEMENT -I../inc -I../Library/BlueNRG1_Periph_Driver/inc -I../Library/CMSIS/Device/ST/BlueNRG1/Include -I../Library/SDK_Eval_BlueNRG1/inc -I../Library/CMSIS/Include -I../Library/hal/inc -I../Library/Bluetooth_LE/inc -I../Library/BLE_Application/layers_inc -I../Library/BLE_Application/Utils/inc -I../src -O0 -ffunction-sections -fdata-sections -g -fstack-usage -Wall -specs=nano.specs -o Library\hal\src\osal.o 
arm-atollic-eabi-gcc -c ..\Library\BlueNRG1_Periph_Driver\src\BlueNRG1_rng.c -mthumb -mcpu=cortex-m0 -std=gnu11 -DLS_SOURCE=LS_SOURCE_EXTERNAL_32KHZ -DSMPS_INDUCTOR=SMPS_INDUCTOR_10uH -DBLUENRG2_DEVICE -DHS_SPEED_XTAL=HS_SPEED_XTAL_32MHZ -DUSER_BUTTON=BUTTON_1 -DNO_SMART_POWER_MANAGEMENT -I../inc -I../Library/BlueNRG1_Periph_Driver/inc -I../Library/CMSIS/Device/ST/BlueNRG1/Include -I../Library/SDK_Eval_BlueNRG1/inc -I../Library/CMSIS/Include -I../Library/hal/inc -I../Library/Bluetooth_LE/inc -I../Library/BLE_Application/layers_inc -I../Library/BLE_Application/Utils/inc -I../src -O0 -ffunction-sections -fdata-sections -g -fstack-usage -Wall -specs=nano.specs -o Library\BlueNRG1_Periph_Driver\src\BlueNRG1_rng.o 
arm-atollic-eabi-gcc -c ..\Library\BlueNRG1_Periph_Driver\src\BlueNRG1_sysCtrl.c -mthumb -mcpu=cortex-m0 -std=gnu11 -DLS_SOURCE=LS_SOURCE_EXTERNAL_32KHZ -DSMPS_INDUCTOR=SMPS_INDUCTOR_10uH -DBLUENRG2_DEVICE -DHS_SPEED_XTAL=HS_SPEED_XTAL_32MHZ -DUSER_BUTTON=BUTTON_1 -DNO_SMART_POWER_MANAGEMENT -I../inc -I../Library/BlueNRG1_Periph_Driver/inc -I../Library/CMSIS/Device/ST/BlueNRG1/Include -I../Library/SDK_Eval_BlueNRG1/inc -I../Library/CMSIS/Include -I../Library/hal/inc -I../Library/Bluetooth_LE/inc -I../Library/BLE_Application/layers_inc -I../Library/BLE_Application/Utils/inc -I../src -O0 -ffunction-sections -fdata-sections -g -fstack-usage -Wall -specs=nano.specs -o Library\BlueNRG1_Periph_Driver\src\BlueNRG1_sysCtrl.o 
arm-atollic-eabi-gcc -c ..\Library\BlueNRG1_Periph_Driver\src\BlueNRG1_flash.c -mthumb -mcpu=cortex-m0 -std=gnu11 -DLS_SOURCE=LS_SOURCE_EXTERNAL_32KHZ -DSMPS_INDUCTOR=SMPS_INDUCTOR_10uH -DBLUENRG2_DEVICE -DHS_SPEED_XTAL=HS_SPEED_XTAL_32MHZ -DUSER_BUTTON=BUTTON_1 -DNO_SMART_POWER_MANAGEMENT -I../inc -I../Library/BlueNRG1_Periph_Driver/inc -I../Library/CMSIS/Device/ST/BlueNRG1/Include -I../Library/SDK_Eval_BlueNRG1/inc -I../Library/CMSIS/Include -I../Library/hal/inc -I../Library/Bluetooth_LE/inc -I../Library/BLE_Application/layers_inc -I../Library/BLE_Application/Utils/inc -I../src -O0 -ffunction-sections -fdata-sections -g -fstack-usage -Wall -specs=nano.specs -o Library\BlueNRG1_Periph_Driver\src\BlueNRG1_flash.o 
arm-atollic-eabi-gcc -c ..\src\gatt_db.c -mthumb -mcpu=cortex-m0 -std=gnu11 -DLS_SOURCE=LS_SOURCE_EXTERNAL_32KHZ -DSMPS_INDUCTOR=SMPS_INDUCTOR_10uH -DBLUENRG2_DEVICE -DHS_SPEED_XTAL=HS_SPEED_XTAL_32MHZ -DUSER_BUTTON=BUTTON_1 -DNO_SMART_POWER_MANAGEMENT -I../inc -I../Library/BlueNRG1_Periph_Driver/inc -I../Library/CMSIS/Device/ST/BlueNRG1/Include -I../Library/SDK_Eval_BlueNRG1/inc -I../Library/CMSIS/Include -I../Library/hal/inc -I../Library/Bluetooth_LE/inc -I../Library/BLE_Application/layers_inc -I../Library/BLE_Application/Utils/inc -I../src -O0 -ffunction-sections -fdata-sections -g -fstack-usage -Wall -specs=nano.specs -o src\gatt_db.o 
arm-atollic-eabi-gcc -c ..\Library\BlueNRG1_Periph_Driver\src\BlueNRG1_gpio.c -mthumb -mcpu=cortex-m0 -std=gnu11 -DLS_SOURCE=LS_SOURCE_EXTERNAL_32KHZ -DSMPS_INDUCTOR=SMPS_INDUCTOR_10uH -DBLUENRG2_DEVICE -DHS_SPEED_XTAL=HS_SPEED_XTAL_32MHZ -DUSER_BUTTON=BUTTON_1 -DNO_SMART_POWER_MANAGEMENT -I../inc -I../Library/BlueNRG1_Periph_Driver/inc -I../Library/CMSIS/Device/ST/BlueNRG1/Include -I../Library/SDK_Eval_BlueNRG1/inc -I../Library/CMSIS/Include -I../Library/hal/inc -I../Library/Bluetooth_LE/inc -I../Library/BLE_Application/layers_inc -I../Library/BLE_Application/Utils/inc -I../src -O0 -ffunction-sections -fdata-sections -g -fstack-usage -Wall -specs=nano.specs -o Library\BlueNRG1_Periph_Driver\src\BlueNRG1_gpio.o 
arm-atollic-eabi-gcc -c ..\Library\hal\src\clock.c -mthumb -mcpu=cortex-m0 -std=gnu11 -DLS_SOURCE=LS_SOURCE_EXTERNAL_32KHZ -DSMPS_INDUCTOR=SMPS_INDUCTOR_10uH -DBLUENRG2_DEVICE -DHS_SPEED_XTAL=HS_SPEED_XTAL_32MHZ -DUSER_BUTTON=BUTTON_1 -DNO_SMART_POWER_MANAGEMENT -I../inc -I../Library/BlueNRG1_Periph_Driver/inc -I../Library/CMSIS/Device/ST/BlueNRG1/Include -I../Library/SDK_Eval_BlueNRG1/inc -I../Library/CMSIS/Include -I../Library/hal/inc -I../Library/Bluetooth_LE/inc -I../Library/BLE_Application/layers_inc -I../Library/BLE_Application/Utils/inc -I../src -O0 -ffunction-sections -fdata-sections -g -fstack-usage -Wall -specs=nano.specs -o Library\hal\src\clock.o 
arm-atollic-eabi-gcc -c ..\src\BlueNRG1_it.c -mthumb -mcpu=cortex-m0 -std=gnu11 -DLS_SOURCE=LS_SOURCE_EXTERNAL_32KHZ -DSMPS_INDUCTOR=SMPS_INDUCTOR_10uH -DBLUENRG2_DEVICE -DHS_SPEED_XTAL=HS_SPEED_XTAL_32MHZ -DUSER_BUTTON=BUTTON_1 -DNO_SMART_POWER_MANAGEMENT -I../inc -I../Library/BlueNRG1_Periph_Driver/inc -I../Library/CMSIS/Device/ST/BlueNRG1/Include -I../Library/SDK_Eval_BlueNRG1/inc -I../Library/CMSIS/Include -I../Library/hal/inc -I../Library/Bluetooth_LE/inc -I../Library/BLE_Application/layers_inc -I../Library/BLE_Application/Utils/inc -I../src -O0 -ffunction-sections -fdata-sections -g -fstack-usage -Wall -specs=nano.specs -o src\BlueNRG1_it.o 
arm-atollic-eabi-gcc -c ..\Library\BlueNRG1_Periph_Driver\src\BlueNRG1_wdg.c -mthumb -mcpu=cortex-m0 -std=gnu11 -DLS_SOURCE=LS_SOURCE_EXTERNAL_32KHZ -DSMPS_INDUCTOR=SMPS_INDUCTOR_10uH -DBLUENRG2_DEVICE -DHS_SPEED_XTAL=HS_SPEED_XTAL_32MHZ -DUSER_BUTTON=BUTTON_1 -DNO_SMART_POWER_MANAGEMENT -I../inc -I../Library/BlueNRG1_Periph_Driver/inc -I../Library/CMSIS/Device/ST/BlueNRG1/Include -I../Library/SDK_Eval_BlueNRG1/inc -I../Library/CMSIS/Include -I../Library/hal/inc -I../Library/Bluetooth_LE/inc -I../Library/BLE_Application/layers_inc -I../Library/BLE_Application/Utils/inc -I../src -O0 -ffunction-sections -fdata-sections -g -fstack-usage -Wall -specs=nano.specs -o Library\BlueNRG1_Periph_Driver\src\BlueNRG1_wdg.o 
arm-atollic-eabi-gcc -c ..\Library\SDK_Eval_BlueNRG1\src\SDK_EVAL_Config.c -mthumb -mcpu=cortex-m0 -std=gnu11 -DLS_SOURCE=LS_SOURCE_EXTERNAL_32KHZ -DSMPS_INDUCTOR=SMPS_INDUCTOR_10uH -DBLUENRG2_DEVICE -DHS_SPEED_XTAL=HS_SPEED_XTAL_32MHZ -DUSER_BUTTON=BUTTON_1 -DNO_SMART_POWER_MANAGEMENT -I../inc -I../Library/BlueNRG1_Periph_Driver/inc -I../Library/CMSIS/Device/ST/BlueNRG1/Include -I../Library/SDK_Eval_BlueNRG1/inc -I../Library/CMSIS/Include -I../Library/hal/inc -I../Library/Bluetooth_LE/inc -I../Library/BLE_Application/layers_inc -I../Library/BLE_Application/Utils/inc -I../src -O0 -ffunction-sections -fdata-sections -g -fstack-usage -Wall -specs=nano.specs -o Library\SDK_Eval_BlueNRG1\src\SDK_EVAL_Config.o 
arm-atollic-eabi-gcc -c ..\Library\Bluetooth_LE\src\stack_user_cfg.c -mthumb -mcpu=cortex-m0 -std=gnu11 -DLS_SOURCE=LS_SOURCE_EXTERNAL_32KHZ -DSMPS_INDUCTOR=SMPS_INDUCTOR_10uH -DBLUENRG2_DEVICE -DHS_SPEED_XTAL=HS_SPEED_XTAL_32MHZ -DUSER_BUTTON=BUTTON_1 -DNO_SMART_POWER_MANAGEMENT -I../inc -I../Library/BlueNRG1_Periph_Driver/inc -I../Library/CMSIS/Device/ST/BlueNRG1/Include -I../Library/SDK_Eval_BlueNRG1/inc -I../Library/CMSIS/Include -I../Library/hal/inc -I../Library/Bluetooth_LE/inc -I../Library/BLE_Application/layers_inc -I../Library/BLE_Application/Utils/inc -I../src -O0 -ffunction-sections -fdata-sections -g -fstack-usage -Wall -specs=nano.specs -o Library\Bluetooth_LE\src\stack_user_cfg.o 
arm-atollic-eabi-gcc -c ..\Library\BlueNRG1_Periph_Driver\src\BlueNRG1_i2c.c -mthumb -mcpu=cortex-m0 -std=gnu11 -DLS_SOURCE=LS_SOURCE_EXTERNAL_32KHZ -DSMPS_INDUCTOR=SMPS_INDUCTOR_10uH -DBLUENRG2_DEVICE -DHS_SPEED_XTAL=HS_SPEED_XTAL_32MHZ -DUSER_BUTTON=BUTTON_1 -DNO_SMART_POWER_MANAGEMENT -I../inc -I../Library/BlueNRG1_Periph_Driver/inc -I../Library/CMSIS/Device/ST/BlueNRG1/Include -I../Library/SDK_Eval_BlueNRG1/inc -I../Library/CMSIS/Include -I../Library/hal/inc -I../Library/Bluetooth_LE/inc -I../Library/BLE_Application/layers_inc -I../Library/BLE_Application/Utils/inc -I../src -O0 -ffunction-sections -fdata-sections -g -fstack-usage -Wall -specs=nano.specs -o Library\BlueNRG1_Periph_Driver\src\BlueNRG1_i2c.o 
arm-atollic-eabi-gcc -c ..\Library\BlueNRG1_Periph_Driver\src\BlueNRG1_spi.c -mthumb -mcpu=cortex-m0 -std=gnu11 -DLS_SOURCE=LS_SOURCE_EXTERNAL_32KHZ -DSMPS_INDUCTOR=SMPS_INDUCTOR_10uH -DBLUENRG2_DEVICE -DHS_SPEED_XTAL=HS_SPEED_XTAL_32MHZ -DUSER_BUTTON=BUTTON_1 -DNO_SMART_POWER_MANAGEMENT -I../inc -I../Library/BlueNRG1_Periph_Driver/inc -I../Library/CMSIS/Device/ST/BlueNRG1/Include -I../Library/SDK_Eval_BlueNRG1/inc -I../Library/CMSIS/Include -I../Library/hal/inc -I../Library/Bluetooth_LE/inc -I../Library/BLE_Application/layers_inc -I../Library/BLE_Application/Utils/inc -I../src -O0 -ffunction-sections -fdata-sections -g -fstack-usage -Wall -specs=nano.specs -o Library\BlueNRG1_Periph_Driver\src\BlueNRG1_spi.o 
arm-atollic-eabi-gcc -c ..\Library\BlueNRG1_Periph_Driver\src\misc.c -mthumb -mcpu=cortex-m0 -std=gnu11 -DLS_SOURCE=LS_SOURCE_EXTERNAL_32KHZ -DSMPS_INDUCTOR=SMPS_INDUCTOR_10uH -DBLUENRG2_DEVICE -DHS_SPEED_XTAL=HS_SPEED_XTAL_32MHZ -DUSER_BUTTON=BUTTON_1 -DNO_SMART_POWER_MANAGEMENT -I../inc -I../Library/BlueNRG1_Periph_Driver/inc -I../Library/CMSIS/Device/ST/BlueNRG1/Include -I../Library/SDK_Eval_BlueNRG1/inc -I../Library/CMSIS/Include -I../Library/hal/inc -I../Library/Bluetooth_LE/inc -I../Library/BLE_Application/layers_inc -I../Library/BLE_Application/Utils/inc -I../src -O0 -ffunction-sections -fdata-sections -g -fstack-usage -Wall -specs=nano.specs -o Library\BlueNRG1_Periph_Driver\src\misc.o 
arm-atollic-eabi-gcc -c ..\Library\SDK_Eval_BlueNRG1\src\SDK_EVAL_Com.c -mthumb -mcpu=cortex-m0 -std=gnu11 -DLS_SOURCE=LS_SOURCE_EXTERNAL_32KHZ -DSMPS_INDUCTOR=SMPS_INDUCTOR_10uH -DBLUENRG2_DEVICE -DHS_SPEED_XTAL=HS_SPEED_XTAL_32MHZ -DUSER_BUTTON=BUTTON_1 -DNO_SMART_POWER_MANAGEMENT -I../inc -I../Library/BlueNRG1_Periph_Driver/inc -I../Library/CMSIS/Device/ST/BlueNRG1/Include -I../Library/SDK_Eval_BlueNRG1/inc -I../Library/CMSIS/Include -I../Library/hal/inc -I../Library/Bluetooth_LE/inc -I../Library/BLE_Application/layers_inc -I../Library/BLE_Application/Utils/inc -I../src -O0 -ffunction-sections -fdata-sections -g -fstack-usage -Wall -specs=nano.specs -o Library\SDK_Eval_BlueNRG1\src\SDK_EVAL_Com.o 
arm-atollic-eabi-gcc -c ..\Library\BlueNRG1_Periph_Driver\src\BlueNRG1_uart.c -mthumb -mcpu=cortex-m0 -std=gnu11 -DLS_SOURCE=LS_SOURCE_EXTERNAL_32KHZ -DSMPS_INDUCTOR=SMPS_INDUCTOR_10uH -DBLUENRG2_DEVICE -DHS_SPEED_XTAL=HS_SPEED_XTAL_32MHZ -DUSER_BUTTON=BUTTON_1 -DNO_SMART_POWER_MANAGEMENT -I../inc -I../Library/BlueNRG1_Periph_Driver/inc -I../Library/CMSIS/Device/ST/BlueNRG1/Include -I../Library/SDK_Eval_BlueNRG1/inc -I../Library/CMSIS/Include -I../Library/hal/inc -I../Library/Bluetooth_LE/inc -I../Library/BLE_Application/layers_inc -I../Library/BLE_Application/Utils/inc -I../src -O0 -ffunction-sections -fdata-sections -g -fstack-usage -Wall -specs=nano.specs -o Library\BlueNRG1_Periph_Driver\src\BlueNRG1_uart.o 
[...]
arm-atollic-eabi-gcc -c ..\..\..\..\..\..\..\Library\BlueNRG1_Periph_Driver\src\BlueNRG1_flash.c -mthumb -mcpu=cortex-m0 -std=c99 -DSMPS_INDUCTOR=SMPS_INDUCTOR_10uH -DLS_SOURCE=LS_SOURCE_EXTERNAL_32KHZ -DUSE_FULL_ASSERT -DBLUENRG2_DEVICE -DHS_SPEED_XTAL=HS_SPEED_XTAL_32MHZ -DFORCE_CORE_TO_16MHZ -DUSER_BUTTON=BUTTON_1 -I..\..\.. -I..\..\..\..\..\..\..\Library\BlueNRG1_Periph_Driver\inc -I..\..\..\..\..\..\..\Library\CMSIS\Device\ST\BlueNRG1\Include -I..\..\..\..\..\..\..\Library\SDK_Eval_BlueNRG1\inc -I..\..\..\..\..\..\..\Library\CMSIS\Include -I..\..\..\..\..\..\..\Library\hal\inc -Os -ffunction-sections -fdata-sections -g -fstack-usage -Wall -mcpu=cortex-m0 -specs=nano.specs -o Library\BlueNRG1_flash.o 
arm-atollic-eabi-gcc -c -mthumb -mcpu=cortex-m0 -g -Wa,--no-warn -x assembler-with-cpp -specs=nano.specs -o Startup\context_switch.o ..\..\..\..\..\..\..\Library\hal\src\context_switch.s 
arm-atollic-eabi-gcc -o ADC_Polling.elf HAL\miscutil.o Library\BlueNRG1_adc.o Library\BlueNRG1_dma.o Library\BlueNRG1_flash.o Library\BlueNRG1_gpio.o Library\BlueNRG1_i2c.o Library\BlueNRG1_mft.o Library\BlueNRG1_rtc.o Library\BlueNRG1_spi.o Library\BlueNRG1_sysCtrl.o Library\BlueNRG1_uart.o Library\BlueNRG1_wdg.o Library\misc.o SDK_Eval_BlueNRG1\SDK_EVAL_Button.o SDK_Eval_BlueNRG1\SDK_EVAL_Com.o SDK_Eval_BlueNRG1\SDK_EVAL_Config.o SDK_Eval_BlueNRG1\SDK_EVAL_I2C.o SDK_Eval_BlueNRG1\SDK_EVAL_Led.o SDK_Eval_BlueNRG1\SDK_EVAL_SPI.o Startup\context_switch.o Startup\system_bluenrg1.o User\ADC_Polling_main.o User\BlueNRG1_it.o -mthumb -mcpu=cortex-m0 -T..\BlueNRG2.ld -specs=nosys.specs -nostartfiles -nodefaultlibs -static -Wl,--cref -Wl,-Map=ADC_Polling.map -Wl,--gc-sections -Wl,--defsym=malloc_getpagesize_P=0x80 -Wl,--start-group -lc -lm -Wl,--end-group -specs=nano.specs 
C:\Program Files (x86)\Atollic\TrueSTUDIO for STM32 9.3.0\ide\jre\bin\java -jar C:\Program Files (x86)\Atollic\TrueSTUDIO for STM32 9.3.0\Tools\arm-atollic-reports.jar convert-hex sizeinfo list ADC_Polling.elf 
Generate build reports...
Converting build output to hex
Output sent to: ADC_Polling.hex
Converting build output to hex done
Print size information
   text	   data	    bss	    dec	    hex	filename
  21896	    148	   5780	  27824	   6cb0	ADC_Polling.elf
Print size information done
Generate listing file
Output sent to: ADC_Polling.list
Generate listing file done
Generate build reports done
arm-atollic-eabi-objcopy -O binary ADC_Polling.elf ADC_Polling.bin 
20:55:37 **** Rebuild of configuration Release for project ADC_Polling ****
Info: Internal Builder is used for build
arm-atollic-eabi-gcc -c -mthumb -mcpu=cortex-m0 -g -Wa,--no-warn -x assembler-with-cpp -specs=nano.specs -o Startup\context_switch.o ..\..\..\..\..\..\..\Library\hal\src\context_switch.s 
arm-atollic-eabi-gcc -c ..\..\..\..\..\..\..\Library\SDK_Eval_BlueNRG1\src\SDK_EVAL_Button.c -mthumb -mcpu=cortex-m0 -std=c99 -DSMPS_INDUCTOR=SMPS_INDUCTOR_10uH -DLS_SOURCE=LS_SOURCE_EXTERNAL_32KHZ -DUSE_FULL_ASSERT -DBLUENRG2_DEVICE -DHS_SPEED_XTAL=HS_SPEED_XTAL_32MHZ -DFORCE_CORE_TO_16MHZ -DUSER_BUTTON=BUTTON_1 -I..\..\.. -I..\..\..\..\..\..\..\Library\BlueNRG1_Periph_Driver\inc -I..\..\..\..\..\..\..\Library\CMSIS\Device\ST\BlueNRG1\Include -I..\..\..\..\..\..\..\Library\SDK_Eval_BlueNRG1\inc -I..\..\..\..\..\..\..\Library\CMSIS\Include -I..\..\..\..\..\..\..\Library\hal\inc -Os -ffunction-sections -fdata-sections -g -fstack-usage -Wall -mcpu=cortex-m0 -specs=nano.specs -o SDK_Eval_BlueNRG1\SDK_EVAL_Button.o 
arm-atollic-eabi-gcc -c ..\..\..\..\..\..\..\Library\hal\src\miscutil.c -mthumb -mcpu=cortex-m0 -std=c99 -DSMPS_INDUCTOR=SMPS_INDUCTOR_10uH -DLS_SOURCE=LS_SOURCE_EXTERNAL_32KHZ -DUSE_FULL_ASSERT -DBLUENRG2_DEVICE -DHS_SPEED_XTAL=HS_SPEED_XTAL_32MHZ -DFORCE_CORE_TO_16MHZ -DUSER_BUTTON=BUTTON_1 -I..\..\.. -I..\..\..\..\..\..\..\Library\BlueNRG1_Periph_Driver\inc -I..\..\..\..\..\..\..\Library\CMSIS\Device\ST\BlueNRG1\Include -I..\..\..\..\..\..\..\Library\SDK_Eval_BlueNRG1\inc -I..\..\..\..\..\..\..\Library\CMSIS\Include -I..\..\..\..\..\..\..\Library\hal\inc -Os -ffunction-sections -fdata-sections -g -fstack-usage -Wall -mcpu=cortex-m0 -specs=nano.specs -o HAL\miscutil.o 
arm-atollic-eabi-gcc -c ..\..\..\..\..\..\..\Library\BlueNRG1_Periph_Driver\src\BlueNRG1_spi.c -mthumb -mcpu=cortex-m0 -std=c99 -DSMPS_INDUCTOR=SMPS_INDUCTOR_10uH -DLS_SOURCE=LS_SOURCE_EXTERNAL_32KHZ -DUSE_FULL_ASSERT -DBLUENRG2_DEVICE -DHS_SPEED_XTAL=HS_SPEED_XTAL_32MHZ -DFORCE_CORE_TO_16MHZ -DUSER_BUTTON=BUTTON_1 -I..\..\.. -I..\..\..\..\..\..\..\Library\BlueNRG1_Periph_Driver\inc -I..\..\..\..\..\..\..\Library\CMSIS\Device\ST\BlueNRG1\Include -I..\..\..\..\..\..\..\Library\SDK_Eval_BlueNRG1\inc -I..\..\..\..\..\..\..\Library\CMSIS\Include -I..\..\..\..\..\..\..\Library\hal\inc -Os -ffunction-sections -fdata-sections -g -fstack-usage -Wall -mcpu=cortex-m0 -specs=nano.specs -o Library\BlueNRG1_spi.o 
arm-atollic-eabi-gcc -c ..\..\..\ADC_Polling_main.c -mthumb -mcpu=cortex-m0 -std=c99 -DSMPS_INDUCTOR=SMPS_INDUCTOR_10uH -DLS_SOURCE=LS_SOURCE_EXTERNAL_32KHZ -DUSE_FULL_ASSERT -DBLUENRG2_DEVICE -DHS_SPEED_XTAL=HS_SPEED_XTAL_32MHZ -DFORCE_CORE_TO_16MHZ -DUSER_BUTTON=BUTTON_1 -I..\..\.. -I..\..\..\..\..\..\..\Library\BlueNRG1_Periph_Driver\inc -I..\..\..\..\..\..\..\Library\CMSIS\Device\ST\BlueNRG1\Include -I..\..\..\..\..\..\..\Library\SDK_Eval_BlueNRG1\inc -I..\..\..\..\..\..\..\Library\CMSIS\Include -I..\..\..\..\..\..\..\Library\hal\inc -Os -ffunction-sections -fdata-sections -g -fstack-usage -Wall -mcpu=cortex-m0 -specs=nano.specs -o User\ADC_Polling_main.o 
arm-atollic-eabi-gcc -c ..\..\..\..\..\..\..\Library\SDK_Eval_BlueNRG1\src\SDK_EVAL_I2C.c -mthumb -mcpu=cortex-m0 -std=c99 -DSMPS_INDUCTOR=SMPS_INDUCTOR_10uH -DLS_SOURCE=LS_SOURCE_EXTERNAL_32KHZ -DUSE_FULL_ASSERT -DBLUENRG2_DEVICE -DHS_SPEED_XTAL=HS_SPEED_XTAL_32MHZ -DFORCE_CORE_TO_16MHZ -DUSER_BUTTON=BUTTON_1 -I..\..\.. -I..\..\..\..\..\..\..\Library\BlueNRG1_Periph_Driver\inc -I..\..\..\..\..\..\..\Library\CMSIS\Device\ST\BlueNRG1\Include -I..\..\..\..\..\..\..\Library\SDK_Eval_BlueNRG1\inc -I..\..\..\..\..\..\..\Library\CMSIS\Include -I..\..\..\..\..\..\..\Library\hal\inc -Os -ffunction-sections -fdata-sections -g -fstack-usage -Wall -mcpu=cortex-m0 -specs=nano.specs -o SDK_Eval_BlueNRG1\SDK_EVAL_I2C.o 
arm-atollic-eabi-gcc -c ..\..\..\..\..\..\..\Library\SDK_Eval_BlueNRG1\src\SDK_EVAL_Config.c -mthumb -mcpu=cortex-m0 -std=c99 -DSMPS_INDUCTOR=SMPS_INDUCTOR_10uH -DLS_SOURCE=LS_SOURCE_EXTERNAL_32KHZ -DUSE_FULL_ASSERT -DBLUENRG2_DEVICE -DHS_SPEED_XTAL=HS_SPEED_XTAL_32MHZ -DFORCE_CORE_TO_16MHZ -DUSER_BUTTON=BUTTON_1 -I..\..\.. -I..\..\..\..\..\..\..\Library\BlueNRG1_Periph_Driver\inc -I..\..\..\..\..\..\..\Library\CMSIS\Device\ST\BlueNRG1\Include -I..\..\..\..\..\..\..\Library\SDK_Eval_BlueNRG1\inc -I..\..\..\..\..\..\..\Library\CMSIS\Include -I..\..\..\..\..\..\..\Library\hal\inc -Os -ffunction-sections -fdata-sections -g -fstack-usage -Wall -mcpu=cortex-m0 -specs=nano.specs -o SDK_Eval_BlueNRG1\SDK_EVAL_Config.o 
arm-atollic-eabi-gcc -c ..\..\..\..\..\..\..\Library\BlueNRG1_Periph_Driver\src\BlueNRG1_wdg.c -mthumb -mcpu=cortex-m0 -std=c99 -DSMPS_INDUCTOR=SMPS_INDUCTOR_10uH -DLS_SOURCE=LS_SOURCE_EXTERNAL_32KHZ -DUSE_FULL_ASSERT -DBLUENRG2_DEVICE -DHS_SPEED_XTAL=HS_SPEED_XTAL_32MHZ -DFORCE_CORE_TO_16MHZ -DUSER_BUTTON=BUTTON_1 -I..\..\.. -I..\..\..\..\..\..\..\Library\BlueNRG1_Periph_Driver\inc -I..\..\..\..\..\..\..\Library\CMSIS\Device\ST\BlueNRG1\Include -I..\..\..\..\..\..\..\Library\SDK_Eval_BlueNRG1\inc -I..\..\..\..\..\..\..\Library\CMSIS\Include -I..\..\..\..\..\..\..\Library\hal\inc -Os -ffunction-sections -fdata-sections -g -fstack-usage -Wall -mcpu=cortex-m0 -specs=nano.specs -o Library\BlueNRG1_wdg.o 
arm-atollic-eabi-gcc -c ..\..\..\..\..\..\..\Library\SDK_Eval_BlueNRG1\src\SDK_EVAL_Com.c -mthumb -mcpu=cortex-m0 -std=c99 -DSMPS_INDUCTOR=SMPS_INDUCTOR_10uH -DLS_SOURCE=LS_SOURCE_EXTERNAL_32KHZ -DUSE_FULL_ASSERT -DBLUENRG2_DEVICE -DHS_SPEED_XTAL=HS_SPEED_XTAL_32MHZ -DFORCE_CORE_TO_16MHZ -DUSER_BUTTON=BUTTON_1 -I..\..\.. -I..\..\..\..\..\..\..\Library\BlueNRG1_Periph_Driver\inc -I..\..\..\..\..\..\..\Library\CMSIS\Device\ST\BlueNRG1\Include -I..\..\..\..\..\..\..\Library\SDK_Eval_BlueNRG1\inc -I..\..\..\..\..\..\..\Library\CMSIS\Include -I..\..\..\..\..\..\..\Library\hal\inc -Os -ffunction-sections -fdata-sections -g -fstack-usage -Wall -mcpu=cortex-m0 -specs=nano.specs -o SDK_Eval_BlueNRG1\SDK_EVAL_Com.o 
arm-atollic-eabi-gcc -c ..\..\..\..\..\..\..\Library\BlueNRG1_Periph_Driver\src\BlueNRG1_gpio.c -mthumb -mcpu=cortex-m0 -std=c99 -DSMPS_INDUCTOR=SMPS_INDUCTOR_10uH -DLS_SOURCE=LS_SOURCE_EXTERNAL_32KHZ -DUSE_FULL_ASSERT -DBLUENRG2_DEVICE -DHS_SPEED_XTAL=HS_SPEED_XTAL_32MHZ -DFORCE_CORE_TO_16MHZ -DUSER_BUTTON=BUTTON_1 -I..\..\.. -I..\..\..\..\..\..\..\Library\BlueNRG1_Periph_Driver\inc -I..\..\..\..\..\..\..\Library\CMSIS\Device\ST\BlueNRG1\Include -I..\..\..\..\..\..\..\Library\SDK_Eval_BlueNRG1\inc -I..\..\..\..\..\..\..\Library\CMSIS\Include -I..\..\..\..\..\..\..\Library\hal\inc -Os -ffunction-sections -fdata-sections -g -fstack-usage -Wall -mcpu=cortex-m0 -specs=nano.specs -o Library\BlueNRG1_gpio.o 
arm-atollic-eabi-gcc -c ..\..\..\..\..\..\..\Library\BlueNRG1_Periph_Driver\src\BlueNRG1_uart.c -mthumb -mcpu=cortex-m0 -std=c99 -DSMPS_INDUCTOR=SMPS_INDUCTOR_10uH -DLS_SOURCE=LS_SOURCE_EXTERNAL_32KHZ -DUSE_FULL_ASSERT -DBLUENRG2_DEVICE -DHS_SPEED_XTAL=HS_SPEED_XTAL_32MHZ -DFORCE_CORE_TO_16MHZ -DUSER_BUTTON=BUTTON_1 -I..\..\.. -I..\..\..\..\..\..\..\Library\BlueNRG1_Periph_Driver\inc -I..\..\..\..\..\..\..\Library\CMSIS\Device\ST\BlueNRG1\Include -I..\..\..\..\..\..\..\Library\SDK_Eval_BlueNRG1\inc -I..\..\..\..\..\..\..\Library\CMSIS\Include -I..\..\..\..\..\..\..\Library\hal\inc -Os -ffunction-sections -fdata-sections -g -fstack-usage -Wall -mcpu=cortex-m0 -specs=nano.specs -o Library\BlueNRG1_uart.o 
arm-atollic-eabi-gcc -c ..\..\..\..\..\..\..\Library\SDK_Eval_BlueNRG1\src\SDK_EVAL_Led.c -mthumb -mcpu=cortex-m0 -std=c99 -DSMPS_INDUCTOR=SMPS_INDUCTOR_10uH -DLS_SOURCE=LS_SOURCE_EXTERNAL_32KHZ -DUSE_FULL_ASSERT -DBLUENRG2_DEVICE -DHS_SPEED_XTAL=HS_SPEED_XTAL_32MHZ -DFORCE_CORE_TO_16MHZ -DUSER_BUTTON=BUTTON_1 -I..\..\.. -I..\..\..\..\..\..\..\Library\BlueNRG1_Periph_Driver\inc -I..\..\..\..\..\..\..\Library\CMSIS\Device\ST\BlueNRG1\Include -I..\..\..\..\..\..\..\Library\SDK_Eval_BlueNRG1\inc -I..\..\..\..\..\..\..\Library\CMSIS\Include -I..\..\..\..\..\..\..\Library\hal\inc -Os -ffunction-sections -fdata-sections -g -fstack-usage -Wall -mcpu=cortex-m0 -specs=nano.specs -o SDK_Eval_BlueNRG1\SDK_EVAL_Led.o 
arm-atollic-eabi-gcc -c ..\..\..\..\..\..\..\Library\BlueNRG1_Periph_Driver\src\BlueNRG1_rtc.c -mthumb -mcpu=cortex-m0 -std=c99 -DSMPS_INDUCTOR=SMPS_INDUCTOR_10uH -DLS_SOURCE=LS_SOURCE_EXTERNAL_32KHZ -DUSE_FULL_ASSERT -DBLUENRG2_DEVICE -DHS_SPEED_XTAL=HS_SPEED_XTAL_32MHZ -DFORCE_CORE_TO_16MHZ -DUSER_BUTTON=BUTTON_1 -I..\..\.. -I..\..\..\..\..\..\..\Library\BlueNRG1_Periph_Driver\inc -I..\..\..\..\..\..\..\Library\CMSIS\Device\ST\BlueNRG1\Include -I..\..\..\..\..\..\..\Library\SDK_Eval_BlueNRG1\inc -I..\..\..\..\..\..\..\Library\CMSIS\Include -I..\..\..\..\..\..\..\Library\hal\inc -Os -ffunction-sections -fdata-sections -g -fstack-usage -Wall -mcpu=cortex-m0 -specs=nano.specs -o Library\BlueNRG1_rtc.o 
arm-atollic-eabi-gcc -c ..\..\..\..\..\..\..\Library\BlueNRG1_Periph_Driver\src\BlueNRG1_flash.c -mthumb -mcpu=cortex-m0 -std=c99 -DSMPS_INDUCTOR=SMPS_INDUCTOR_10uH -DLS_SOURCE=LS_SOURCE_EXTERNAL_32KHZ -DUSE_FULL_ASSERT -DBLUENRG2_DEVICE -DHS_SPEED_XTAL=HS_SPEED_XTAL_32MHZ -DFORCE_CORE_TO_16MHZ -DUSER_BUTTON=BUTTON_1 -I..\..\.. -I..\..\..\..\..\..\..\Library\BlueNRG1_Periph_Driver\inc -I..\..\..\..\..\..\..\Library\CMSIS\Device\ST\BlueNRG1\Include -I..\..\..\..\..\..\..\Library\SDK_Eval_BlueNRG1\inc -I..\..\..\..\..\..\..\Library\CMSIS\Include -I..\..\..\..\..\..\..\Library\hal\inc -Os -ffunction-sections -fdata-sections -g -fstack-usage -Wall -mcpu=cortex-m0 -specs=nano.specs -o Library\BlueNRG1_flash.o 
arm-atollic-eabi-gcc -c ..\..\..\..\..\..\..\Library\SDK_Eval_BlueNRG1\src\SDK_EVAL_SPI.c -mthumb -mcpu=cortex-m0 -std=c99 -DSMPS_INDUCTOR=SMPS_INDUCTOR_10uH -DLS_SOURCE=LS_SOURCE_EXTERNAL_32KHZ -DUSE_FULL_ASSERT -DBLUENRG2_DEVICE -DHS_SPEED_XTAL=HS_SPEED_XTAL_32MHZ -DFORCE_CORE_TO_16MHZ -DUSER_BUTTON=BUTTON_1 -I..\..\.. -I..\..\..\..\..\..\..\Library\BlueNRG1_Periph_Driver\inc -I..\..\..\..\..\..\..\Library\CMSIS\Device\ST\BlueNRG1\Include -I..\..\..\..\..\..\..\Library\SDK_Eval_BlueNRG1\inc -I..\..\..\..\..\..\..\Library\CMSIS\Include -I..\..\..\..\..\..\..\Library\hal\inc -Os -ffunction-sections -fdata-sections -g -fstack-usage -Wall -mcpu=cortex-m0 -specs=nano.specs -o SDK_Eval_BlueNRG1\SDK_EVAL_SPI.o 
arm-atollic-eabi-gcc -c ..\..\..\..\..\..\..\Library\BlueNRG1_Periph_Driver\src\BlueNRG1_adc.c -mthumb -mcpu=cortex-m0 -std=c99 -DSMPS_INDUCTOR=SMPS_INDUCTOR_10uH -DLS_SOURCE=LS_SOURCE_EXTERNAL_32KHZ -DUSE_FULL_ASSERT -DBLUENRG2_DEVICE -DHS_SPEED_XTAL=HS_SPEED_XTAL_32MHZ -DFORCE_CORE_TO_16MHZ -DUSER_BUTTON=BUTTON_1 -I..\..\.. -I..\..\..\..\..\..\..\Library\BlueNRG1_Periph_Driver\inc -I..\..\..\..\..\..\..\Library\CMSIS\Device\ST\BlueNRG1\Include -I..\..\..\..\..\..\..\Library\SDK_Eval_BlueNRG1\inc -I..\..\..\..\..\..\..\Library\CMSIS\Include -I..\..\..\..\..\..\..\Library\hal\inc -Os -ffunction-sections -fdata-sections -g -fstack-usage -Wall -mcpu=cortex-m0 -specs=nano.specs -o Library\BlueNRG1_adc.o 
arm-atollic-eabi-gcc -c ..\..\..\..\..\..\..\Library\CMSIS\Device\ST\BlueNRG1\Source\system_bluenrg1.c -mthumb -mcpu=cortex-m0 -std=c99 -DSMPS_INDUCTOR=SMPS_INDUCTOR_10uH -DLS_SOURCE=LS_SOURCE_EXTERNAL_32KHZ -DUSE_FULL_ASSERT -DBLUENRG2_DEVICE -DHS_SPEED_XTAL=HS_SPEED_XTAL_32MHZ -DFORCE_CORE_TO_16MHZ -DUSER_BUTTON=BUTTON_1 -I..\..\.. -I..\..\..\..\..\..\..\Library\BlueNRG1_Periph_Driver\inc -I..\..\..\..\..\..\..\Library\CMSIS\Device\ST\BlueNRG1\Include -I..\..\..\..\..\..\..\Library\SDK_Eval_BlueNRG1\inc -I..\..\..\..\..\..\..\Library\CMSIS\Include -I..\..\..\..\..\..\..\Library\hal\inc -Os -ffunction-sections -fdata-sections -g -fstack-usage -Wall -mcpu=cortex-m0 -specs=nano.specs -o Startup\system_bluenrg1.o 
arm-atollic-eabi-gcc -c ..\..\..\..\..\..\..\Library\BlueNRG1_Periph_Driver\src\BlueNRG1_sysCtrl.c -mthumb -mcpu=cortex-m0 -std=c99 -DSMPS_INDUCTOR=SMPS_INDUCTOR_10uH -DLS_SOURCE=LS_SOURCE_EXTERNAL_32KHZ -DUSE_FULL_ASSERT -DBLUENRG2_DEVICE -DHS_SPEED_XTAL=HS_SPEED_XTAL_32MHZ -DFORCE_CORE_TO_16MHZ -DUSER_BUTTON=BUTTON_1 -I..\..\.. -I..\..\..\..\..\..\..\Library\BlueNRG1_Periph_Driver\inc -I..\..\..\..\..\..\..\Library\CMSIS\Device\ST\BlueNRG1\Include -I..\..\..\..\..\..\..\Library\SDK_Eval_BlueNRG1\inc -I..\..\..\..\..\..\..\Library\CMSIS\Include -I..\..\..\..\..\..\..\Library\hal\inc -Os -ffunction-sections -fdata-sections -g -fstack-usage -Wall -mcpu=cortex-m0 -specs=nano.specs -o Library\BlueNRG1_sysCtrl.o 
arm-atollic-eabi-gcc -c ..\..\..\..\..\..\..\Library\BlueNRG1_Periph_Driver\src\misc.c -mthumb -mcpu=cortex-m0 -std=c99 -DSMPS_INDUCTOR=SMPS_INDUCTOR_10uH -DLS_SOURCE=LS_SOURCE_EXTERNAL_32KHZ -DUSE_FULL_ASSERT -DBLUENRG2_DEVICE -DHS_SPEED_XTAL=HS_SPEED_XTAL_32MHZ -DFORCE_CORE_TO_16MHZ -DUSER_BUTTON=BUTTON_1 -I..\..\.. -I..\..\..\..\..\..\..\Library\BlueNRG1_Periph_Driver\inc -I..\..\..\..\..\..\..\Library\CMSIS\Device\ST\BlueNRG1\Include -I..\..\..\..\..\..\..\Library\SDK_Eval_BlueNRG1\inc -I..\..\..\..\..\..\..\Library\CMSIS\Include -I..\..\..\..\..\..\..\Library\hal\inc -Os -ffunction-sections -fdata-sections -g -fstack-usage -Wall -mcpu=cortex-m0 -specs=nano.specs -o Library\misc.o 
arm-atollic-eabi-gcc -c ..\..\..\BlueNRG1_it.c -mthumb -mcpu=cortex-m0 -std=c99 -DSMPS_INDUCTOR=SMPS_INDUCTOR_10uH -DLS_SOURCE=LS_SOURCE_EXTERNAL_32KHZ -DUSE_FULL_ASSERT -DBLUENRG2_DEVICE -DHS_SPEED_XTAL=HS_SPEED_XTAL_32MHZ -DFORCE_CORE_TO_16MHZ -DUSER_BUTTON=BUTTON_1 -I..\..\.. -I..\..\..\..\..\..\..\Library\BlueNRG1_Periph_Driver\inc -I..\..\..\..\..\..\..\Library\CMSIS\Device\ST\BlueNRG1\Include -I..\..\..\..\..\..\..\Library\SDK_Eval_BlueNRG1\inc -I..\..\..\..\..\..\..\Library\CMSIS\Include -I..\..\..\..\..\..\..\Library\hal\inc -Os -ffunction-sections -fdata-sections -g -fstack-usage -Wall -mcpu=cortex-m0 -specs=nano.specs -o User\BlueNRG1_it.o 
arm-atollic-eabi-gcc -c ..\..\..\..\..\..\..\Library\BlueNRG1_Periph_Driver\src\BlueNRG1_dma.c -mthumb -mcpu=cortex-m0 -std=c99 -DSMPS_INDUCTOR=SMPS_INDUCTOR_10uH -DLS_SOURCE=LS_SOURCE_EXTERNAL_32KHZ -DUSE_FULL_ASSERT -DBLUENRG2_DEVICE -DHS_SPEED_XTAL=HS_SPEED_XTAL_32MHZ -DFORCE_CORE_TO_16MHZ -DUSER_BUTTON=BUTTON_1 -I..\..\.. -I..\..\..\..\..\..\..\Library\BlueNRG1_Periph_Driver\inc -I..\..\..\..\..\..\..\Library\CMSIS\Device\ST\BlueNRG1\Include -I..\..\..\..\..\..\..\Library\SDK_Eval_BlueNRG1\inc -I..\..\..\..\..\..\..\Library\CMSIS\Include -I..\..\..\..\..\..\..\Library\hal\inc -Os -ffunction-sections -fdata-sections -g -fstack-usage -Wall -mcpu=cortex-m0 -specs=nano.specs -o Library\BlueNRG1_dma.o 
arm-atollic-eabi-gcc -c ..\..\..\..\..\..\..\Library\BlueNRG1_Periph_Driver\src\BlueNRG1_mft.c -mthumb -mcpu=cortex-m0 -std=c99 -DSMPS_INDUCTOR=SMPS_INDUCTOR_10uH -DLS_SOURCE=LS_SOURCE_EXTERNAL_32KHZ -DUSE_FULL_ASSERT -DBLUENRG2_DEVICE -DHS_SPEED_XTAL=HS_SPEED_XTAL_32MHZ -DFORCE_CORE_TO_16MHZ -DUSER_BUTTON=BUTTON_1 -I..\..\.. -I..\..\..\..\..\..\..\Library\BlueNRG1_Periph_Driver\inc -I..\..\..\..\..\..\..\Library\CMSIS\Device\ST\BlueNRG1\Include -I..\..\..\..\..\..\..\Library\SDK_Eval_BlueNRG1\inc -I..\..\..\..\..\..\..\Library\CMSIS\Include -I..\..\..\..\..\..\..\Library\hal\inc -Os -ffunction-sections -fdata-sections -g -fstack-usage -Wall -mcpu=cortex-m0 -specs=nano.specs -o Library\BlueNRG1_mft.o 
arm-atollic-eabi-gcc -c ..\..\..\..\..\..\..\Library\BlueNRG1_Periph_Driver\src\BlueNRG1_i2c.c -mthumb -mcpu=cortex-m0 -std=c99 -DSMPS_INDUCTOR=SMPS_INDUCTOR_10uH -DLS_SOURCE=LS_SOURCE_EXTERNAL_32KHZ -DUSE_FULL_ASSERT -DBLUENRG2_DEVICE -DHS_SPEED_XTAL=HS_SPEED_XTAL_32MHZ -DFORCE_CORE_TO_16MHZ -DUSER_BUTTON=BUTTON_1 -I..\..\.. -I..\..\..\..\..\..\..\Library\BlueNRG1_Periph_Driver\inc -I..\..\..\..\..\..\..\Library\CMSIS\Device\ST\BlueNRG1\Include -I..\..\..\..\..\..\..\Library\SDK_Eval_BlueNRG1\inc -I..\..\..\..\..\..\..\Library\CMSIS\Include -I..\..\..\..\..\..\..\Library\hal\inc -Os -ffunction-sections -fdata-sections -g -fstack-usage -Wall -mcpu=cortex-m0 -specs=nano.specs -o Library\BlueNRG1_i2c.o 
arm-atollic-eabi-gcc -o ADC_Polling.elf HAL\miscutil.o Library\BlueNRG1_adc.o Library\BlueNRG1_dma.o Library\BlueNRG1_flash.o Library\BlueNRG1_gpio.o Library\BlueNRG1_i2c.o Library\BlueNRG1_mft.o Library\BlueNRG1_rtc.o Library\BlueNRG1_spi.o Library\BlueNRG1_sysCtrl.o Library\BlueNRG1_uart.o Library\BlueNRG1_wdg.o Library\misc.o SDK_Eval_BlueNRG1\SDK_EVAL_Button.o SDK_Eval_BlueNRG1\SDK_EVAL_Com.o SDK_Eval_BlueNRG1\SDK_EVAL_Config.o SDK_Eval_BlueNRG1\SDK_EVAL_I2C.o SDK_Eval_BlueNRG1\SDK_EVAL_Led.o SDK_Eval_BlueNRG1\SDK_EVAL_SPI.o Startup\context_switch.o Startup\system_bluenrg1.o User\ADC_Polling_main.o User\BlueNRG1_it.o -mthumb -mcpu=cortex-m0 -T..\BlueNRG2.ld -specs=nosys.specs -nostartfiles -nodefaultlibs -static -Wl,--cref -Wl,-Map=ADC_Polling.map -Wl,--gc-sections -Wl,--defsym=malloc_getpagesize_P=0x80 -Wl,--start-group -lc -lm -Wl,--end-group -specs=nano.specs 
C:\Program Files (x86)\Atollic\TrueSTUDIO for STM32 9.3.0\ide\jre\bin\java -jar C:\Program Files (x86)\Atollic\TrueSTUDIO for STM32 9.3.0\Tools\arm-atollic-reports.jar convert-hex sizeinfo list ADC_Polling.elf 
Generate build reports...
Converting build output to hex
Output sent to: ADC_Polling.hex
Converting build output to hex done
Print size information
   text	   data	    bss	    dec	    hex	filename
  21896	    148	   5780	  27824	   6cb0	ADC_Polling.elf
Print size information done
Generate listing file
Output sent to: ADC_Polling.list
Generate listing file done
Generate build reports done
arm-atollic-eabi-objcopy -O binary ADC_Polling.elf ADC_Polling.bin 
