14:08:09 **** Rebuild of configuration Release for project BLE_Power_Consumption ****
Info: Internal Builder is used for build
arm-atollic-eabi-gcc -c ..\..\..\..\..\..\Library\BlueNRG1_Periph_Driver\src\BlueNRG1_pka.c -mthumb -mcpu=cortex-m0 -std=c99 -DLS_SOURCE=LS_SOURCE_EXTERNAL_32KHZ -DSMPS_INDUCTOR=SMPS_INDUCTOR_10uH -DBLUENRG2_DEVICE -DHS_SPEED_XTAL=HS_SPEED_XTAL_32MHZ -DUSER_BUTTON=BUTTON_1 -I..\..\..\inc -I..\..\..\..\..\..\Library\BlueNRG1_Periph_Driver\inc -I..\..\..\..\..\..\Library\CMSIS\Device\ST\BlueNRG1\Include -I..\..\..\..\..\..\Library\SDK_Eval_BlueNRG1\inc -I..\..\..\..\..\..\Library\CMSIS\Include -I..\..\..\..\..\..\Library\hal\inc -I..\..\..\..\..\..\Library\Bluetooth_LE\inc -I..\..\..\..\..\..\Library\BLE_Application\layers_inc -I..\..\..\..\..\..\Library\BLE_Application\Utils\inc -Os -ffunction-sections -fdata-sections -g -fstack-usage -Wall -mcpu=cortex-m0 -specs=nano.specs -o Library\BlueNRG1_pka.o 
arm-atollic-eabi-gcc -c ..\..\..\..\..\..\Library\hal\src\osal.c -mthumb -mcpu=cortex-m0 -std=c99 -DLS_SOURCE=LS_SOURCE_EXTERNAL_32KHZ -DSMPS_INDUCTOR=SMPS_INDUCTOR_10uH -DBLUENRG2_DEVICE -DHS_SPEED_XTAL=HS_SPEED_XTAL_32MHZ -DUSER_BUTTON=BUTTON_1 -I..\..\..\inc -I..\..\..\..\..\..\Library\BlueNRG1_Periph_Driver\inc -I..\..\..\..\..\..\Library\CMSIS\Device\ST\BlueNRG1\Include -I..\..\..\..\..\..\Library\SDK_Eval_BlueNRG1\inc -I..\..\..\..\..\..\Library\CMSIS\Include -I..\..\..\..\..\..\Library\hal\inc -I..\..\..\..\..\..\Library\Bluetooth_LE\inc -I..\..\..\..\..\..\Library\BLE_Application\layers_inc -I..\..\..\..\..\..\Library\BLE_Application\Utils\inc -Os -ffunction-sections -fdata-sections -g -fstack-usage -Wall -mcpu=cortex-m0 -specs=nano.specs -o Hal\osal.o 
arm-atollic-eabi-gcc -c ..\..\..\..\..\..\Library\Bluetooth_LE\src\stack_user_cfg.c -mthumb -mcpu=cortex-m0 -std=c99 -DLS_SOURCE=LS_SOURCE_EXTERNAL_32KHZ -DSMPS_INDUCTOR=SMPS_INDUCTOR_10uH -DBLUENRG2_DEVICE -DHS_SPEED_XTAL=HS_SPEED_XTAL_32MHZ -DUSER_BUTTON=BUTTON_1 -I..\..\..\inc -I..\..\..\..\..\..\Library\BlueNRG1_Periph_Driver\inc -I..\..\..\..\..\..\Library\CMSIS\Device\ST\BlueNRG1\Include -I..\..\..\..\..\..\Library\SDK_Eval_BlueNRG1\inc -I..\..\..\..\..\..\Library\CMSIS\Include -I..\..\..\..\..\..\Library\hal\inc -I..\..\..\..\..\..\Library\Bluetooth_LE\inc -I..\..\..\..\..\..\Library\BLE_Application\layers_inc -I..\..\..\..\..\..\Library\BLE_Application\Utils\inc -Os -ffunction-sections -fdata-sections -g -fstack-usage -Wall -mcpu=cortex-m0 -specs=nano.specs -o Stack\stack_user_cfg.o 
arm-atollic-eabi-gcc -c ..\..\..\..\..\..\Library\BlueNRG1_Periph_Driver\src\BlueNRG1_wdg.c -mthumb -mcpu=cortex-m0 -std=c99 -DLS_SOURCE=LS_SOURCE_EXTERNAL_32KHZ -DSMPS_INDUCTOR=SMPS_INDUCTOR_10uH -DBLUENRG2_DEVICE -DHS_SPEED_XTAL=HS_SPEED_XTAL_32MHZ -DUSER_BUTTON=BUTTON_1 -I..\..\..\inc -I..\..\..\..\..\..\Library\BlueNRG1_Periph_Driver\inc -I..\..\..\..\..\..\Library\CMSIS\Device\ST\BlueNRG1\Include -I..\..\..\..\..\..\Library\SDK_Eval_BlueNRG1\inc -I..\..\..\..\..\..\Library\CMSIS\Include -I..\..\..\..\..\..\Library\hal\inc -I..\..\..\..\..\..\Library\Bluetooth_LE\inc -I..\..\..\..\..\..\Library\BLE_Application\layers_inc -I..\..\..\..\..\..\Library\BLE_Application\Utils\inc -Os -ffunction-sections -fdata-sections -g -fstack-usage -Wall -mcpu=cortex-m0 -specs=nano.specs -o Library\BlueNRG1_wdg.o 
arm-atollic-eabi-gcc -c ..\..\..\..\..\..\Library\BlueNRG1_Periph_Driver\src\BlueNRG1_uart.c -mthumb -mcpu=cortex-m0 -std=c99 -DLS_SOURCE=LS_SOURCE_EXTERNAL_32KHZ -DSMPS_INDUCTOR=SMPS_INDUCTOR_10uH -DBLUENRG2_DEVICE -DHS_SPEED_XTAL=HS_SPEED_XTAL_32MHZ -DUSER_BUTTON=BUTTON_1 -I..\..\..\inc -I..\..\..\..\..\..\Library\BlueNRG1_Periph_Driver\inc -I..\..\..\..\..\..\Library\CMSIS\Device\ST\BlueNRG1\Include -I..\..\..\..\..\..\Library\SDK_Eval_BlueNRG1\inc -I..\..\..\..\..\..\Library\CMSIS\Include -I..\..\..\..\..\..\Library\hal\inc -I..\..\..\..\..\..\Library\Bluetooth_LE\inc -I..\..\..\..\..\..\Library\BLE_Application\layers_inc -I..\..\..\..\..\..\Library\BLE_Application\Utils\inc -Os -ffunction-sections -fdata-sections -g -fstack-usage -Wall -mcpu=cortex-m0 -specs=nano.specs -o Library\BlueNRG1_uart.o 
arm-atollic-eabi-gcc -c ..\..\..\..\..\..\Library\hal\src\sleep.c -mthumb -mcpu=cortex-m0 -std=c99 -DLS_SOURCE=LS_SOURCE_EXTERNAL_32KHZ -DSMPS_INDUCTOR=SMPS_INDUCTOR_10uH -DBLUENRG2_DEVICE -DHS_SPEED_XTAL=HS_SPEED_XTAL_32MHZ -DUSER_BUTTON=BUTTON_1 -I..\..\..\inc -I..\..\..\..\..\..\Library\BlueNRG1_Periph_Driver\inc -I..\..\..\..\..\..\Library\CMSIS\Device\ST\BlueNRG1\Include -I..\..\..\..\..\..\Library\SDK_Eval_BlueNRG1\inc -I..\..\..\..\..\..\Library\CMSIS\Include -I..\..\..\..\..\..\Library\hal\inc -I..\..\..\..\..\..\Library\Bluetooth_LE\inc -I..\..\..\..\..\..\Library\BLE_Application\layers_inc -I..\..\..\..\..\..\Library\BLE_Application\Utils\inc -Os -ffunction-sections -fdata-sections -g -fstack-usage -Wall -mcpu=cortex-m0 -specs=nano.specs -o Hal\sleep.o 
arm-atollic-eabi-gcc -c ..\..\..\..\..\..\Library\BlueNRG1_Periph_Driver\src\BlueNRG1_flash.c -mthumb -mcpu=cortex-m0 -std=c99 -DLS_SOURCE=LS_SOURCE_EXTERNAL_32KHZ -DSMPS_INDUCTOR=SMPS_INDUCTOR_10uH -DBLUENRG2_DEVICE -DHS_SPEED_XTAL=HS_SPEED_XTAL_32MHZ -DUSER_BUTTON=BUTTON_1 -I..\..\..\inc -I..\..\..\..\..\..\Library\BlueNRG1_Periph_Driver\inc -I..\..\..\..\..\..\Library\CMSIS\Device\ST\BlueNRG1\Include -I..\..\..\..\..\..\Library\SDK_Eval_BlueNRG1\inc -I..\..\..\..\..\..\Library\CMSIS\Include -I..\..\..\..\..\..\Library\hal\inc -I..\..\..\..\..\..\Library\Bluetooth_LE\inc -I..\..\..\..\..\..\Library\BLE_Application\layers_inc -I..\..\..\..\..\..\Library\BLE_Application\Utils\inc -Os -ffunction-sections -fdata-sections -g -fstack-usage -Wall -mcpu=cortex-m0 -specs=nano.specs -o Library\BlueNRG1_flash.o 
arm-atollic-eabi-gcc -c ..\..\..\..\..\..\Library\BlueNRG1_Periph_Driver\src\BlueNRG1_adc.c -mthumb -mcpu=cortex-m0 -std=c99 -DLS_SOURCE=LS_SOURCE_EXTERNAL_32KHZ -DSMPS_INDUCTOR=SMPS_INDUCTOR_10uH -DBLUENRG2_DEVICE -DHS_SPEED_XTAL=HS_SPEED_XTAL_32MHZ -DUSER_BUTTON=BUTTON_1 -I..\..\..\inc -I..\..\..\..\..\..\Library\BlueNRG1_Periph_Driver\inc -I..\..\..\..\..\..\Library\CMSIS\Device\ST\BlueNRG1\Include -I..\..\..\..\..\..\Library\SDK_Eval_BlueNRG1\inc -I..\..\..\..\..\..\Library\CMSIS\Include -I..\..\..\..\..\..\Library\hal\inc -I..\..\..\..\..\..\Library\Bluetooth_LE\inc -I..\..\..\..\..\..\Library\BLE_Application\layers_inc -I..\..\..\..\..\..\Library\BLE_Application\Utils\inc -Os -ffunction-sections -fdata-sections -g -fstack-usage -Wall -mcpu=cortex-m0 -specs=nano.specs -o Library\BlueNRG1_adc.o 
arm-atollic-eabi-gcc -c ..\..\..\..\..\..\Library\BlueNRG1_Periph_Driver\src\BlueNRG1_i2c.c -mthumb -mcpu=cortex-m0 -std=c99 -DLS_SOURCE=LS_SOURCE_EXTERNAL_32KHZ -DSMPS_INDUCTOR=SMPS_INDUCTOR_10uH -DBLUENRG2_DEVICE -DHS_SPEED_XTAL=HS_SPEED_XTAL_32MHZ -DUSER_BUTTON=BUTTON_1 -I..\..\..\inc -I..\..\..\..\..\..\Library\BlueNRG1_Periph_Driver\inc -I..\..\..\..\..\..\Library\CMSIS\Device\ST\BlueNRG1\Include -I..\..\..\..\..\..\Library\SDK_Eval_BlueNRG1\inc -I..\..\..\..\..\..\Library\CMSIS\Include -I..\..\..\..\..\..\Library\hal\inc -I..\..\..\..\..\..\Library\Bluetooth_LE\inc -I..\..\..\..\..\..\Library\BLE_Application\layers_inc -I..\..\..\..\..\..\Library\BLE_Application\Utils\inc -Os -ffunction-sections -fdata-sections -g -fstack-usage -Wall -mcpu=cortex-m0 -specs=nano.specs -o Library\BlueNRG1_i2c.o 
arm-atollic-eabi-gcc -c ..\..\..\..\..\..\Library\BlueNRG1_Periph_Driver\src\BlueNRG1_dma.c -mthumb -mcpu=cortex-m0 -std=c99 -DLS_SOURCE=LS_SOURCE_EXTERNAL_32KHZ -DSMPS_INDUCTOR=SMPS_INDUCTOR_10uH -DBLUENRG2_DEVICE -DHS_SPEED_XTAL=HS_SPEED_XTAL_32MHZ -DUSER_BUTTON=BUTTON_1 -I..\..\..\inc -I..\..\..\..\..\..\Library\BlueNRG1_Periph_Driver\inc -I..\..\..\..\..\..\Library\CMSIS\Device\ST\BlueNRG1\Include -I..\..\..\..\..\..\Library\SDK_Eval_BlueNRG1\inc -I..\..\..\..\..\..\Library\CMSIS\Include -I..\..\..\..\..\..\Library\hal\inc -I..\..\..\..\..\..\Library\Bluetooth_LE\inc -I..\..\..\..\..\..\Library\BLE_Application\layers_inc -I..\..\..\..\..\..\Library\BLE_Application\Utils\inc -Os -ffunction-sections -fdata-sections -g -fstack-usage -Wall -mcpu=cortex-m0 -specs=nano.specs -o Library\BlueNRG1_dma.o 
arm-atollic-eabi-gcc -c ..\..\..\..\..\..\Library\BlueNRG1_Periph_Driver\src\BlueNRG1_sysCtrl.c -mthumb -mcpu=cortex-m0 -std=c99 -DLS_SOURCE=LS_SOURCE_EXTERNAL_32KHZ -DSMPS_INDUCTOR=SMPS_INDUCTOR_10uH -DBLUENRG2_DEVICE -DHS_SPEED_XTAL=HS_SPEED_XTAL_32MHZ -DUSER_BUTTON=BUTTON_1 -I..\..\..\inc -I..\..\..\..\..\..\Library\BlueNRG1_Periph_Driver\inc -I..\..\..\..\..\..\Library\CMSIS\Device\ST\BlueNRG1\Include -I..\..\..\..\..\..\Library\SDK_Eval_BlueNRG1\inc -I..\..\..\..\..\..\Library\CMSIS\Include -I..\..\..\..\..\..\Library\hal\inc -I..\..\..\..\..\..\Library\Bluetooth_LE\inc -I..\..\..\..\..\..\Library\BLE_Application\layers_inc -I..\..\..\..\..\..\Library\BLE_Application\Utils\inc -Os -ffunction-sections -fdata-sections -g -fstack-usage -Wall -mcpu=cortex-m0 -specs=nano.specs -o Library\BlueNRG1_sysCtrl.o 
arm-atollic-eabi-gcc -c ..\..\..\..\..\..\Library\CMSIS\Device\ST\BlueNRG1\Source\system_bluenrg1.c -mthumb -mcpu=cortex-m0 -std=c99 -DLS_SOURCE=LS_SOURCE_EXTERNAL_32KHZ -DSMPS_INDUCTOR=SMPS_INDUCTOR_10uH -DBLUENRG2_DEVICE -DHS_SPEED_XTAL=HS_SPEED_XTAL_32MHZ -DUSER_BUTTON=BUTTON_1 -I..\..\..\inc -I..\..\..\..\..\..\Library\BlueNRG1_Periph_Driver\inc -I..\..\..\..\..\..\Library\CMSIS\Device\ST\BlueNRG1\Include -I..\..\..\..\..\..\Library\SDK_Eval_BlueNRG1\inc -I..\..\..\..\..\..\Library\CMSIS\Include -I..\..\..\..\..\..\Library\hal\inc -I..\..\..\..\..\..\Library\Bluetooth_LE\inc -I..\..\..\..\..\..\Library\BLE_Application\layers_inc -I..\..\..\..\..\..\Library\BLE_Application\Utils\inc -Os -ffunction-sections -fdata-sections -g -fstack-usage -Wall -mcpu=cortex-m0 -specs=nano.specs -o Startup\system_bluenrg1.o 
arm-atollic-eabi-gcc -c -mthumb -mcpu=cortex-m0 -g -Wa,--no-warn -x assembler-with-cpp -specs=nano.specs -o Hal\context_switch.o ..\..\..\..\..\..\Library\hal\src\context_switch.s 
arm-atollic-eabi-gcc -c ..\..\..\src\BlueNRG1_it.c -mthumb -mcpu=cortex-m0 -std=c99 -DLS_SOURCE=LS_SOURCE_EXTERNAL_32KHZ -DSMPS_INDUCTOR=SMPS_INDUCTOR_10uH -DBLUENRG2_DEVICE -DHS_SPEED_XTAL=HS_SPEED_XTAL_32MHZ -DUSER_BUTTON=BUTTON_1 -I..\..\..\inc -I..\..\..\..\..\..\Library\BlueNRG1_Periph_Driver\inc -I..\..\..\..\..\..\Library\CMSIS\Device\ST\BlueNRG1\Include -I..\..\..\..\..\..\Library\SDK_Eval_BlueNRG1\inc -I..\..\..\..\..\..\Library\CMSIS\Include -I..\..\..\..\..\..\Library\hal\inc -I..\..\..\..\..\..\Library\Bluetooth_LE\inc -I..\..\..\..\..\..\Library\BLE_Application\layers_inc -I..\..\..\..\..\..\Library\BLE_Application\Utils\inc -Os -ffunction-sections -fdata-sections -g -fstack-usage -Wall -mcpu=cortex-m0 -specs=nano.specs -o User\BlueNRG1_it.o 
arm-atollic-eabi-gcc -c ..\..\..\..\..\..\Library\BlueNRG1_Periph_Driver\src\BlueNRG1_mft.c -mthumb -mcpu=cortex-m0 -std=c99 -DLS_SOURCE=LS_SOURCE_EXTERNAL_32KHZ -DSMPS_INDUCTOR=SMPS_INDUCTOR_10uH -DBLUENRG2_DEVICE -DHS_SPEED_XTAL=HS_SPEED_XTAL_32MHZ -DUSER_BUTTON=BUTTON_1 -I..\..\..\inc -I..\..\..\..\..\..\Library\BlueNRG1_Periph_Driver\inc -I..\..\..\..\..\..\Library\CMSIS\Device\ST\BlueNRG1\Include -I..\..\..\..\..\..\Library\SDK_Eval_BlueNRG1\inc -I..\..\..\..\..\..\Library\CMSIS\Include -I..\..\..\..\..\..\Library\hal\inc -I..\..\..\..\..\..\Library\Bluetooth_LE\inc -I..\..\..\..\..\..\Library\BLE_Application\layers_inc -I..\..\..\..\..\..\Library\BLE_Application\Utils\inc -Os -ffunction-sections -fdata-sections -g -fstack-usage -Wall -mcpu=cortex-m0 -specs=nano.specs -o Library\BlueNRG1_mft.o 
arm-atollic-eabi-gcc -c ..\..\..\..\..\..\Library\BlueNRG1_Periph_Driver\src\BlueNRG1_gpio.c -mthumb -mcpu=cortex-m0 -std=c99 -DLS_SOURCE=LS_SOURCE_EXTERNAL_32KHZ -DSMPS_INDUCTOR=SMPS_INDUCTOR_10uH -DBLUENRG2_DEVICE -DHS_SPEED_XTAL=HS_SPEED_XTAL_32MHZ -DUSER_BUTTON=BUTTON_1 -I..\..\..\inc -I..\..\..\..\..\..\Library\BlueNRG1_Periph_Driver\inc -I..\..\..\..\..\..\Library\CMSIS\Device\ST\BlueNRG1\Include -I..\..\..\..\..\..\Library\SDK_Eval_BlueNRG1\inc -I..\..\..\..\..\..\Library\CMSIS\Include -I..\..\..\..\..\..\Library\hal\inc -I..\..\..\..\..\..\Library\Bluetooth_LE\inc -I..\..\..\..\..\..\Library\BLE_Application\layers_inc -I..\..\..\..\..\..\Library\BLE_Application\Utils\inc -Os -ffunction-sections -fdata-sections -g -fstack-usage -Wall -mcpu=cortex-m0 -specs=nano.specs -o Library\BlueNRG1_gpio.o 
arm-atollic-eabi-gcc -c ..\..\..\src\Power_Consumption_Test.c -mthumb -mcpu=cortex-m0 -std=c99 -DLS_SOURCE=LS_SOURCE_EXTERNAL_32KHZ -DSMPS_INDUCTOR=SMPS_INDUCTOR_10uH -DBLUENRG2_DEVICE -DHS_SPEED_XTAL=HS_SPEED_XTAL_32MHZ -DUSER_BUTTON=BUTTON_1 -I..\..\..\inc -I..\..\..\..\..\..\Library\BlueNRG1_Periph_Driver\inc -I..\..\..\..\..\..\Library\CMSIS\Device\ST\BlueNRG1\Include -I..\..\..\..\..\..\Library\SDK_Eval_BlueNRG1\inc -I..\..\..\..\..\..\Library\CMSIS\Include -I..\..\..\..\..\..\Library\hal\inc -I..\..\..\..\..\..\Library\Bluetooth_LE\inc -I..\..\..\..\..\..\Library\BLE_Application\layers_inc -I..\..\..\..\..\..\Library\BLE_Application\Utils\inc -Os -ffunction-sections -fdata-sections -g -fstack-usage -Wall -mcpu=cortex-m0 -specs=nano.specs -o User\Power_Consumption_Test.o 
arm-atollic-eabi-gcc -c ..\..\..\..\..\..\Library\BlueNRG1_Periph_Driver\src\misc.c -mthumb -mcpu=cortex-m0 -std=c99 -DLS_SOURCE=LS_SOURCE_EXTERNAL_32KHZ -DSMPS_INDUCTOR=SMPS_INDUCTOR_10uH -DBLUENRG2_DEVICE -DHS_SPEED_XTAL=HS_SPEED_XTAL_32MHZ -DUSER_BUTTON=BUTTON_1 -I..\..\..\inc -I..\..\..\..\..\..\Library\BlueNRG1_Periph_Driver\inc -I..\..\..\..\..\..\Library\CMSIS\Device\ST\BlueNRG1\Include -I..\..\..\..\..\..\Library\SDK_Eval_BlueNRG1\inc -I..\..\..\..\..\..\Library\CMSIS\Include -I..\..\..\..\..\..\Library\hal\inc -I..\..\..\..\..\..\Library\Bluetooth_LE\inc -I..\..\..\..\..\..\Library\BLE_Application\layers_inc -I..\..\..\..\..\..\Library\BLE_Application\Utils\inc -Os -ffunction-sections -fdata-sections -g -fstack-usage -Wall -mcpu=cortex-m0 -specs=nano.specs -o Library\misc.o 
arm-atollic-eabi-gcc -c ..\..\..\..\..\..\Library\SDK_Eval_BlueNRG1\src\SDK_EVAL_Com.c -mthumb -mcpu=cortex-m0 -std=c99 -DLS_SOURCE=LS_SOURCE_EXTERNAL_32KHZ -DSMPS_INDUCTOR=SMPS_INDUCTOR_10uH -DBLUENRG2_DEVICE -DHS_SPEED_XTAL=HS_SPEED_XTAL_32MHZ -DUSER_BUTTON=BUTTON_1 -I..\..\..\inc -I..\..\..\..\..\..\Library\BlueNRG1_Periph_Driver\inc -I..\..\..\..\..\..\Library\CMSIS\Device\ST\BlueNRG1\Include -I..\..\..\..\..\..\Library\SDK_Eval_BlueNRG1\inc -I..\..\..\..\..\..\Library\CMSIS\Include -I..\..\..\..\..\..\Library\hal\inc -I..\..\..\..\..\..\Library\Bluetooth_LE\inc -I..\..\..\..\..\..\Library\BLE_Application\layers_inc -I..\..\..\..\..\..\Library\BLE_Application\Utils\inc -Os -ffunction-sections -fdata-sections -g -fstack-usage -Wall -mcpu=cortex-m0 -specs=nano.specs -o Platforms_Layers\SDK_EVAL_Com.o 
arm-atollic-eabi-gcc -c ..\..\..\..\..\..\Library\BlueNRG1_Periph_Driver\src\BlueNRG1_rtc.c -mthumb -mcpu=cortex-m0 -std=c99 -DLS_SOURCE=LS_SOURCE_EXTERNAL_32KHZ -DSMPS_INDUCTOR=SMPS_INDUCTOR_10uH -DBLUENRG2_DEVICE -DHS_SPEED_XTAL=HS_SPEED_XTAL_32MHZ -DUSER_BUTTON=BUTTON_1 -I..\..\..\inc -I..\..\..\..\..\..\Library\BlueNRG1_Periph_Driver\inc -I..\..\..\..\..\..\Library\CMSIS\Device\ST\BlueNRG1\Include -I..\..\..\..\..\..\Library\SDK_Eval_BlueNRG1\inc -I..\..\..\..\..\..\Library\CMSIS\Include -I..\..\..\..\..\..\Library\hal\inc -I..\..\..\..\..\..\Library\Bluetooth_LE\inc -I..\..\..\..\..\..\Library\BLE_Application\layers_inc -I..\..\..\..\..\..\Library\BLE_Application\Utils\inc -Os -ffunction-sections -fdata-sections -g -fstack-usage -Wall -mcpu=cortex-m0 -specs=nano.specs -o Library\BlueNRG1_rtc.o 
arm-atollic-eabi-gcc -c ..\..\..\..\..\..\Library\BlueNRG1_Periph_Driver\src\BlueNRG1_rng.c -mthumb -mcpu=cortex-m0 -std=c99 -DLS_SOURCE=LS_SOURCE_EXTERNAL_32KHZ -DSMPS_INDUCTOR=SMPS_INDUCTOR_10uH -DBLUENRG2_DEVICE -DHS_SPEED_XTAL=HS_SPEED_XTAL_32MHZ -DUSER_BUTTON=BUTTON_1 -I..\..\..\inc -I..\..\..\..\..\..\Library\BlueNRG1_Periph_Driver\inc -I..\..\..\..\..\..\Library\CMSIS\Device\ST\BlueNRG1\Include -I..\..\..\..\..\..\Library\SDK_Eval_BlueNRG1\inc -I..\..\..\..\..\..\Library\CMSIS\Include -I..\..\..\..\..\..\Library\hal\inc -I..\..\..\..\..\..\Library\Bluetooth_LE\inc -I..\..\..\..\..\..\Library\BLE_Application\layers_inc -I..\..\..\..\..\..\Library\BLE_Application\Utils\inc -Os -ffunction-sections -fdata-sections -g -fstack-usage -Wall -mcpu=cortex-m0 -specs=nano.specs -o Library\BlueNRG1_rng.o 
arm-atollic-eabi-gcc -c ..\..\..\..\..\..\Library\hal\src\miscutil.c -mthumb -mcpu=cortex-m0 -std=c99 -DLS_SOURCE=LS_SOURCE_EXTERNAL_32KHZ -DSMPS_INDUCTOR=SMPS_INDUCTOR_10uH -DBLUENRG2_DEVICE -DHS_SPEED_XTAL=HS_SPEED_XTAL_32MHZ -DUSER_BUTTON=BUTTON_1 -I..\..\..\inc -I..\..\..\..\..\..\Library\BlueNRG1_Periph_Driver\inc -I..\..\..\..\..\..\Library\CMSIS\Device\ST\BlueNRG1\Include -I..\..\..\..\..\..\Library\SDK_Eval_BlueNRG1\inc -I..\..\..\..\..\..\Library\CMSIS\Include -I..\..\..\..\..\..\Library\hal\inc -I..\..\..\..\..\..\Library\Bluetooth_LE\inc -I..\..\..\..\..\..\Library\BLE_Application\layers_inc -I..\..\..\..\..\..\Library\BLE_Application\Utils\inc -Os -ffunction-sections -fdata-sections -g -fstack-usage -Wall -mcpu=cortex-m0 -specs=nano.specs -o Hal\miscutil.o 
arm-atollic-eabi-gcc -c ..\..\..\..\..\..\Library\BlueNRG1_Periph_Driver\src\BlueNRG1_spi.c -mthumb -mcpu=cortex-m0 -std=c99 -DLS_SOURCE=LS_SOURCE_EXTERNAL_32KHZ -DSMPS_INDUCTOR=SMPS_INDUCTOR_10uH -DBLUENRG2_DEVICE -DHS_SPEED_XTAL=HS_SPEED_XTAL_32MHZ -DUSER_BUTTON=BUTTON_1 -I..\..\..\inc -I..\..\..\..\..\..\Library\BlueNRG1_Periph_Driver\inc -I..\..\..\..\..\..\Library\CMSIS\Device\ST\BlueNRG1\Include -I..\..\..\..\..\..\Library\SDK_Eval_BlueNRG1\inc -I..\..\..\..\..\..\Library\CMSIS\Include -I..\..\..\..\..\..\Library\hal\inc -I..\..\..\..\..\..\Library\Bluetooth_LE\inc -I..\..\..\..\..\..\Library\BLE_Application\layers_inc -I..\..\..\..\..\..\Library\BLE_Application\Utils\inc -Os -ffunction-sections -fdata-sections -g -fstack-usage -Wall -mcpu=cortex-m0 -specs=nano.specs -o Library\BlueNRG1_spi.o 
arm-atollic-eabi-gcc -c ..\..\..\..\..\..\Library\SDK_Eval_BlueNRG1\src\SDK_EVAL_Config.c -mthumb -mcpu=cortex-m0 -std=c99 -DLS_SOURCE=LS_SOURCE_EXTERNAL_32KHZ -DSMPS_INDUCTOR=SMPS_INDUCTOR_10uH -DBLUENRG2_DEVICE -DHS_SPEED_XTAL=HS_SPEED_XTAL_32MHZ -DUSER_BUTTON=BUTTON_1 -I..\..\..\inc -I..\..\..\..\..\..\Library\BlueNRG1_Periph_Driver\inc -I..\..\..\..\..\..\Library\CMSIS\Device\ST\BlueNRG1\Include -I..\..\..\..\..\..\Library\SDK_Eval_BlueNRG1\inc -I..\..\..\..\..\..\Library\CMSIS\Include -I..\..\..\..\..\..\Library\hal\inc -I..\..\..\..\..\..\Library\Bluetooth_LE\inc -I..\..\..\..\..\..\Library\BLE_Application\layers_inc -I..\..\..\..\..\..\Library\BLE_Application\Utils\inc -Os -ffunction-sections -fdata-sections -g -fstack-usage -Wall -mcpu=cortex-m0 -specs=nano.specs -o Platforms_Layers\SDK_EVAL_Config.o 
arm-atollic-eabi-gcc -o BLE_Power_Consumption.elf Hal\context_switch.o Hal\miscutil.o Hal\osal.o Hal\sleep.o Library\BlueNRG1_adc.o Library\BlueNRG1_dma.o Library\BlueNRG1_flash.o Library\BlueNRG1_gpio.o Library\BlueNRG1_i2c.o Library\BlueNRG1_mft.o Library\BlueNRG1_pka.o Library\BlueNRG1_rng.o Library\BlueNRG1_rtc.o Library\BlueNRG1_spi.o Library\BlueNRG1_sysCtrl.o Library\BlueNRG1_uart.o Library\BlueNRG1_wdg.o Library\misc.o Platforms_Layers\SDK_EVAL_Com.o Platforms_Layers\SDK_EVAL_Config.o Stack\stack_user_cfg.o Startup\system_bluenrg1.o User\BlueNRG1_it.o User\Power_Consumption_Test.o -lbluenrg1_stack -lcrypto -mthumb -mcpu=cortex-m0 -T..\BlueNRG2.ld -specs=nosys.specs -nostartfiles -nodefaultlibs -static -L../../../../../../Library/Bluetooth_LE/library -L../../../../../../Library/cryptolib -Wl,--cref -Wl,-Map=BLE_Power_Consumption.map -Wl,--gc-sections -Wl,--defsym=malloc_getpagesize_P=0x80 -Wl,--start-group -lc -lm -Wl,--end-group -specs=nano.specs 
C:\Program Files (x86)\Atollic\TrueSTUDIO for STM32 9.3.0\ide\jre\bin\java -jar C:\Program Files (x86)\Atollic\TrueSTUDIO for STM32 9.3.0\Tools\arm-atollic-reports.jar convert-hex sizeinfo list BLE_Power_Consumption.elf 
Generate build reports...
Converting build output to hex
Output sent to: BLE_Power_Consumption.hex
Converting build output to hex done
Print size information
   text	   data	    bss	    dec	    hex	filename
  72564	    224	  17172	  89960	  15f68	BLE_Power_Consumption.elf
Print size information done
Generate listing file
Output sent to: BLE_Power_Consumption.list
Generate listing file done
Generate build reports done
arm-atollic-eabi-objcopy -O binary BLE_Power_Consumption.elf BLE_Power_Consumption.bin 
14:10:14 **** Rebuild of configuration Debug for project SmartBB ****
Info: Internal Builder is used for build
arm-atollic-eabi-gcc -c ..\Library\BlueNRG1_Periph_Driver\src\BlueNRG1_sysCtrl.c -mthumb -mcpu=cortex-m0 -std=gnu11 -DBLUENRG2_DEVICE -DNO_SMART_POWER_MANAGEMENT -I../src -I../Library/CMSIS/Include -I../Library/CMSIS/Device/ST/BlueNRG1/Include -I../Library/hal/inc -I../Library/BlueNRG1_Periph_Driver/inc -O0 -ffunction-sections -fdata-sections -g -fstack-usage -Wall -specs=nano.specs -o Library\BlueNRG1_Periph_Driver\src\BlueNRG1_sysCtrl.o 
arm-atollic-eabi-gcc -c ..\Library\BlueNRG1_Periph_Driver\src\misc.c -mthumb -mcpu=cortex-m0 -std=gnu11 -DBLUENRG2_DEVICE -DNO_SMART_POWER_MANAGEMENT -I../src -I../Library/CMSIS/Include -I../Library/CMSIS/Device/ST/BlueNRG1/Include -I../Library/hal/inc -I../Library/BlueNRG1_Periph_Driver/inc -O0 -ffunction-sections -fdata-sections -g -fstack-usage -Wall -specs=nano.specs -o Library\BlueNRG1_Periph_Driver\src\misc.o 
arm-atollic-eabi-gcc -c ..\src\BlueNRG1_it.c -mthumb -mcpu=cortex-m0 -std=gnu11 -DBLUENRG2_DEVICE -DNO_SMART_POWER_MANAGEMENT -I../src -I../Library/CMSIS/Include -I../Library/CMSIS/Device/ST/BlueNRG1/Include -I../Library/hal/inc -I../Library/BlueNRG1_Periph_Driver/inc -O0 -ffunction-sections -fdata-sections -g -fstack-usage -Wall -specs=nano.specs -o src\BlueNRG1_it.o 
arm-atollic-eabi-gcc -c ..\src\main.c -mthumb -mcpu=cortex-m0 -std=gnu11 -DBLUENRG2_DEVICE -DNO_SMART_POWER_MANAGEMENT -I../src -I../Library/CMSIS/Include -I../Library/CMSIS/Device/ST/BlueNRG1/Include -I../Library/hal/inc -I../Library/BlueNRG1_Periph_Driver/inc -O0 -ffunction-sections -fdata-sections -g -fstack-usage -Wall -specs=nano.specs -o src\main.o 
arm-atollic-eabi-gcc -c ..\Library\BlueNRG1_Periph_Driver\src\BlueNRG1_gpio.c -mthumb -mcpu=cortex-m0 -std=gnu11 -DBLUENRG2_DEVICE -DNO_SMART_POWER_MANAGEMENT -I../src -I../Library/CMSIS/Include -I../Library/CMSIS/Device/ST/BlueNRG1/Include -I../Library/hal/inc -I../Library/BlueNRG1_Periph_Driver/inc -O0 -ffunction-sections -fdata-sections -g -fstack-usage -Wall -specs=nano.specs -o Library\BlueNRG1_Periph_Driver\src\BlueNRG1_gpio.o 
arm-atollic-eabi-gcc -c ..\src\tiny_printf.c -mthumb -mcpu=cortex-m0 -std=gnu11 -DBLUENRG2_DEVICE -DNO_SMART_POWER_MANAGEMENT -I../src -I../Library/CMSIS/Include -I../Library/CMSIS/Device/ST/BlueNRG1/Include -I../Library/hal/inc -I../Library/BlueNRG1_Periph_Driver/inc -O0 -ffunction-sections -fdata-sections -g -fstack-usage -Wall -specs=nano.specs -o src\tiny_printf.o 
arm-atollic-eabi-gcc -c ..\src\system_BlueNRG1.c -mthumb -mcpu=cortex-m0 -std=gnu11 -DBLUENRG2_DEVICE -DNO_SMART_POWER_MANAGEMENT -I../src -I../Library/CMSIS/Include -I../Library/CMSIS/Device/ST/BlueNRG1/Include -I../Library/hal/inc -I../Library/BlueNRG1_Periph_Driver/inc -O0 -ffunction-sections -fdata-sections -g -fstack-usage -Wall -specs=nano.specs -o src\system_BlueNRG1.o 
..\src\system_BlueNRG1.c:224:48: warning: missing braces around initializer [-Wmissing-braces]
 REQUIRED(const intvec_elem __vector_table[]) = {
                                                ^
..\src\system_BlueNRG1.c:224:48: note: (near initialization for '__vector_table')
arm-atollic-eabi-gcc -o SmartBB.elf Library\BlueNRG1_Periph_Driver\src\BlueNRG1_gpio.o Library\BlueNRG1_Periph_Driver\src\BlueNRG1_sysCtrl.o Library\BlueNRG1_Periph_Driver\src\misc.o src\BlueNRG1_it.o src\main.o src\system_BlueNRG1.o src\tiny_printf.o -mthumb -mcpu=cortex-m0 -T../BlueNRG2.ld -specs=nosys.specs -static -Wl,-cref,-u,Reset_Handler -Wl,-Map=SmartBB.map -Wl,--gc-sections -Wl,--defsym=malloc_getpagesize_P=0x80 -Wl,--start-group -lc -lm -Wl,--end-group -specs=nano.specs 
C:\Program Files (x86)\Atollic\TrueSTUDIO for STM32 9.3.0\ide\jre\bin\java -jar C:\Program Files (x86)\Atollic\TrueSTUDIO for STM32 9.3.0\Tools\arm-atollic-reports.jar sizeinfo list SmartBB.elf 
Generate build reports...
Print size information
   text	   data	    bss	    dec	    hex	filename
    672	    192	    528	   1392	    570	SmartBB.elf
Print size information done
Generate listing file
Output sent to: SmartBB.list
Generate listing file done
Generate build reports done
15:06:31 **** Rebuild of configuration Debug for project SmartBB ****
Info: Internal Builder is used for build
arm-atollic-eabi-gcc -c ..\Library\SDK_Eval_BlueNRG1\src\SDK_EVAL_SPI.c -mthumb -mcpu=cortex-m0 -std=gnu11 -DLS_SOURCE=LS_SOURCE_EXTERNAL_32KHZ -DSMPS_INDUCTOR=SMPS_INDUCTOR_10uH -DBLUENRG2_DEVICE -DHS_SPEED_XTAL=HS_SPEED_XTAL_32MHZ -DUSER_BUTTON=BUTTON_1 -DNO_SMART_POWER_MANAGEMENT -I../inc -I../Library/BlueNRG1_Periph_Driver/inc -I../Library/CMSIS/Device/ST/BlueNRG1/Include -I../Library/SDK_Eval_BlueNRG1/inc -I../Library/CMSIS/Include -I../Library/hal/inc -I../Library/Bluetooth_LE/inc -I../Library/BLE_Application/layers_inc -I../Library/BLE_Application/Utils/inc -I../src -O0 -ffunction-sections -fdata-sections -g -fstack-usage -Wall -specs=nano.specs -o Library\SDK_Eval_BlueNRG1\src\SDK_EVAL_SPI.o 
..\Library\SDK_Eval_BlueNRG1\src\SDK_EVAL_SPI.c: In function 'SdkEvalSpiInit':
..\Library\SDK_Eval_BlueNRG1\src\SDK_EVAL_SPI.c:135:3: error: unknown type name 'SPI_InitType'
   SPI_InitType SPI_InitStructure;
   ^~~~~~~~~~~~
..\Library\SDK_Eval_BlueNRG1\src\SDK_EVAL_SPI.c:139:3: warning: implicit declaration of function 'SysCtrl_PeripheralClockCmd' [-Wimplicit-function-declaration]
   SysCtrl_PeripheralClockCmd(CLOCK_PERIPH_GPIO | CLOCK_PERIPH_SPI, ENABLE);
   ^~~~~~~~~~~~~~~~~~~~~~~~~~
..\Library\SDK_Eval_BlueNRG1\src\SDK_EVAL_SPI.c:139:30: error: 'CLOCK_PERIPH_GPIO' undeclared (first use in this function)
   SysCtrl_PeripheralClockCmd(CLOCK_PERIPH_GPIO | CLOCK_PERIPH_SPI, ENABLE);
                              ^~~~~~~~~~~~~~~~~
..\Library\SDK_Eval_BlueNRG1\src\SDK_EVAL_SPI.c:139:30: note: each undeclared identifier is reported only once for each function it appears in
..\Library\SDK_Eval_BlueNRG1\src\SDK_EVAL_SPI.c:139:50: error: 'CLOCK_PERIPH_SPI' undeclared (first use in this function)
   SysCtrl_PeripheralClockCmd(CLOCK_PERIPH_GPIO | CLOCK_PERIPH_SPI, ENABLE);
                                                  ^~~~~~~~~~~~~~~~
..\Library\SDK_Eval_BlueNRG1\src\SDK_EVAL_SPI.c:164:3: warning: implicit declaration of function 'SPI_StructInit' [-Wimplicit-function-declaration]
   SPI_StructInit(&SPI_InitStructure);
   ^~~~~~~~~~~~~~
..\Library\SDK_Eval_BlueNRG1\src\SDK_EVAL_SPI.c:165:20: error: request for member 'SPI_Mode' in something not a structure or union
   SPI_InitStructure.SPI_Mode = SPI_Mode_Master;
                    ^
..\Library\SDK_Eval_BlueNRG1\src\SDK_EVAL_SPI.c:165:32: error: 'SPI_Mode_Master' undeclared (first use in this function)
   SPI_InitStructure.SPI_Mode = SPI_Mode_Master;
                                ^~~~~~~~~~~~~~~
..\Library\SDK_Eval_BlueNRG1\src\SDK_EVAL_SPI.c:166:20: error: request for member 'SPI_DataSize' in something not a structure or union
   SPI_InitStructure.SPI_DataSize = SPI_DataSize_8b ;
                    ^
..\Library\SDK_Eval_BlueNRG1\src\SDK_EVAL_SPI.c:166:36: error: 'SPI_DataSize_8b' undeclared (first use in this function)
   SPI_InitStructure.SPI_DataSize = SPI_DataSize_8b ;
                                    ^~~~~~~~~~~~~~~
..\Library\SDK_Eval_BlueNRG1\src\SDK_EVAL_SPI.c:167:20: error: request for member 'SPI_CPOL' in something not a structure or union
   SPI_InitStructure.SPI_CPOL = SPI_CPOL_Low;
                    ^
..\Library\SDK_Eval_BlueNRG1\src\SDK_EVAL_SPI.c:167:32: error: 'SPI_CPOL_Low' undeclared (first use in this function)
   SPI_InitStructure.SPI_CPOL = SPI_CPOL_Low;
                                ^~~~~~~~~~~~
..\Library\SDK_Eval_BlueNRG1\src\SDK_EVAL_SPI.c:168:20: error: request for member 'SPI_CPHA' in something not a structure or union
   SPI_InitStructure.SPI_CPHA = SPI_CPHA_1Edge;
                    ^
..\Library\SDK_Eval_BlueNRG1\src\SDK_EVAL_SPI.c:168:32: error: 'SPI_CPHA_1Edge' undeclared (first use in this function)
   SPI_InitStructure.SPI_CPHA = SPI_CPHA_1Edge;
                                ^~~~~~~~~~~~~~
..\Library\SDK_Eval_BlueNRG1\src\SDK_EVAL_SPI.c:169:20: error: request for member 'SPI_BaudRate' in something not a structure or union
   SPI_InitStructure.SPI_BaudRate = baudrate;
                    ^
..\Library\SDK_Eval_BlueNRG1\src\SDK_EVAL_SPI.c:170:3: warning: implicit declaration of function 'SPI_Init' [-Wimplicit-function-declaration]
   SPI_Init(&SPI_InitStructure);
   ^~~~~~~~
..\Library\SDK_Eval_BlueNRG1\src\SDK_EVAL_SPI.c:173:3: warning: implicit declaration of function 'SPI_SetDummyCharacter' [-Wimplicit-function-declaration]
   SPI_SetDummyCharacter(0xFF);
   ^~~~~~~~~~~~~~~~~~~~~
..\Library\SDK_Eval_BlueNRG1\src\SDK_EVAL_SPI.c:176:3: warning: implicit declaration of function 'SPI_ClearTXFIFO' [-Wimplicit-function-declaration]
   SPI_ClearTXFIFO();
   ^~~~~~~~~~~~~~~
..\Library\SDK_Eval_BlueNRG1\src\SDK_EVAL_SPI.c:177:3: warning: implicit declaration of function 'SPI_ClearRXFIFO' [-Wimplicit-function-declaration]
   SPI_ClearRXFIFO();
   ^~~~~~~~~~~~~~~
..\Library\SDK_Eval_BlueNRG1\src\SDK_EVAL_SPI.c:180:3: warning: implicit declaration of function 'SPI_Cmd' [-Wimplicit-function-declaration]
   SPI_Cmd(ENABLE);
   ^~~~~~~
..\Library\SDK_Eval_BlueNRG1\src\SDK_EVAL_SPI.c: In function 'SdkEvalSpiRead':
..\Library\SDK_Eval_BlueNRG1\src\SDK_EVAL_SPI.c:198:3: warning: implicit declaration of function 'SPI_SetMasterCommunicationMode' [-Wimplicit-function-declaration]
   SPI_SetMasterCommunicationMode(SPI_FULL_DUPLEX_MODE);
   ^~~~~~~~~~~~~~~~~~~~~~~~~~~~~~
..\Library\SDK_Eval_BlueNRG1\src\SDK_EVAL_SPI.c:198:34: error: 'SPI_FULL_DUPLEX_MODE' undeclared (first use in this function)
   SPI_SetMasterCommunicationMode(SPI_FULL_DUPLEX_MODE);
                                  ^~~~~~~~~~~~~~~~~~~~
..\Library\SDK_Eval_BlueNRG1\src\SDK_EVAL_SPI.c:203:18: warning: implicit declaration of function 'SPI_GetFlagStatus' [-Wimplicit-function-declaration]
   while(RESET == SPI_GetFlagStatus(SPI_FLAG_TFE));
                  ^~~~~~~~~~~~~~~~~
..\Library\SDK_Eval_BlueNRG1\src\SDK_EVAL_SPI.c:203:36: error: 'SPI_FLAG_TFE' undeclared (first use in this function)
   while(RESET == SPI_GetFlagStatus(SPI_FLAG_TFE));
                                    ^~~~~~~~~~~~
..\Library\SDK_Eval_BlueNRG1\src\SDK_EVAL_SPI.c:204:3: warning: implicit declaration of function 'SPI_SendData' [-Wimplicit-function-declaration]
   SPI_SendData(0x80 | RegisterAddr);
   ^~~~~~~~~~~~
..\Library\SDK_Eval_BlueNRG1\src\SDK_EVAL_SPI.c:205:36: error: 'SPI_FLAG_RNE' undeclared (first use in this function)
   while(RESET == SPI_GetFlagStatus(SPI_FLAG_RNE));
                                    ^~~~~~~~~~~~
..\Library\SDK_Eval_BlueNRG1\src\SDK_EVAL_SPI.c:206:3: warning: implicit declaration of function 'SPI_ReceiveData' [-Wimplicit-function-declaration]
   SPI_ReceiveData();
   ^~~~~~~~~~~~~~~
..\Library\SDK_Eval_BlueNRG1\src\SDK_EVAL_SPI.c:215:35: error: 'SPI_FLAG_BSY' undeclared (first use in this function)
   while (SET == SPI_GetFlagStatus(SPI_FLAG_BSY));
                                   ^~~~~~~~~~~~
..\Library\SDK_Eval_BlueNRG1\src\SDK_EVAL_SPI.c: In function 'SdkEvalSpiWrite':
..\Library\SDK_Eval_BlueNRG1\src\SDK_EVAL_SPI.c:234:34: error: 'SPI_TRANSMIT_MODE' undeclared (first use in this function)
   SPI_SetMasterCommunicationMode(SPI_TRANSMIT_MODE);
                                  ^~~~~~~~~~~~~~~~~
..\Library\SDK_Eval_BlueNRG1\src\SDK_EVAL_SPI.c:246:35: error: 'SPI_FLAG_BSY' undeclared (first use in this function)
   while (SET == SPI_GetFlagStatus(SPI_FLAG_BSY));
                                   ^~~~~~~~~~~~
..\Library\SDK_Eval_BlueNRG1\src\SDK_EVAL_SPI.c: In function 'SdkEvalSpiDmaInit':
..\Library\SDK_Eval_BlueNRG1\src\SDK_EVAL_SPI.c:263:3: error: unknown type name 'SPI_InitType'
   SPI_InitType SPI_InitStructure;
   ^~~~~~~~~~~~
..\Library\SDK_Eval_BlueNRG1\src\SDK_EVAL_SPI.c:265:3: error: unknown type name 'DMA_InitType'
   DMA_InitType DMA_InitStructure;
   ^~~~~~~~~~~~
..\Library\SDK_Eval_BlueNRG1\src\SDK_EVAL_SPI.c:266:3: error: unknown type name 'NVIC_InitType'
   NVIC_InitType NVIC_InitStructure;
   ^~~~~~~~~~~~~
..\Library\SDK_Eval_BlueNRG1\src\SDK_EVAL_SPI.c:269:30: error: 'CLOCK_PERIPH_GPIO' undeclared (first use in this function)
   SysCtrl_PeripheralClockCmd(CLOCK_PERIPH_GPIO | CLOCK_PERIPH_SPI | CLOCK_PERIPH_DMA, ENABLE);
                              ^~~~~~~~~~~~~~~~~
..\Library\SDK_Eval_BlueNRG1\src\SDK_EVAL_SPI.c:269:50: error: 'CLOCK_PERIPH_SPI' undeclared (first use in this function)
   SysCtrl_PeripheralClockCmd(CLOCK_PERIPH_GPIO | CLOCK_PERIPH_SPI | CLOCK_PERIPH_DMA, ENABLE);
                                                  ^~~~~~~~~~~~~~~~
..\Library\SDK_Eval_BlueNRG1\src\SDK_EVAL_SPI.c:269:69: error: 'CLOCK_PERIPH_DMA' undeclared (first use in this function)
   SysCtrl_PeripheralClockCmd(CLOCK_PERIPH_GPIO | CLOCK_PERIPH_SPI | CLOCK_PERIPH_DMA, ENABLE);
                                                                     ^~~~~~~~~~~~~~~~
..\Library\SDK_Eval_BlueNRG1\src\SDK_EVAL_SPI.c:287:20: error: request for member 'SPI_Mode' in something not a structure or union
   SPI_InitStructure.SPI_Mode = SPI_Mode_Master;
                    ^
..\Library\SDK_Eval_BlueNRG1\src\SDK_EVAL_SPI.c:287:32: error: 'SPI_Mode_Master' undeclared (first use in this function)
   SPI_InitStructure.SPI_Mode = SPI_Mode_Master;
                                ^~~~~~~~~~~~~~~
..\Library\SDK_Eval_BlueNRG1\src\SDK_EVAL_SPI.c:288:20: error: request for member 'SPI_DataSize' in something not a structure or union
   SPI_InitStructure.SPI_DataSize = SPI_DataSize_8b ;
                    ^
..\Library\SDK_Eval_BlueNRG1\src\SDK_EVAL_SPI.c:288:36: error: 'SPI_DataSize_8b' undeclared (first use in this function)
   SPI_InitStructure.SPI_DataSize = SPI_DataSize_8b ;
                                    ^~~~~~~~~~~~~~~
..\Library\SDK_Eval_BlueNRG1\src\SDK_EVAL_SPI.c:289:20: error: request for member 'SPI_CPOL' in something not a structure or union
   SPI_InitStructure.SPI_CPOL = SPI_CPOL_Low;
                    ^
..\Library\SDK_Eval_BlueNRG1\src\SDK_EVAL_SPI.c:289:32: error: 'SPI_CPOL_Low' undeclared (first use in this function)
   SPI_InitStructure.SPI_CPOL = SPI_CPOL_Low;
                                ^~~~~~~~~~~~
..\Library\SDK_Eval_BlueNRG1\src\SDK_EVAL_SPI.c:290:20: error: request for member 'SPI_CPHA' in something not a structure or union
   SPI_InitStructure.SPI_CPHA = SPI_CPHA_1Edge;
                    ^
..\Library\SDK_Eval_BlueNRG1\src\SDK_EVAL_SPI.c:290:32: error: 'SPI_CPHA_1Edge' undeclared (first use in this function)
   SPI_InitStructure.SPI_CPHA = SPI_CPHA_1Edge;
                                ^~~~~~~~~~~~~~
..\Library\SDK_Eval_BlueNRG1\src\SDK_EVAL_SPI.c:291:20: error: request for member 'SPI_BaudRate' in something not a structure or union
   SPI_InitStructure.SPI_BaudRate = baudrate;
                    ^
..\Library\SDK_Eval_BlueNRG1\src\SDK_EVAL_SPI.c:295:34: error: 'SPI_FULL_DUPLEX_MODE' undeclared (first use in this function)
   SPI_SetMasterCommunicationMode(SPI_FULL_DUPLEX_MODE);
                                  ^~~~~~~~~~~~~~~~~~~~
..\Library\SDK_Eval_BlueNRG1\src\SDK_EVAL_SPI.c:302:20: error: request for member 'DMA_PeripheralBaseAddr' in something not a structure or union
   DMA_InitStructure.DMA_PeripheralBaseAddr = SPI_DR_BASE_ADDR;
                    ^
..\Library\SDK_Eval_BlueNRG1\src\SDK_EVAL_SPI.c:303:20: error: request for member 'DMA_MemoryBaseAddr' in something not a structure or union
   DMA_InitStructure.DMA_MemoryBaseAddr = (uint32_t)spi_buffer_tx;
                    ^
..\Library\SDK_Eval_BlueNRG1\src\SDK_EVAL_SPI.c:304:20: error: request for member 'DMA_DIR' in something not a structure or union
   DMA_InitStructure.DMA_DIR = DMA_DIR_PeripheralDST;
                    ^
..\Library\SDK_Eval_BlueNRG1\src\SDK_EVAL_SPI.c:304:31: error: 'DMA_DIR_PeripheralDST' undeclared (first use in this function)
   DMA_InitStructure.DMA_DIR = DMA_DIR_PeripheralDST;
                               ^~~~~~~~~~~~~~~~~~~~~
..\Library\SDK_Eval_BlueNRG1\src\SDK_EVAL_SPI.c:305:20: error: request for member 'DMA_BufferSize' in something not a structure or union
   DMA_InitStructure.DMA_BufferSize = (uint32_t)SPI_BUFF_SIZE;
                    ^
..\Library\SDK_Eval_BlueNRG1\src\SDK_EVAL_SPI.c:306:20: error: request for member 'DMA_PeripheralInc' in something not a structure or union
   DMA_InitStructure.DMA_PeripheralInc = DMA_PeripheralInc_Disable;
                    ^
..\Library\SDK_Eval_BlueNRG1\src\SDK_EVAL_SPI.c:306:41: error: 'DMA_PeripheralInc_Disable' undeclared (first use in this function)
   DMA_InitStructure.DMA_PeripheralInc = DMA_PeripheralInc_Disable;
                                         ^~~~~~~~~~~~~~~~~~~~~~~~~
..\Library\SDK_Eval_BlueNRG1\src\SDK_EVAL_SPI.c:307:20: error: request for member 'DMA_MemoryInc' in something not a structure or union
   DMA_InitStructure.DMA_MemoryInc = DMA_MemoryInc_Enable;
                    ^
..\Library\SDK_Eval_BlueNRG1\src\SDK_EVAL_SPI.c:307:37: error: 'DMA_MemoryInc_Enable' undeclared (first use in this function)
   DMA_InitStructure.DMA_MemoryInc = DMA_MemoryInc_Enable;
                                     ^~~~~~~~~~~~~~~~~~~~
..\Library\SDK_Eval_BlueNRG1\src\SDK_EVAL_SPI.c:308:20: error: request for member 'DMA_PeripheralDataSize' in something not a structure or union
   DMA_InitStructure.DMA_PeripheralDataSize = DMA_PeripheralDataSize_Byte;
                    ^
..\Library\SDK_Eval_BlueNRG1\src\SDK_EVAL_SPI.c:308:46: error: 'DMA_PeripheralDataSize_Byte' undeclared (first use in this function)
   DMA_InitStructure.DMA_PeripheralDataSize = DMA_PeripheralDataSize_Byte;
                                              ^~~~~~~~~~~~~~~~~~~~~~~~~~~
..\Library\SDK_Eval_BlueNRG1\src\SDK_EVAL_SPI.c:309:20: error: request for member 'DMA_MemoryDataSize' in something not a structure or union
   DMA_InitStructure.DMA_MemoryDataSize = DMA_MemoryDataSize_Byte;
                    ^
..\Library\SDK_Eval_BlueNRG1\src\SDK_EVAL_SPI.c:309:42: error: 'DMA_MemoryDataSize_Byte' undeclared (first use in this function)
   DMA_InitStructure.DMA_MemoryDataSize = DMA_MemoryDataSize_Byte;
                                          ^~~~~~~~~~~~~~~~~~~~~~~
..\Library\SDK_Eval_BlueNRG1\src\SDK_EVAL_SPI.c:310:20: error: request for member 'DMA_Mode' in something not a structure or union
   DMA_InitStructure.DMA_Mode = DMA_Mode_Normal;
                    ^
..\Library\SDK_Eval_BlueNRG1\src\SDK_EVAL_SPI.c:310:32: error: 'DMA_Mode_Normal' undeclared (first use in this function)
   DMA_InitStructure.DMA_Mode = DMA_Mode_Normal;
                                ^~~~~~~~~~~~~~~
..\Library\SDK_Eval_BlueNRG1\src\SDK_EVAL_SPI.c:311:20: error: request for member 'DMA_Priority' in something not a structure or union
   DMA_InitStructure.DMA_Priority = DMA_Priority_Medium;
                    ^
..\Library\SDK_Eval_BlueNRG1\src\SDK_EVAL_SPI.c:311:36: error: 'DMA_Priority_Medium' undeclared (first use in this function)
   DMA_InitStructure.DMA_Priority = DMA_Priority_Medium;
                                    ^~~~~~~~~~~~~~~~~~~
..\Library\SDK_Eval_BlueNRG1\src\SDK_EVAL_SPI.c:312:20: error: request for member 'DMA_M2M' in something not a structure or union
   DMA_InitStructure.DMA_M2M = DMA_M2M_Disable;
                    ^
..\Library\SDK_Eval_BlueNRG1\src\SDK_EVAL_SPI.c:312:31: error: 'DMA_M2M_Disable' undeclared (first use in this function)
   DMA_InitStructure.DMA_M2M = DMA_M2M_Disable;
                               ^~~~~~~~~~~~~~~
..\Library\SDK_Eval_BlueNRG1\src\SDK_EVAL_SPI.c:313:3: warning: implicit declaration of function 'DMA_Init' [-Wimplicit-function-declaration]
   DMA_Init(DMA_CH_SPI_TX, &DMA_InitStructure);
   ^~~~~~~~
..\Library\SDK_Eval_BlueNRG1\src\SDK_EVAL_SPI.c:316:20: error: request for member 'DMA_PeripheralBaseAddr' in something not a structure or union
   DMA_InitStructure.DMA_PeripheralBaseAddr = SPI_DR_BASE_ADDR;
                    ^
..\Library\SDK_Eval_BlueNRG1\src\SDK_EVAL_SPI.c:317:20: error: request for member 'DMA_MemoryBaseAddr' in something not a structure or union
   DMA_InitStructure.DMA_MemoryBaseAddr = (uint32_t)spi_buffer_rx;
                    ^
..\Library\SDK_Eval_BlueNRG1\src\SDK_EVAL_SPI.c:318:20: error: request for member 'DMA_DIR' in something not a structure or union
   DMA_InitStructure.DMA_DIR = DMA_DIR_PeripheralSRC;
                    ^
..\Library\SDK_Eval_BlueNRG1\src\SDK_EVAL_SPI.c:318:31: error: 'DMA_DIR_PeripheralSRC' undeclared (first use in this function)
   DMA_InitStructure.DMA_DIR = DMA_DIR_PeripheralSRC;
                               ^~~~~~~~~~~~~~~~~~~~~
..\Library\SDK_Eval_BlueNRG1\src\SDK_EVAL_SPI.c:319:20: error: request for member 'DMA_BufferSize' in something not a structure or union
   DMA_InitStructure.DMA_BufferSize = (uint32_t)SPI_BUFF_SIZE;
                    ^
..\Library\SDK_Eval_BlueNRG1\src\SDK_EVAL_SPI.c:323:3: warning: implicit declaration of function 'DMA_FlagConfig' [-Wimplicit-function-declaration]
   DMA_FlagConfig(DMA_CH_SPI_RX, DMA_FLAG_TC, ENABLE);
   ^~~~~~~~~~~~~~
..\Library\SDK_Eval_BlueNRG1\src\SDK_EVAL_SPI.c:323:33: error: 'DMA_FLAG_TC' undeclared (first use in this function)
   DMA_FlagConfig(DMA_CH_SPI_RX, DMA_FLAG_TC, ENABLE);
                                 ^~~~~~~~~~~
..\Library\SDK_Eval_BlueNRG1\src\SDK_EVAL_SPI.c:326:3: warning: implicit declaration of function 'SPI_DMACmd' [-Wimplicit-function-declaration]
   SPI_DMACmd(SPI_DMAReq_Tx | SPI_DMAReq_Rx, ENABLE);
   ^~~~~~~~~~
..\Library\SDK_Eval_BlueNRG1\src\SDK_EVAL_SPI.c:326:14: error: 'SPI_DMAReq_Tx' undeclared (first use in this function)
   SPI_DMACmd(SPI_DMAReq_Tx | SPI_DMAReq_Rx, ENABLE);
              ^~~~~~~~~~~~~
..\Library\SDK_Eval_BlueNRG1\src\SDK_EVAL_SPI.c:326:30: error: 'SPI_DMAReq_Rx' undeclared (first use in this function)
   SPI_DMACmd(SPI_DMAReq_Tx | SPI_DMAReq_Rx, ENABLE);
                              ^~~~~~~~~~~~~
..\Library\SDK_Eval_BlueNRG1\src\SDK_EVAL_SPI.c:329:21: error: request for member 'NVIC_IRQChannel' in something not a structure or union
   NVIC_InitStructure.NVIC_IRQChannel = DMA_IRQn;
                     ^
..\Library\SDK_Eval_BlueNRG1\src\SDK_EVAL_SPI.c:330:21: error: request for member 'NVIC_IRQChannelPreemptionPriority' in something not a structure or union
   NVIC_InitStructure.NVIC_IRQChannelPreemptionPriority = HIGH_PRIORITY;
                     ^
..\Library\SDK_Eval_BlueNRG1\src\SDK_EVAL_SPI.c:330:58: error: 'HIGH_PRIORITY' undeclared (first use in this function)
   NVIC_InitStructure.NVIC_IRQChannelPreemptionPriority = HIGH_PRIORITY;
                                                          ^~~~~~~~~~~~~
..\Library\SDK_Eval_BlueNRG1\src\SDK_EVAL_SPI.c:331:21: error: request for member 'NVIC_IRQChannelCmd' in something not a structure or union
   NVIC_InitStructure.NVIC_IRQChannelCmd = ENABLE;
                     ^
..\Library\SDK_Eval_BlueNRG1\src\SDK_EVAL_SPI.c:332:3: warning: implicit declaration of function 'NVIC_Init' [-Wimplicit-function-declaration]
   NVIC_Init(&NVIC_InitStructure);
   ^~~~~~~~~
..\Library\SDK_Eval_BlueNRG1\src\SDK_EVAL_SPI.c: In function 'SdkEvalSpiDmaRead':
..\Library\SDK_Eval_BlueNRG1\src\SDK_EVAL_SPI.c:352:34: error: 'SPI_FULL_DUPLEX_MODE' undeclared (first use in this function)
   SPI_SetMasterCommunicationMode(SPI_FULL_DUPLEX_MODE);
                                  ^~~~~~~~~~~~~~~~~~~~
..\Library\SDK_Eval_BlueNRG1\src\SDK_EVAL_SPI.c: In function 'SdkEvalSpiDmaWrite':
..\Library\SDK_Eval_BlueNRG1\src\SDK_EVAL_SPI.c:392:34: error: 'SPI_FULL_DUPLEX_MODE' undeclared (first use in this function)
   SPI_SetMasterCommunicationMode(SPI_FULL_DUPLEX_MODE);
                                  ^~~~~~~~~~~~~~~~~~~~
..\Library\SDK_Eval_BlueNRG1\src\SDK_EVAL_SPI.c: In function 'DmaSpiHandlerCallback':
..\Library\SDK_Eval_BlueNRG1\src\SDK_EVAL_SPI.c:423:6: warning: implicit declaration of function 'DMA_GetFlagStatus' [-Wimplicit-function-declaration]
   if(DMA_GetFlagStatus(DMA_CH_SPI_RX_IT_TC)) {
      ^~~~~~~~~~~~~~~~~
In file included from ..\Library\SDK_Eval_BlueNRG1\src\SDK_EVAL_SPI.c:25:0:
../Library/SDK_Eval_BlueNRG1/inc/SDK_EVAL_SPI.h:94:42: error: 'DMA_FLAG_TC4' undeclared (first use in this function)
 #define DMA_CH_SPI_RX_IT_TC             (DMA_FLAG_TC4)
                                          ^
..\Library\SDK_Eval_BlueNRG1\src\SDK_EVAL_SPI.c:423:24: note: in expansion of macro 'DMA_CH_SPI_RX_IT_TC'
   if(DMA_GetFlagStatus(DMA_CH_SPI_RX_IT_TC)) {
                        ^~~~~~~~~~~~~~~~~~~
..\Library\SDK_Eval_BlueNRG1\src\SDK_EVAL_SPI.c:426:5: warning: implicit declaration of function 'DMA_ClearFlag' [-Wimplicit-function-declaration]
     DMA_ClearFlag(DMA_CH_SPI_RX_IT_TC);
     ^~~~~~~~~~~~~
..\Library\SDK_Eval_BlueNRG1\src\SDK_EVAL_SPI.c: In function 'SdkEvalSpiIrqInit':
..\Library\SDK_Eval_BlueNRG1\src\SDK_EVAL_SPI.c:451:3: error: unknown type name 'SPI_InitType'
   SPI_InitType SPI_InitStructure;
   ^~~~~~~~~~~~
..\Library\SDK_Eval_BlueNRG1\src\SDK_EVAL_SPI.c:453:3: error: unknown type name 'NVIC_InitType'
   NVIC_InitType NVIC_InitStructure;
   ^~~~~~~~~~~~~
..\Library\SDK_Eval_BlueNRG1\src\SDK_EVAL_SPI.c:456:30: error: 'CLOCK_PERIPH_GPIO' undeclared (first use in this function)
   SysCtrl_PeripheralClockCmd(CLOCK_PERIPH_GPIO | CLOCK_PERIPH_SPI, ENABLE);
                              ^~~~~~~~~~~~~~~~~
..\Library\SDK_Eval_BlueNRG1\src\SDK_EVAL_SPI.c:456:50: error: 'CLOCK_PERIPH_SPI' undeclared (first use in this function)
   SysCtrl_PeripheralClockCmd(CLOCK_PERIPH_GPIO | CLOCK_PERIPH_SPI, ENABLE);
                                                  ^~~~~~~~~~~~~~~~
..\Library\SDK_Eval_BlueNRG1\src\SDK_EVAL_SPI.c:474:20: error: request for member 'SPI_Mode' in something not a structure or union
   SPI_InitStructure.SPI_Mode = SPI_Mode_Master;
                    ^
..\Library\SDK_Eval_BlueNRG1\src\SDK_EVAL_SPI.c:474:32: error: 'SPI_Mode_Master' undeclared (first use in this function)
   SPI_InitStructure.SPI_Mode = SPI_Mode_Master;
                                ^~~~~~~~~~~~~~~
..\Library\SDK_Eval_BlueNRG1\src\SDK_EVAL_SPI.c:475:20: error: request for member 'SPI_DataSize' in something not a structure or union
   SPI_InitStructure.SPI_DataSize = SPI_DataSize_8b ;
                    ^
..\Library\SDK_Eval_BlueNRG1\src\SDK_EVAL_SPI.c:475:36: error: 'SPI_DataSize_8b' undeclared (first use in this function)
   SPI_InitStructure.SPI_DataSize = SPI_DataSize_8b ;
                                    ^~~~~~~~~~~~~~~
..\Library\SDK_Eval_BlueNRG1\src\SDK_EVAL_SPI.c:476:20: error: request for member 'SPI_CPOL' in something not a structure or union
   SPI_InitStructure.SPI_CPOL = SPI_CPOL_Low;
                    ^
..\Library\SDK_Eval_BlueNRG1\src\SDK_EVAL_SPI.c:476:32: error: 'SPI_CPOL_Low' undeclared (first use in this function)
   SPI_InitStructure.SPI_CPOL = SPI_CPOL_Low;
                                ^~~~~~~~~~~~
..\Library\SDK_Eval_BlueNRG1\src\SDK_EVAL_SPI.c:477:20: error: request for member 'SPI_CPHA' in something not a structure or union
   SPI_InitStructure.SPI_CPHA = SPI_CPHA_1Edge;
                    ^
..\Library\SDK_Eval_BlueNRG1\src\SDK_EVAL_SPI.c:477:32: error: 'SPI_CPHA_1Edge' undeclared (first use in this function)
   SPI_InitStructure.SPI_CPHA = SPI_CPHA_1Edge;
                                ^~~~~~~~~~~~~~
..\Library\SDK_Eval_BlueNRG1\src\SDK_EVAL_SPI.c:478:20: error: request for member 'SPI_BaudRate' in something not a structure or union
   SPI_InitStructure.SPI_BaudRate = baudrate;
                    ^
..\Library\SDK_Eval_BlueNRG1\src\SDK_EVAL_SPI.c:482:34: error: 'SPI_FULL_DUPLEX_MODE' undeclared (first use in this function)
   SPI_SetMasterCommunicationMode(SPI_FULL_DUPLEX_MODE);
                                  ^~~~~~~~~~~~~~~~~~~~
..\Library\SDK_Eval_BlueNRG1\src\SDK_EVAL_SPI.c:489:3: warning: implicit declaration of function 'SPI_TxFifoInterruptLevelConfig' [-Wimplicit-function-declaration]
   SPI_TxFifoInterruptLevelConfig(SPI_FIFO_LEV_1);
   ^~~~~~~~~~~~~~~~~~~~~~~~~~~~~~
..\Library\SDK_Eval_BlueNRG1\src\SDK_EVAL_SPI.c:489:34: error: 'SPI_FIFO_LEV_1' undeclared (first use in this function)
   SPI_TxFifoInterruptLevelConfig(SPI_FIFO_LEV_1);
                                  ^~~~~~~~~~~~~~
..\Library\SDK_Eval_BlueNRG1\src\SDK_EVAL_SPI.c:490:3: warning: implicit declaration of function 'SPI_RxFifoInterruptLevelConfig' [-Wimplicit-function-declaration]
   SPI_RxFifoInterruptLevelConfig(SPI_FIFO_LEV_1);
   ^~~~~~~~~~~~~~~~~~~~~~~~~~~~~~
..\Library\SDK_Eval_BlueNRG1\src\SDK_EVAL_SPI.c:493:21: error: request for member 'NVIC_IRQChannel' in something not a structure or union
   NVIC_InitStructure.NVIC_IRQChannel = SPI_IRQn;
                     ^
..\Library\SDK_Eval_BlueNRG1\src\SDK_EVAL_SPI.c:494:21: error: request for member 'NVIC_IRQChannelPreemptionPriority' in something not a structure or union
   NVIC_InitStructure.NVIC_IRQChannelPreemptionPriority = LOW_PRIORITY;
                     ^
..\Library\SDK_Eval_BlueNRG1\src\SDK_EVAL_SPI.c:494:58: error: 'LOW_PRIORITY' undeclared (first use in this function)
   NVIC_InitStructure.NVIC_IRQChannelPreemptionPriority = LOW_PRIORITY;
                                                          ^~~~~~~~~~~~
..\Library\SDK_Eval_BlueNRG1\src\SDK_EVAL_SPI.c:495:21: error: request for member 'NVIC_IRQChannelCmd' in something not a structure or union
   NVIC_InitStructure.NVIC_IRQChannelCmd = ENABLE;
                     ^
..\Library\SDK_Eval_BlueNRG1\src\SDK_EVAL_SPI.c: In function 'SdkEvalSpiIrqRead':
..\Library\SDK_Eval_BlueNRG1\src\SDK_EVAL_SPI.c:517:34: error: 'SPI_FULL_DUPLEX_MODE' undeclared (first use in this function)
   SPI_SetMasterCommunicationMode(SPI_FULL_DUPLEX_MODE);
                                  ^~~~~~~~~~~~~~~~~~~~
..\Library\SDK_Eval_BlueNRG1\src\SDK_EVAL_SPI.c:528:3: warning: implicit declaration of function 'SPI_ITConfig' [-Wimplicit-function-declaration]
   SPI_ITConfig(SPI_IT_TX | SPI_IT_RX, ENABLE);
   ^~~~~~~~~~~~
..\Library\SDK_Eval_BlueNRG1\src\SDK_EVAL_SPI.c:528:16: error: 'SPI_IT_TX' undeclared (first use in this function)
   SPI_ITConfig(SPI_IT_TX | SPI_IT_RX, ENABLE);
                ^~~~~~~~~
..\Library\SDK_Eval_BlueNRG1\src\SDK_EVAL_SPI.c:528:28: error: 'SPI_IT_RX' undeclared (first use in this function)
   SPI_ITConfig(SPI_IT_TX | SPI_IT_RX, ENABLE);
                            ^~~~~~~~~
..\Library\SDK_Eval_BlueNRG1\src\SDK_EVAL_SPI.c: In function 'SdkEvalSpiIrqWrite':
..\Library\SDK_Eval_BlueNRG1\src\SDK_EVAL_SPI.c:550:34: error: 'SPI_TRANSMIT_MODE' undeclared (first use in this function)
   SPI_SetMasterCommunicationMode(SPI_TRANSMIT_MODE);
                                  ^~~~~~~~~~~~~~~~~
..\Library\SDK_Eval_BlueNRG1\src\SDK_EVAL_SPI.c:561:16: error: 'SPI_IT_TX' undeclared (first use in this function)
   SPI_ITConfig(SPI_IT_TX, ENABLE);
                ^~~~~~~~~
..\Library\SDK_Eval_BlueNRG1\src\SDK_EVAL_SPI.c: In function 'IrqSpiHandlerCallback':
..\Library\SDK_Eval_BlueNRG1\src\SDK_EVAL_SPI.c:579:6: warning: implicit declaration of function 'SPI_GetITStatus' [-Wimplicit-function-declaration]
   if(SPI_GetITStatus(SPI_IT_RX) == SET) {
      ^~~~~~~~~~~~~~~
..\Library\SDK_Eval_BlueNRG1\src\SDK_EVAL_SPI.c:579:22: error: 'SPI_IT_RX' undeclared (first use in this function)
   if(SPI_GetITStatus(SPI_IT_RX) == SET) {
                      ^~~~~~~~~
..\Library\SDK_Eval_BlueNRG1\src\SDK_EVAL_SPI.c:597:22: error: 'SPI_IT_TX' undeclared (first use in this function)
   if(SPI_GetITStatus(SPI_IT_TX) == SET) {
                      ^~~~~~~~~
15:24:21 **** Rebuild of configuration Debug for project SmartBB ****
Info: Internal Builder is used for build
arm-atollic-eabi-gcc -c ..\Library\STM32L\Drivers\STM32L4xx_HAL_Driver\Src\stm32l4xx_hal_ospi.c -mthumb -mcpu=cortex-m0 -std=gnu11 -DLS_SOURCE=LS_SOURCE_EXTERNAL_32KHZ -DSMPS_INDUCTOR=SMPS_INDUCTOR_10uH -DBLUENRG2_DEVICE -DHS_SPEED_XTAL=HS_SPEED_XTAL_32MHZ -DUSER_BUTTON=BUTTON_1 -DNO_SMART_POWER_MANAGEMENT -I../inc -I../Library/BlueNRG1_Periph_Driver/inc -I../Library/CMSIS/Device/ST/BlueNRG1/Include -I../Library/SDK_Eval_BlueNRG1/inc -I../Library/CMSIS/Include -I../Library/hal/inc -I../Library/Bluetooth_LE/inc -I../Library/BLE_Application/layers_inc -I../Library/BLE_Application/Utils/inc -I../src -O0 -ffunction-sections -fdata-sections -g -fstack-usage -Wall -specs=nano.specs -o Library\STM32L\Drivers\STM32L4xx_HAL_Driver\Src\stm32l4xx_hal_ospi.o 
..\Library\STM32L\Drivers\STM32L4xx_HAL_Driver\Src\stm32l4xx_hal_ospi.c:216:27: fatal error: stm32l4xx_hal.h: No such file or directory
 #include "stm32l4xx_hal.h"
                           ^
compilation terminated.
15:25:14 **** Rebuild of configuration Debug for project SmartBB ****
Info: Internal Builder is used for build
arm-atollic-eabi-gcc -c ..\Library\BLE_Application\Utils\src\ble_utils.c -mthumb -mcpu=cortex-m0 -std=gnu11 -DLS_SOURCE=LS_SOURCE_EXTERNAL_32KHZ -DSMPS_INDUCTOR=SMPS_INDUCTOR_10uH -DBLUENRG2_DEVICE -DHS_SPEED_XTAL=HS_SPEED_XTAL_32MHZ -DUSER_BUTTON=BUTTON_1 -DNO_SMART_POWER_MANAGEMENT -I../inc -I../Library/BlueNRG1_Periph_Driver/inc -I../Library/CMSIS/Device/ST/BlueNRG1/Include -I../Library/SDK_Eval_BlueNRG1/inc -I../Library/CMSIS/Include -I../Library/hal/inc -I../Library/Bluetooth_LE/inc -I../Library/BLE_Application/layers_inc -I../Library/BLE_Application/Utils/inc -I../src -O0 -ffunction-sections -fdata-sections -g -fstack-usage -Wall -specs=nano.specs -o Library\BLE_Application\Utils\src\ble_utils.o 
arm-atollic-eabi-gcc -c ..\Library\Bluetooth_LE\src\stack_dle_api_stubs.c -mthumb -mcpu=cortex-m0 -std=gnu11 -DLS_SOURCE=LS_SOURCE_EXTERNAL_32KHZ -DSMPS_INDUCTOR=SMPS_INDUCTOR_10uH -DBLUENRG2_DEVICE -DHS_SPEED_XTAL=HS_SPEED_XTAL_32MHZ -DUSER_BUTTON=BUTTON_1 -DNO_SMART_POWER_MANAGEMENT -I../inc -I../Library/BlueNRG1_Periph_Driver/inc -I../Library/CMSIS/Device/ST/BlueNRG1/Include -I../Library/SDK_Eval_BlueNRG1/inc -I../Library/CMSIS/Include -I../Library/hal/inc -I../Library/Bluetooth_LE/inc -I../Library/BLE_Application/layers_inc -I../Library/BLE_Application/Utils/inc -I../src -O0 -ffunction-sections -fdata-sections -g -fstack-usage -Wall -specs=nano.specs -o Library\Bluetooth_LE\src\stack_dle_api_stubs.o 
arm-atollic-eabi-gcc -c ..\Library\BlueNRG1_Periph_Driver\src\BlueNRG1_pka.c -mthumb -mcpu=cortex-m0 -std=gnu11 -DLS_SOURCE=LS_SOURCE_EXTERNAL_32KHZ -DSMPS_INDUCTOR=SMPS_INDUCTOR_10uH -DBLUENRG2_DEVICE -DHS_SPEED_XTAL=HS_SPEED_XTAL_32MHZ -DUSER_BUTTON=BUTTON_1 -DNO_SMART_POWER_MANAGEMENT -I../inc -I../Library/BlueNRG1_Periph_Driver/inc -I../Library/CMSIS/Device/ST/BlueNRG1/Include -I../Library/SDK_Eval_BlueNRG1/inc -I../Library/CMSIS/Include -I../Library/hal/inc -I../Library/Bluetooth_LE/inc -I../Library/BLE_Application/layers_inc -I../Library/BLE_Application/Utils/inc -I../src -O0 -ffunction-sections -fdata-sections -g -fstack-usage -Wall -specs=nano.specs -o Library\BlueNRG1_Periph_Driver\src\BlueNRG1_pka.o 
arm-atollic-eabi-gcc -c ..\Library\BLE_Application\Profile_Central\profiles\ble_profile\master_events_CB.c -mthumb -mcpu=cortex-m0 -std=gnu11 -DLS_SOURCE=LS_SOURCE_EXTERNAL_32KHZ -DSMPS_INDUCTOR=SMPS_INDUCTOR_10uH -DBLUENRG2_DEVICE -DHS_SPEED_XTAL=HS_SPEED_XTAL_32MHZ -DUSER_BUTTON=BUTTON_1 -DNO_SMART_POWER_MANAGEMENT -I../inc -I../Library/BlueNRG1_Periph_Driver/inc -I../Library/CMSIS/Device/ST/BlueNRG1/Include -I../Library/SDK_Eval_BlueNRG1/inc -I../Library/CMSIS/Include -I../Library/hal/inc -I../Library/Bluetooth_LE/inc -I../Library/BLE_Application/layers_inc -I../Library/BLE_Application/Utils/inc -I../src -O0 -ffunction-sections -fdata-sections -g -fstack-usage -Wall -specs=nano.specs -o Library\BLE_Application\Profile_Central\profiles\ble_profile\master_events_CB.o 
..\Library\BLE_Application\Profile_Central\profiles\ble_profile\master_events_CB.c:17:41: fatal error: master_basic_profile_events.h: No such file or directory
 #include "master_basic_profile_events.h"
                                         ^
compilation terminated.
15:31:17 **** Rebuild of configuration Debug for project SmartBB ****
Info: Internal Builder is used for build
arm-atollic-eabi-gcc -c ..\Library\Bluetooth_LE\library\static_stack\bluenrg1_stack_init_if.c -mthumb -mcpu=cortex-m0 -std=gnu11 -DLS_SOURCE=LS_SOURCE_EXTERNAL_32KHZ -DSMPS_INDUCTOR=SMPS_INDUCTOR_10uH -DBLUENRG2_DEVICE -DHS_SPEED_XTAL=HS_SPEED_XTAL_32MHZ -DUSER_BUTTON=BUTTON_1 -DNO_SMART_POWER_MANAGEMENT -I../inc -I../Library/BlueNRG1_Periph_Driver/inc -I../Library/CMSIS/Device/ST/BlueNRG1/Include -I../Library/SDK_Eval_BlueNRG1/inc -I../Library/CMSIS/Include -I../Library/hal/inc -I../Library/Bluetooth_LE/inc -I../Library/BLE_Application/layers_inc -I../Library/BLE_Application/Utils/inc -I../src -O0 -ffunction-sections -fdata-sections -g -fstack-usage -Wall -specs=nano.specs -o Library\Bluetooth_LE\library\static_stack\bluenrg1_stack_init_if.o 
arm-atollic-eabi-gcc -c ..\Library\BlueNRG1_Periph_Driver\src\BlueNRG1_spi.c -mthumb -mcpu=cortex-m0 -std=gnu11 -DLS_SOURCE=LS_SOURCE_EXTERNAL_32KHZ -DSMPS_INDUCTOR=SMPS_INDUCTOR_10uH -DBLUENRG2_DEVICE -DHS_SPEED_XTAL=HS_SPEED_XTAL_32MHZ -DUSER_BUTTON=BUTTON_1 -DNO_SMART_POWER_MANAGEMENT -I../inc -I../Library/BlueNRG1_Periph_Driver/inc -I../Library/CMSIS/Device/ST/BlueNRG1/Include -I../Library/SDK_Eval_BlueNRG1/inc -I../Library/CMSIS/Include -I../Library/hal/inc -I../Library/Bluetooth_LE/inc -I../Library/BLE_Application/layers_inc -I../Library/BLE_Application/Utils/inc -I../src -O0 -ffunction-sections -fdata-sections -g -fstack-usage -Wall -specs=nano.specs -o Library\BlueNRG1_Periph_Driver\src\BlueNRG1_spi.o 
arm-atollic-eabi-gcc -c ..\Library\BlueNRG1_Periph_Driver\src\BlueNRG1_adc.c -mthumb -mcpu=cortex-m0 -std=gnu11 -DLS_SOURCE=LS_SOURCE_EXTERNAL_32KHZ -DSMPS_INDUCTOR=SMPS_INDUCTOR_10uH -DBLUENRG2_DEVICE -DHS_SPEED_XTAL=HS_SPEED_XTAL_32MHZ -DUSER_BUTTON=BUTTON_1 -DNO_SMART_POWER_MANAGEMENT -I../inc -I../Library/BlueNRG1_Periph_Driver/inc -I../Library/CMSIS/Device/ST/BlueNRG1/Include -I../Library/SDK_Eval_BlueNRG1/inc -I../Library/CMSIS/Include -I../Library/hal/inc -I../Library/Bluetooth_LE/inc -I../Library/BLE_Application/layers_inc -I../Library/BLE_Application/Utils/inc -I../src -O0 -ffunction-sections -fdata-sections -g -fstack-usage -Wall -specs=nano.specs -o Library\BlueNRG1_Periph_Driver\src\BlueNRG1_adc.o 
arm-atollic-eabi-gcc -c ..\Library\BlueNRG1_Periph_Driver\src\BlueNRG1_rtc.c -mthumb -mcpu=cortex-m0 -std=gnu11 -DLS_SOURCE=LS_SOURCE_EXTERNAL_32KHZ -DSMPS_INDUCTOR=SMPS_INDUCTOR_10uH -DBLUENRG2_DEVICE -DHS_SPEED_XTAL=HS_SPEED_XTAL_32MHZ -DUSER_BUTTON=BUTTON_1 -DNO_SMART_POWER_MANAGEMENT -I../inc -I../Library/BlueNRG1_Periph_Driver/inc -I../Library/CMSIS/Device/ST/BlueNRG1/Include -I../Library/SDK_Eval_BlueNRG1/inc -I../Library/CMSIS/Include -I../Library/hal/inc -I../Library/Bluetooth_LE/inc -I../Library/BLE_Application/layers_inc -I../Library/BLE_Application/Utils/inc -I../src -O0 -ffunction-sections -fdata-sections -g -fstack-usage -Wall -specs=nano.specs -o Library\BlueNRG1_Periph_Driver\src\BlueNRG1_rtc.o 
arm-atollic-eabi-gcc -c ..\Library\Bluetooth_LE\src\stack_dle_api_stubs.c -mthumb -mcpu=cortex-m0 -std=gnu11 -DLS_SOURCE=LS_SOURCE_EXTERNAL_32KHZ -DSMPS_INDUCTOR=SMPS_INDUCTOR_10uH -DBLUENRG2_DEVICE -DHS_SPEED_XTAL=HS_SPEED_XTAL_32MHZ -DUSER_BUTTON=BUTTON_1 -DNO_SMART_POWER_MANAGEMENT -I../inc -I../Library/BlueNRG1_Periph_Driver/inc -I../Library/CMSIS/Device/ST/BlueNRG1/Include -I../Library/SDK_Eval_BlueNRG1/inc -I../Library/CMSIS/Include -I../Library/hal/inc -I../Library/Bluetooth_LE/inc -I../Library/BLE_Application/layers_inc -I../Library/BLE_Application/Utils/inc -I../src -O0 -ffunction-sections -fdata-sections -g -fstack-usage -Wall -specs=nano.specs -o Library\Bluetooth_LE\src\stack_dle_api_stubs.o 
arm-atollic-eabi-gcc -c ..\Library\SDK_Eval_BlueNRG1\src\SDK_EVAL_Com.c -mthumb -mcpu=cortex-m0 -std=gnu11 -DLS_SOURCE=LS_SOURCE_EXTERNAL_32KHZ -DSMPS_INDUCTOR=SMPS_INDUCTOR_10uH -DBLUENRG2_DEVICE -DHS_SPEED_XTAL=HS_SPEED_XTAL_32MHZ -DUSER_BUTTON=BUTTON_1 -DNO_SMART_POWER_MANAGEMENT -I../inc -I../Library/BlueNRG1_Periph_Driver/inc -I../Library/CMSIS/Device/ST/BlueNRG1/Include -I../Library/SDK_Eval_BlueNRG1/inc -I../Library/CMSIS/Include -I../Library/hal/inc -I../Library/Bluetooth_LE/inc -I../Library/BLE_Application/layers_inc -I../Library/BLE_Application/Utils/inc -I../src -O0 -ffunction-sections -fdata-sections -g -fstack-usage -Wall -specs=nano.specs -o Library\SDK_Eval_BlueNRG1\src\SDK_EVAL_Com.o 
In file included from ../Library/SDK_Eval_BlueNRG1/inc/SDK_EVAL_Com.h:31:0,
                 from ..\Library\SDK_Eval_BlueNRG1\src\SDK_EVAL_Com.c:25:
../Library/SDK_Eval_BlueNRG1/inc/SDK_EVAL_Config.h:75:26: fatal error: SDK_EVAL_I2C.h: No such file or directory
 #include "SDK_EVAL_I2C.h"
                          ^
compilation terminated.
15:33:11 **** Rebuild of configuration Release for project BLE_Power_Consumption ****
Info: Internal Builder is used for build
arm-atollic-eabi-gcc -c ..\..\..\..\..\..\Library\SDK_Eval_BlueNRG1\src\SDK_EVAL_Com.c -mthumb -mcpu=cortex-m0 -std=c99 -DLS_SOURCE=LS_SOURCE_EXTERNAL_32KHZ -DSMPS_INDUCTOR=SMPS_INDUCTOR_10uH -DBLUENRG2_DEVICE -DHS_SPEED_XTAL=HS_SPEED_XTAL_32MHZ -DUSER_BUTTON=BUTTON_1 -I..\..\..\inc -I..\..\..\..\..\..\Library\BlueNRG1_Periph_Driver\inc -I..\..\..\..\..\..\Library\CMSIS\Device\ST\BlueNRG1\Include -I..\..\..\..\..\..\Library\SDK_Eval_BlueNRG1\inc -I..\..\..\..\..\..\Library\CMSIS\Include -I..\..\..\..\..\..\Library\hal\inc -I..\..\..\..\..\..\Library\Bluetooth_LE\inc -I..\..\..\..\..\..\Library\BLE_Application\layers_inc -I..\..\..\..\..\..\Library\BLE_Application\Utils\inc -Os -ffunction-sections -fdata-sections -g -fstack-usage -Wall -mcpu=cortex-m0 -specs=nano.specs -o Platforms_Layers\SDK_EVAL_Com.o 
arm-atollic-eabi-gcc -c ..\..\..\..\..\..\Library\BlueNRG1_Periph_Driver\src\BlueNRG1_rng.c -mthumb -mcpu=cortex-m0 -std=c99 -DLS_SOURCE=LS_SOURCE_EXTERNAL_32KHZ -DSMPS_INDUCTOR=SMPS_INDUCTOR_10uH -DBLUENRG2_DEVICE -DHS_SPEED_XTAL=HS_SPEED_XTAL_32MHZ -DUSER_BUTTON=BUTTON_1 -I..\..\..\inc -I..\..\..\..\..\..\Library\BlueNRG1_Periph_Driver\inc -I..\..\..\..\..\..\Library\CMSIS\Device\ST\BlueNRG1\Include -I..\..\..\..\..\..\Library\SDK_Eval_BlueNRG1\inc -I..\..\..\..\..\..\Library\CMSIS\Include -I..\..\..\..\..\..\Library\hal\inc -I..\..\..\..\..\..\Library\Bluetooth_LE\inc -I..\..\..\..\..\..\Library\BLE_Application\layers_inc -I..\..\..\..\..\..\Library\BLE_Application\Utils\inc -Os -ffunction-sections -fdata-sections -g -fstack-usage -Wall -mcpu=cortex-m0 -specs=nano.specs -o Library\BlueNRG1_rng.o 
arm-atollic-eabi-gcc -c ..\..\..\..\..\..\Library\BlueNRG1_Periph_Driver\src\BlueNRG1_sysCtrl.c -mthumb -mcpu=cortex-m0 -std=c99 -DLS_SOURCE=LS_SOURCE_EXTERNAL_32KHZ -DSMPS_INDUCTOR=SMPS_INDUCTOR_10uH -DBLUENRG2_DEVICE -DHS_SPEED_XTAL=HS_SPEED_XTAL_32MHZ -DUSER_BUTTON=BUTTON_1 -I..\..\..\inc -I..\..\..\..\..\..\Library\BlueNRG1_Periph_Driver\inc -I..\..\..\..\..\..\Library\CMSIS\Device\ST\BlueNRG1\Include -I..\..\..\..\..\..\Library\SDK_Eval_BlueNRG1\inc -I..\..\..\..\..\..\Library\CMSIS\Include -I..\..\..\..\..\..\Library\hal\inc -I..\..\..\..\..\..\Library\Bluetooth_LE\inc -I..\..\..\..\..\..\Library\BLE_Application\layers_inc -I..\..\..\..\..\..\Library\BLE_Application\Utils\inc -Os -ffunction-sections -fdata-sections -g -fstack-usage -Wall -mcpu=cortex-m0 -specs=nano.specs -o Library\BlueNRG1_sysCtrl.o 
arm-atollic-eabi-gcc -c ..\..\..\..\..\..\Library\SDK_Eval_BlueNRG1\src\SDK_EVAL_Config.c -mthumb -mcpu=cortex-m0 -std=c99 -DLS_SOURCE=LS_SOURCE_EXTERNAL_32KHZ -DSMPS_INDUCTOR=SMPS_INDUCTOR_10uH -DBLUENRG2_DEVICE -DHS_SPEED_XTAL=HS_SPEED_XTAL_32MHZ -DUSER_BUTTON=BUTTON_1 -I..\..\..\inc -I..\..\..\..\..\..\Library\BlueNRG1_Periph_Driver\inc -I..\..\..\..\..\..\Library\CMSIS\Device\ST\BlueNRG1\Include -I..\..\..\..\..\..\Library\SDK_Eval_BlueNRG1\inc -I..\..\..\..\..\..\Library\CMSIS\Include -I..\..\..\..\..\..\Library\hal\inc -I..\..\..\..\..\..\Library\Bluetooth_LE\inc -I..\..\..\..\..\..\Library\BLE_Application\layers_inc -I..\..\..\..\..\..\Library\BLE_Application\Utils\inc -Os -ffunction-sections -fdata-sections -g -fstack-usage -Wall -mcpu=cortex-m0 -specs=nano.specs -o Platforms_Layers\SDK_EVAL_Config.o 
arm-atollic-eabi-gcc -c ..\..\..\..\..\..\Library\BlueNRG1_Periph_Driver\src\BlueNRG1_pka.c -mthumb -mcpu=cortex-m0 -std=c99 -DLS_SOURCE=LS_SOURCE_EXTERNAL_32KHZ -DSMPS_INDUCTOR=SMPS_INDUCTOR_10uH -DBLUENRG2_DEVICE -DHS_SPEED_XTAL=HS_SPEED_XTAL_32MHZ -DUSER_BUTTON=BUTTON_1 -I..\..\..\inc -I..\..\..\..\..\..\Library\BlueNRG1_Periph_Driver\inc -I..\..\..\..\..\..\Library\CMSIS\Device\ST\BlueNRG1\Include -I..\..\..\..\..\..\Library\SDK_Eval_BlueNRG1\inc -I..\..\..\..\..\..\Library\CMSIS\Include -I..\..\..\..\..\..\Library\hal\inc -I..\..\..\..\..\..\Library\Bluetooth_LE\inc -I..\..\..\..\..\..\Library\BLE_Application\layers_inc -I..\..\..\..\..\..\Library\BLE_Application\Utils\inc -Os -ffunction-sections -fdata-sections -g -fstack-usage -Wall -mcpu=cortex-m0 -specs=nano.specs -o Library\BlueNRG1_pka.o 
arm-atollic-eabi-gcc -c ..\..\..\..\..\..\Library\BlueNRG1_Periph_Driver\src\BlueNRG1_wdg.c -mthumb -mcpu=cortex-m0 -std=c99 -DLS_SOURCE=LS_SOURCE_EXTERNAL_32KHZ -DSMPS_INDUCTOR=SMPS_INDUCTOR_10uH -DBLUENRG2_DEVICE -DHS_SPEED_XTAL=HS_SPEED_XTAL_32MHZ -DUSER_BUTTON=BUTTON_1 -I..\..\..\inc -I..\..\..\..\..\..\Library\BlueNRG1_Periph_Driver\inc -I..\..\..\..\..\..\Library\CMSIS\Device\ST\BlueNRG1\Include -I..\..\..\..\..\..\Library\SDK_Eval_BlueNRG1\inc -I..\..\..\..\..\..\Library\CMSIS\Include -I..\..\..\..\..\..\Library\hal\inc -I..\..\..\..\..\..\Library\Bluetooth_LE\inc -I..\..\..\..\..\..\Library\BLE_Application\layers_inc -I..\..\..\..\..\..\Library\BLE_Application\Utils\inc -Os -ffunction-sections -fdata-sections -g -fstack-usage -Wall -mcpu=cortex-m0 -specs=nano.specs -o Library\BlueNRG1_wdg.o 
arm-atollic-eabi-gcc -c ..\..\..\..\..\..\Library\BlueNRG1_Periph_Driver\src\BlueNRG1_gpio.c -mthumb -mcpu=cortex-m0 -std=c99 -DLS_SOURCE=LS_SOURCE_EXTERNAL_32KHZ -DSMPS_INDUCTOR=SMPS_INDUCTOR_10uH -DBLUENRG2_DEVICE -DHS_SPEED_XTAL=HS_SPEED_XTAL_32MHZ -DUSER_BUTTON=BUTTON_1 -I..\..\..\inc -I..\..\..\..\..\..\Library\BlueNRG1_Periph_Driver\inc -I..\..\..\..\..\..\Library\CMSIS\Device\ST\BlueNRG1\Include -I..\..\..\..\..\..\Library\SDK_Eval_BlueNRG1\inc -I..\..\..\..\..\..\Library\CMSIS\Include -I..\..\..\..\..\..\Library\hal\inc -I..\..\..\..\..\..\Library\Bluetooth_LE\inc -I..\..\..\..\..\..\Library\BLE_Application\layers_inc -I..\..\..\..\..\..\Library\BLE_Application\Utils\inc -Os -ffunction-sections -fdata-sections -g -fstack-usage -Wall -mcpu=cortex-m0 -specs=nano.specs -o Library\BlueNRG1_gpio.o 
arm-atollic-eabi-gcc -c ..\..\..\..\..\..\Library\BlueNRG1_Periph_Driver\src\BlueNRG1_flash.c -mthumb -mcpu=cortex-m0 -std=c99 -DLS_SOURCE=LS_SOURCE_EXTERNAL_32KHZ -DSMPS_INDUCTOR=SMPS_INDUCTOR_10uH -DBLUENRG2_DEVICE -DHS_SPEED_XTAL=HS_SPEED_XTAL_32MHZ -DUSER_BUTTON=BUTTON_1 -I..\..\..\inc -I..\..\..\..\..\..\Library\BlueNRG1_Periph_Driver\inc -I..\..\..\..\..\..\Library\CMSIS\Device\ST\BlueNRG1\Include -I..\..\..\..\..\..\Library\SDK_Eval_BlueNRG1\inc -I..\..\..\..\..\..\Library\CMSIS\Include -I..\..\..\..\..\..\Library\hal\inc -I..\..\..\..\..\..\Library\Bluetooth_LE\inc -I..\..\..\..\..\..\Library\BLE_Application\layers_inc -I..\..\..\..\..\..\Library\BLE_Application\Utils\inc -Os -ffunction-sections -fdata-sections -g -fstack-usage -Wall -mcpu=cortex-m0 -specs=nano.specs -o Library\BlueNRG1_flash.o 
arm-atollic-eabi-gcc -c ..\..\..\..\..\..\Library\BlueNRG1_Periph_Driver\src\BlueNRG1_spi.c -mthumb -mcpu=cortex-m0 -std=c99 -DLS_SOURCE=LS_SOURCE_EXTERNAL_32KHZ -DSMPS_INDUCTOR=SMPS_INDUCTOR_10uH -DBLUENRG2_DEVICE -DHS_SPEED_XTAL=HS_SPEED_XTAL_32MHZ -DUSER_BUTTON=BUTTON_1 -I..\..\..\inc -I..\..\..\..\..\..\Library\BlueNRG1_Periph_Driver\inc -I..\..\..\..\..\..\Library\CMSIS\Device\ST\BlueNRG1\Include -I..\..\..\..\..\..\Library\SDK_Eval_BlueNRG1\inc -I..\..\..\..\..\..\Library\CMSIS\Include -I..\..\..\..\..\..\Library\hal\inc -I..\..\..\..\..\..\Library\Bluetooth_LE\inc -I..\..\..\..\..\..\Library\BLE_Application\layers_inc -I..\..\..\..\..\..\Library\BLE_Application\Utils\inc -Os -ffunction-sections -fdata-sections -g -fstack-usage -Wall -mcpu=cortex-m0 -specs=nano.specs -o Library\BlueNRG1_spi.o 
arm-atollic-eabi-gcc -c ..\..\..\..\..\..\Library\BlueNRG1_Periph_Driver\src\BlueNRG1_uart.c -mthumb -mcpu=cortex-m0 -std=c99 -DLS_SOURCE=LS_SOURCE_EXTERNAL_32KHZ -DSMPS_INDUCTOR=SMPS_INDUCTOR_10uH -DBLUENRG2_DEVICE -DHS_SPEED_XTAL=HS_SPEED_XTAL_32MHZ -DUSER_BUTTON=BUTTON_1 -I..\..\..\inc -I..\..\..\..\..\..\Library\BlueNRG1_Periph_Driver\inc -I..\..\..\..\..\..\Library\CMSIS\Device\ST\BlueNRG1\Include -I..\..\..\..\..\..\Library\SDK_Eval_BlueNRG1\inc -I..\..\..\..\..\..\Library\CMSIS\Include -I..\..\..\..\..\..\Library\hal\inc -I..\..\..\..\..\..\Library\Bluetooth_LE\inc -I..\..\..\..\..\..\Library\BLE_Application\layers_inc -I..\..\..\..\..\..\Library\BLE_Application\Utils\inc -Os -ffunction-sections -fdata-sections -g -fstack-usage -Wall -mcpu=cortex-m0 -specs=nano.specs -o Library\BlueNRG1_uart.o 
arm-atollic-eabi-gcc -c ..\..\..\..\..\..\Library\BlueNRG1_Periph_Driver\src\BlueNRG1_rtc.c -mthumb -mcpu=cortex-m0 -std=c99 -DLS_SOURCE=LS_SOURCE_EXTERNAL_32KHZ -DSMPS_INDUCTOR=SMPS_INDUCTOR_10uH -DBLUENRG2_DEVICE -DHS_SPEED_XTAL=HS_SPEED_XTAL_32MHZ -DUSER_BUTTON=BUTTON_1 -I..\..\..\inc -I..\..\..\..\..\..\Library\BlueNRG1_Periph_Driver\inc -I..\..\..\..\..\..\Library\CMSIS\Device\ST\BlueNRG1\Include -I..\..\..\..\..\..\Library\SDK_Eval_BlueNRG1\inc -I..\..\..\..\..\..\Library\CMSIS\Include -I..\..\..\..\..\..\Library\hal\inc -I..\..\..\..\..\..\Library\Bluetooth_LE\inc -I..\..\..\..\..\..\Library\BLE_Application\layers_inc -I..\..\..\..\..\..\Library\BLE_Application\Utils\inc -Os -ffunction-sections -fdata-sections -g -fstack-usage -Wall -mcpu=cortex-m0 -specs=nano.specs -o Library\BlueNRG1_rtc.o 
arm-atollic-eabi-gcc -c ..\..\..\..\..\..\Library\hal\src\osal.c -mthumb -mcpu=cortex-m0 -std=c99 -DLS_SOURCE=LS_SOURCE_EXTERNAL_32KHZ -DSMPS_INDUCTOR=SMPS_INDUCTOR_10uH -DBLUENRG2_DEVICE -DHS_SPEED_XTAL=HS_SPEED_XTAL_32MHZ -DUSER_BUTTON=BUTTON_1 -I..\..\..\inc -I..\..\..\..\..\..\Library\BlueNRG1_Periph_Driver\inc -I..\..\..\..\..\..\Library\CMSIS\Device\ST\BlueNRG1\Include -I..\..\..\..\..\..\Library\SDK_Eval_BlueNRG1\inc -I..\..\..\..\..\..\Library\CMSIS\Include -I..\..\..\..\..\..\Library\hal\inc -I..\..\..\..\..\..\Library\Bluetooth_LE\inc -I..\..\..\..\..\..\Library\BLE_Application\layers_inc -I..\..\..\..\..\..\Library\BLE_Application\Utils\inc -Os -ffunction-sections -fdata-sections -g -fstack-usage -Wall -mcpu=cortex-m0 -specs=nano.specs -o Hal\osal.o 
arm-atollic-eabi-gcc -c ..\..\..\..\..\..\Library\hal\src\miscutil.c -mthumb -mcpu=cortex-m0 -std=c99 -DLS_SOURCE=LS_SOURCE_EXTERNAL_32KHZ -DSMPS_INDUCTOR=SMPS_INDUCTOR_10uH -DBLUENRG2_DEVICE -DHS_SPEED_XTAL=HS_SPEED_XTAL_32MHZ -DUSER_BUTTON=BUTTON_1 -I..\..\..\inc -I..\..\..\..\..\..\Library\BlueNRG1_Periph_Driver\inc -I..\..\..\..\..\..\Library\CMSIS\Device\ST\BlueNRG1\Include -I..\..\..\..\..\..\Library\SDK_Eval_BlueNRG1\inc -I..\..\..\..\..\..\Library\CMSIS\Include -I..\..\..\..\..\..\Library\hal\inc -I..\..\..\..\..\..\Library\Bluetooth_LE\inc -I..\..\..\..\..\..\Library\BLE_Application\layers_inc -I..\..\..\..\..\..\Library\BLE_Application\Utils\inc -Os -ffunction-sections -fdata-sections -g -fstack-usage -Wall -mcpu=cortex-m0 -specs=nano.specs -o Hal\miscutil.o 
arm-atollic-eabi-gcc -c ..\..\..\..\..\..\Library\BlueNRG1_Periph_Driver\src\BlueNRG1_adc.c -mthumb -mcpu=cortex-m0 -std=c99 -DLS_SOURCE=LS_SOURCE_EXTERNAL_32KHZ -DSMPS_INDUCTOR=SMPS_INDUCTOR_10uH -DBLUENRG2_DEVICE -DHS_SPEED_XTAL=HS_SPEED_XTAL_32MHZ -DUSER_BUTTON=BUTTON_1 -I..\..\..\inc -I..\..\..\..\..\..\Library\BlueNRG1_Periph_Driver\inc -I..\..\..\..\..\..\Library\CMSIS\Device\ST\BlueNRG1\Include -I..\..\..\..\..\..\Library\SDK_Eval_BlueNRG1\inc -I..\..\..\..\..\..\Library\CMSIS\Include -I..\..\..\..\..\..\Library\hal\inc -I..\..\..\..\..\..\Library\Bluetooth_LE\inc -I..\..\..\..\..\..\Library\BLE_Application\layers_inc -I..\..\..\..\..\..\Library\BLE_Application\Utils\inc -Os -ffunction-sections -fdata-sections -g -fstack-usage -Wall -mcpu=cortex-m0 -specs=nano.specs -o Library\BlueNRG1_adc.o 
arm-atollic-eabi-gcc -c -mthumb -mcpu=cortex-m0 -g -Wa,--no-warn -x assembler-with-cpp -specs=nano.specs -o Hal\context_switch.o ..\..\..\..\..\..\Library\hal\src\context_switch.s 
arm-atollic-eabi-gcc -c ..\..\..\..\..\..\Library\BlueNRG1_Periph_Driver\src\BlueNRG1_dma.c -mthumb -mcpu=cortex-m0 -std=c99 -DLS_SOURCE=LS_SOURCE_EXTERNAL_32KHZ -DSMPS_INDUCTOR=SMPS_INDUCTOR_10uH -DBLUENRG2_DEVICE -DHS_SPEED_XTAL=HS_SPEED_XTAL_32MHZ -DUSER_BUTTON=BUTTON_1 -I..\..\..\inc -I..\..\..\..\..\..\Library\BlueNRG1_Periph_Driver\inc -I..\..\..\..\..\..\Library\CMSIS\Device\ST\BlueNRG1\Include -I..\..\..\..\..\..\Library\SDK_Eval_BlueNRG1\inc -I..\..\..\..\..\..\Library\CMSIS\Include -I..\..\..\..\..\..\Library\hal\inc -I..\..\..\..\..\..\Library\Bluetooth_LE\inc -I..\..\..\..\..\..\Library\BLE_Application\layers_inc -I..\..\..\..\..\..\Library\BLE_Application\Utils\inc -Os -ffunction-sections -fdata-sections -g -fstack-usage -Wall -mcpu=cortex-m0 -specs=nano.specs -o Library\BlueNRG1_dma.o 
arm-atollic-eabi-gcc -c ..\..\..\src\BlueNRG1_it.c -mthumb -mcpu=cortex-m0 -std=c99 -DLS_SOURCE=LS_SOURCE_EXTERNAL_32KHZ -DSMPS_INDUCTOR=SMPS_INDUCTOR_10uH -DBLUENRG2_DEVICE -DHS_SPEED_XTAL=HS_SPEED_XTAL_32MHZ -DUSER_BUTTON=BUTTON_1 -I..\..\..\inc -I..\..\..\..\..\..\Library\BlueNRG1_Periph_Driver\inc -I..\..\..\..\..\..\Library\CMSIS\Device\ST\BlueNRG1\Include -I..\..\..\..\..\..\Library\SDK_Eval_BlueNRG1\inc -I..\..\..\..\..\..\Library\CMSIS\Include -I..\..\..\..\..\..\Library\hal\inc -I..\..\..\..\..\..\Library\Bluetooth_LE\inc -I..\..\..\..\..\..\Library\BLE_Application\layers_inc -I..\..\..\..\..\..\Library\BLE_Application\Utils\inc -Os -ffunction-sections -fdata-sections -g -fstack-usage -Wall -mcpu=cortex-m0 -specs=nano.specs -o User\BlueNRG1_it.o 
arm-atollic-eabi-gcc -c ..\..\..\..\..\..\Library\hal\src\sleep.c -mthumb -mcpu=cortex-m0 -std=c99 -DLS_SOURCE=LS_SOURCE_EXTERNAL_32KHZ -DSMPS_INDUCTOR=SMPS_INDUCTOR_10uH -DBLUENRG2_DEVICE -DHS_SPEED_XTAL=HS_SPEED_XTAL_32MHZ -DUSER_BUTTON=BUTTON_1 -I..\..\..\inc -I..\..\..\..\..\..\Library\BlueNRG1_Periph_Driver\inc -I..\..\..\..\..\..\Library\CMSIS\Device\ST\BlueNRG1\Include -I..\..\..\..\..\..\Library\SDK_Eval_BlueNRG1\inc -I..\..\..\..\..\..\Library\CMSIS\Include -I..\..\..\..\..\..\Library\hal\inc -I..\..\..\..\..\..\Library\Bluetooth_LE\inc -I..\..\..\..\..\..\Library\BLE_Application\layers_inc -I..\..\..\..\..\..\Library\BLE_Application\Utils\inc -Os -ffunction-sections -fdata-sections -g -fstack-usage -Wall -mcpu=cortex-m0 -specs=nano.specs -o Hal\sleep.o 
arm-atollic-eabi-gcc -c ..\..\..\..\..\..\Library\BlueNRG1_Periph_Driver\src\BlueNRG1_mft.c -mthumb -mcpu=cortex-m0 -std=c99 -DLS_SOURCE=LS_SOURCE_EXTERNAL_32KHZ -DSMPS_INDUCTOR=SMPS_INDUCTOR_10uH -DBLUENRG2_DEVICE -DHS_SPEED_XTAL=HS_SPEED_XTAL_32MHZ -DUSER_BUTTON=BUTTON_1 -I..\..\..\inc -I..\..\..\..\..\..\Library\BlueNRG1_Periph_Driver\inc -I..\..\..\..\..\..\Library\CMSIS\Device\ST\BlueNRG1\Include -I..\..\..\..\..\..\Library\SDK_Eval_BlueNRG1\inc -I..\..\..\..\..\..\Library\CMSIS\Include -I..\..\..\..\..\..\Library\hal\inc -I..\..\..\..\..\..\Library\Bluetooth_LE\inc -I..\..\..\..\..\..\Library\BLE_Application\layers_inc -I..\..\..\..\..\..\Library\BLE_Application\Utils\inc -Os -ffunction-sections -fdata-sections -g -fstack-usage -Wall -mcpu=cortex-m0 -specs=nano.specs -o Library\BlueNRG1_mft.o 
arm-atollic-eabi-gcc -c ..\..\..\..\..\..\Library\BlueNRG1_Periph_Driver\src\BlueNRG1_i2c.c -mthumb -mcpu=cortex-m0 -std=c99 -DLS_SOURCE=LS_SOURCE_EXTERNAL_32KHZ -DSMPS_INDUCTOR=SMPS_INDUCTOR_10uH -DBLUENRG2_DEVICE -DHS_SPEED_XTAL=HS_SPEED_XTAL_32MHZ -DUSER_BUTTON=BUTTON_1 -I..\..\..\inc -I..\..\..\..\..\..\Library\BlueNRG1_Periph_Driver\inc -I..\..\..\..\..\..\Library\CMSIS\Device\ST\BlueNRG1\Include -I..\..\..\..\..\..\Library\SDK_Eval_BlueNRG1\inc -I..\..\..\..\..\..\Library\CMSIS\Include -I..\..\..\..\..\..\Library\hal\inc -I..\..\..\..\..\..\Library\Bluetooth_LE\inc -I..\..\..\..\..\..\Library\BLE_Application\layers_inc -I..\..\..\..\..\..\Library\BLE_Application\Utils\inc -Os -ffunction-sections -fdata-sections -g -fstack-usage -Wall -mcpu=cortex-m0 -specs=nano.specs -o Library\BlueNRG1_i2c.o 
arm-atollic-eabi-gcc -c ..\..\..\..\..\..\Library\Bluetooth_LE\src\stack_user_cfg.c -mthumb -mcpu=cortex-m0 -std=c99 -DLS_SOURCE=LS_SOURCE_EXTERNAL_32KHZ -DSMPS_INDUCTOR=SMPS_INDUCTOR_10uH -DBLUENRG2_DEVICE -DHS_SPEED_XTAL=HS_SPEED_XTAL_32MHZ -DUSER_BUTTON=BUTTON_1 -I..\..\..\inc -I..\..\..\..\..\..\Library\BlueNRG1_Periph_Driver\inc -I..\..\..\..\..\..\Library\CMSIS\Device\ST\BlueNRG1\Include -I..\..\..\..\..\..\Library\SDK_Eval_BlueNRG1\inc -I..\..\..\..\..\..\Library\CMSIS\Include -I..\..\..\..\..\..\Library\hal\inc -I..\..\..\..\..\..\Library\Bluetooth_LE\inc -I..\..\..\..\..\..\Library\BLE_Application\layers_inc -I..\..\..\..\..\..\Library\BLE_Application\Utils\inc -Os -ffunction-sections -fdata-sections -g -fstack-usage -Wall -mcpu=cortex-m0 -specs=nano.specs -o Stack\stack_user_cfg.o 
arm-atollic-eabi-gcc -c ..\..\..\..\..\..\Library\CMSIS\Device\ST\BlueNRG1\Source\system_bluenrg1.c -mthumb -mcpu=cortex-m0 -std=c99 -DLS_SOURCE=LS_SOURCE_EXTERNAL_32KHZ -DSMPS_INDUCTOR=SMPS_INDUCTOR_10uH -DBLUENRG2_DEVICE -DHS_SPEED_XTAL=HS_SPEED_XTAL_32MHZ -DUSER_BUTTON=BUTTON_1 -I..\..\..\inc -I..\..\..\..\..\..\Library\BlueNRG1_Periph_Driver\inc -I..\..\..\..\..\..\Library\CMSIS\Device\ST\BlueNRG1\Include -I..\..\..\..\..\..\Library\SDK_Eval_BlueNRG1\inc -I..\..\..\..\..\..\Library\CMSIS\Include -I..\..\..\..\..\..\Library\hal\inc -I..\..\..\..\..\..\Library\Bluetooth_LE\inc -I..\..\..\..\..\..\Library\BLE_Application\layers_inc -I..\..\..\..\..\..\Library\BLE_Application\Utils\inc -Os -ffunction-sections -fdata-sections -g -fstack-usage -Wall -mcpu=cortex-m0 -specs=nano.specs -o Startup\system_bluenrg1.o 
arm-atollic-eabi-gcc -c ..\..\..\src\Power_Consumption_Test.c -mthumb -mcpu=cortex-m0 -std=c99 -DLS_SOURCE=LS_SOURCE_EXTERNAL_32KHZ -DSMPS_INDUCTOR=SMPS_INDUCTOR_10uH -DBLUENRG2_DEVICE -DHS_SPEED_XTAL=HS_SPEED_XTAL_32MHZ -DUSER_BUTTON=BUTTON_1 -I..\..\..\inc -I..\..\..\..\..\..\Library\BlueNRG1_Periph_Driver\inc -I..\..\..\..\..\..\Library\CMSIS\Device\ST\BlueNRG1\Include -I..\..\..\..\..\..\Library\SDK_Eval_BlueNRG1\inc -I..\..\..\..\..\..\Library\CMSIS\Include -I..\..\..\..\..\..\Library\hal\inc -I..\..\..\..\..\..\Library\Bluetooth_LE\inc -I..\..\..\..\..\..\Library\BLE_Application\layers_inc -I..\..\..\..\..\..\Library\BLE_Application\Utils\inc -Os -ffunction-sections -fdata-sections -g -fstack-usage -Wall -mcpu=cortex-m0 -specs=nano.specs -o User\Power_Consumption_Test.o 
arm-atollic-eabi-gcc -c ..\..\..\..\..\..\Library\BlueNRG1_Periph_Driver\src\misc.c -mthumb -mcpu=cortex-m0 -std=c99 -DLS_SOURCE=LS_SOURCE_EXTERNAL_32KHZ -DSMPS_INDUCTOR=SMPS_INDUCTOR_10uH -DBLUENRG2_DEVICE -DHS_SPEED_XTAL=HS_SPEED_XTAL_32MHZ -DUSER_BUTTON=BUTTON_1 -I..\..\..\inc -I..\..\..\..\..\..\Library\BlueNRG1_Periph_Driver\inc -I..\..\..\..\..\..\Library\CMSIS\Device\ST\BlueNRG1\Include -I..\..\..\..\..\..\Library\SDK_Eval_BlueNRG1\inc -I..\..\..\..\..\..\Library\CMSIS\Include -I..\..\..\..\..\..\Library\hal\inc -I..\..\..\..\..\..\Library\Bluetooth_LE\inc -I..\..\..\..\..\..\Library\BLE_Application\layers_inc -I..\..\..\..\..\..\Library\BLE_Application\Utils\inc -Os -ffunction-sections -fdata-sections -g -fstack-usage -Wall -mcpu=cortex-m0 -specs=nano.specs -o Library\misc.o 
[...]
arm-atollic-eabi-gcc -c ..\Library\BlueNRG1_Periph_Driver\src\BlueNRG1_adc.c -mthumb -mcpu=cortex-m0 -std=gnu11 -DLS_SOURCE=LS_SOURCE_EXTERNAL_32KHZ -DSMPS_INDUCTOR=SMPS_INDUCTOR_10uH -DBLUENRG2_DEVICE -DHS_SPEED_XTAL=HS_SPEED_XTAL_32MHZ -DUSER_BUTTON=BUTTON_1 -DNO_SMART_POWER_MANAGEMENT -I../inc -I../Library/BlueNRG1_Periph_Driver/inc -I../Library/CMSIS/Device/ST/BlueNRG1/Include -I../Library/SDK_Eval_BlueNRG1/inc -I../Library/CMSIS/Include -I../Library/hal/inc -I../Library/Bluetooth_LE/inc -I../Library/BLE_Application/layers_inc -I../Library/BLE_Application/Utils/inc -I../src -O0 -ffunction-sections -fdata-sections -g -fstack-usage -Wall -specs=nano.specs -o Library\BlueNRG1_Periph_Driver\src\BlueNRG1_adc.o 
arm-atollic-eabi-gcc -c ..\Library\SDK_Eval_BlueNRG1\src\SDK_EVAL_Config.c -mthumb -mcpu=cortex-m0 -std=gnu11 -DLS_SOURCE=LS_SOURCE_EXTERNAL_32KHZ -DSMPS_INDUCTOR=SMPS_INDUCTOR_10uH -DBLUENRG2_DEVICE -DHS_SPEED_XTAL=HS_SPEED_XTAL_32MHZ -DUSER_BUTTON=BUTTON_1 -DNO_SMART_POWER_MANAGEMENT -I../inc -I../Library/BlueNRG1_Periph_Driver/inc -I../Library/CMSIS/Device/ST/BlueNRG1/Include -I../Library/SDK_Eval_BlueNRG1/inc -I../Library/CMSIS/Include -I../Library/hal/inc -I../Library/Bluetooth_LE/inc -I../Library/BLE_Application/layers_inc -I../Library/BLE_Application/Utils/inc -I../src -O0 -ffunction-sections -fdata-sections -g -fstack-usage -Wall -specs=nano.specs -o Library\SDK_Eval_BlueNRG1\src\SDK_EVAL_Config.o 
arm-atollic-eabi-gcc -c ..\Library\SDK_Eval_BlueNRG1\src\SDK_EVAL_Com.c -mthumb -mcpu=cortex-m0 -std=gnu11 -DLS_SOURCE=LS_SOURCE_EXTERNAL_32KHZ -DSMPS_INDUCTOR=SMPS_INDUCTOR_10uH -DBLUENRG2_DEVICE -DHS_SPEED_XTAL=HS_SPEED_XTAL_32MHZ -DUSER_BUTTON=BUTTON_1 -DNO_SMART_POWER_MANAGEMENT -I../inc -I../Library/BlueNRG1_Periph_Driver/inc -I../Library/CMSIS/Device/ST/BlueNRG1/Include -I../Library/SDK_Eval_BlueNRG1/inc -I../Library/CMSIS/Include -I../Library/hal/inc -I../Library/Bluetooth_LE/inc -I../Library/BLE_Application/layers_inc -I../Library/BLE_Application/Utils/inc -I../src -O0 -ffunction-sections -fdata-sections -g -fstack-usage -Wall -specs=nano.specs -o Library\SDK_Eval_BlueNRG1\src\SDK_EVAL_Com.o 
arm-atollic-eabi-gcc -c ..\Library\BlueNRG1_Periph_Driver\src\BlueNRG1_i2c.c -mthumb -mcpu=cortex-m0 -std=gnu11 -DLS_SOURCE=LS_SOURCE_EXTERNAL_32KHZ -DSMPS_INDUCTOR=SMPS_INDUCTOR_10uH -DBLUENRG2_DEVICE -DHS_SPEED_XTAL=HS_SPEED_XTAL_32MHZ -DUSER_BUTTON=BUTTON_1 -DNO_SMART_POWER_MANAGEMENT -I../inc -I../Library/BlueNRG1_Periph_Driver/inc -I../Library/CMSIS/Device/ST/BlueNRG1/Include -I../Library/SDK_Eval_BlueNRG1/inc -I../Library/CMSIS/Include -I../Library/hal/inc -I../Library/Bluetooth_LE/inc -I../Library/BLE_Application/layers_inc -I../Library/BLE_Application/Utils/inc -I../src -O0 -ffunction-sections -fdata-sections -g -fstack-usage -Wall -specs=nano.specs -o Library\BlueNRG1_Periph_Driver\src\BlueNRG1_i2c.o 
arm-atollic-eabi-gcc -c ..\Library\BlueNRG1_Periph_Driver\src\BlueNRG1_wdg.c -mthumb -mcpu=cortex-m0 -std=gnu11 -DLS_SOURCE=LS_SOURCE_EXTERNAL_32KHZ -DSMPS_INDUCTOR=SMPS_INDUCTOR_10uH -DBLUENRG2_DEVICE -DHS_SPEED_XTAL=HS_SPEED_XTAL_32MHZ -DUSER_BUTTON=BUTTON_1 -DNO_SMART_POWER_MANAGEMENT -I../inc -I../Library/BlueNRG1_Periph_Driver/inc -I../Library/CMSIS/Device/ST/BlueNRG1/Include -I../Library/SDK_Eval_BlueNRG1/inc -I../Library/CMSIS/Include -I../Library/hal/inc -I../Library/Bluetooth_LE/inc -I../Library/BLE_Application/layers_inc -I../Library/BLE_Application/Utils/inc -I../src -O0 -ffunction-sections -fdata-sections -g -fstack-usage -Wall -specs=nano.specs -o Library\BlueNRG1_Periph_Driver\src\BlueNRG1_wdg.o 
arm-atollic-eabi-gcc -c ..\Library\BlueNRG1_Periph_Driver\src\BlueNRG1_pka.c -mthumb -mcpu=cortex-m0 -std=gnu11 -DLS_SOURCE=LS_SOURCE_EXTERNAL_32KHZ -DSMPS_INDUCTOR=SMPS_INDUCTOR_10uH -DBLUENRG2_DEVICE -DHS_SPEED_XTAL=HS_SPEED_XTAL_32MHZ -DUSER_BUTTON=BUTTON_1 -DNO_SMART_POWER_MANAGEMENT -I../inc -I../Library/BlueNRG1_Periph_Driver/inc -I../Library/CMSIS/Device/ST/BlueNRG1/Include -I../Library/SDK_Eval_BlueNRG1/inc -I../Library/CMSIS/Include -I../Library/hal/inc -I../Library/Bluetooth_LE/inc -I../Library/BLE_Application/layers_inc -I../Library/BLE_Application/Utils/inc -I../src -O0 -ffunction-sections -fdata-sections -g -fstack-usage -Wall -specs=nano.specs -o Library\BlueNRG1_Periph_Driver\src\BlueNRG1_pka.o 
arm-atollic-eabi-gcc -c ..\Library\hal\src\osal.c -mthumb -mcpu=cortex-m0 -std=gnu11 -DLS_SOURCE=LS_SOURCE_EXTERNAL_32KHZ -DSMPS_INDUCTOR=SMPS_INDUCTOR_10uH -DBLUENRG2_DEVICE -DHS_SPEED_XTAL=HS_SPEED_XTAL_32MHZ -DUSER_BUTTON=BUTTON_1 -DNO_SMART_POWER_MANAGEMENT -I../inc -I../Library/BlueNRG1_Periph_Driver/inc -I../Library/CMSIS/Device/ST/BlueNRG1/Include -I../Library/SDK_Eval_BlueNRG1/inc -I../Library/CMSIS/Include -I../Library/hal/inc -I../Library/Bluetooth_LE/inc -I../Library/BLE_Application/layers_inc -I../Library/BLE_Application/Utils/inc -I../src -O0 -ffunction-sections -fdata-sections -g -fstack-usage -Wall -specs=nano.specs -o Library\hal\src\osal.o 
arm-atollic-eabi-gcc -c ..\Library\BlueNRG1_Periph_Driver\src\BlueNRG1_rtc.c -mthumb -mcpu=cortex-m0 -std=gnu11 -DLS_SOURCE=LS_SOURCE_EXTERNAL_32KHZ -DSMPS_INDUCTOR=SMPS_INDUCTOR_10uH -DBLUENRG2_DEVICE -DHS_SPEED_XTAL=HS_SPEED_XTAL_32MHZ -DUSER_BUTTON=BUTTON_1 -DNO_SMART_POWER_MANAGEMENT -I../inc -I../Library/BlueNRG1_Periph_Driver/inc -I../Library/CMSIS/Device/ST/BlueNRG1/Include -I../Library/SDK_Eval_BlueNRG1/inc -I../Library/CMSIS/Include -I../Library/hal/inc -I../Library/Bluetooth_LE/inc -I../Library/BLE_Application/layers_inc -I../Library/BLE_Application/Utils/inc -I../src -O0 -ffunction-sections -fdata-sections -g -fstack-usage -Wall -specs=nano.specs -o Library\BlueNRG1_Periph_Driver\src\BlueNRG1_rtc.o 
arm-atollic-eabi-gcc -c ..\Library\CMSIS\Device\ST\BlueNRG1\Source\system_bluenrg1.c -mthumb -mcpu=cortex-m0 -std=gnu11 -DLS_SOURCE=LS_SOURCE_EXTERNAL_32KHZ -DSMPS_INDUCTOR=SMPS_INDUCTOR_10uH -DBLUENRG2_DEVICE -DHS_SPEED_XTAL=HS_SPEED_XTAL_32MHZ -DUSER_BUTTON=BUTTON_1 -DNO_SMART_POWER_MANAGEMENT -I../inc -I../Library/BlueNRG1_Periph_Driver/inc -I../Library/CMSIS/Device/ST/BlueNRG1/Include -I../Library/SDK_Eval_BlueNRG1/inc -I../Library/CMSIS/Include -I../Library/hal/inc -I../Library/Bluetooth_LE/inc -I../Library/BLE_Application/layers_inc -I../Library/BLE_Application/Utils/inc -I../src -O0 -ffunction-sections -fdata-sections -g -fstack-usage -Wall -specs=nano.specs -o Library\CMSIS\Device\ST\BlueNRG1\Source\system_bluenrg1.o 
arm-atollic-eabi-gcc -c ..\Library\BlueNRG1_Periph_Driver\src\BlueNRG1_dma.c -mthumb -mcpu=cortex-m0 -std=gnu11 -DLS_SOURCE=LS_SOURCE_EXTERNAL_32KHZ -DSMPS_INDUCTOR=SMPS_INDUCTOR_10uH -DBLUENRG2_DEVICE -DHS_SPEED_XTAL=HS_SPEED_XTAL_32MHZ -DUSER_BUTTON=BUTTON_1 -DNO_SMART_POWER_MANAGEMENT -I../inc -I../Library/BlueNRG1_Periph_Driver/inc -I../Library/CMSIS/Device/ST/BlueNRG1/Include -I../Library/SDK_Eval_BlueNRG1/inc -I../Library/CMSIS/Include -I../Library/hal/inc -I../Library/Bluetooth_LE/inc -I../Library/BLE_Application/layers_inc -I../Library/BLE_Application/Utils/inc -I../src -O0 -ffunction-sections -fdata-sections -g -fstack-usage -Wall -specs=nano.specs -o Library\BlueNRG1_Periph_Driver\src\BlueNRG1_dma.o 
arm-atollic-eabi-gcc -c ..\src\Power_Consumption_Test.c -mthumb -mcpu=cortex-m0 -std=gnu11 -DLS_SOURCE=LS_SOURCE_EXTERNAL_32KHZ -DSMPS_INDUCTOR=SMPS_INDUCTOR_10uH -DBLUENRG2_DEVICE -DHS_SPEED_XTAL=HS_SPEED_XTAL_32MHZ -DUSER_BUTTON=BUTTON_1 -DNO_SMART_POWER_MANAGEMENT -I../inc -I../Library/BlueNRG1_Periph_Driver/inc -I../Library/CMSIS/Device/ST/BlueNRG1/Include -I../Library/SDK_Eval_BlueNRG1/inc -I../Library/CMSIS/Include -I../Library/hal/inc -I../Library/Bluetooth_LE/inc -I../Library/BLE_Application/layers_inc -I../Library/BLE_Application/Utils/inc -I../src -O0 -ffunction-sections -fdata-sections -g -fstack-usage -Wall -specs=nano.specs -o src\Power_Consumption_Test.o 
arm-atollic-eabi-gcc -c ..\Library\BlueNRG1_Periph_Driver\src\BlueNRG1_flash.c -mthumb -mcpu=cortex-m0 -std=gnu11 -DLS_SOURCE=LS_SOURCE_EXTERNAL_32KHZ -DSMPS_INDUCTOR=SMPS_INDUCTOR_10uH -DBLUENRG2_DEVICE -DHS_SPEED_XTAL=HS_SPEED_XTAL_32MHZ -DUSER_BUTTON=BUTTON_1 -DNO_SMART_POWER_MANAGEMENT -I../inc -I../Library/BlueNRG1_Periph_Driver/inc -I../Library/CMSIS/Device/ST/BlueNRG1/Include -I../Library/SDK_Eval_BlueNRG1/inc -I../Library/CMSIS/Include -I../Library/hal/inc -I../Library/Bluetooth_LE/inc -I../Library/BLE_Application/layers_inc -I../Library/BLE_Application/Utils/inc -I../src -O0 -ffunction-sections -fdata-sections -g -fstack-usage -Wall -specs=nano.specs -o Library\BlueNRG1_Periph_Driver\src\BlueNRG1_flash.o 
arm-atollic-eabi-gcc -c ..\Library\BlueNRG1_Periph_Driver\src\BlueNRG1_uart.c -mthumb -mcpu=cortex-m0 -std=gnu11 -DLS_SOURCE=LS_SOURCE_EXTERNAL_32KHZ -DSMPS_INDUCTOR=SMPS_INDUCTOR_10uH -DBLUENRG2_DEVICE -DHS_SPEED_XTAL=HS_SPEED_XTAL_32MHZ -DUSER_BUTTON=BUTTON_1 -DNO_SMART_POWER_MANAGEMENT -I../inc -I../Library/BlueNRG1_Periph_Driver/inc -I../Library/CMSIS/Device/ST/BlueNRG1/Include -I../Library/SDK_Eval_BlueNRG1/inc -I../Library/CMSIS/Include -I../Library/hal/inc -I../Library/Bluetooth_LE/inc -I../Library/BLE_Application/layers_inc -I../Library/BLE_Application/Utils/inc -I../src -O0 -ffunction-sections -fdata-sections -g -fstack-usage -Wall -specs=nano.specs -o Library\BlueNRG1_Periph_Driver\src\BlueNRG1_uart.o 
arm-atollic-eabi-gcc -c ..\Library\hal\src\sleep.c -mthumb -mcpu=cortex-m0 -std=gnu11 -DLS_SOURCE=LS_SOURCE_EXTERNAL_32KHZ -DSMPS_INDUCTOR=SMPS_INDUCTOR_10uH -DBLUENRG2_DEVICE -DHS_SPEED_XTAL=HS_SPEED_XTAL_32MHZ -DUSER_BUTTON=BUTTON_1 -DNO_SMART_POWER_MANAGEMENT -I../inc -I../Library/BlueNRG1_Periph_Driver/inc -I../Library/CMSIS/Device/ST/BlueNRG1/Include -I../Library/SDK_Eval_BlueNRG1/inc -I../Library/CMSIS/Include -I../Library/hal/inc -I../Library/Bluetooth_LE/inc -I../Library/BLE_Application/layers_inc -I../Library/BLE_Application/Utils/inc -I../src -O0 -ffunction-sections -fdata-sections -g -fstack-usage -Wall -specs=nano.specs -o Library\hal\src\sleep.o 
arm-atollic-eabi-gcc -c ..\Library\Bluetooth_LE\src\stack_user_cfg.c -mthumb -mcpu=cortex-m0 -std=gnu11 -DLS_SOURCE=LS_SOURCE_EXTERNAL_32KHZ -DSMPS_INDUCTOR=SMPS_INDUCTOR_10uH -DBLUENRG2_DEVICE -DHS_SPEED_XTAL=HS_SPEED_XTAL_32MHZ -DUSER_BUTTON=BUTTON_1 -DNO_SMART_POWER_MANAGEMENT -I../inc -I../Library/BlueNRG1_Periph_Driver/inc -I../Library/CMSIS/Device/ST/BlueNRG1/Include -I../Library/SDK_Eval_BlueNRG1/inc -I../Library/CMSIS/Include -I../Library/hal/inc -I../Library/Bluetooth_LE/inc -I../Library/BLE_Application/layers_inc -I../Library/BLE_Application/Utils/inc -I../src -O0 -ffunction-sections -fdata-sections -g -fstack-usage -Wall -specs=nano.specs -o Library\Bluetooth_LE\src\stack_user_cfg.o 
arm-atollic-eabi-gcc -c ..\Library\Bluetooth_LE\src\stack_slvonly_api_stubs.c -mthumb -mcpu=cortex-m0 -std=gnu11 -DLS_SOURCE=LS_SOURCE_EXTERNAL_32KHZ -DSMPS_INDUCTOR=SMPS_INDUCTOR_10uH -DBLUENRG2_DEVICE -DHS_SPEED_XTAL=HS_SPEED_XTAL_32MHZ -DUSER_BUTTON=BUTTON_1 -DNO_SMART_POWER_MANAGEMENT -I../inc -I../Library/BlueNRG1_Periph_Driver/inc -I../Library/CMSIS/Device/ST/BlueNRG1/Include -I../Library/SDK_Eval_BlueNRG1/inc -I../Library/CMSIS/Include -I../Library/hal/inc -I../Library/Bluetooth_LE/inc -I../Library/BLE_Application/layers_inc -I../Library/BLE_Application/Utils/inc -I../src -O0 -ffunction-sections -fdata-sections -g -fstack-usage -Wall -specs=nano.specs -o Library\Bluetooth_LE\src\stack_slvonly_api_stubs.o 
arm-atollic-eabi-gcc -c ..\src\BlueNRG1_it.c -mthumb -mcpu=cortex-m0 -std=gnu11 -DLS_SOURCE=LS_SOURCE_EXTERNAL_32KHZ -DSMPS_INDUCTOR=SMPS_INDUCTOR_10uH -DBLUENRG2_DEVICE -DHS_SPEED_XTAL=HS_SPEED_XTAL_32MHZ -DUSER_BUTTON=BUTTON_1 -DNO_SMART_POWER_MANAGEMENT -I../inc -I../Library/BlueNRG1_Periph_Driver/inc -I../Library/CMSIS/Device/ST/BlueNRG1/Include -I../Library/SDK_Eval_BlueNRG1/inc -I../Library/CMSIS/Include -I../Library/hal/inc -I../Library/Bluetooth_LE/inc -I../Library/BLE_Application/layers_inc -I../Library/BLE_Application/Utils/inc -I../src -O0 -ffunction-sections -fdata-sections -g -fstack-usage -Wall -specs=nano.specs -o src\BlueNRG1_it.o 
arm-atollic-eabi-gcc -c ..\Library\Bluetooth_LE\src\stack_dle_api_stubs.c -mthumb -mcpu=cortex-m0 -std=gnu11 -DLS_SOURCE=LS_SOURCE_EXTERNAL_32KHZ -DSMPS_INDUCTOR=SMPS_INDUCTOR_10uH -DBLUENRG2_DEVICE -DHS_SPEED_XTAL=HS_SPEED_XTAL_32MHZ -DUSER_BUTTON=BUTTON_1 -DNO_SMART_POWER_MANAGEMENT -I../inc -I../Library/BlueNRG1_Periph_Driver/inc -I../Library/CMSIS/Device/ST/BlueNRG1/Include -I../Library/SDK_Eval_BlueNRG1/inc -I../Library/CMSIS/Include -I../Library/hal/inc -I../Library/Bluetooth_LE/inc -I../Library/BLE_Application/layers_inc -I../Library/BLE_Application/Utils/inc -I../src -O0 -ffunction-sections -fdata-sections -g -fstack-usage -Wall -specs=nano.specs -o Library\Bluetooth_LE\src\stack_dle_api_stubs.o 
arm-atollic-eabi-gcc -c ..\Library\BlueNRG1_Periph_Driver\src\misc.c -mthumb -mcpu=cortex-m0 -std=gnu11 -DLS_SOURCE=LS_SOURCE_EXTERNAL_32KHZ -DSMPS_INDUCTOR=SMPS_INDUCTOR_10uH -DBLUENRG2_DEVICE -DHS_SPEED_XTAL=HS_SPEED_XTAL_32MHZ -DUSER_BUTTON=BUTTON_1 -DNO_SMART_POWER_MANAGEMENT -I../inc -I../Library/BlueNRG1_Periph_Driver/inc -I../Library/CMSIS/Device/ST/BlueNRG1/Include -I../Library/SDK_Eval_BlueNRG1/inc -I../Library/CMSIS/Include -I../Library/hal/inc -I../Library/Bluetooth_LE/inc -I../Library/BLE_Application/layers_inc -I../Library/BLE_Application/Utils/inc -I../src -O0 -ffunction-sections -fdata-sections -g -fstack-usage -Wall -specs=nano.specs -o Library\BlueNRG1_Periph_Driver\src\misc.o 
arm-atollic-eabi-gcc -c ..\Library\BlueNRG1_Periph_Driver\src\BlueNRG1_spi.c -mthumb -mcpu=cortex-m0 -std=gnu11 -DLS_SOURCE=LS_SOURCE_EXTERNAL_32KHZ -DSMPS_INDUCTOR=SMPS_INDUCTOR_10uH -DBLUENRG2_DEVICE -DHS_SPEED_XTAL=HS_SPEED_XTAL_32MHZ -DUSER_BUTTON=BUTTON_1 -DNO_SMART_POWER_MANAGEMENT -I../inc -I../Library/BlueNRG1_Periph_Driver/inc -I../Library/CMSIS/Device/ST/BlueNRG1/Include -I../Library/SDK_Eval_BlueNRG1/inc -I../Library/CMSIS/Include -I../Library/hal/inc -I../Library/Bluetooth_LE/inc -I../Library/BLE_Application/layers_inc -I../Library/BLE_Application/Utils/inc -I../src -O0 -ffunction-sections -fdata-sections -g -fstack-usage -Wall -specs=nano.specs -o Library\BlueNRG1_Periph_Driver\src\BlueNRG1_spi.o 
arm-atollic-eabi-gcc -c ..\Library\BlueNRG1_Periph_Driver\src\BlueNRG1_gpio.c -mthumb -mcpu=cortex-m0 -std=gnu11 -DLS_SOURCE=LS_SOURCE_EXTERNAL_32KHZ -DSMPS_INDUCTOR=SMPS_INDUCTOR_10uH -DBLUENRG2_DEVICE -DHS_SPEED_XTAL=HS_SPEED_XTAL_32MHZ -DUSER_BUTTON=BUTTON_1 -DNO_SMART_POWER_MANAGEMENT -I../inc -I../Library/BlueNRG1_Periph_Driver/inc -I../Library/CMSIS/Device/ST/BlueNRG1/Include -I../Library/SDK_Eval_BlueNRG1/inc -I../Library/CMSIS/Include -I../Library/hal/inc -I../Library/Bluetooth_LE/inc -I../Library/BLE_Application/layers_inc -I../Library/BLE_Application/Utils/inc -I../src -O0 -ffunction-sections -fdata-sections -g -fstack-usage -Wall -specs=nano.specs -o Library\BlueNRG1_Periph_Driver\src\BlueNRG1_gpio.o 
arm-atollic-eabi-gcc -c ..\Library\BlueNRG1_Periph_Driver\src\BlueNRG1_rng.c -mthumb -mcpu=cortex-m0 -std=gnu11 -DLS_SOURCE=LS_SOURCE_EXTERNAL_32KHZ -DSMPS_INDUCTOR=SMPS_INDUCTOR_10uH -DBLUENRG2_DEVICE -DHS_SPEED_XTAL=HS_SPEED_XTAL_32MHZ -DUSER_BUTTON=BUTTON_1 -DNO_SMART_POWER_MANAGEMENT -I../inc -I../Library/BlueNRG1_Periph_Driver/inc -I../Library/CMSIS/Device/ST/BlueNRG1/Include -I../Library/SDK_Eval_BlueNRG1/inc -I../Library/CMSIS/Include -I../Library/hal/inc -I../Library/Bluetooth_LE/inc -I../Library/BLE_Application/layers_inc -I../Library/BLE_Application/Utils/inc -I../src -O0 -ffunction-sections -fdata-sections -g -fstack-usage -Wall -specs=nano.specs -o Library\BlueNRG1_Periph_Driver\src\BlueNRG1_rng.o 
arm-atollic-eabi-gcc -c -mthumb -mcpu=cortex-m0 -DBLUENRG2_DEVICE -DNO_SMART_POWER_MANAGEMENT -I../src -I../Library/CMSIS/Include -I../Library/CMSIS/Device/ST/BlueNRG1/Include -I../Library/hal/inc -I../Library/BlueNRG1_Periph_Driver/inc -g -Wa,--warn -x assembler-with-cpp -specs=nano.specs -o Library\hal\src\context_switch.o ..\Library\hal\src\context_switch.s 
arm-atollic-eabi-gcc -c ..\Library\BlueNRG1_Periph_Driver\src\BlueNRG1_sysCtrl.c -mthumb -mcpu=cortex-m0 -std=gnu11 -DLS_SOURCE=LS_SOURCE_EXTERNAL_32KHZ -DSMPS_INDUCTOR=SMPS_INDUCTOR_10uH -DBLUENRG2_DEVICE -DHS_SPEED_XTAL=HS_SPEED_XTAL_32MHZ -DUSER_BUTTON=BUTTON_1 -DNO_SMART_POWER_MANAGEMENT -I../inc -I../Library/BlueNRG1_Periph_Driver/inc -I../Library/CMSIS/Device/ST/BlueNRG1/Include -I../Library/SDK_Eval_BlueNRG1/inc -I../Library/CMSIS/Include -I../Library/hal/inc -I../Library/Bluetooth_LE/inc -I../Library/BLE_Application/layers_inc -I../Library/BLE_Application/Utils/inc -I../src -O0 -ffunction-sections -fdata-sections -g -fstack-usage -Wall -specs=nano.specs -o Library\BlueNRG1_Periph_Driver\src\BlueNRG1_sysCtrl.o 
arm-atollic-eabi-gcc -c ..\Library\BLE_Application\Utils\src\ble_utils.c -mthumb -mcpu=cortex-m0 -std=gnu11 -DLS_SOURCE=LS_SOURCE_EXTERNAL_32KHZ -DSMPS_INDUCTOR=SMPS_INDUCTOR_10uH -DBLUENRG2_DEVICE -DHS_SPEED_XTAL=HS_SPEED_XTAL_32MHZ -DUSER_BUTTON=BUTTON_1 -DNO_SMART_POWER_MANAGEMENT -I../inc -I../Library/BlueNRG1_Periph_Driver/inc -I../Library/CMSIS/Device/ST/BlueNRG1/Include -I../Library/SDK_Eval_BlueNRG1/inc -I../Library/CMSIS/Include -I../Library/hal/inc -I../Library/Bluetooth_LE/inc -I../Library/BLE_Application/layers_inc -I../Library/BLE_Application/Utils/inc -I../src -O0 -ffunction-sections -fdata-sections -g -fstack-usage -Wall -specs=nano.specs -o Library\BLE_Application\Utils\src\ble_utils.o 
arm-atollic-eabi-gcc -o SmartBB.elf Library\BLE_Application\Utils\src\ble_utils.o Library\BlueNRG1_Periph_Driver\src\BlueNRG1_adc.o Library\BlueNRG1_Periph_Driver\src\BlueNRG1_dma.o Library\BlueNRG1_Periph_Driver\src\BlueNRG1_flash.o Library\BlueNRG1_Periph_Driver\src\BlueNRG1_gpio.o Library\BlueNRG1_Periph_Driver\src\BlueNRG1_i2c.o Library\BlueNRG1_Periph_Driver\src\BlueNRG1_mft.o Library\BlueNRG1_Periph_Driver\src\BlueNRG1_pka.o Library\BlueNRG1_Periph_Driver\src\BlueNRG1_rng.o Library\BlueNRG1_Periph_Driver\src\BlueNRG1_rtc.o Library\BlueNRG1_Periph_Driver\src\BlueNRG1_spi.o Library\BlueNRG1_Periph_Driver\src\BlueNRG1_sysCtrl.o Library\BlueNRG1_Periph_Driver\src\BlueNRG1_uart.o Library\BlueNRG1_Periph_Driver\src\BlueNRG1_wdg.o Library\BlueNRG1_Periph_Driver\src\misc.o Library\Bluetooth_LE\src\stack_dle_api_stubs.o Library\Bluetooth_LE\src\stack_priv_api_stubs.o Library\Bluetooth_LE\src\stack_sc_api_stubs.o Library\Bluetooth_LE\src\stack_slvonly_api_stubs.o Library\Bluetooth_LE\src\stack_user_cfg.o Library\CMSIS\Device\ST\BlueNRG1\Source\system_bluenrg1.o Library\SDK_Eval_BlueNRG1\src\SDK_EVAL_Com.o Library\SDK_Eval_BlueNRG1\src\SDK_EVAL_Config.o Library\hal\src\context_switch.o Library\hal\src\miscutil.o Library\hal\src\osal.o Library\hal\src\sleep.o src\BlueNRG1_it.o src\Power_Consumption_Test.o -lcrypto -lbluenrg1_stack -mthumb -mcpu=cortex-m0 -T../BlueNRG2.ld -specs=nosys.specs -static -L../Library/Bluetooth_LE/library -L../Library/cryptolib -Wl,-cref,-u,Reset_Handler -Wl,-Map=SmartBB.map -Wl,--gc-sections -Wl,--defsym=malloc_getpagesize_P=0x80 -Wl,--start-group -lc -lm -Wl,--end-group -specs=nano.specs 
C:\Program Files (x86)\Atollic\TrueSTUDIO for STM32 9.3.0\ide\jre\bin\java -jar C:\Program Files (x86)\Atollic\TrueSTUDIO for STM32 9.3.0\Tools\arm-atollic-reports.jar convert-hex sizeinfo list SmartBB.elf 
Generate build reports...
Converting build output to hex
Output sent to: SmartBB.hex
Converting build output to hex done
Print size information
   text	   data	    bss	    dec	    hex	filename
  79304	    224	  17172	  96700	  179bc	SmartBB.elf
Print size information done
Generate listing file
Output sent to: SmartBB.list
Generate listing file done
Generate build reports done
