Archive member included to satisfy reference by file (symbol)

../Library/Bluetooth_LE/library\libbluenrg1_stack.a(bluenrg_gap_aci.o)
                              src\chat.o (aci_gap_init)
../Library/Bluetooth_LE/library\libbluenrg1_stack.a(bluenrg_gatt_aci.o)
                              src\gatt_db.o (aci_gatt_add_char)
../Library/Bluetooth_LE/library\libbluenrg1_stack.a(bluenrg_hal_aci.o)
                              src\chat.o (aci_hal_set_tx_power_level)
../Library/Bluetooth_LE/library\libbluenrg1_stack.a(bluenrg_main_func.o)
                              src\main.o (BTLE_StackTick)
../Library/Bluetooth_LE/library\libbluenrg1_stack.a(gap.o)
                              ../Library/Bluetooth_LE/library\libbluenrg1_stack.a(bluenrg_gap_aci.o) (GAP_Create_Connection)
../Library/Bluetooth_LE/library\libbluenrg1_stack.a(gatt_client.o)
                              ../Library/Bluetooth_LE/library\libbluenrg1_stack.a(bluenrg_gatt_aci.o) (Gatt_Confirm_Indication)
../Library/Bluetooth_LE/library\libbluenrg1_stack.a(gatt_server.o)
                              ../Library/Bluetooth_LE/library\libbluenrg1_stack.a(gatt_client.o) (GATT_Send_Packet)
../Library/Bluetooth_LE/library\libbluenrg1_stack.a(hal.o)
                              ../Library/Bluetooth_LE/library\libbluenrg1_stack.a(bluenrg_hal_aci.o) (HAL_Read_ConfigData)
../Library/Bluetooth_LE/library\libbluenrg1_stack.a(hci.o)
                              ../Library/Bluetooth_LE/library\libbluenrg1_stack.a(bluenrg_main_func.o) (Controller_Process_Q)
../Library/Bluetooth_LE/library\libbluenrg1_stack.a(host_timer.o)
                              ../Library/Bluetooth_LE/library\libbluenrg1_stack.a(bluenrg_main_func.o) (Timer_Init)
../Library/Bluetooth_LE/library\libbluenrg1_stack.a(l2cap.o)
                              ../Library/Bluetooth_LE/library\libbluenrg1_stack.a(bluenrg_main_func.o) (L2C_Init)
../Library/Bluetooth_LE/library\libbluenrg1_stack.a(ll_isr.o)
                              src\BlueNRG1_it.o (RAL_Isr)
../Library/Bluetooth_LE/library\libbluenrg1_stack.a(ll_privacy.o)
                              ../Library/Bluetooth_LE/library\libbluenrg1_stack.a(hci.o) (LL_LE_Add_Device_To_White_List)
../Library/Bluetooth_LE/library\libbluenrg1_stack.a(ll_routines.o)
                              ../Library/Bluetooth_LE/library\libbluenrg1_stack.a(hci.o) (Disconnection_Offline_Processing)
../Library/Bluetooth_LE/library\libbluenrg1_stack.a(ll_routines_master.o)
                              ../Library/Bluetooth_LE/library\libbluenrg1_stack.a(gap.o) (LL_Create_Connection)
../Library/Bluetooth_LE/library\libbluenrg1_stack.a(ll_routines_support.o)
                              ../Library/Bluetooth_LE/library\libbluenrg1_stack.a(ll_privacy.o) (LL_Encrypt_Plain_Data)
../Library/Bluetooth_LE/library\libbluenrg1_stack.a(mem_alloc.o)
                              ../Library/Bluetooth_LE/library\libbluenrg1_stack.a(bluenrg_main_func.o) (_BlueNRG_Stack_Init_params)
../Library/Bluetooth_LE/library\libbluenrg1_stack.a(mem_buff.o)
                              ../Library/Bluetooth_LE/library\libbluenrg1_stack.a(l2cap.o) (Mem_Buff_Append)
../Library/Bluetooth_LE/library\libbluenrg1_stack.a(multi_master_time.o)
                              ../Library/Bluetooth_LE/library\libbluenrg1_stack.a(hci.o) (LL_Get_Anchor_Interval)
../Library/Bluetooth_LE/library\libbluenrg1_stack.a(nvm.o)
                              ../Library/Bluetooth_LE/library\libbluenrg1_stack.a(ll_isr.o) (Is_Flash_Write_On_Going)
../Library/Bluetooth_LE/library\libbluenrg1_stack.a(pka.o)
                              ../Library/Bluetooth_LE/library\libbluenrg1_stack.a(hci.o) (BLEPLAT_PKA_Get_Current_Operation)
../Library/Bluetooth_LE/library\libbluenrg1_stack.a(pm.o)
                              ../Library/Bluetooth_LE/library\libbluenrg1_stack.a(l2cap.o) (PM_Compact)
../Library/Bluetooth_LE/library\libbluenrg1_stack.a(rom_att.o)
                              ../Library/Bluetooth_LE/library\libbluenrg1_stack.a(gatt_client.o) (ATT_fill_exchg_mtu_req)
../Library/Bluetooth_LE/library\libbluenrg1_stack.a(rom_gap.o)
                              ../Library/Bluetooth_LE/library\libbluenrg1_stack.a(gap.o) (GAP_Add_To_WhiteList)
../Library/Bluetooth_LE/library\libbluenrg1_stack.a(rom_gap_rom.o)
                              ../Library/Bluetooth_LE/library\libbluenrg1_stack.a(bluenrg_gap_aci.o) (GAP_Delete_ADType)
../Library/Bluetooth_LE/library\libbluenrg1_stack.a(rom_gatt_server.o)
                              ../Library/Bluetooth_LE/library\libbluenrg1_stack.a(gatt_server.o) (Check_Encry_Key_Size)
../Library/Bluetooth_LE/library\libbluenrg1_stack.a(rom_list.o)
                              ../Library/Bluetooth_LE/library\libbluenrg1_stack.a(gatt_server.o) (List_Circular_Get_Size)
../Library/Bluetooth_LE/library\libbluenrg1_stack.a(rom_ll_isr_postproc.o)
                              ../Library/Bluetooth_LE/library\libbluenrg1_stack.a(ll_isr.o) (isr_postproc1)
[...]
Memory Configuration

Name             Origin             Length             Attributes
REGION_RAM       0x20000000         0x00006000         xrw
REGION_FLASH_BOOTLOADER 0x10040000         0x00000000         xr
REGION_FLASH     0x10040000         0x0003f000         xr
REGION_NVM       0x1007f000         0x00001000         xr
REGION_ROM       0x10000000         0x00000800         xr
*default*        0x00000000         0xffffffff

Linker script and memory map

LOAD c:/program files (x86)/atollic/truestudio for stm32 9.3.0/armtools/bin/../lib/gcc/arm-atollic-eabi/6.3.1/armv6-m/crti.o
LOAD c:/program files (x86)/atollic/truestudio for stm32 9.3.0/armtools/bin/../lib/gcc/arm-atollic-eabi/6.3.1/armv6-m/crtbegin.o
LOAD Library\BLE_Application\Utils\src\ble_utils.o
LOAD Library\BlueNRG1_Periph_Driver\src\BlueNRG1_adc.o
LOAD Library\BlueNRG1_Periph_Driver\src\BlueNRG1_dma.o
LOAD Library\BlueNRG1_Periph_Driver\src\BlueNRG1_flash.o
LOAD Library\BlueNRG1_Periph_Driver\src\BlueNRG1_gpio.o
LOAD Library\BlueNRG1_Periph_Driver\src\BlueNRG1_i2c.o
LOAD Library\BlueNRG1_Periph_Driver\src\BlueNRG1_mft.o
LOAD Library\BlueNRG1_Periph_Driver\src\BlueNRG1_pka.o
LOAD Library\BlueNRG1_Periph_Driver\src\BlueNRG1_rng.o
LOAD Library\BlueNRG1_Periph_Driver\src\BlueNRG1_rtc.o
LOAD Library\BlueNRG1_Periph_Driver\src\BlueNRG1_spi.o
LOAD Library\BlueNRG1_Periph_Driver\src\BlueNRG1_sysCtrl.o
LOAD Library\BlueNRG1_Periph_Driver\src\BlueNRG1_uart.o
LOAD Library\BlueNRG1_Periph_Driver\src\BlueNRG1_wdg.o
LOAD Library\BlueNRG1_Periph_Driver\src\misc.o
LOAD Library\Bluetooth_LE\src\stack_dle_api_stubs.o
LOAD Library\Bluetooth_LE\src\stack_priv_api_stubs.o
LOAD Library\Bluetooth_LE\src\stack_sc_api_stubs.o
LOAD Library\Bluetooth_LE\src\stack_slvonly_api_stubs.o
LOAD Library\Bluetooth_LE\src\stack_user_cfg.o
LOAD Library\CMSIS\Device\ST\BlueNRG1\Source\system_bluenrg1.o
LOAD Library\SDK_Eval_BlueNRG1\src\SDK_EVAL_Com.o
LOAD Library\SDK_Eval_BlueNRG1\src\SDK_EVAL_Config.o
LOAD Library\hal\src\clock.o
LOAD Library\hal\src\context_switch.o
LOAD Library\hal\src\miscutil.o
LOAD Library\hal\src\osal.o
LOAD Library\hal\src\sleep.o
LOAD src\BlueNRG1_it.o
LOAD src\Motor.o
LOAD src\chat.o
LOAD src\gatt_db.o
LOAD src\gp_timer.o
LOAD src\main.o
LOAD ../Library/cryptolib\libcrypto.a
LOAD ../Library/Bluetooth_LE/library\libbluenrg1_stack.a
                0x00000080                malloc_getpagesize_P = 0x80
START GROUP
LOAD c:/program files (x86)/atollic/truestudio for stm32 9.3.0/armtools/bin/../lib/gcc/arm-atollic-eabi/6.3.1/../../../../arm-atollic-eabi/lib/armv6-m\libc_nano.a
LOAD c:/program files (x86)/atollic/truestudio for stm32 9.3.0/armtools/bin/../lib/gcc/arm-atollic-eabi/6.3.1/../../../../arm-atollic-eabi/lib/armv6-m\libm.a
END GROUP
START GROUP
LOAD c:/program files (x86)/atollic/truestudio for stm32 9.3.0/armtools/bin/../lib/gcc/arm-atollic-eabi/6.3.1/armv6-m\libgcc.a
LOAD c:/program files (x86)/atollic/truestudio for stm32 9.3.0/armtools/bin/../lib/gcc/arm-atollic-eabi/6.3.1/../../../../arm-atollic-eabi/lib/armv6-m\libc_nano.a
END GROUP
START GROUP
LOAD c:/program files (x86)/atollic/truestudio for stm32 9.3.0/armtools/bin/../lib/gcc/arm-atollic-eabi/6.3.1/armv6-m\libgcc.a
LOAD c:/program files (x86)/atollic/truestudio for stm32 9.3.0/armtools/bin/../lib/gcc/arm-atollic-eabi/6.3.1/../../../../arm-atollic-eabi/lib/armv6-m\libc_nano.a
LOAD c:/program files (x86)/atollic/truestudio for stm32 9.3.0/armtools/bin/../lib/gcc/arm-atollic-eabi/6.3.1/../../../../arm-atollic-eabi/lib/armv6-m\libnosys.a
END GROUP
START GROUP
LOAD c:/program files (x86)/atollic/truestudio for stm32 9.3.0/armtools/bin/../lib/gcc/arm-atollic-eabi/6.3.1/armv6-m\libgcc.a
LOAD c:/program files (x86)/atollic/truestudio for stm32 9.3.0/armtools/bin/../lib/gcc/arm-atollic-eabi/6.3.1/../../../../arm-atollic-eabi/lib/armv6-m\libc_nano.a
LOAD c:/program files (x86)/atollic/truestudio for stm32 9.3.0/armtools/bin/../lib/gcc/arm-atollic-eabi/6.3.1/../../../../arm-atollic-eabi/lib/armv6-m\libnosys.a
END GROUP
LOAD c:/program files (x86)/atollic/truestudio for stm32 9.3.0/armtools/bin/../lib/gcc/arm-atollic-eabi/6.3.1/armv6-m/crtend.o
LOAD c:/program files (x86)/atollic/truestudio for stm32 9.3.0/armtools/bin/../lib/gcc/arm-atollic-eabi/6.3.1/armv6-m/crtn.o
                0x20000000                _MEMORY_RAM_BEGIN_ = 0x20000000
                0x00006000                _MEMORY_RAM_SIZE_ = 0x6000
                0x20005fff                _MEMORY_RAM_END_ = 0x20005fff
                0x10040000                _MEMORY_FLASH_BEGIN_ = 0x10040000
                0x00040000                _MEMORY_FLASH_SIZE_ = 0x40000
                0x1007ffff                _MEMORY_FLASH_END_ = 0x1007ffff
                0x10000000                _MEMORY_ROM_BEGIN_ = 0x10000000
                0x00000800                _MEMORY_ROM_SIZE_ = 0x800
                0x100007ff                _MEMORY_ROM_END_ = 0x100007ff
                0x00001000                FLASH_NVM_DATASIZE = 0x1000
                0x00000000                MEMORY_FLASH_APP_OFFSET = DEFINED (MEMORY_FLASH_APP_OFFSET)?MEMORY_FLASH_APP_OFFSET:0x0
                0x0003f000                MEMORY_FLASH_APP_SIZE = DEFINED (MEMORY_FLASH_APP_SIZE)?MEMORY_FLASH_APP_SIZE:((_MEMORY_FLASH_SIZE_ - FLASH_NVM_DATASIZE) - MEMORY_FLASH_APP_OFFSET)
                0x000002cc                MEMORY_RAM_APP_OFFSET = DEFINED (MEMORY_RAM_APP_OFFSET)?MEMORY_RAM_APP_OFFSET:0x2cc
                0x00000800                RESET_MANAGER_SIZE = DEFINED (RESET_MANAGER_SIZE)?RESET_MANAGER_SIZE:0x800
                [0x0003f000]                MEMORY_FLASH_APP_SIZE = DEFINED (ST_OTA_HIGHER_APPLICATION)?(((((_MEMORY_FLASH_SIZE_ - RESET_MANAGER_SIZE) - FLASH_NVM_DATASIZE) / 0x2) / 0x800) * 0x800):MEMORY_FLASH_APP_SIZE
                [0x00000000]                MEMORY_FLASH_APP_OFFSET = DEFINED (ST_OTA_HIGHER_APPLICATION)?(RESET_MANAGER_SIZE + MEMORY_FLASH_APP_SIZE):MEMORY_FLASH_APP_OFFSET
                [0x0003f000]                MEMORY_FLASH_APP_SIZE = DEFINED (ST_OTA_LOWER_APPLICATION)?(((((_MEMORY_FLASH_SIZE_ - RESET_MANAGER_SIZE) - FLASH_NVM_DATASIZE) / 0x2) / 0x800) * 0x800):MEMORY_FLASH_APP_SIZE
                [0x00000000]                MEMORY_FLASH_APP_OFFSET = DEFINED (ST_OTA_LOWER_APPLICATION)?RESET_MANAGER_SIZE:MEMORY_FLASH_APP_OFFSET
                0x00011800                SERVICE_MANAGER_SIZE = 0x11800
                [0x0003f000]                MEMORY_FLASH_APP_SIZE = DEFINED (ST_USE_OTA_SERVICE_MANAGER_APPLICATION)?((_MEMORY_FLASH_SIZE_ - SERVICE_MANAGER_SIZE) - FLASH_NVM_DATASIZE):MEMORY_FLASH_APP_SIZE
                [0x00000000]                MEMORY_FLASH_APP_OFFSET = DEFINED (ST_USE_OTA_SERVICE_MANAGER_APPLICATION)?SERVICE_MANAGER_SIZE:MEMORY_FLASH_APP_OFFSET
                0x00000000                _Min_Heap_Size = 0x0
                0x00000c00                _Min_Stack_Size = 0xc00

.bootloader     0x10040000        0x0
                0x10040000                . = ALIGN (0x4)
 *(.bootloader)
                0x10040000                . = ALIGN (0x4)

.intvec         0x10040000       0xc0
                0x10040000                . = ALIGN (0x4)
 *(.intvec)
 .intvec        0x10040000       0xc0 Library\CMSIS\Device\ST\BlueNRG1\Source\system_bluenrg1.o
                0x10040000                __vector_table
                0x100400c0                . = ALIGN (0x4)

.text           0x100400c0    0x127e8
                0x100400c0                . = ALIGN (0x4)
 *(.cmd_call_table)
 *(.text)
 .text          0x100400c0      0x114 c:/program files (x86)/atollic/truestudio for stm32 9.3.0/armtools/bin/../lib/gcc/arm-atollic-eabi/6.3.1/armv6-m\libgcc.a(_udivsi3.o)
                0x100400c0                __aeabi_uidiv
                0x100400c0                __udivsi3
                0x100401cc                __aeabi_uidivmod
 .text          0x100401d4      0x1d4 c:/program files (x86)/atollic/truestudio for stm32 9.3.0/armtools/bin/../lib/gcc/arm-atollic-eabi/6.3.1/armv6-m\libgcc.a(_divsi3.o)
                0x100401d4                __divsi3
                0x100401d4                __aeabi_idiv
                0x100403a0                __aeabi_idivmod
 .text          0x100403a8        0x4 c:/program files (x86)/atollic/truestudio for stm32 9.3.0/armtools/bin/../lib/gcc/arm-atollic-eabi/6.3.1/armv6-m\libgcc.a(_dvmd_tls.o)
                0x100403a8                __aeabi_idiv0
                0x100403a8                __aeabi_ldiv0
 .text          0x100403ac       0x74 c:/program files (x86)/atollic/truestudio for stm32 9.3.0/armtools/bin/../lib/gcc/arm-atollic-eabi/6.3.1/armv6-m\libgcc.a(unaligned-funcs.o)
                0x100403ac                __aeabi_uread4
                0x100403c4                __aeabi_uwrite4
                0x100403d4                __aeabi_uread8
                0x10040400                __aeabi_uwrite8
 *(.text*)
 .text.FLASH_ErasePage
                0x10040420       0x54 Library\BlueNRG1_Periph_Driver\src\BlueNRG1_flash.o
                0x10040420                FLASH_ErasePage
 .text.FLASH_ProgramWord
                0x10040474       0x48 Library\BlueNRG1_Periph_Driver\src\BlueNRG1_flash.o
                0x10040474                FLASH_ProgramWord
 .text.FLASH_WaitCmdDone
                0x100404bc       0x20 Library\BlueNRG1_Periph_Driver\src\BlueNRG1_flash.o
                0x100404bc                FLASH_WaitCmdDone
 .text.GPIO_Init
                0x100404dc      0x232 Library\BlueNRG1_Periph_Driver\src\BlueNRG1_gpio.o
                0x100404dc                GPIO_Init
 .text.GPIO_WriteBit
                0x1004070e       0x30 Library\BlueNRG1_Periph_Driver\src\BlueNRG1_gpio.o
                0x1004070e                GPIO_WriteBit
 .text.PKA_Reset
                0x1004073e       0x22 Library\BlueNRG1_Periph_Driver\src\BlueNRG1_pka.o
                0x1004073e                PKA_Reset
 .text.SysCtrl_PeripheralClockCmd
                0x10040760       0x40 Library\BlueNRG1_Periph_Driver\src\BlueNRG1_sysCtrl.o
                0x10040760                SysCtrl_PeripheralClockCmd
 .text.SysCtrl_GetWakeupResetReason
                0x100407a0      0x1ac Library\BlueNRG1_Periph_Driver\src\BlueNRG1_sysCtrl.o
                0x100407a0                SysCtrl_GetWakeupResetReason
 .text.UART_Cmd
                0x1004094c       0x38 Library\BlueNRG1_Periph_Driver\src\BlueNRG1_uart.o
                0x1004094c                UART_Cmd
 .text.UART_Init
                0x10040984      0x298 Library\BlueNRG1_Periph_Driver\src\BlueNRG1_uart.o
                0x10040984                UART_Init
 .text.UART_ITConfig
                0x10040c1c       0x58 Library\BlueNRG1_Periph_Driver\src\BlueNRG1_uart.o
                0x10040c1c                UART_ITConfig
 .text.UART_SendData
                0x10040c74       0x28 Library\BlueNRG1_Periph_Driver\src\BlueNRG1_uart.o
                0x10040c74                UART_SendData
 .text.UART_ReceiveData
                0x10040c9c       0x1c Library\BlueNRG1_Periph_Driver\src\BlueNRG1_uart.o
                0x10040c9c                UART_ReceiveData
 .text.UART_GetFlagStatus
                0x10040cb8       0x40 Library\BlueNRG1_Periph_Driver\src\BlueNRG1_uart.o
                0x10040cb8                UART_GetFlagStatus
 .text.UART_GetITStatus
                0x10040cf8       0x30 Library\BlueNRG1_Periph_Driver\src\BlueNRG1_uart.o
                0x10040cf8                UART_GetITStatus
 .text.UART_RxFifoIrqLevelConfig
                0x10040d28       0x3c Library\BlueNRG1_Periph_Driver\src\BlueNRG1_uart.o
                0x10040d28                UART_RxFifoIrqLevelConfig
 .text.NVIC_SetPriority
                0x10040d64       0xdc Library\BlueNRG1_Periph_Driver\src\misc.o
 .text.NVIC_Init
                0x10040e40       0x70 Library\BlueNRG1_Periph_Driver\src\misc.o
                0x10040e40                NVIC_Init
 .text.NVIC_SetPriority
                0x10040eb0       0xdc Library\CMSIS\Device\ST\BlueNRG1\Source\system_bluenrg1.o
 .text.PendSV_Handler
                0x10040f8c        0xa Library\CMSIS\Device\ST\BlueNRG1\Source\system_bluenrg1.o
                0x10040f8c                PendSV_Handler
 .text.GPIO_Handler
                0x10040f96        0xa Library\CMSIS\Device\ST\BlueNRG1\Source\system_bluenrg1.o
                0x10040f96                GPIO_Handler
 .text.NVM_Handler
                0x10040fa0        0xa Library\CMSIS\Device\ST\BlueNRG1\Source\system_bluenrg1.o
                0x10040fa0                NVM_Handler
 .text.SPI_Handler
                0x10040faa        0xa Library\CMSIS\Device\ST\BlueNRG1\Source\system_bluenrg1.o
                0x10040faa                SPI_Handler
 .text.MFT1A_Handler
                0x10040fb4        0xa Library\CMSIS\Device\ST\BlueNRG1\Source\system_bluenrg1.o
                0x10040fb4                MFT1A_Handler
 .text.MFT1B_Handler
                0x10040fbe        0xa Library\CMSIS\Device\ST\BlueNRG1\Source\system_bluenrg1.o
                0x10040fbe                MFT1B_Handler
 .text.MFT2A_Handler
                0x10040fc8        0xa Library\CMSIS\Device\ST\BlueNRG1\Source\system_bluenrg1.o
                0x10040fc8                MFT2A_Handler
 .text.MFT2B_Handler
                0x10040fd2        0xa Library\CMSIS\Device\ST\BlueNRG1\Source\system_bluenrg1.o
                0x10040fd2                MFT2B_Handler
 .text.RTC_Handler
                0x10040fdc        0xa Library\CMSIS\Device\ST\BlueNRG1\Source\system_bluenrg1.o
                0x10040fdc                RTC_Handler
 .text.WDG_Handler
                0x10040fe6        0xa Library\CMSIS\Device\ST\BlueNRG1\Source\system_bluenrg1.o
                0x10040fe6                WDG_Handler
 .text.ADC_Handler
                0x10040ff0        0xa Library\CMSIS\Device\ST\BlueNRG1\Source\system_bluenrg1.o
                0x10040ff0                ADC_Handler
 .text.I2C2_Handler
                0x10040ffa        0xa Library\CMSIS\Device\ST\BlueNRG1\Source\system_bluenrg1.o
                0x10040ffa                I2C2_Handler
 .text.I2C1_Handler
                0x10041004        0xa Library\CMSIS\Device\ST\BlueNRG1\Source\system_bluenrg1.o
                0x10041004                I2C1_Handler
 .text.DMA_Handler
                0x1004100e        0xa Library\CMSIS\Device\ST\BlueNRG1\Source\system_bluenrg1.o
                0x1004100e                DMA_Handler
 .text.PKA_Handler
                0x10041018        0xa Library\CMSIS\Device\ST\BlueNRG1\Source\system_bluenrg1.o
                0x10041018                PKA_Handler
 *fill*         0x10041022        0x2 
 .text.__low_level_init
                0x10041024       0x6c Library\CMSIS\Device\ST\BlueNRG1\Source\system_bluenrg1.o
                0x10041024                __low_level_init
 .text.RESET_HANDLER
                0x10041090       0xc8 Library\CMSIS\Device\ST\BlueNRG1\Source\system_bluenrg1.o
                0x10041090                RESET_HANDLER
 .text.Set_RF_FrontEnd
                0x10041158       0xa0 Library\CMSIS\Device\ST\BlueNRG1\Source\system_bluenrg1.o
                0x10041158                Set_RF_FrontEnd
 .text.BOR_ConfigSave
                0x100411f8       0xb4 Library\CMSIS\Device\ST\BlueNRG1\Source\system_bluenrg1.o
                0x100411f8                BOR_ConfigSave
 .text.DeviceConfiguration
                0x100412ac      0x248 Library\CMSIS\Device\ST\BlueNRG1\Source\system_bluenrg1.o
                0x100412ac                DeviceConfiguration
 .text.SystemInit
                0x100414f4       0xc4 Library\CMSIS\Device\ST\BlueNRG1\Source\system_bluenrg1.o
                0x100414f4                SystemInit
 .text.SdkEvalUart_Send_Data
                0x100415b8       0x2e Library\SDK_Eval_BlueNRG1\src\SDK_EVAL_Com.o
 *fill*         0x100415e6        0x2 
 .text.SdkEvalComUartInit
                0x100415e8       0xf8 Library\SDK_Eval_BlueNRG1\src\SDK_EVAL_Com.o
                0x100415e8                SdkEvalComUartInit
 .text.SdkEvalComUartIrqConfig
                0x100416e0       0x44 Library\SDK_Eval_BlueNRG1\src\SDK_EVAL_Com.o
                0x100416e0                SdkEvalComUartIrqConfig
 .text.SdkEvalComIOUartIrqHandler
                0x10041724       0x3a Library\SDK_Eval_BlueNRG1\src\SDK_EVAL_Com.o
                0x10041724                SdkEvalComIOUartIrqHandler
 *fill*         0x1004175e        0x2 
 .text.SdkEvalComIOConfig
                0x10041760       0x40 Library\SDK_Eval_BlueNRG1\src\SDK_EVAL_Com.o
                0x10041760                SdkEvalComIOConfig
 .text.SdkEvalComIOSendData
                0x100417a0       0x1e Library\SDK_Eval_BlueNRG1\src\SDK_EVAL_Com.o
                0x100417a0                SdkEvalComIOSendData
 *fill*         0x100417be        0x2 
 .text.SdkEvalComIOReceiveData
                0x100417c0       0x30 Library\SDK_Eval_BlueNRG1\src\SDK_EVAL_Com.o
                0x100417c0                SdkEvalComIOReceiveData
 .text.Read_Buffer_Push
                0x100417f0       0x44 Library\SDK_Eval_BlueNRG1\src\SDK_EVAL_Com.o
                0x100417f0                Read_Buffer_Push
 .text.Read_Buffer_Pop
                0x10041834       0x58 Library\SDK_Eval_BlueNRG1\src\SDK_EVAL_Com.o
                0x10041834                Read_Buffer_Pop
 .text.SdkEvalComIOProcessInputData
                0x1004188c       0x4e Library\SDK_Eval_BlueNRG1\src\SDK_EVAL_Com.o
                0x1004188c                SdkEvalComIOProcessInputData
 *fill*         0x100418da        0x2 
 .text._sbrk    0x100418dc       0x5c Library\SDK_Eval_BlueNRG1\src\SDK_EVAL_Com.o
                0x100418dc                _sbrk
 .text._close   0x10041938       0x14 Library\SDK_Eval_BlueNRG1\src\SDK_EVAL_Com.o
                0x10041938                _close
 .text._fstat   0x1004194c       0x1c Library\SDK_Eval_BlueNRG1\src\SDK_EVAL_Com.o
                0x1004194c                _fstat
 .text._isatty  0x10041968       0x12 Library\SDK_Eval_BlueNRG1\src\SDK_EVAL_Com.o
                0x10041968                _isatty
 .text._lseek   0x1004197a       0x16 Library\SDK_Eval_BlueNRG1\src\SDK_EVAL_Com.o
                0x1004197a                _lseek
 .text._write   0x10041990       0x38 Library\SDK_Eval_BlueNRG1\src\SDK_EVAL_Com.o
                0x10041990                _write
 .text._read    0x100419c8       0x46 Library\SDK_Eval_BlueNRG1\src\SDK_EVAL_Com.o
                0x100419c8                _read
 .text.__io_getcharNonBlocking
                0x10041a0e       0x22 Library\SDK_Eval_BlueNRG1\src\SDK_EVAL_Com.o
                0x10041a0e                __io_getcharNonBlocking
 .text.__aeabi_memcpy
                0x10041a30       0x20 Library\SDK_Eval_BlueNRG1\src\SDK_EVAL_Com.o
                0x10041a30                __aeabi_memcpy
 .text.__aeabi_memcpy4
                0x10041a50       0x20 Library\SDK_Eval_BlueNRG1\src\SDK_EVAL_Com.o
                0x10041a50                __aeabi_memcpy4
 .text.__aeabi_memclr4
                0x10041a70       0x1e Library\SDK_Eval_BlueNRG1\src\SDK_EVAL_Com.o
                0x10041a70                __aeabi_memclr4
 *fill*         0x10041a8e        0x2 
 .text.SdkEvalIdentification
                0x10041a90       0x14 Library\SDK_Eval_BlueNRG1\src\SDK_EVAL_Config.o
                0x10041a90                SdkEvalIdentification
 .text.SdkEvalGetVersion
                0x10041aa4       0x14 Library\SDK_Eval_BlueNRG1\src\SDK_EVAL_Config.o
                0x10041aa4                SdkEvalGetVersion
 .text.HAL_GetPartInfo
                0x10041ab8       0xa0 Library\hal\src\miscutil.o
                0x10041ab8                HAL_GetPartInfo
 .text.BLEPLAT_get_part_info
                0x10041b58       0x3c Library\hal\src\miscutil.o
                0x10041b58                BLEPLAT_get_part_info
 .text.Osal_MemCpy
                0x10041b94       0x22 Library\hal\src\osal.o
                0x10041b94                Osal_MemCpy
 .text.Osal_MemSet
                0x10041bb6       0x22 Library\hal\src\osal.o
                0x10041bb6                Osal_MemSet
 .text.Osal_MemCmp
                0x10041bd8       0x22 Library\hal\src\osal.o
                0x10041bd8                Osal_MemCmp
 .text.NMI_Handler
                0x10041bfa        0xa src\BlueNRG1_it.o
                0x10041bfa                NMI_Handler
 .text.HardFault_Handler
                0x10041c04        0x6 src\BlueNRG1_it.o
                0x10041c04                HardFault_Handler
 .text.SVC_Handler
                0x10041c0a        0xa src\BlueNRG1_it.o
                0x10041c0a                SVC_Handler
 .text.SysTick_Handler
                0x10041c14        0xa src\BlueNRG1_it.o
                0x10041c14                SysTick_Handler
 .text.UART_Handler
                0x10041c1e        0xe src\BlueNRG1_it.o
                0x10041c1e                UART_Handler
 .text.Blue_Handler
                0x10041c2c        0xe src\BlueNRG1_it.o
                0x10041c2c                Blue_Handler
 .text.moveForwardHalfStep
                0x10041c3a       0xc0 src\Motor.o
                0x10041c3a                moveForwardHalfStep
 .text.rotateForwardHalfStep
                0x10041cfa       0xf2 src\Motor.o
                0x10041cfa                rotateForwardHalfStep
 .text.rotateBackwardHalfStep
                0x10041dec       0xf2 src\Motor.o
                0x10041dec                rotateBackwardHalfStep
 *fill*         0x10041ede        0x2 
 .text.NVIC_SystemReset
                0x10041ee0       0x1c src\chat.o
 .text.CHAT_DeviceInit
                0x10041efc      0x1b0 src\chat.o
                0x10041efc                CHAT_DeviceInit
 .text.updateTxCharacteristic
                0x100420ac       0x80 src\chat.o
                0x100420ac                updateTxCharacteristic
 .text.APP_Tick
                0x1004212c      0x168 src\chat.o
                0x1004212c                APP_Tick
 .text.hci_le_connection_complete_event
                0x10042294       0x48 src\chat.o
                0x10042294                hci_le_connection_complete_event
 .text.hci_disconnection_complete_event
                0x100422dc       0x30 src\chat.o
                0x100422dc                hci_disconnection_complete_event
 .text.aci_gatt_attribute_modified_event
                0x1004230c       0x3e src\chat.o
                0x1004230c                aci_gatt_attribute_modified_event
 *fill*         0x1004234a        0x2 
 .text.aci_gatt_tx_pool_available_event
                0x1004234c       0x2c src\chat.o
                0x1004234c                aci_gatt_tx_pool_available_event
 .text.aci_gatt_read_permit_req_event
                0x10042378       0x26 src\chat.o
                0x10042378                aci_gatt_read_permit_req_event
 .text.aci_hal_end_of_radio_activity_event
                0x1004239e       0x1c src\chat.o
                0x1004239e                aci_hal_end_of_radio_activity_event
 *fill*         0x100423ba        0x2 
 .text.Add_Chat_Service
                0x100423bc      0x144 src\gatt_db.o
                0x100423bc                Add_Chat_Service
 .text.Attribute_Modified_CB
                0x10042500       0xd4 src\gatt_db.o
                0x10042500                Attribute_Modified_CB
 .text.NVIC_SetPriority
                0x100425d4       0xdc src\main.o
 .text.NVIC_SystemReset
                0x100426b0       0x1c src\main.o
 .text.SysTick_Config
                0x100426cc       0x4c src\main.o
 .text.main     0x10042718       0x24 src\main.o
                0x10042718                main
 .text.help     0x1004273c       0x6c src\main.o
                0x1004273c                help
 .text.Set_DeviceConnectable
                0x100427a8       0xec src\main.o
                0x100427a8                Set_DeviceConnectable
 .text.initGPIOPins
                0x10042894       0x40 src\main.o
                0x10042894                initGPIOPins
 .text.initHardware
                0x100428d4       0x30 src\main.o
                0x100428d4                initHardware
 .text.initSoftware
                0x10042904       0x6c src\main.o
                0x10042904                initSoftware
 .text.hci_hardware_error_event
                0x10042970       0x18 src\main.o
                0x10042970                hci_hardware_error_event
 .text.aci_hal_fw_error_event
                0x10042988       0x4c src\main.o
                0x10042988                aci_hal_fw_error_event
 .text.HAL_VTimerTimeoutCallback
                0x100429d4       0x14 src\main.o
                0x100429d4                HAL_VTimerTimeoutCallback
 .text.__aeabi_memmove
                0x100429e8        0x8 c:/program files (x86)/atollic/truestudio for stm32 9.3.0/armtools/bin/../lib/gcc/arm-atollic-eabi/6.3.1/../../../../arm-atollic-eabi/lib/armv6-m\libc_nano.a(lib_a-aeabi_memmove.o)
                0x100429e8                __aeabi_memmove
                0x100429e8                __aeabi_memmove4
                0x100429e8                __aeabi_memmove8
 .text.memcmp   0x100429f0       0x1e c:/program files (x86)/atollic/truestudio for stm32 9.3.0/armtools/bin/../lib/gcc/arm-atollic-eabi/6.3.1/../../../../arm-atollic-eabi/lib/armv6-m\libc_nano.a(lib_a-memcmp.o)
                0x100429f0                memcmp
 .text.memcpy   0x10042a0e       0x12 c:/program files (x86)/atollic/truestudio for stm32 9.3.0/armtools/bin/../lib/gcc/arm-atollic-eabi/6.3.1/../../../../arm-atollic-eabi/lib/armv6-m\libc_nano.a(lib_a-memcpy-stub.o)
                0x10042a0e                memcpy
 .text.memmove  0x10042a20       0x24 c:/program files (x86)/atollic/truestudio for stm32 9.3.0/armtools/bin/../lib/gcc/arm-atollic-eabi/6.3.1/../../../../arm-atollic-eabi/lib/armv6-m\libc_nano.a(lib_a-memmove.o)
                0x10042a20                memmove
 .text.memset   0x10042a44       0x10 c:/program files (x86)/atollic/truestudio for stm32 9.3.0/armtools/bin/../lib/gcc/arm-atollic-eabi/6.3.1/../../../../arm-atollic-eabi/lib/armv6-m\libc_nano.a(lib_a-memset.o)
                0x10042a44                memset
 .text.printf   0x10042a54       0x34 c:/program files (x86)/atollic/truestudio for stm32 9.3.0/armtools/bin/../lib/gcc/arm-atollic-eabi/6.3.1/../../../../arm-atollic-eabi/lib/armv6-m\libc_nano.a(lib_a-printf.o)
                0x10042a54                iprintf
                0x10042a54                printf
 .text._puts_r  0x10042a88       0xc0 c:/program files (x86)/atollic/truestudio for stm32 9.3.0/armtools/bin/../lib/gcc/arm-atollic-eabi/6.3.1/../../../../arm-atollic-eabi/lib/armv6-m\libc_nano.a(lib_a-puts.o)
                0x10042a88                _puts_r
 .text.puts     0x10042b48       0x14 c:/program files (x86)/atollic/truestudio for stm32 9.3.0/armtools/bin/../lib/gcc/arm-atollic-eabi/6.3.1/../../../../arm-atollic-eabi/lib/armv6-m\libc_nano.a(lib_a-puts.o)
                0x10042b48                puts
 .text.setvbuf  0x10042b5c      0x158 c:/program files (x86)/atollic/truestudio for stm32 9.3.0/armtools/bin/../lib/gcc/arm-atollic-eabi/6.3.1/../../../../arm-atollic-eabi/lib/armv6-m\libc_nano.a(lib_a-setvbuf.o)
                0x10042b5c                setvbuf
 .text.__swbuf_r
                0x10042cb4       0xac c:/program files (x86)/atollic/truestudio for stm32 9.3.0/armtools/bin/../lib/gcc/arm-atollic-eabi/6.3.1/../../../../arm-atollic-eabi/lib/armv6-m\libc_nano.a(lib_a-wbuf.o)
                0x10042cb4                __swbuf_r
 .text.__swsetup_r
                0x10042d60       0xec c:/program files (x86)/atollic/truestudio for stm32 9.3.0/armtools/bin/../lib/gcc/arm-atollic-eabi/6.3.1/../../../../arm-atollic-eabi/lib/armv6-m\libc_nano.a(lib_a-wsetup.o)
                0x10042d60                __swsetup_r
 .text.__sflush_r
                0x10042e4c      0x114 c:/program files (x86)/atollic/truestudio for stm32 9.3.0/armtools/bin/../lib/gcc/arm-atollic-eabi/6.3.1/../../../../arm-atollic-eabi/lib/armv6-m\libc_nano.a(lib_a-fflush.o)
                0x10042e4c                __sflush_r
 .text._fflush_r
                0x10042f60       0x58 c:/program files (x86)/atollic/truestudio for stm32 9.3.0/armtools/bin/../lib/gcc/arm-atollic-eabi/6.3.1/../../../../arm-atollic-eabi/lib/armv6-m\libc_nano.a(lib_a-fflush.o)
                0x10042f60                _fflush_r
 .text._cleanup_r
                0x10042fb8       0x10 c:/program files (x86)/atollic/truestudio for stm32 9.3.0/armtools/bin/../lib/gcc/arm-atollic-eabi/6.3.1/../../../../arm-atollic-eabi/lib/armv6-m\libc_nano.a(lib_a-findfp.o)
                0x10042fb8                _cleanup_r
 .text.std.isra.0
                0x10042fc8       0x48 c:/program files (x86)/atollic/truestudio for stm32 9.3.0/armtools/bin/../lib/gcc/arm-atollic-eabi/6.3.1/../../../../arm-atollic-eabi/lib/armv6-m\libc_nano.a(lib_a-findfp.o)
 .text.__sfmoreglue
                0x10043010       0x2c c:/program files (x86)/atollic/truestudio for stm32 9.3.0/armtools/bin/../lib/gcc/arm-atollic-eabi/6.3.1/../../../../arm-atollic-eabi/lib/armv6-m\libc_nano.a(lib_a-findfp.o)
                0x10043010                __sfmoreglue
 .text.__sinit  0x1004303c       0x68 c:/program files (x86)/atollic/truestudio for stm32 9.3.0/armtools/bin/../lib/gcc/arm-atollic-eabi/6.3.1/../../../../arm-atollic-eabi/lib/armv6-m\libc_nano.a(lib_a-findfp.o)
                0x1004303c                __sinit
 .text.__sfp    0x100430a4       0x80 c:/program files (x86)/atollic/truestudio for stm32 9.3.0/armtools/bin/../lib/gcc/arm-atollic-eabi/6.3.1/../../../../arm-atollic-eabi/lib/armv6-m\libc_nano.a(lib_a-findfp.o)
                0x100430a4                __sfp
 .text._fwalk_reent
                0x10043124       0x42 c:/program files (x86)/atollic/truestudio for stm32 9.3.0/armtools/bin/../lib/gcc/arm-atollic-eabi/6.3.1/../../../../arm-atollic-eabi/lib/armv6-m\libc_nano.a(lib_a-fwalk.o)
                0x10043124                _fwalk_reent
 *fill*         0x10043166        0x2 
 .text.__swhatbuf_r
                0x10043168       0x50 c:/program files (x86)/atollic/truestudio for stm32 9.3.0/armtools/bin/../lib/gcc/arm-atollic-eabi/6.3.1/../../../../arm-atollic-eabi/lib/armv6-m\libc_nano.a(lib_a-makebuf.o)
                0x10043168                __swhatbuf_r
 .text.__smakebuf_r
                0x100431b8       0x88 c:/program files (x86)/atollic/truestudio for stm32 9.3.0/armtools/bin/../lib/gcc/arm-atollic-eabi/6.3.1/../../../../arm-atollic-eabi/lib/armv6-m\libc_nano.a(lib_a-makebuf.o)
                0x100431b8                __smakebuf_r
 .text.malloc   0x10043240       0x14 c:/program files (x86)/atollic/truestudio for stm32 9.3.0/armtools/bin/../lib/gcc/arm-atollic-eabi/6.3.1/../../../../arm-atollic-eabi/lib/armv6-m\libc_nano.a(lib_a-malloc.o)
                0x10043240                malloc
 .text._free_r  0x10043254       0x94 c:/program files (x86)/atollic/truestudio for stm32 9.3.0/armtools/bin/../lib/gcc/arm-atollic-eabi/6.3.1/../../../../arm-atollic-eabi/lib/armv6-m\libc_nano.a(lib_a-nano-freer.o)
                0x10043254                _free_r
 .text._malloc_r
                0x100432e8       0xbc c:/program files (x86)/atollic/truestudio for stm32 9.3.0/armtools/bin/../lib/gcc/arm-atollic-eabi/6.3.1/../../../../arm-atollic-eabi/lib/armv6-m\libc_nano.a(lib_a-nano-mallocr.o)
                0x100432e8                _malloc_r
 .text.__sfputc_r
                0x100433a4       0x2a c:/program files (x86)/atollic/truestudio for stm32 9.3.0/armtools/bin/../lib/gcc/arm-atollic-eabi/6.3.1/../../../../arm-atollic-eabi/lib/armv6-m\libc_nano.a(lib_a-nano-vfprintf.o)
 .text.__sfputs_r
                0x100433ce       0x24 c:/program files (x86)/atollic/truestudio for stm32 9.3.0/armtools/bin/../lib/gcc/arm-atollic-eabi/6.3.1/../../../../arm-atollic-eabi/lib/armv6-m\libc_nano.a(lib_a-nano-vfprintf.o)
                0x100433ce                __sfputs_r
 *fill*         0x100433f2        0x2 
 .text._vfprintf_r
                0x100433f4      0x238 c:/program files (x86)/atollic/truestudio for stm32 9.3.0/armtools/bin/../lib/gcc/arm-atollic-eabi/6.3.1/../../../../arm-atollic-eabi/lib/armv6-m\libc_nano.a(lib_a-nano-vfprintf.o)
                0x100433f4                _vfprintf_r
                0x100433f4                _vfiprintf_r
 .text._printf_common
                0x1004362c       0xda c:/program files (x86)/atollic/truestudio for stm32 9.3.0/armtools/bin/../lib/gcc/arm-atollic-eabi/6.3.1/../../../../arm-atollic-eabi/lib/armv6-m\libc_nano.a(lib_a-nano-vfprintf_i.o)
                0x1004362c                _printf_common
 *fill*         0x10043706        0x2 
 .text._printf_i
                0x10043708      0x234 c:/program files (x86)/atollic/truestudio for stm32 9.3.0/armtools/bin/../lib/gcc/arm-atollic-eabi/6.3.1/../../../../arm-atollic-eabi/lib/armv6-m\libc_nano.a(lib_a-nano-vfprintf_i.o)
                0x10043708                _printf_i
 .text._sbrk_r  0x1004393c       0x24 c:/program files (x86)/atollic/truestudio for stm32 9.3.0/armtools/bin/../lib/gcc/arm-atollic-eabi/6.3.1/../../../../arm-atollic-eabi/lib/armv6-m\libc_nano.a(lib_a-sbrkr.o)
                0x1004393c                _sbrk_r
 .text.__sread  0x10043960       0x28 c:/program files (x86)/atollic/truestudio for stm32 9.3.0/armtools/bin/../lib/gcc/arm-atollic-eabi/6.3.1/../../../../arm-atollic-eabi/lib/armv6-m\libc_nano.a(lib_a-stdio.o)
                0x10043960                __sread
 .text.__swrite
                0x10043988       0x38 c:/program files (x86)/atollic/truestudio for stm32 9.3.0/armtools/bin/../lib/gcc/arm-atollic-eabi/6.3.1/../../../../arm-atollic-eabi/lib/armv6-m\libc_nano.a(lib_a-stdio.o)
                0x10043988                __swrite
 .text.__sseek  0x100439c0       0x2c c:/program files (x86)/atollic/truestudio for stm32 9.3.0/armtools/bin/../lib/gcc/arm-atollic-eabi/6.3.1/../../../../arm-atollic-eabi/lib/armv6-m\libc_nano.a(lib_a-stdio.o)
                0x100439c0                __sseek
 .text.__sclose
                0x100439ec        0xc c:/program files (x86)/atollic/truestudio for stm32 9.3.0/armtools/bin/../lib/gcc/arm-atollic-eabi/6.3.1/../../../../arm-atollic-eabi/lib/armv6-m\libc_nano.a(lib_a-stdio.o)
                0x100439ec                __sclose
 .text._write_r
                0x100439f8       0x28 c:/program files (x86)/atollic/truestudio for stm32 9.3.0/armtools/bin/../lib/gcc/arm-atollic-eabi/6.3.1/../../../../arm-atollic-eabi/lib/armv6-m\libc_nano.a(lib_a-writer.o)
                0x100439f8                _write_r
 .text._close_r
                0x10043a20       0x24 c:/program files (x86)/atollic/truestudio for stm32 9.3.0/armtools/bin/../lib/gcc/arm-atollic-eabi/6.3.1/../../../../arm-atollic-eabi/lib/armv6-m\libc_nano.a(lib_a-closer.o)
                0x10043a20                _close_r
 .text._fstat_r
                0x10043a44       0x24 c:/program files (x86)/atollic/truestudio for stm32 9.3.0/armtools/bin/../lib/gcc/arm-atollic-eabi/6.3.1/../../../../arm-atollic-eabi/lib/armv6-m\libc_nano.a(lib_a-fstatr.o)
                0x10043a44                _fstat_r
 .text._isatty_r
                0x10043a68       0x24 c:/program files (x86)/atollic/truestudio for stm32 9.3.0/armtools/bin/../lib/gcc/arm-atollic-eabi/6.3.1/../../../../arm-atollic-eabi/lib/armv6-m\libc_nano.a(lib_a-isattyr.o)
                0x10043a68                _isatty_r
 .text._lseek_r
                0x10043a8c       0x28 c:/program files (x86)/atollic/truestudio for stm32 9.3.0/armtools/bin/../lib/gcc/arm-atollic-eabi/6.3.1/../../../../arm-atollic-eabi/lib/armv6-m\libc_nano.a(lib_a-lseekr.o)
                0x10043a8c                _lseek_r
 .text.memchr   0x10043ab4       0x16 c:/program files (x86)/atollic/truestudio for stm32 9.3.0/armtools/bin/../lib/gcc/arm-atollic-eabi/6.3.1/../../../../arm-atollic-eabi/lib/armv6-m\libc_nano.a(lib_a-memchr-stub.o)
                0x10043ab4                memchr
 .text.__malloc_lock
                0x10043aca        0x2 c:/program files (x86)/atollic/truestudio for stm32 9.3.0/armtools/bin/../lib/gcc/arm-atollic-eabi/6.3.1/../../../../arm-atollic-eabi/lib/armv6-m\libc_nano.a(lib_a-mlock.o)
                0x10043aca                __malloc_lock
 .text.__malloc_unlock
                0x10043acc        0x2 c:/program files (x86)/atollic/truestudio for stm32 9.3.0/armtools/bin/../lib/gcc/arm-atollic-eabi/6.3.1/../../../../arm-atollic-eabi/lib/armv6-m\libc_nano.a(lib_a-mlock.o)
                0x10043acc                __malloc_unlock
 *fill*         0x10043ace        0x2 
 .text._read_r  0x10043ad0       0x28 c:/program files (x86)/atollic/truestudio for stm32 9.3.0/armtools/bin/../lib/gcc/arm-atollic-eabi/6.3.1/../../../../arm-atollic-eabi/lib/armv6-m\libc_nano.a(lib_a-readr.o)
                0x10043ad0                _read_r
 *(i.*)
 i._aci_gap_set_discoverable_param_check
                0x10043af8       0x5c ../Library/Bluetooth_LE/library\libbluenrg1_stack.a(bluenrg_gap_aci.o)
 i.aci_gap_init
                0x10043b54       0x30 ../Library/Bluetooth_LE/library\libbluenrg1_stack.a(bluenrg_gap_aci.o)
                0x10043b54                aci_gap_init
 i.aci_gap_set_discoverable
                0x10043b84       0x42 ../Library/Bluetooth_LE/library\libbluenrg1_stack.a(bluenrg_gap_aci.o)
                0x10043b84                aci_gap_set_discoverable
 i.aci_gap_terminate
                0x10043bc6        0x8 ../Library/Bluetooth_LE/library\libbluenrg1_stack.a(bluenrg_gap_aci.o)
                0x10043bc6                aci_gap_terminate
 i._load_uuid   0x10043bce       0x26 ../Library/Bluetooth_LE/library\libbluenrg1_stack.a(bluenrg_gatt_aci.o)
 i.aci_gatt_add_char
                0x10043bf4       0x3e ../Library/Bluetooth_LE/library\libbluenrg1_stack.a(bluenrg_gatt_aci.o)
                0x10043bf4                aci_gatt_add_char
 i.aci_gatt_add_service
                0x10043c32       0x36 ../Library/Bluetooth_LE/library\libbluenrg1_stack.a(bluenrg_gatt_aci.o)
                0x10043c32                aci_gatt_add_service
 i.aci_gatt_init
                0x10043c68        0x8 ../Library/Bluetooth_LE/library\libbluenrg1_stack.a(bluenrg_gatt_aci.o)
                0x10043c68                aci_gatt_init
 i.aci_gatt_update_char_value_ext
                0x10043c70       0x22 ../Library/Bluetooth_LE/library\libbluenrg1_stack.a(bluenrg_gatt_aci.o)
                0x10043c70                aci_gatt_update_char_value_ext
 i.aci_hal_set_tx_power_level
                0x10043c92        0x8 ../Library/Bluetooth_LE/library\libbluenrg1_stack.a(bluenrg_hal_aci.o)
                0x10043c92                aci_hal_set_tx_power_level
 i.aci_hal_write_config_data
                0x10043c9a        0x8 ../Library/Bluetooth_LE/library\libbluenrg1_stack.a(bluenrg_hal_aci.o)
                0x10043c9a                aci_hal_write_config_data
 *fill*         0x10043ca2        0x2 
 i.BTLE_StackTick
                0x10043ca4       0x84 ../Library/Bluetooth_LE/library\libbluenrg1_stack.a(bluenrg_main_func.o)
                0x10043ca4                BTLE_StackTick
 i.BlueNRG_Stack_Initialization
                0x10043d28       0x44 ../Library/Bluetooth_LE/library\libbluenrg1_stack.a(bluenrg_main_func.o)
                0x10043d28                BlueNRG_Stack_Initialization
 i.BlueNRG_Stack_Initialize_ConfigData
                0x10043d6c       0x64 ../Library/Bluetooth_LE/library\libbluenrg1_stack.a(bluenrg_main_func.o)
 i.BlueNRG_Stack_Initialize_Layers
                0x10043dd0       0x84 ../Library/Bluetooth_LE/library\libbluenrg1_stack.a(bluenrg_main_func.o)
 i.BlueNRG_Stack_Initialize_RAM_check
                0x10043e54       0x7c ../Library/Bluetooth_LE/library\libbluenrg1_stack.a(bluenrg_main_func.o)
 i.BlueNRG_Stack_Perform_Crystal_Check
                0x10043ed0       0xc4 ../Library/Bluetooth_LE/library\libbluenrg1_stack.a(bluenrg_main_func.o)
 i.BlueNRG_Start_Crystal_Measurement
                0x10043f94       0x1c ../Library/Bluetooth_LE/library\libbluenrg1_stack.a(bluenrg_main_func.o)
 i._BlueNRG_Stack_Initialization
                0x10043fb0       0xe8 ../Library/Bluetooth_LE/library\libbluenrg1_stack.a(bluenrg_main_func.o)
                0x10043fb0                _BlueNRG_Stack_Initialization
 i.GAP_Connection_Complete_Handler
                0x10044098       0x68 ../Library/Bluetooth_LE/library\libbluenrg1_stack.a(gap.o)
                0x10044098                GAP_Connection_Complete_Handler
 i.GAP_DiscProcTimeoutcb_ucfg
                0x10044100        0x2 ../Library/Bluetooth_LE/library\libbluenrg1_stack.a(gap.o)
                0x10044100                GAP_DiscProcTimeoutcb_ucfg
 *fill*         0x10044102        0x2 
 i.GAP_Init     0x10044104      0x1fc ../Library/Bluetooth_LE/library\libbluenrg1_stack.a(gap.o)
                0x10044104                GAP_Init
 i.GAP_Init_Context
                0x10044300       0x14 ../Library/Bluetooth_LE/library\libbluenrg1_stack.a(gap.o)
                0x10044300                GAP_Init_Context
 i.GAP_LL_Event_Handler_ISR
                0x10044314       0x68 ../Library/Bluetooth_LE/library\libbluenrg1_stack.a(gap.o)
                0x10044314                GAP_LL_Event_Handler_ISR
 i.GAP_LimDiscTimeoutcb
                0x1004437c       0x2c ../Library/Bluetooth_LE/library\libbluenrg1_stack.a(gap.o)
                0x1004437c                GAP_LimDiscTimeoutcb
 i.GAP_Process_Q
                0x100443a8       0x40 ../Library/Bluetooth_LE/library\libbluenrg1_stack.a(gap.o)
                0x100443a8                GAP_Process_Q
 i.GAP_Set_Discoverable_Mode
                0x100443e8       0x38 ../Library/Bluetooth_LE/library\libbluenrg1_stack.a(gap.o)
                0x100443e8                GAP_Set_Discoverable_Mode
 i.GAP_check_and_set_role_ucfg
                0x10044420       0x1c ../Library/Bluetooth_LE/library\libbluenrg1_stack.a(gap.o)
                0x10044420                GAP_check_and_set_role_ucfg
 i.GAP_discover_peer_name_ucfg
                0x1004443c        0x2 ../Library/Bluetooth_LE/library\libbluenrg1_stack.a(gap.o)
                0x1004443c                GAP_discover_peer_name_ucfg
 i.GAP_enable_controller_privacy_ucfg
                0x1004443e        0x4 ../Library/Bluetooth_LE/library\libbluenrg1_stack.a(gap.o)
                0x1004443e                GAP_enable_controller_privacy_ucfg
 *fill*         0x10044442        0x2 
 i._GAP_Parse_Advertising_Report
                0x10044444       0x64 ../Library/Bluetooth_LE/library\libbluenrg1_stack.a(gap.o)
 i._gap_set_discoverable_connectable
                0x100444a8      0x174 ../Library/Bluetooth_LE/library\libbluenrg1_stack.a(gap.o)
                0x100444a8                _gap_set_discoverable_connectable
 i.aci_gap_limited_discoverable_event_push
                0x1004461c       0x50 ../Library/Bluetooth_LE/library\libbluenrg1_stack.a(gap.o)
 i.aci_gap_proc_complete_event_push
                0x1004466c       0x74 ../Library/Bluetooth_LE/library\libbluenrg1_stack.a(gap.o)
 i.advParamsCheckAndSet
                0x100446e0       0x88 ../Library/Bluetooth_LE/library\libbluenrg1_stack.a(gap.o)
                0x100446e0                advParamsCheckAndSet
 i.gapClearAllModeFlags
                0x10044768       0x14 ../Library/Bluetooth_LE/library\libbluenrg1_stack.a(gap.o)
                0x10044768                gapClearAllModeFlags
 i.setGapAdvData
                0x1004477c      0x104 ../Library/Bluetooth_LE/library\libbluenrg1_stack.a(gap.o)
                0x1004477c                setGapAdvData
 i.Find_Gatt_Client
                0x10044880       0x3c ../Library/Bluetooth_LE/library\libbluenrg1_stack.a(gatt_client.o)
                0x10044880                Find_Gatt_Client
 i.Build_Notif_Or_Ind
                0x100448bc       0x3e ../Library/Bluetooth_LE/library\libbluenrg1_stack.a(gatt_server.o)
                0x100448bc                Build_Notif_Or_Ind
 *fill*         0x100448fa        0x2 
 i.Check_For_Service_Change
                0x100448fc      0x34c ../Library/Bluetooth_LE/library\libbluenrg1_stack.a(gatt_server.o)
                0x100448fc                Check_For_Service_Change
 i.Find_Attr_Index
                0x10044c48       0x50 ../Library/Bluetooth_LE/library\libbluenrg1_stack.a(gatt_server.o)
                0x10044c48                Find_Attr_Index
 i.Find_Timed_Out_Connection
                0x10044c98       0x20 ../Library/Bluetooth_LE/library\libbluenrg1_stack.a(gatt_server.o)
                0x10044c98                Find_Timed_Out_Connection
 i.GATT_Connection_Complete_Handler
                0x10044cb8       0x44 ../Library/Bluetooth_LE/library\libbluenrg1_stack.a(gatt_server.o)
                0x10044cb8                GATT_Connection_Complete_Handler
 i.GATT_Send_Packet
                0x10044cfc       0x2c ../Library/Bluetooth_LE/library\libbluenrg1_stack.a(gatt_server.o)
                0x10044cfc                GATT_Send_Packet
 i.GATT_Server_Set_Flag
                0x10044d28       0x18 ../Library/Bluetooth_LE/library\libbluenrg1_stack.a(gatt_server.o)
 i.GATT_TimeOut_Handler
                0x10044d40       0x1a ../Library/Bluetooth_LE/library\libbluenrg1_stack.a(gatt_server.o)
                0x10044d40                GATT_TimeOut_Handler
 *fill*         0x10044d5a        0x2 
 i.Gatt_Add_Charac_Desc
                0x10044d5c      0x160 ../Library/Bluetooth_LE/library\libbluenrg1_stack.a(gatt_server.o)
                0x10044d5c                Gatt_Add_Charac_Desc
 i.Gatt_Add_Characteristic
                0x10044ebc      0x33c ../Library/Bluetooth_LE/library\libbluenrg1_stack.a(gatt_server.o)
                0x10044ebc                Gatt_Add_Characteristic
 i.Gatt_Add_Descriptor
                0x100451f8      0x158 ../Library/Bluetooth_LE/library\libbluenrg1_stack.a(gatt_server.o)
                0x100451f8                Gatt_Add_Descriptor
 i.Gatt_Add_Service
                0x10045350      0x160 ../Library/Bluetooth_LE/library\libbluenrg1_stack.a(gatt_server.o)
                0x10045350                Gatt_Add_Service
 i.Gatt_Find_Srv_From_Handle
                0x100454b0       0x2c ../Library/Bluetooth_LE/library\libbluenrg1_stack.a(gatt_server.o)
                0x100454b0                Gatt_Find_Srv_From_Handle
 i.Gatt_Find_Srv_Owner_Of_Handle
                0x100454dc       0x48 ../Library/Bluetooth_LE/library\libbluenrg1_stack.a(gatt_server.o)
                0x100454dc                Gatt_Find_Srv_Owner_Of_Handle
 i.Gatt_Find_Timed_Out_Connection_Index
                0x10045524       0x38 ../Library/Bluetooth_LE/library\libbluenrg1_stack.a(gatt_server.o)
                0x10045524                Gatt_Find_Timed_Out_Connection_Index
 i.Gatt_Flush_Pending_AclPacket_Lists
                0x1004555c       0x34 ../Library/Bluetooth_LE/library\libbluenrg1_stack.a(gatt_server.o)
 i.Gatt_Process_Q
                0x10045590      0x19c ../Library/Bluetooth_LE/library\libbluenrg1_stack.a(gatt_server.o)
                0x10045590                Gatt_Process_Q
 i.Gatt_Reset_To_Closed_State
                0x1004572c       0xfc ../Library/Bluetooth_LE/library\libbluenrg1_stack.a(gatt_server.o)
 i.Gatt_Server_Db_Check
                0x10045828       0x38 ../Library/Bluetooth_LE/library\libbluenrg1_stack.a(gatt_server.o)
                0x10045828                Gatt_Server_Db_Check
 i.Gatt_Server_Init
                0x10045860      0x194 ../Library/Bluetooth_LE/library\libbluenrg1_stack.a(gatt_server.o)
                0x10045860                Gatt_Server_Init
 i.Gatt_Server_L2C_Handler
                0x100459f4      0x21c ../Library/Bluetooth_LE/library\libbluenrg1_stack.a(gatt_server.o)
                0x100459f4                Gatt_Server_L2C_Handler
 i.Gatt_Server_L2C_Handler_ISR
                0x10045c10       0x4c ../Library/Bluetooth_LE/library\libbluenrg1_stack.a(gatt_server.o)
                0x10045c10                Gatt_Server_L2C_Handler_ISR
 i.Gatt_Store_Server_Database_And_Reset_CCCD
                0x10045c5c      0x170 ../Library/Bluetooth_LE/library\libbluenrg1_stack.a(gatt_server.o)
 i.Gatt_Update_Charac_Value
                0x10045dcc       0x68 ../Library/Bluetooth_LE/library\libbluenrg1_stack.a(gatt_server.o)
                0x10045dcc                Gatt_Update_Charac_Value
 i.Gatt_Update_Charac_Value_Ext
                0x10045e34      0x390 ../Library/Bluetooth_LE/library\libbluenrg1_stack.a(gatt_server.o)
                0x10045e34                Gatt_Update_Charac_Value_Ext
 i.Gatt_fetch_handle
                0x100461c4       0x3c ../Library/Bluetooth_LE/library\libbluenrg1_stack.a(gatt_server.o)
                0x100461c4                Gatt_fetch_handle
 i.Gatt_search_handle
                0x10046200       0x1e ../Library/Bluetooth_LE/library\libbluenrg1_stack.a(gatt_server.o)
                0x10046200                Gatt_search_handle
 *fill*         0x1004621e        0x2 
 i.Gatt_search_service_handle
                0x10046220       0x30 ../Library/Bluetooth_LE/library\libbluenrg1_stack.a(gatt_server.o)
                0x10046220                Gatt_search_service_handle
 i.Ind_Service_Change_Charac
                0x10046250       0x48 ../Library/Bluetooth_LE/library\libbluenrg1_stack.a(gatt_server.o)
                0x10046250                Ind_Service_Change_Charac
 i.Pm_Resize_Host_Acl_Pckt
                0x10046298        0xe ../Library/Bluetooth_LE/library\libbluenrg1_stack.a(gatt_server.o)
 *fill*         0x100462a6        0x2 
 i.Process_Peer_Client_Data
                0x100462a8      0x1f8 ../Library/Bluetooth_LE/library\libbluenrg1_stack.a(gatt_server.o)
                0x100462a8                Process_Peer_Client_Data
 i.Process_Peer_Server_Data
                0x100464a0      0x16c ../Library/Bluetooth_LE/library\libbluenrg1_stack.a(gatt_server.o)
                0x100464a0                Process_Peer_Server_Data
 i.Select_Next_Notification_Client
                0x1004660c       0x50 ../Library/Bluetooth_LE/library\libbluenrg1_stack.a(gatt_server.o)
                0x1004660c                Select_Next_Notification_Client
 i.Send_Notif_Or_Ind
                0x1004665c       0x4c ../Library/Bluetooth_LE/library\libbluenrg1_stack.a(gatt_server.o)
                0x1004665c                Send_Notif_Or_Ind
 i.aci_gatt_indication_event_push
                0x100466a8       0x90 ../Library/Bluetooth_LE/library\libbluenrg1_stack.a(gatt_server.o)
 i.aci_gatt_notification_event_push
                0x10046738       0x90 ../Library/Bluetooth_LE/library\libbluenrg1_stack.a(gatt_server.o)
 i.aci_hal_fw_error_event_push
                0x100467c8       0x5c ../Library/Bluetooth_LE/library\libbluenrg1_stack.a(gatt_server.o)
 i.store_data   0x10046824       0x1e ../Library/Bluetooth_LE/library\libbluenrg1_stack.a(gatt_server.o)
                0x10046824                store_data
 i.__ARM_common_switch8
                0x10046842       0x1a ../Library/Bluetooth_LE/library\libbluenrg1_stack.a(gatt_server.o)
                0x10046842                __ARM_common_switch8
 i.HAL_Flash_Store_Data
                0x1004685c       0x54 ../Library/Bluetooth_LE/library\libbluenrg1_stack.a(hal.o)
                0x1004685c                HAL_Flash_Store_Data
 i.HAL_Generate_Random_Bytes_To
                0x100468b0       0x20 ../Library/Bluetooth_LE/library\libbluenrg1_stack.a(hal.o)
                0x100468b0                HAL_Generate_Random_Bytes_To
 i.HAL_Set_TX_Power_Level
                0x100468d0       0x44 ../Library/Bluetooth_LE/library\libbluenrg1_stack.a(hal.o)
                0x100468d0                HAL_Set_TX_Power_Level
 i.HAL_Write_ConfigData
                0x10046914      0x11c ../Library/Bluetooth_LE/library\libbluenrg1_stack.a(hal.o)
                0x10046914                HAL_Write_ConfigData
 i.Hal_Get_Random_Number
                0x10046a30       0x3a ../Library/Bluetooth_LE/library\libbluenrg1_stack.a(hal.o)
                0x10046a30                Hal_Get_Random_Number
 i.Hal_Get_Random_Number32
                0x10046a6a       0x12 ../Library/Bluetooth_LE/library\libbluenrg1_stack.a(hal.o)
                0x10046a6a                Hal_Get_Random_Number32
 i.ble_HAL_Init
                0x10046a7c       0x1c ../Library/Bluetooth_LE/library\libbluenrg1_stack.a(hal.o)
                0x10046a7c                ble_HAL_Init
 i.char_copy    0x10046a98       0x12 ../Library/Bluetooth_LE/library\libbluenrg1_stack.a(hal.o)
                0x10046a98                char_copy
 *fill*         0x10046aaa        0x2 
 i.hal_radio_activity_state_callback_check
                0x10046aac       0x34 ../Library/Bluetooth_LE/library\libbluenrg1_stack.a(hal.o)
                0x10046aac                hal_radio_activity_state_callback_check
 i.hal_radio_activity_state_init
                0x10046ae0       0x1c ../Library/Bluetooth_LE/library\libbluenrg1_stack.a(hal.o)
                0x10046ae0                hal_radio_activity_state_init
 i.hal_read_radio_activity_state
                0x10046afc       0x40 ../Library/Bluetooth_LE/library\libbluenrg1_stack.a(hal.o)
                0x10046afc                hal_read_radio_activity_state
 i.set_string   0x10046b3c       0x10 ../Library/Bluetooth_LE/library\libbluenrg1_stack.a(hal.o)
                0x10046b3c                set_string
 i.Controller_Process_Q
                0x10046b4c       0x1c ../Library/Bluetooth_LE/library\libbluenrg1_stack.a(hci.o)
                0x10046b4c                Controller_Process_Q
 i.HCI_Init     0x10046b68       0x7c ../Library/Bluetooth_LE/library\libbluenrg1_stack.a(hci.o)
                0x10046b68                HCI_Init
 i.PKA_Offline_Processing_ucfg
                0x10046be4        0x2 ../Library/Bluetooth_LE/library\libbluenrg1_stack.a(hci.o)
                0x10046be4                PKA_Offline_Processing_ucfg
 i.PRIV_controller_privacy_csr_ucfg
                0x10046be6        0x4 ../Library/Bluetooth_LE/library\libbluenrg1_stack.a(hci.o)
                0x10046be6                PRIV_controller_privacy_csr_ucfg
 i.data_length_extension_csr_ucfg
                0x10046bea        0x4 ../Library/Bluetooth_LE/library\libbluenrg1_stack.a(hci.o)
                0x10046bea                data_length_extension_csr_ucfg
 *fill*         0x10046bee        0x2 
 i.hci_acl_Process_Q
                0x10046bf0       0x6c ../Library/Bluetooth_LE/library\libbluenrg1_stack.a(hci.o)
                0x10046bf0                hci_acl_Process_Q
 i.hci_le_encrypt
                0x10046c5c        0xa ../Library/Bluetooth_LE/library\libbluenrg1_stack.a(hci.o)
                0x10046c5c                hci_le_encrypt
 i.hci_le_long_term_key_request_reply
                0x10046c66        0xe ../Library/Bluetooth_LE/library\libbluenrg1_stack.a(hci.o)
                0x10046c66                hci_le_long_term_key_request_reply
 i.hci_le_long_term_key_requested_negative_reply
                0x10046c74        0xe ../Library/Bluetooth_LE/library\libbluenrg1_stack.a(hci.o)
                0x10046c74                hci_le_long_term_key_requested_negative_reply
 i.hci_le_set_scan_response_data
                0x10046c82       0x16 ../Library/Bluetooth_LE/library\libbluenrg1_stack.a(hci.o)
                0x10046c82                hci_le_set_scan_response_data
 i.hci_rx_acl_data
                0x10046c98       0x6c ../Library/Bluetooth_LE/library\libbluenrg1_stack.a(hci.o)
                0x10046c98                hci_rx_acl_data
 i.hci_tx_acl_data_done
                0x10046d04       0x44 ../Library/Bluetooth_LE/library\libbluenrg1_stack.a(hci.o)
                0x10046d04                hci_tx_acl_data_done
 i.HAL_VTimerAcc_sysT32_ms
                0x10046d48       0x24 ../Library/Bluetooth_LE/library\libbluenrg1_stack.a(host_timer.o)
                0x10046d48                HAL_VTimerAcc_sysT32_ms
 i.HAL_VTimerGetCurrentTime_sysT32
                0x10046d6c       0x12 ../Library/Bluetooth_LE/library\libbluenrg1_stack.a(host_timer.o)
                0x10046d6c                HAL_VTimerGetCurrentTime_sysT32
 *fill*         0x10046d7e        0x2 
 i.Set_Host_Timer_value
                0x10046d80       0x50 ../Library/Bluetooth_LE/library\libbluenrg1_stack.a(host_timer.o)
                0x10046d80                Set_Host_Timer_value
 i.TimerCallback
                0x10046dd0       0x7c ../Library/Bluetooth_LE/library\libbluenrg1_stack.a(host_timer.o)
 i.Timer_ExpiryCallback
                0x10046e4c       0x14 ../Library/Bluetooth_LE/library\libbluenrg1_stack.a(host_timer.o)
                0x10046e4c                Timer_ExpiryCallback
 i.Timer_Init   0x10046e60       0x34 ../Library/Bluetooth_LE/library\libbluenrg1_stack.a(host_timer.o)
                0x10046e60                Timer_Init
 i.Timer_ProcessQ
                0x10046e94      0x11c ../Library/Bluetooth_LE/library\libbluenrg1_stack.a(host_timer.o)
                0x10046e94                Timer_ProcessQ
 i.Timer_StartOneShot
                0x10046fb0       0x22 ../Library/Bluetooth_LE/library\libbluenrg1_stack.a(host_timer.o)
                0x10046fb0                Timer_StartOneShot
 *fill*         0x10046fd2        0x2 
 i.Timer_StartOneShot_sysTime32
                0x10046fd4       0x74 ../Library/Bluetooth_LE/library\libbluenrg1_stack.a(host_timer.o)
                0x10046fd4                Timer_StartOneShot_sysTime32
 i.Timer_StopOneShot
                0x10047048       0x58 ../Library/Bluetooth_LE/library\libbluenrg1_stack.a(host_timer.o)
                0x10047048                Timer_StopOneShot
 i.Timer_sysTime32_convMachineTime
                0x100470a0       0x24 ../Library/Bluetooth_LE/library\libbluenrg1_stack.a(host_timer.o)
                0x100470a0                Timer_sysTime32_convMachineTime
 i.L2C_Build_Command_Reject_Pdu
                0x100470c4       0x7c ../Library/Bluetooth_LE/library\libbluenrg1_stack.a(l2cap.o)
                0x100470c4                L2C_Build_Command_Reject_Pdu
 i.L2C_Connection_Complete_Handler
                0x10047140       0x4a ../Library/Bluetooth_LE/library\libbluenrg1_stack.a(l2cap.o)
                0x10047140                L2C_Connection_Complete_Handler
 i.L2C_Connection_Complete_Signal_Handler
                0x1004718a       0x2a ../Library/Bluetooth_LE/library\libbluenrg1_stack.a(l2cap.o)
                0x1004718a                L2C_Connection_Complete_Signal_Handler
 i.L2C_Get_Connection_Info
                0x100471b4       0x34 ../Library/Bluetooth_LE/library\libbluenrg1_stack.a(l2cap.o)
 i.L2C_Get_Connection_Info_Index
                0x100471e8       0x30 ../Library/Bluetooth_LE/library\libbluenrg1_stack.a(l2cap.o)
 i.L2C_Get_PDU_Len
                0x10047218        0xe ../Library/Bluetooth_LE/library\libbluenrg1_stack.a(l2cap.o)
                0x10047218                L2C_Get_PDU_Len
 *fill*         0x10047226        0x2 
 i.L2C_Init     0x10047228       0x58 ../Library/Bluetooth_LE/library\libbluenrg1_stack.a(l2cap.o)
                0x10047228                L2C_Init
 i.L2C_Mux_Acl_Packet
                0x10047280       0x58 ../Library/Bluetooth_LE/library\libbluenrg1_stack.a(l2cap.o)
 i.L2C_Rcv_Data
                0x100472d8       0xcc ../Library/Bluetooth_LE/library\libbluenrg1_stack.a(l2cap.o)
 i.L2C_Rcv_Event_Handler
                0x100473a4       0x1e ../Library/Bluetooth_LE/library\libbluenrg1_stack.a(l2cap.o)
                0x100473a4                L2C_Rcv_Event_Handler
 i.L2C_Rcv_Event_Handler_ISR
                0x100473c2       0x54 ../Library/Bluetooth_LE/library\libbluenrg1_stack.a(l2cap.o)
                0x100473c2                L2C_Rcv_Event_Handler_ISR
 *fill*         0x10047416        0x2 
 i.L2C_Reset_To_Closed_State
                0x10047418       0x7c ../Library/Bluetooth_LE/library\libbluenrg1_stack.a(l2cap.o)
 i.L2C_Send_Data
                0x10047494       0x4c ../Library/Bluetooth_LE/library\libbluenrg1_stack.a(l2cap.o)
                0x10047494                L2C_Send_Data
 i.L2C_SigChan_Req_TimeOut_Handler
                0x100474e0       0x60 ../Library/Bluetooth_LE/library\libbluenrg1_stack.a(l2cap.o)
                0x100474e0                L2C_SigChan_Req_TimeOut_Handler
 i.L2C_Signal_Channel_Handler
                0x10047540      0x1b0 ../Library/Bluetooth_LE/library\libbluenrg1_stack.a(l2cap.o)
                0x10047540                L2C_Signal_Channel_Handler
 i.L2C_Signal_Channel_Handler_ISR
                0x100476f0       0x24 ../Library/Bluetooth_LE/library\libbluenrg1_stack.a(l2cap.o)
                0x100476f0                L2C_Signal_Channel_Handler_ISR
 i.L2C_discard_accumulated_acl_data
                0x10047714       0x5c ../Library/Bluetooth_LE/library\libbluenrg1_stack.a(l2cap.o)
 i.aci_l2cap_connection_update_req_event_push
                0x10047770       0x98 ../Library/Bluetooth_LE/library\libbluenrg1_stack.a(l2cap.o)
 i.Data_Length_Update_Control_ISR_ucfg
                0x10047808        0x4 ../Library/Bluetooth_LE/library\libbluenrg1_stack.a(ll_isr.o)
                0x10047808                Data_Length_Update_Control_ISR_ucfg
 i.RAL_Isr      0x1004780c      0x218 ../Library/Bluetooth_LE/library\libbluenrg1_stack.a(ll_isr.o)
                0x1004780c                RAL_Isr
 i.copy_4_u32   0x10047a24       0x12 ../Library/Bluetooth_LE/library\libbluenrg1_stack.a(ll_isr.o)
                0x10047a24                copy_4_u32
 *fill*         0x10047a36        0x2 
 i.copy_tx_data_packet
                0x10047a38       0x84 ../Library/Bluetooth_LE/library\libbluenrg1_stack.a(ll_isr.o)
                0x10047a38                copy_tx_data_packet
 i.encrypt      0x10047abc       0x74 ../Library/Bluetooth_LE/library\libbluenrg1_stack.a(ll_isr.o)
                0x10047abc                encrypt
 i.isr_advertise_state
                0x10047b30      0x398 ../Library/Bluetooth_LE/library\libbluenrg1_stack.a(ll_isr.o)
 i.isr_connect_slave_state
                0x10047ec8      0x7e4 ../Library/Bluetooth_LE/library\libbluenrg1_stack.a(ll_isr.o)
 i.isr_test_rx_state
                0x100486ac       0x34 ../Library/Bluetooth_LE/library\libbluenrg1_stack.a(ll_isr.o)
 i.isr_test_tx_state
                0x100486e0       0x64 ../Library/Bluetooth_LE/library\libbluenrg1_stack.a(ll_isr.o)
 i.isr_unknown_state
                0x10048744       0x2c ../Library/Bluetooth_LE/library\libbluenrg1_stack.a(ll_isr.o)
 i.state_func_call_init_csr_ucfg
                0x10048770        0x2 ../Library/Bluetooth_LE/library\libbluenrg1_stack.a(ll_isr.o)
                0x10048770                state_func_call_init_csr_ucfg
 i.__ARM_common_memcpy1_6
                0x10048772       0x1a ../Library/Bluetooth_LE/library\libbluenrg1_stack.a(ll_isr.o)
                0x10048772                __ARM_common_memcpy1_6
 i.LL_LE_Clear_White_List
                0x1004878c       0x28 ../Library/Bluetooth_LE/library\libbluenrg1_stack.a(ll_privacy.o)
                0x1004878c                LL_LE_Clear_White_List
 i.PRIVWHIT_u8SearchAddrInList
                0x100487b4       0x84 ../Library/Bluetooth_LE/library\libbluenrg1_stack.a(ll_privacy.o)
                0x100487b4                PRIVWHIT_u8SearchAddrInList
 i.PRIVWHIT_vInit_Struct
                0x10048838       0xb8 ../Library/Bluetooth_LE/library\libbluenrg1_stack.a(ll_privacy.o)
                0x10048838                PRIVWHIT_vInit_Struct
 i.PRIV_SearchAddrInWhiteList
                0x100488f0       0x58 ../Library/Bluetooth_LE/library\libbluenrg1_stack.a(ll_privacy.o)
                0x100488f0                PRIV_SearchAddrInWhiteList
 i.PRIV_u32ProcessAdvPacket_ucfg
                0x10048948        0x4 ../Library/Bluetooth_LE/library\libbluenrg1_stack.a(ll_privacy.o)
                0x10048948                PRIV_u32ProcessAdvPacket_ucfg
 i.PRIV_u8OfflineProcessing_ucfg
                0x1004894c        0x4 ../Library/Bluetooth_LE/library\libbluenrg1_stack.a(ll_privacy.o)
                0x1004894c                PRIV_u8OfflineProcessing_ucfg
 i.PRIV_vGeneratePrivateAddress_ucfg
                0x10048950        0x2 ../Library/Bluetooth_LE/library\libbluenrg1_stack.a(ll_privacy.o)
                0x10048950                PRIV_vGeneratePrivateAddress_ucfg
 i.PRIV_vGenerate_hci_le_enhanced_connection_complete_event_ucfg
                0x10048952        0x2 ../Library/Bluetooth_LE/library\libbluenrg1_stack.a(ll_privacy.o)
                0x10048952                PRIV_vGenerate_hci_le_enhanced_connection_complete_event_ucfg
 i.Data_Len_Update_Offline_Processing_ucfg
                0x10048954        0x2 ../Library/Bluetooth_LE/library\libbluenrg1_stack.a(ll_routines.o)
                0x10048954                Data_Len_Update_Offline_Processing_ucfg
 *fill*         0x10048956        0x2 
 i.Disconnection_Offline_Processing
                0x10048958       0x48 ../Library/Bluetooth_LE/library\libbluenrg1_stack.a(ll_routines.o)
                0x10048958                Disconnection_Offline_Processing
 i.LL_Data_Length_Change_Event_ucfg
                0x100489a0        0x4 ../Library/Bluetooth_LE/library\libbluenrg1_stack.a(ll_routines.o)
                0x100489a0                LL_Data_Length_Change_Event_ucfg
 i.LL_Disconnect_Link
                0x100489a4       0x3c ../Library/Bluetooth_LE/library\libbluenrg1_stack.a(ll_routines.o)
                0x100489a4                LL_Disconnect_Link
 i.LL_Send_Disconnection_Req
                0x100489e0       0xa4 ../Library/Bluetooth_LE/library\libbluenrg1_stack.a(ll_routines.o)
                0x100489e0                LL_Send_Disconnection_Req
 i.LL_Send_Length_Resp_ucfg
                0x10048a84        0x4 ../Library/Bluetooth_LE/library\libbluenrg1_stack.a(ll_routines.o)
                0x10048a84                LL_Send_Length_Resp_ucfg
 i.ll_write_supported_data_ucfg
                0x10048a88        0x4 ../Library/Bluetooth_LE/library\libbluenrg1_stack.a(ll_routines.o)
                0x10048a88                ll_write_supported_data_ucfg
 i.read_rssi    0x10048a8c       0x7c ../Library/Bluetooth_LE/library\libbluenrg1_stack.a(ll_routines.o)
                0x10048a8c                read_rssi
 i.Reclassify_All_Channels_ucfg
                0x10048b08        0x2 ../Library/Bluetooth_LE/library\libbluenrg1_stack.a(ll_routines_master.o)
                0x10048b08                Reclassify_All_Channels_ucfg
 *fill*         0x10048b0a        0x2 
 i.hci_encryption_change_event_push
                0x10048b0c       0x5c ../Library/Bluetooth_LE/library\libbluenrg1_stack.a(ll_routines_master.o)
 i.hci_encryption_key_refresh_complete_event_push
                0x10048b68       0x58 ../Library/Bluetooth_LE/library\libbluenrg1_stack.a(ll_routines_master.o)
 i.hci_le_connection_complete_event_push
                0x10048bc0       0x88 ../Library/Bluetooth_LE/library\libbluenrg1_stack.a(ll_routines_master.o)
 i.hci_le_connection_update_complete_event_push
                0x10048c48       0x6c ../Library/Bluetooth_LE/library\libbluenrg1_stack.a(ll_routines_master.o)
 i.isr_event_handler
                0x10048cb4      0x5fc ../Library/Bluetooth_LE/library\libbluenrg1_stack.a(ll_routines_master.o)
                0x10048cb4                isr_event_handler
 i.isr_event_handler_scan_data_ucfg
                0x100492b0        0x2 ../Library/Bluetooth_LE/library\libbluenrg1_stack.a(ll_routines_master.o)
                0x100492b0                isr_event_handler_scan_data_ucfg
 *fill*         0x100492b2        0x2 
 i.LL_Encrypt_Plain_Data_ucfg
                0x100492b4       0x9c ../Library/Bluetooth_LE/library\libbluenrg1_stack.a(ll_routines_support.o)
                0x100492b4                LL_Encrypt_Plain_Data_ucfg
 i.LL_Set_LTK   0x10049350       0x9c ../Library/Bluetooth_LE/library\libbluenrg1_stack.a(ll_routines_support.o)
                0x10049350                LL_Set_LTK
 i.Dynamic_allocator
                0x100493ec      0x264 ../Library/Bluetooth_LE/library\libbluenrg1_stack.a(mem_alloc.o)
                0x100493ec                Dynamic_allocator
 i.Dynamic_allocator_noRet
                0x10049650        0x2 ../Library/Bluetooth_LE/library\libbluenrg1_stack.a(mem_alloc.o)
                0x10049650                Dynamic_allocator_noRet
 i.Mem_assign   0x10049652       0x16 ../Library/Bluetooth_LE/library\libbluenrg1_stack.a(mem_alloc.o)
 i.mem_alloc_ctx_init
                0x10049668       0xa8 ../Library/Bluetooth_LE/library\libbluenrg1_stack.a(mem_alloc.o)
                0x10049668                mem_alloc_ctx_init
 i.Mem_Buff_Append
                0x10049710       0x12 ../Library/Bluetooth_LE/library\libbluenrg1_stack.a(mem_buff.o)
                0x10049710                Mem_Buff_Append
 i.Mem_Buff_Block_Copy
                0x10049722       0x48 ../Library/Bluetooth_LE/library\libbluenrg1_stack.a(mem_buff.o)
                0x10049722                Mem_Buff_Block_Copy
 i.Mem_Buff_Block_Write
                0x1004976a       0x56 ../Library/Bluetooth_LE/library\libbluenrg1_stack.a(mem_buff.o)
                0x1004976a                Mem_Buff_Block_Write
 i.Mem_Buff_Clone
                0x100497c0       0x32 ../Library/Bluetooth_LE/library\libbluenrg1_stack.a(mem_buff.o)
                0x100497c0                Mem_Buff_Clone
 i.Mem_Buff_Cmp
                0x100497f2       0x78 ../Library/Bluetooth_LE/library\libbluenrg1_stack.a(mem_buff.o)
                0x100497f2                Mem_Buff_Cmp
 i.Mem_Buff_Compact
                0x1004986a       0xba ../Library/Bluetooth_LE/library\libbluenrg1_stack.a(mem_buff.o)
                0x1004986a                Mem_Buff_Compact
 i.Mem_Buff_Get
                0x10049924       0x2e ../Library/Bluetooth_LE/library\libbluenrg1_stack.a(mem_buff.o)
                0x10049924                Mem_Buff_Get
 i.Mem_Buff_Get_Chain_Count
                0x10049952       0x14 ../Library/Bluetooth_LE/library\libbluenrg1_stack.a(mem_buff.o)
                0x10049952                Mem_Buff_Get_Chain_Count
 i.Mem_Buff_Get_Chain_Size
                0x10049966       0x14 ../Library/Bluetooth_LE/library\libbluenrg1_stack.a(mem_buff.o)
                0x10049966                Mem_Buff_Get_Chain_Size
 i.Mem_Buff_Init
                0x1004997a       0x6a ../Library/Bluetooth_LE/library\libbluenrg1_stack.a(mem_buff.o)
                0x1004997a                Mem_Buff_Init
 i.Mem_Buff_Read
                0x100499e4       0x62 ../Library/Bluetooth_LE/library\libbluenrg1_stack.a(mem_buff.o)
                0x100499e4                Mem_Buff_Read
 i.Mem_Buff_Release
                0x10049a46       0x36 ../Library/Bluetooth_LE/library\libbluenrg1_stack.a(mem_buff.o)
                0x10049a46                Mem_Buff_Release
 i.Mem_Buff_Resize
                0x10049a7c       0x8e ../Library/Bluetooth_LE/library\libbluenrg1_stack.a(mem_buff.o)
                0x10049a7c                Mem_Buff_Resize
 i.Mem_Buff_Write
                0x10049b0a       0x68 ../Library/Bluetooth_LE/library\libbluenrg1_stack.a(mem_buff.o)
                0x10049b0a                Mem_Buff_Write
 *fill*         0x10049b72        0x2 
 i.adapt_slot   0x10049b74      0x260 ../Library/Bluetooth_LE/library\libbluenrg1_stack.a(multi_master_time.o)
 i.advance_slave_timing_MultiSlave
                0x10049dd4      0x2cc ../Library/Bluetooth_LE/library\libbluenrg1_stack.a(multi_master_time.o)
                0x10049dd4                advance_slave_timing_MultiSlave
 i.cancel_current_master
                0x1004a0a0      0x1a8 ../Library/Bluetooth_LE/library\libbluenrg1_stack.a(multi_master_time.o)
                0x1004a0a0                cancel_current_master
 i.get_advertiser
                0x1004a248       0x48 ../Library/Bluetooth_LE/library\libbluenrg1_stack.a(multi_master_time.o)
                0x1004a248                get_advertiser
 i.get_connection_no
                0x1004a290       0x88 ../Library/Bluetooth_LE/library\libbluenrg1_stack.a(multi_master_time.o)
                0x1004a290                get_connection_no
 i.get_next_free_slot
                0x1004a318       0x34 ../Library/Bluetooth_LE/library\libbluenrg1_stack.a(multi_master_time.o)
                0x1004a318                get_next_free_slot
 i.get_scan_connection
                0x1004a34c       0x48 ../Library/Bluetooth_LE/library\libbluenrg1_stack.a(multi_master_time.o)
                0x1004a34c                get_scan_connection
 i.is_slave     0x1004a394       0x34 ../Library/Bluetooth_LE/library\libbluenrg1_stack.a(multi_master_time.o)
                0x1004a394                is_slave
 i.nsar_init    0x1004a3c8       0x18 ../Library/Bluetooth_LE/library\libbluenrg1_stack.a(multi_master_time.o)
                0x1004a3c8                nsar_init
 i.nsar_insertSlotListEntry
                0x1004a3e0       0x1c ../Library/Bluetooth_LE/library\libbluenrg1_stack.a(multi_master_time.o)
 i.nsar_searchBestFreeSlot
                0x1004a3fc       0xc0 ../Library/Bluetooth_LE/library\libbluenrg1_stack.a(multi_master_time.o)
 i.nsar_updateBestFreeSlot
                0x1004a4bc       0x22 ../Library/Bluetooth_LE/library\libbluenrg1_stack.a(multi_master_time.o)
 *fill*         0x1004a4de        0x2 
 i.nsar_updateSlotListEntry
                0x1004a4e0       0x6c ../Library/Bluetooth_LE/library\libbluenrg1_stack.a(multi_master_time.o)
 i.schedule_advertise_slot
                0x1004a54c       0xb0 ../Library/Bluetooth_LE/library\libbluenrg1_stack.a(multi_master_time.o)
                0x1004a54c                schedule_advertise_slot
 i.start_timebase
                0x1004a5fc       0xd0 ../Library/Bluetooth_LE/library\libbluenrg1_stack.a(multi_master_time.o)
                0x1004a5fc                start_timebase
 i.swap_u16     0x1004a6cc        0xa ../Library/Bluetooth_LE/library\libbluenrg1_stack.a(multi_master_time.o)
 *fill*         0x1004a6d6        0x2 
 i.timebase_start_connect
                0x1004a6d8       0x38 ../Library/Bluetooth_LE/library\libbluenrg1_stack.a(multi_master_time.o)
                0x1004a6d8                timebase_start_connect
 i.Flash_Write_Flagged
                0x1004a710       0x3c ../Library/Bluetooth_LE/library\libbluenrg1_stack.a(nvm.o)
                0x1004a710                Flash_Write_Flagged
 i.Is_Flash_Write_On_Going
                0x1004a74c       0x10 ../Library/Bluetooth_LE/library\libbluenrg1_stack.a(nvm.o)
                0x1004a74c                Is_Flash_Write_On_Going
 i.PM_Check_And_Set
                0x1004a75c       0x50 ../Library/Bluetooth_LE/library\libbluenrg1_stack.a(pm.o)
 i.PM_Clone_Pckt
                0x1004a7ac       0x22 ../Library/Bluetooth_LE/library\libbluenrg1_stack.a(pm.o)
                0x1004a7ac                PM_Clone_Pckt
 *fill*         0x1004a7ce        0x2 
 i.PM_Compact   0x1004a7d0       0x54 ../Library/Bluetooth_LE/library\libbluenrg1_stack.a(pm.o)
                0x1004a7d0                PM_Compact
 i.PM_Copy_Pckt_Data
                0x1004a824       0x12 ../Library/Bluetooth_LE/library\libbluenrg1_stack.a(pm.o)
                0x1004a824                PM_Copy_Pckt_Data
 *fill*         0x1004a836        0x2 
 i.PM_Eng_Config
                0x1004a838       0x18 ../Library/Bluetooth_LE/library\libbluenrg1_stack.a(pm.o)
                0x1004a838                PM_Eng_Config
 i.PM_Extract_Pdu_MBuff
                0x1004a850        0xc ../Library/Bluetooth_LE/library\libbluenrg1_stack.a(pm.o)
                0x1004a850                PM_Extract_Pdu_MBuff
 i.PM_Get_Available_Buffer
                0x1004a85c       0x3c ../Library/Bluetooth_LE/library\libbluenrg1_stack.a(pm.o)
                0x1004a85c                PM_Get_Available_Buffer
 i.PM_Get_Mem_Buff_Count
                0x1004a898        0xa ../Library/Bluetooth_LE/library\libbluenrg1_stack.a(pm.o)
                0x1004a898                PM_Get_Mem_Buff_Count
 *fill*         0x1004a8a2        0x2 
 i.PM_Get_Pckt  0x1004a8a4       0x44 ../Library/Bluetooth_LE/library\libbluenrg1_stack.a(pm.o)
                0x1004a8a4                PM_Get_Pckt
 i.PM_Init      0x1004a8e8       0x68 ../Library/Bluetooth_LE/library\libbluenrg1_stack.a(pm.o)
                0x1004a8e8                PM_Init
 i.PM_Pckt_Cmp  0x1004a950        0xa ../Library/Bluetooth_LE/library\libbluenrg1_stack.a(pm.o)
                0x1004a950                PM_Pckt_Cmp
 *fill*         0x1004a95a        0x2 
 i.PM_Release_Acl_Pckt
                0x1004a95c       0x3c ../Library/Bluetooth_LE/library\libbluenrg1_stack.a(pm.o)
                0x1004a95c                PM_Release_Acl_Pckt
 i.PM_Resize_Pckt_Pdu_Size
                0x1004a998       0x6c ../Library/Bluetooth_LE/library\libbluenrg1_stack.a(pm.o)
                0x1004a998                PM_Resize_Pckt_Pdu_Size
 i.PM_Write_Pckt_Data
                0x1004aa04       0x12 ../Library/Bluetooth_LE/library\libbluenrg1_stack.a(pm.o)
                0x1004aa04                PM_Write_Pckt_Data
 i.Accu_Handles_Requiring_Auth
                0x1004aa16       0x6e ../Library/Bluetooth_LE/library\libbluenrg1_stack.a(rom_att.o)
                0x1004aa16                Accu_Handles_Requiring_Auth
 i.Accu_UuidTypes_Requiring_Auth
                0x1004aa84       0xea ../Library/Bluetooth_LE/library\libbluenrg1_stack.a(rom_att.o)
                0x1004aa84                Accu_UuidTypes_Requiring_Auth
 *fill*         0x1004ab6e        0x2 
 i.GAP_Privacy1v2
                0x1004ab70      0x1e0 ../Library/Bluetooth_LE/library\libbluenrg1_stack.a(rom_gap.o)
                0x1004ab70                GAP_Privacy1v2
 i.GAP_PrivateAddrTimercb
                0x1004ad50       0x48 ../Library/Bluetooth_LE/library\libbluenrg1_stack.a(rom_gap.o)
                0x1004ad50                GAP_PrivateAddrTimercb
 i.GapIsPrivacySupported
                0x1004ad98       0x14 ../Library/Bluetooth_LE/library\libbluenrg1_stack.a(rom_gap.o)
                0x1004ad98                GapIsPrivacySupported
 i.Generate_Non_Resolvable_Private_Address
                0x1004adac       0x88 ../Library/Bluetooth_LE/library\libbluenrg1_stack.a(rom_gap.o)
                0x1004adac                Generate_Non_Resolvable_Private_Address
 i.GAP_Notify_Add_Charac
                0x1004ae34       0x70 ../Library/Bluetooth_LE/library\libbluenrg1_stack.a(rom_gap_rom.o)
                0x1004ae34                GAP_Notify_Add_Charac
 i.GAP_Terminate_Link
                0x1004aea4        0x8 ../Library/Bluetooth_LE/library\libbluenrg1_stack.a(rom_gap_rom.o)
                0x1004aea4                GAP_Terminate_Link
 i.Get_GAP_Handle
                0x1004aeac       0x10 ../Library/Bluetooth_LE/library\libbluenrg1_stack.a(rom_gap_rom.o)
                0x1004aeac                Get_GAP_Handle
 i.Get_StaticRandAddr
                0x1004aebc       0x14 ../Library/Bluetooth_LE/library\libbluenrg1_stack.a(rom_gap_rom.o)
                0x1004aebc                Get_StaticRandAddr
 i.Check_Encry_Key_Size
                0x1004aed0       0x18 ../Library/Bluetooth_LE/library\libbluenrg1_stack.a(rom_gatt_server.o)
                0x1004aed0                Check_Encry_Key_Size
 i.GATT_Num_Charac_Present
                0x1004aee8       0x3a ../Library/Bluetooth_LE/library\libbluenrg1_stack.a(rom_gatt_server.o)
                0x1004aee8                GATT_Num_Charac_Present
 *fill*         0x1004af22        0x2 
 i.Start_Gatt_Timer
                0x1004af24       0x24 ../Library/Bluetooth_LE/library\libbluenrg1_stack.a(rom_gatt_server.o)
                0x1004af24                Start_Gatt_Timer
 i.Stop_Gatt_Timer
                0x1004af48       0x1c ../Library/Bluetooth_LE/library\libbluenrg1_stack.a(rom_gatt_server.o)
                0x1004af48                Stop_Gatt_Timer
 i.List_Circular_Get_Size
                0x1004af64       0x14 ../Library/Bluetooth_LE/library\libbluenrg1_stack.a(rom_list.o)
                0x1004af64                List_Circular_Get_Size
 i.List_Circular_Insert_Tail
                0x1004af78        0xe ../Library/Bluetooth_LE/library\libbluenrg1_stack.a(rom_list.o)
                0x1004af78                List_Circular_Insert_Tail
 i.List_Circular_Node_Present
                0x1004af86       0x16 ../Library/Bluetooth_LE/library\libbluenrg1_stack.a(rom_list.o)
                0x1004af86                List_Circular_Node_Present
 i.List_Circular_Remove_Head
                0x1004af9c       0x1a ../Library/Bluetooth_LE/library\libbluenrg1_stack.a(rom_list.o)
                0x1004af9c                List_Circular_Remove_Head
 i.List_Circular_Remove_Node
                0x1004afb6       0x20 ../Library/Bluetooth_LE/library\libbluenrg1_stack.a(rom_list.o)
                0x1004afb6                List_Circular_Remove_Node
 *fill*         0x1004afd6        0x2 
 i.isr_postproc1
                0x1004afd8      0x110 ../Library/Bluetooth_LE/library\libbluenrg1_stack.a(rom_ll_isr_postproc.o)
                0x1004afd8                isr_postproc1
 i.isr_postproc_encrypt_data
                0x1004b0e8       0x16 ../Library/Bluetooth_LE/library\libbluenrg1_stack.a(rom_ll_isr_postproc.o)
                0x1004b0e8                isr_postproc_encrypt_data
 i.wait_for_aes_ready
                0x1004b0fe       0x24 ../Library/Bluetooth_LE/library\libbluenrg1_stack.a(rom_ll_isr_postproc.o)
 *fill*         0x1004b122        0x2 
 i.LL_update_proc
                0x1004b124       0x98 ../Library/Bluetooth_LE/library\libbluenrg1_stack.a(rom_ll_isr_routines.o)
                0x1004b124                LL_update_proc
 i.addr_u32_from_u8
                0x1004b1bc       0x1e ../Library/Bluetooth_LE/library\libbluenrg1_stack.a(rom_ll_isr_routines.o)
 i.cancel_connect_master_ucfg
                0x1004b1da        0x4 ../Library/Bluetooth_LE/library\libbluenrg1_stack.a(rom_ll_isr_routines.o)
                0x1004b1da                cancel_connect_master_ucfg
 *fill*         0x1004b1de        0x2 
 i.cancel_master
                0x1004b1e0       0x7c ../Library/Bluetooth_LE/library\libbluenrg1_stack.a(rom_ll_isr_routines.o)
                0x1004b1e0                cancel_master
 i.get_adv_addr
                0x1004b25c       0x14 ../Library/Bluetooth_LE/library\libbluenrg1_stack.a(rom_ll_isr_routines.o)
                0x1004b25c                get_adv_addr
 i.get_scan_addr
                0x1004b270       0x14 ../Library/Bluetooth_LE/library\libbluenrg1_stack.a(rom_ll_isr_routines.o)
                0x1004b270                get_scan_addr
 i.go_to_connect
                0x1004b284      0x298 ../Library/Bluetooth_LE/library\libbluenrg1_stack.a(rom_ll_isr_routines.o)
                0x1004b284                go_to_connect
 i.le2ByteToInt16
                0x1004b51c        0xa ../Library/Bluetooth_LE/library\libbluenrg1_stack.a(rom_ll_isr_routines.o)
 i.le4ByteToInt32
                0x1004b526       0x16 ../Library/Bluetooth_LE/library\libbluenrg1_stack.a(rom_ll_isr_routines.o)
 i.unpack_channel_map
                0x1004b53c       0x2e ../Library/Bluetooth_LE/library\libbluenrg1_stack.a(rom_ll_isr_routines.o)
                0x1004b53c                unpack_channel_map
 i.unpack_update_request
                0x1004b56a       0x48 ../Library/Bluetooth_LE/library\libbluenrg1_stack.a(rom_ll_isr_routines.o)
                0x1004b56a                unpack_update_request
 i.Is_Address_Initialized
                0x1004b5b2       0x18 ../Library/Bluetooth_LE/library\libbluenrg1_stack.a(rom_ll_ll_routines.o)
                0x1004b5b2                Is_Address_Initialized
 i.LL_Allow_Address_Setting
                0x1004b5ca       0x42 ../Library/Bluetooth_LE/library\libbluenrg1_stack.a(rom_ll_ll_routines.o)
                0x1004b5ca                LL_Allow_Address_Setting
 i.LL_Check_And_Set_Addresses
                0x1004b60c      0x1fc ../Library/Bluetooth_LE/library\libbluenrg1_stack.a(rom_ll_ll_routines.o)
                0x1004b60c                LL_Check_And_Set_Addresses
 i.LL_Enable_Disable_Adv
                0x1004b808      0x21c ../Library/Bluetooth_LE/library\libbluenrg1_stack.a(rom_ll_ll_routines.o)
                0x1004b808                LL_Enable_Disable_Adv
 i.LL_Get_Address
                0x1004ba24       0x2c ../Library/Bluetooth_LE/library\libbluenrg1_stack.a(rom_ll_ll_routines.o)
                0x1004ba24                LL_Get_Address
 i.LL_Get_AdvAddress
                0x1004ba50       0x40 ../Library/Bluetooth_LE/library\libbluenrg1_stack.a(rom_ll_ll_routines.o)
                0x1004ba50                LL_Get_AdvAddress
 i.LL_Get_ScanAddress
                0x1004ba90       0x40 ../Library/Bluetooth_LE/library\libbluenrg1_stack.a(rom_ll_ll_routines.o)
                0x1004ba90                LL_Get_ScanAddress
 i.LL_Init      0x1004bad0      0x18c ../Library/Bluetooth_LE/library\libbluenrg1_stack.a(rom_ll_ll_routines.o)
                0x1004bad0                LL_Init
 i.LL_Send_ACL_Data
                0x1004bc5c       0x50 ../Library/Bluetooth_LE/library\libbluenrg1_stack.a(rom_ll_ll_routines.o)
                0x1004bc5c                LL_Send_ACL_Data
 i.LL_Set_Adv_Data
                0x1004bcac       0x78 ../Library/Bluetooth_LE/library\libbluenrg1_stack.a(rom_ll_ll_routines.o)
                0x1004bcac                LL_Set_Adv_Data
 i.LL_Set_Adv_PDU_Format
                0x1004bd24       0xcc ../Library/Bluetooth_LE/library\libbluenrg1_stack.a(rom_ll_ll_routines.o)
                0x1004bd24                LL_Set_Adv_PDU_Format
 i.LL_Set_Adv_Params
                0x1004bdf0      0x14c ../Library/Bluetooth_LE/library\libbluenrg1_stack.a(rom_ll_ll_routines.o)
                0x1004bdf0                LL_Set_Adv_Params
 i.LL_Set_Advertising_Buffers
                0x1004bf3c       0x88 ../Library/Bluetooth_LE/library\libbluenrg1_stack.a(rom_ll_ll_routines.o)
                0x1004bf3c                LL_Set_Advertising_Buffers
 i.LL_Set_DirectAddress
                0x1004bfc4       0x38 ../Library/Bluetooth_LE/library\libbluenrg1_stack.a(rom_ll_ll_routines.o)
 i.LL_Set_OwnAddress
                0x1004bffc       0x24 ../Library/Bluetooth_LE/library\libbluenrg1_stack.a(rom_ll_ll_routines.o)
                0x1004bffc                LL_Set_OwnAddress
 i.LL_Set_Scan_Resp_Data
                0x1004c020       0x5c ../Library/Bluetooth_LE/library\libbluenrg1_stack.a(rom_ll_ll_routines.o)
                0x1004c020                LL_Set_Scan_Resp_Data
 i.LL_Update_Advertising_Buffers
                0x1004c07c       0x48 ../Library/Bluetooth_LE/library\libbluenrg1_stack.a(rom_ll_ll_routines.o)
                0x1004c07c                LL_Update_Advertising_Buffers
 i.LL_Update_Scanning_Initiating_Buffers
                0x1004c0c4       0x48 ../Library/Bluetooth_LE/library\libbluenrg1_stack.a(rom_ll_ll_routines.o)
                0x1004c0c4                LL_Update_Scanning_Initiating_Buffers
 i.addr_u32_from_u8
                0x1004c10c       0x20 ../Library/Bluetooth_LE/library\libbluenrg1_stack.a(rom_ll_ll_routines.o)
 i.int32ToLe4Byte
                0x1004c12c       0x10 ../Library/Bluetooth_LE/library\libbluenrg1_stack.a(rom_ll_ll_routines.o)
 i.le4ByteToInt32
                0x1004c13c       0x16 ../Library/Bluetooth_LE/library\libbluenrg1_stack.a(rom_ll_ll_routines.o)
 *fill*         0x1004c152        0x2 
 i.wait_for_prescheduled_slot_cancellation
                0x1004c154       0x7c ../Library/Bluetooth_LE/library\libbluenrg1_stack.a(rom_ll_ll_routines.o)
 i.Blue_Set_Radio_Config_Data
                0x1004c1d0       0x24 ../Library/Bluetooth_LE/library\libbluenrg1_stack.a(rom_ll_routines_support.o)
                0x1004c1d0                Blue_Set_Radio_Config_Data
 i.LL_Get_Adv_Tx_Power_Level
                0x1004c1f4       0x18 ../Library/Bluetooth_LE/library\libbluenrg1_stack.a(rom_ll_routines_support.o)
                0x1004c1f4                LL_Get_Adv_Tx_Power_Level
 i.convert_power
                0x1004c20c       0x24 ../Library/Bluetooth_LE/library\libbluenrg1_stack.a(rom_ll_routines_support.o)
 i.modulo_37    0x1004c230       0x1c ../Library/Bluetooth_LE/library\libbluenrg1_stack.a(rom_ll_routines_support.o)
                0x1004c230                modulo_37
 i.WindowWiden1
                0x1004c24c        0xa ../Library/Bluetooth_LE/library\libbluenrg1_stack.a(rom_ll_timehandling.o)
                0x1004c24c                WindowWiden1
 i.WindowWiden2
                0x1004c256       0x10 ../Library/Bluetooth_LE/library\libbluenrg1_stack.a(rom_ll_timehandling.o)
                0x1004c256                WindowWiden2
 *fill*         0x1004c266        0x2 
 i.machine_time_trans
                0x1004c268       0x20 ../Library/Bluetooth_LE/library\libbluenrg1_stack.a(rom_ll_timehandling.o)
                0x1004c268                machine_time_trans
 i.set_freq     0x1004c288       0x88 ../Library/Bluetooth_LE/library\libbluenrg1_stack.a(rom_ll_timehandling.o)
                0x1004c288                set_freq
 i.set_sca      0x1004c310       0x1c ../Library/Bluetooth_LE/library\libbluenrg1_stack.a(rom_ll_timehandling.o)
                0x1004c310                set_sca
 i.system_time_trans
                0x1004c32c       0x10 ../Library/Bluetooth_LE/library\libbluenrg1_stack.a(rom_ll_timehandling.o)
                0x1004c32c                system_time_trans
 i.system_time_trans_ext
                0x1004c33c       0x30 ../Library/Bluetooth_LE/library\libbluenrg1_stack.a(rom_ll_timehandling.o)
                0x1004c33c                system_time_trans_ext
 i.time_offset1
                0x1004c36c        0xe ../Library/Bluetooth_LE/library\libbluenrg1_stack.a(rom_ll_timehandling.o)
                0x1004c36c                time_offset1
 *fill*         0x1004c37a        0x2 
 i.time_offset2
                0x1004c37c       0x10 ../Library/Bluetooth_LE/library\libbluenrg1_stack.a(rom_ll_timehandling.o)
                0x1004c37c                time_offset2
 i.Blue_Init_Global
                0x1004c38c       0x98 ../Library/Bluetooth_LE/library\libbluenrg1_stack.a(routines_support.o)
                0x1004c38c                Blue_Init_Global
 i.advance_transmit
                0x1004c424      0x158 ../Library/Bluetooth_LE/library\libbluenrg1_stack.a(routines_support.o)
                0x1004c424                advance_transmit
 i.microseconds_to_machine_time
                0x1004c57c        0x8 ../Library/Bluetooth_LE/library\libbluenrg1_stack.a(routines_support.o)
                0x1004c57c                microseconds_to_machine_time
 i.slave_advance
                0x1004c584      0x200 ../Library/Bluetooth_LE/library\libbluenrg1_stack.a(routines_support.o)
                0x1004c584                slave_advance
 i.swap_slaves  0x1004c784      0x13c ../Library/Bluetooth_LE/library\libbluenrg1_stack.a(routines_support.o)
                0x1004c784                swap_slaves
 i.swap_u16     0x1004c8c0        0xa ../Library/Bluetooth_LE/library\libbluenrg1_stack.a(routines_support.o)
 i.swap_u32     0x1004c8ca        0xa ../Library/Bluetooth_LE/library\libbluenrg1_stack.a(routines_support.o)
 i.swap_u8      0x1004c8d4        0xa ../Library/Bluetooth_LE/library\libbluenrg1_stack.a(routines_support.o)
 i.Erase_Sector
                0x1004c8de        0xe ../Library/Bluetooth_LE/library\libbluenrg1_stack.a(sdb.o)
 i.SDB_Add_Record
                0x1004c8ec      0x184 ../Library/Bluetooth_LE/library\libbluenrg1_stack.a(sdb.o)
                0x1004c8ec                SDB_Add_Record
 i.SDB_Find_Matching_LTK
                0x1004ca70       0xa0 ../Library/Bluetooth_LE/library\libbluenrg1_stack.a(sdb.o)
                0x1004ca70                SDB_Find_Matching_LTK
 i.SDB_Find_Record
                0x1004cb10       0xc4 ../Library/Bluetooth_LE/library\libbluenrg1_stack.a(sdb.o)
                0x1004cb10                SDB_Find_Record
 i.SDB_Get_Number_Of_Valid_Records
                0x1004cbd4       0x44 ../Library/Bluetooth_LE/library\libbluenrg1_stack.a(sdb.o)
                0x1004cbd4                SDB_Get_Number_Of_Valid_Records
 i.SDB_flash_write_client_data
                0x1004cc18       0xb8 ../Library/Bluetooth_LE/library\libbluenrg1_stack.a(sdb.o)
                0x1004cc18                SDB_flash_write_client_data
 i.SDB_get_security_data_record
                0x1004ccd0       0xd8 ../Library/Bluetooth_LE/library\libbluenrg1_stack.a(sdb.o)
                0x1004ccd0                SDB_get_security_data_record
 i.SDB_read_peer_bonded_data
                0x1004cda8       0x3c ../Library/Bluetooth_LE/library\libbluenrg1_stack.a(sdb.o)
                0x1004cda8                SDB_read_peer_bonded_data
 i.Write_Client_Data
                0x1004cde4      0x1b0 ../Library/Bluetooth_LE/library\libbluenrg1_stack.a(sdb.o)
 i.int32ToLe4Byte
                0x1004cf94       0x10 ../Library/Bluetooth_LE/library\libbluenrg1_stack.a(sdb.o)
 i.sdb_delete   0x1004cfa4      0x164 ../Library/Bluetooth_LE/library\libbluenrg1_stack.a(sdb.o)
 i.sdb_find_client_data
                0x1004d108       0xc8 ../Library/Bluetooth_LE/library\libbluenrg1_stack.a(sdb.o)
 i.sdb_get_gatt_db_start_address
                0x1004d1d0       0x18 ../Library/Bluetooth_LE/library\libbluenrg1_stack.a(sdb.o)
 i.sdb_invalidate_record
                0x1004d1e8       0x20 ../Library/Bluetooth_LE/library\libbluenrg1_stack.a(sdb.o)
 i.sdb_read_record
                0x1004d208       0x24 ../Library/Bluetooth_LE/library\libbluenrg1_stack.a(sdb.o)
 i.sdb_read_record_validity
                0x1004d22c       0x10 ../Library/Bluetooth_LE/library\libbluenrg1_stack.a(sdb.o)
 i.sdb_write_record
                0x1004d23c       0x7c ../Library/Bluetooth_LE/library\libbluenrg1_stack.a(sdb.o)
 i.SMP_Process_Q
                0x1004d2b8      0x19c ../Library/Bluetooth_LE/library\libbluenrg1_stack.a(securitymgr.o)
                0x1004d2b8                SMP_Process_Q
 i.int32ToLe4Byte
                0x1004d454       0x10 ../Library/Bluetooth_LE/library\libbluenrg1_stack.a(securitymgr.o)
 i.smp_Build_AuthReq_Field
                0x1004d464       0x18 ../Library/Bluetooth_LE/library\libbluenrg1_stack.a(securitymgr.o)
 i.smp_Build_Pairing_ReqResp_Packet
                0x1004d47c       0x38 ../Library/Bluetooth_LE/library\libbluenrg1_stack.a(securitymgr.o)
 i.smp_Check_Incoming_Pairing_Parameters
                0x1004d4b4       0x34 ../Library/Bluetooth_LE/library\libbluenrg1_stack.a(securitymgr.o)
 i.smp_Determine_Key_Association_Method
                0x1004d4e8       0x9c ../Library/Bluetooth_LE/library\libbluenrg1_stack.a(securitymgr.o)
 i.smp_Execute_Actions_wrt_Current_State
                0x1004d584      0x18c ../Library/Bluetooth_LE/library\libbluenrg1_stack.a(securitymgr.o)
 i.smp_Execute_Actions_wrt_Current_State_MI_excerpt_ucfg
                0x1004d710        0x2 ../Library/Bluetooth_LE/library\libbluenrg1_stack.a(securitymgr.o)
                0x1004d710                smp_Execute_Actions_wrt_Current_State_MI_excerpt_ucfg
 i.smp_Execute_Actions_wrt_Current_State_sc_excerpt_phase2as2_ucfg