Archive member included to satisfy reference by file (symbol)

../Library/Bluetooth_LE/library\libbluenrg1_stack.a(bluenrg_gap_aci.o)
                              src\Power_Consumption_Test.o (aci_gap_init)
../Library/Bluetooth_LE/library\libbluenrg1_stack.a(bluenrg_gatt_aci.o)
                              src\Power_Consumption_Test.o (aci_gatt_init)
../Library/Bluetooth_LE/library\libbluenrg1_stack.a(bluenrg_hal_aci.o)
                              src\Power_Consumption_Test.o (aci_hal_set_tx_power_level)
../Library/Bluetooth_LE/library\libbluenrg1_stack.a(bluenrg_main_func.o)
                              src\Power_Consumption_Test.o (BTLE_StackTick)
../Library/Bluetooth_LE/library\libbluenrg1_stack.a(gap.o)
                              ../Library/Bluetooth_LE/library\libbluenrg1_stack.a(bluenrg_gap_aci.o) (GAP_Create_Connection)
../Library/Bluetooth_LE/library\libbluenrg1_stack.a(gatt_client.o)
                              ../Library/Bluetooth_LE/library\libbluenrg1_stack.a(bluenrg_gatt_aci.o) (Gatt_Confirm_Indication)
../Library/Bluetooth_LE/library\libbluenrg1_stack.a(gatt_server.o)
                              ../Library/Bluetooth_LE/library\libbluenrg1_stack.a(gatt_client.o) (GATT_Send_Packet)
../Library/Bluetooth_LE/library\libbluenrg1_stack.a(hal.o)
                              ../Library/Bluetooth_LE/library\libbluenrg1_stack.a(bluenrg_hal_aci.o) (HAL_Read_ConfigData)
../Library/Bluetooth_LE/library\libbluenrg1_stack.a(hci.o)
                              ../Library/Bluetooth_LE/library\libbluenrg1_stack.a(bluenrg_main_func.o) (Controller_Process_Q)
../Library/Bluetooth_LE/library\libbluenrg1_stack.a(host_timer.o)
                              ../Library/Bluetooth_LE/library\libbluenrg1_stack.a(bluenrg_main_func.o) (Timer_Init)
../Library/Bluetooth_LE/library\libbluenrg1_stack.a(l2cap.o)
                              ../Library/Bluetooth_LE/library\libbluenrg1_stack.a(bluenrg_main_func.o) (L2C_Init)
../Library/Bluetooth_LE/library\libbluenrg1_stack.a(ll_isr.o)
                              src\BlueNRG1_it.o (RAL_Isr)
../Library/Bluetooth_LE/library\libbluenrg1_stack.a(ll_privacy.o)
                              ../Library/Bluetooth_LE/library\libbluenrg1_stack.a(hci.o) (LL_LE_Add_Device_To_White_List)
../Library/Bluetooth_LE/library\libbluenrg1_stack.a(ll_routines.o)
                              ../Library/Bluetooth_LE/library\libbluenrg1_stack.a(hci.o) (Disconnection_Offline_Processing)
../Library/Bluetooth_LE/library\libbluenrg1_stack.a(ll_routines_master.o)
                              ../Library/Bluetooth_LE/library\libbluenrg1_stack.a(gap.o) (LL_Create_Connection)
../Library/Bluetooth_LE/library\libbluenrg1_stack.a(ll_routines_support.o)
                              ../Library/Bluetooth_LE/library\libbluenrg1_stack.a(ll_privacy.o) (LL_Encrypt_Plain_Data)
../Library/Bluetooth_LE/library\libbluenrg1_stack.a(mem_alloc.o)
                              ../Library/Bluetooth_LE/library\libbluenrg1_stack.a(bluenrg_main_func.o) (_BlueNRG_Stack_Init_params)
../Library/Bluetooth_LE/library\libbluenrg1_stack.a(mem_buff.o)
                              ../Library/Bluetooth_LE/library\libbluenrg1_stack.a(l2cap.o) (Mem_Buff_Append)
../Library/Bluetooth_LE/library\libbluenrg1_stack.a(multi_master_time.o)
                              ../Library/Bluetooth_LE/library\libbluenrg1_stack.a(hci.o) (LL_Get_Anchor_Interval)
../Library/Bluetooth_LE/library\libbluenrg1_stack.a(nvm.o)
                              ../Library/Bluetooth_LE/library\libbluenrg1_stack.a(ll_isr.o) (Is_Flash_Write_On_Going)
../Library/Bluetooth_LE/library\libbluenrg1_stack.a(pka.o)
                              ../Library/Bluetooth_LE/library\libbluenrg1_stack.a(hci.o) (BLEPLAT_PKA_Get_Current_Operation)
../Library/Bluetooth_LE/library\libbluenrg1_stack.a(pm.o)
                              ../Library/Bluetooth_LE/library\libbluenrg1_stack.a(l2cap.o) (PM_Compact)
../Library/Bluetooth_LE/library\libbluenrg1_stack.a(rom_att.o)
                              ../Library/Bluetooth_LE/library\libbluenrg1_stack.a(gatt_client.o) (ATT_fill_exchg_mtu_req)
../Library/Bluetooth_LE/library\libbluenrg1_stack.a(rom_gap.o)
                              ../Library/Bluetooth_LE/library\libbluenrg1_stack.a(gap.o) (GAP_Add_To_WhiteList)
../Library/Bluetooth_LE/library\libbluenrg1_stack.a(rom_gap_rom.o)
                              ../Library/Bluetooth_LE/library\libbluenrg1_stack.a(bluenrg_gap_aci.o) (GAP_Delete_ADType)
../Library/Bluetooth_LE/library\libbluenrg1_stack.a(rom_gatt_server.o)
                              ../Library/Bluetooth_LE/library\libbluenrg1_stack.a(gatt_server.o) (Check_Encry_Key_Size)
../Library/Bluetooth_LE/library\libbluenrg1_stack.a(rom_list.o)
                              ../Library/Bluetooth_LE/library\libbluenrg1_stack.a(gatt_server.o) (List_Circular_Get_Size)
../Library/Bluetooth_LE/library\libbluenrg1_stack.a(rom_ll_isr_postproc.o)
[...]
Memory Configuration

Name             Origin             Length             Attributes
REGION_RAM       0x20000000         0x00006000         xrw
REGION_FLASH_BOOTLOADER 0x10040000         0x00000000         xr
REGION_FLASH     0x10040000         0x0003f000         xr
REGION_NVM       0x1007f000         0x00001000         xr
REGION_ROM       0x10000000         0x00000800         xr
*default*        0x00000000         0xffffffff

Linker script and memory map

LOAD c:/program files (x86)/atollic/truestudio for stm32 9.3.0/armtools/bin/../lib/gcc/arm-atollic-eabi/6.3.1/armv6-m/crti.o
LOAD c:/program files (x86)/atollic/truestudio for stm32 9.3.0/armtools/bin/../lib/gcc/arm-atollic-eabi/6.3.1/armv6-m/crtbegin.o
LOAD Library\BLE_Application\Utils\src\ble_utils.o
LOAD Library\BlueNRG1_Periph_Driver\src\BlueNRG1_adc.o
LOAD Library\BlueNRG1_Periph_Driver\src\BlueNRG1_dma.o
LOAD Library\BlueNRG1_Periph_Driver\src\BlueNRG1_flash.o
LOAD Library\BlueNRG1_Periph_Driver\src\BlueNRG1_gpio.o
LOAD Library\BlueNRG1_Periph_Driver\src\BlueNRG1_i2c.o
LOAD Library\BlueNRG1_Periph_Driver\src\BlueNRG1_mft.o
LOAD Library\BlueNRG1_Periph_Driver\src\BlueNRG1_pka.o
LOAD Library\BlueNRG1_Periph_Driver\src\BlueNRG1_rng.o
LOAD Library\BlueNRG1_Periph_Driver\src\BlueNRG1_rtc.o
LOAD Library\BlueNRG1_Periph_Driver\src\BlueNRG1_spi.o
LOAD Library\BlueNRG1_Periph_Driver\src\BlueNRG1_sysCtrl.o
LOAD Library\BlueNRG1_Periph_Driver\src\BlueNRG1_uart.o
LOAD Library\BlueNRG1_Periph_Driver\src\BlueNRG1_wdg.o
LOAD Library\BlueNRG1_Periph_Driver\src\misc.o
LOAD Library\Bluetooth_LE\src\stack_dle_api_stubs.o
LOAD Library\Bluetooth_LE\src\stack_priv_api_stubs.o
LOAD Library\Bluetooth_LE\src\stack_sc_api_stubs.o
LOAD Library\Bluetooth_LE\src\stack_slvonly_api_stubs.o
LOAD Library\Bluetooth_LE\src\stack_user_cfg.o
LOAD Library\CMSIS\Device\ST\BlueNRG1\Source\system_bluenrg1.o
LOAD Library\SDK_Eval_BlueNRG1\src\SDK_EVAL_Com.o
LOAD Library\SDK_Eval_BlueNRG1\src\SDK_EVAL_Config.o
LOAD Library\hal\src\context_switch.o
LOAD Library\hal\src\miscutil.o
LOAD Library\hal\src\osal.o
LOAD Library\hal\src\sleep.o
LOAD src\BlueNRG1_it.o
LOAD src\Power_Consumption_Test.o
LOAD ../Library/cryptolib\libcrypto.a
LOAD ../Library/Bluetooth_LE/library\libbluenrg1_stack.a
                0x00000080                malloc_getpagesize_P = 0x80
START GROUP
LOAD c:/program files (x86)/atollic/truestudio for stm32 9.3.0/armtools/bin/../lib/gcc/arm-atollic-eabi/6.3.1/../../../../arm-atollic-eabi/lib/armv6-m\libc_nano.a
LOAD c:/program files (x86)/atollic/truestudio for stm32 9.3.0/armtools/bin/../lib/gcc/arm-atollic-eabi/6.3.1/../../../../arm-atollic-eabi/lib/armv6-m\libm.a
END GROUP
START GROUP
LOAD c:/program files (x86)/atollic/truestudio for stm32 9.3.0/armtools/bin/../lib/gcc/arm-atollic-eabi/6.3.1/armv6-m\libgcc.a
LOAD c:/program files (x86)/atollic/truestudio for stm32 9.3.0/armtools/bin/../lib/gcc/arm-atollic-eabi/6.3.1/../../../../arm-atollic-eabi/lib/armv6-m\libc_nano.a
END GROUP
START GROUP
LOAD c:/program files (x86)/atollic/truestudio for stm32 9.3.0/armtools/bin/../lib/gcc/arm-atollic-eabi/6.3.1/armv6-m\libgcc.a
LOAD c:/program files (x86)/atollic/truestudio for stm32 9.3.0/armtools/bin/../lib/gcc/arm-atollic-eabi/6.3.1/../../../../arm-atollic-eabi/lib/armv6-m\libc_nano.a
LOAD c:/program files (x86)/atollic/truestudio for stm32 9.3.0/armtools/bin/../lib/gcc/arm-atollic-eabi/6.3.1/../../../../arm-atollic-eabi/lib/armv6-m\libnosys.a
END GROUP
START GROUP
LOAD c:/program files (x86)/atollic/truestudio for stm32 9.3.0/armtools/bin/../lib/gcc/arm-atollic-eabi/6.3.1/armv6-m\libgcc.a
LOAD c:/program files (x86)/atollic/truestudio for stm32 9.3.0/armtools/bin/../lib/gcc/arm-atollic-eabi/6.3.1/../../../../arm-atollic-eabi/lib/armv6-m\libc_nano.a
LOAD c:/program files (x86)/atollic/truestudio for stm32 9.3.0/armtools/bin/../lib/gcc/arm-atollic-eabi/6.3.1/../../../../arm-atollic-eabi/lib/armv6-m\libnosys.a
END GROUP
LOAD c:/program files (x86)/atollic/truestudio for stm32 9.3.0/armtools/bin/../lib/gcc/arm-atollic-eabi/6.3.1/armv6-m/crtend.o
LOAD c:/program files (x86)/atollic/truestudio for stm32 9.3.0/armtools/bin/../lib/gcc/arm-atollic-eabi/6.3.1/armv6-m/crtn.o
                0x20000000                _MEMORY_RAM_BEGIN_ = 0x20000000
                0x00006000                _MEMORY_RAM_SIZE_ = 0x6000
                0x20005fff                _MEMORY_RAM_END_ = 0x20005fff
                0x10040000                _MEMORY_FLASH_BEGIN_ = 0x10040000
                0x00040000                _MEMORY_FLASH_SIZE_ = 0x40000
                0x1007ffff                _MEMORY_FLASH_END_ = 0x1007ffff
                0x10000000                _MEMORY_ROM_BEGIN_ = 0x10000000
                0x00000800                _MEMORY_ROM_SIZE_ = 0x800
                0x100007ff                _MEMORY_ROM_END_ = 0x100007ff
                0x00001000                FLASH_NVM_DATASIZE = 0x1000
                0x00000000                MEMORY_FLASH_APP_OFFSET = DEFINED (MEMORY_FLASH_APP_OFFSET)?MEMORY_FLASH_APP_OFFSET:0x0
                0x0003f000                MEMORY_FLASH_APP_SIZE = DEFINED (MEMORY_FLASH_APP_SIZE)?MEMORY_FLASH_APP_SIZE:((_MEMORY_FLASH_SIZE_ - FLASH_NVM_DATASIZE) - MEMORY_FLASH_APP_OFFSET)
                0x000002cc                MEMORY_RAM_APP_OFFSET = DEFINED (MEMORY_RAM_APP_OFFSET)?MEMORY_RAM_APP_OFFSET:0x2cc
                0x00000800                RESET_MANAGER_SIZE = DEFINED (RESET_MANAGER_SIZE)?RESET_MANAGER_SIZE:0x800
                [0x0003f000]                MEMORY_FLASH_APP_SIZE = DEFINED (ST_OTA_HIGHER_APPLICATION)?(((((_MEMORY_FLASH_SIZE_ - RESET_MANAGER_SIZE) - FLASH_NVM_DATASIZE) / 0x2) / 0x800) * 0x800):MEMORY_FLASH_APP_SIZE
                [0x00000000]                MEMORY_FLASH_APP_OFFSET = DEFINED (ST_OTA_HIGHER_APPLICATION)?(RESET_MANAGER_SIZE + MEMORY_FLASH_APP_SIZE):MEMORY_FLASH_APP_OFFSET
                [0x0003f000]                MEMORY_FLASH_APP_SIZE = DEFINED (ST_OTA_LOWER_APPLICATION)?(((((_MEMORY_FLASH_SIZE_ - RESET_MANAGER_SIZE) - FLASH_NVM_DATASIZE) / 0x2) / 0x800) * 0x800):MEMORY_FLASH_APP_SIZE
                [0x00000000]                MEMORY_FLASH_APP_OFFSET = DEFINED (ST_OTA_LOWER_APPLICATION)?RESET_MANAGER_SIZE:MEMORY_FLASH_APP_OFFSET
                0x00011800                SERVICE_MANAGER_SIZE = 0x11800
                [0x0003f000]                MEMORY_FLASH_APP_SIZE = DEFINED (ST_USE_OTA_SERVICE_MANAGER_APPLICATION)?((_MEMORY_FLASH_SIZE_ - SERVICE_MANAGER_SIZE) - FLASH_NVM_DATASIZE):MEMORY_FLASH_APP_SIZE
                [0x00000000]                MEMORY_FLASH_APP_OFFSET = DEFINED (ST_USE_OTA_SERVICE_MANAGER_APPLICATION)?SERVICE_MANAGER_SIZE:MEMORY_FLASH_APP_OFFSET
                0x00000000                _Min_Heap_Size = 0x0
                0x00000c00                _Min_Stack_Size = 0xc00

.bootloader     0x10040000        0x0
                0x10040000                . = ALIGN (0x4)
 *(.bootloader)
                0x10040000                . = ALIGN (0x4)

.intvec         0x10040000       0xc0
                0x10040000                . = ALIGN (0x4)
 *(.intvec)
 .intvec        0x10040000       0xc0 Library\CMSIS\Device\ST\BlueNRG1\Source\system_bluenrg1.o
                0x10040000                __vector_table
                0x100400c0                . = ALIGN (0x4)

.text           0x100400c0    0x13500
                0x100400c0                . = ALIGN (0x4)
 *(.cmd_call_table)
 *(.text)
 .text          0x100400c0       0x9c Library\hal\src\context_switch.o
                0x100400c0                CS_contextSave
                0x10040112                CS_contextRestore
 .text          0x1004015c      0x114 c:/program files (x86)/atollic/truestudio for stm32 9.3.0/armtools/bin/../lib/gcc/arm-atollic-eabi/6.3.1/armv6-m\libgcc.a(_udivsi3.o)
                0x1004015c                __aeabi_uidiv
                0x1004015c                __udivsi3
                0x10040268                __aeabi_uidivmod
 .text          0x10040270      0x1d4 c:/program files (x86)/atollic/truestudio for stm32 9.3.0/armtools/bin/../lib/gcc/arm-atollic-eabi/6.3.1/armv6-m\libgcc.a(_divsi3.o)
                0x10040270                __divsi3
                0x10040270                __aeabi_idiv
                0x1004043c                __aeabi_idivmod
 .text          0x10040444        0x4 c:/program files (x86)/atollic/truestudio for stm32 9.3.0/armtools/bin/../lib/gcc/arm-atollic-eabi/6.3.1/armv6-m\libgcc.a(_dvmd_tls.o)
                0x10040444                __aeabi_idiv0
                0x10040444                __aeabi_ldiv0
 .text          0x10040448       0x74 c:/program files (x86)/atollic/truestudio for stm32 9.3.0/armtools/bin/../lib/gcc/arm-atollic-eabi/6.3.1/armv6-m\libgcc.a(unaligned-funcs.o)
                0x10040448                __aeabi_uread4
                0x10040460                __aeabi_uwrite4
                0x10040470                __aeabi_uread8
                0x1004049c                __aeabi_uwrite8
 *(.text*)
 .text.FLASH_ErasePage
                0x100404bc       0x54 Library\BlueNRG1_Periph_Driver\src\BlueNRG1_flash.o
                0x100404bc                FLASH_ErasePage
 .text.FLASH_ProgramWord
                0x10040510       0x48 Library\BlueNRG1_Periph_Driver\src\BlueNRG1_flash.o
                0x10040510                FLASH_ProgramWord
 .text.FLASH_WaitCmdDone
                0x10040558       0x20 Library\BlueNRG1_Periph_Driver\src\BlueNRG1_flash.o
                0x10040558                FLASH_WaitCmdDone
 .text.GPIO_Init
                0x10040578      0x232 Library\BlueNRG1_Periph_Driver\src\BlueNRG1_gpio.o
                0x10040578                GPIO_Init
 .text.PKA_Reset
                0x100407aa       0x22 Library\BlueNRG1_Periph_Driver\src\BlueNRG1_pka.o
                0x100407aa                PKA_Reset
 .text.SysCtrl_PeripheralClockCmd
                0x100407cc       0x40 Library\BlueNRG1_Periph_Driver\src\BlueNRG1_sysCtrl.o
                0x100407cc                SysCtrl_PeripheralClockCmd
 .text.SysCtrl_GetWakeupResetReason
                0x1004080c      0x1ac Library\BlueNRG1_Periph_Driver\src\BlueNRG1_sysCtrl.o
                0x1004080c                SysCtrl_GetWakeupResetReason
 .text.UART_Cmd
                0x100409b8       0x38 Library\BlueNRG1_Periph_Driver\src\BlueNRG1_uart.o
                0x100409b8                UART_Cmd
 .text.UART_Init
                0x100409f0      0x298 Library\BlueNRG1_Periph_Driver\src\BlueNRG1_uart.o
                0x100409f0                UART_Init
 .text.UART_ITConfig
                0x10040c88       0x58 Library\BlueNRG1_Periph_Driver\src\BlueNRG1_uart.o
                0x10040c88                UART_ITConfig
 .text.UART_SendData
                0x10040ce0       0x28 Library\BlueNRG1_Periph_Driver\src\BlueNRG1_uart.o
                0x10040ce0                UART_SendData
 .text.UART_ReceiveData
                0x10040d08       0x1c Library\BlueNRG1_Periph_Driver\src\BlueNRG1_uart.o
                0x10040d08                UART_ReceiveData
 .text.UART_GetFlagStatus
                0x10040d24       0x40 Library\BlueNRG1_Periph_Driver\src\BlueNRG1_uart.o
                0x10040d24                UART_GetFlagStatus
 .text.UART_GetITStatus
                0x10040d64       0x30 Library\BlueNRG1_Periph_Driver\src\BlueNRG1_uart.o
                0x10040d64                UART_GetITStatus
 .text.UART_RxFifoIrqLevelConfig
                0x10040d94       0x3c Library\BlueNRG1_Periph_Driver\src\BlueNRG1_uart.o
                0x10040d94                UART_RxFifoIrqLevelConfig
 .text.NVIC_SetPriority
                0x10040dd0       0xdc Library\BlueNRG1_Periph_Driver\src\misc.o
 .text.NVIC_Init
                0x10040eac       0x70 Library\BlueNRG1_Periph_Driver\src\misc.o
                0x10040eac                NVIC_Init
 .text.SystemSleepCmd
                0x10040f1c       0x3c Library\BlueNRG1_Periph_Driver\src\misc.o
                0x10040f1c                SystemSleepCmd
 .text.NVIC_SetPriority
                0x10040f58       0xdc Library\CMSIS\Device\ST\BlueNRG1\Source\system_bluenrg1.o
 .text.PendSV_Handler
                0x10041034        0xa Library\CMSIS\Device\ST\BlueNRG1\Source\system_bluenrg1.o
                0x10041034                PendSV_Handler
 .text.GPIO_Handler
                0x1004103e        0xa Library\CMSIS\Device\ST\BlueNRG1\Source\system_bluenrg1.o
                0x1004103e                GPIO_Handler
 .text.NVM_Handler
                0x10041048        0xa Library\CMSIS\Device\ST\BlueNRG1\Source\system_bluenrg1.o
                0x10041048                NVM_Handler
 .text.SPI_Handler
                0x10041052        0xa Library\CMSIS\Device\ST\BlueNRG1\Source\system_bluenrg1.o
                0x10041052                SPI_Handler
 .text.MFT1A_Handler
                0x1004105c        0xa Library\CMSIS\Device\ST\BlueNRG1\Source\system_bluenrg1.o
                0x1004105c                MFT1A_Handler
 .text.MFT1B_Handler
                0x10041066        0xa Library\CMSIS\Device\ST\BlueNRG1\Source\system_bluenrg1.o
                0x10041066                MFT1B_Handler
 .text.MFT2A_Handler
                0x10041070        0xa Library\CMSIS\Device\ST\BlueNRG1\Source\system_bluenrg1.o
                0x10041070                MFT2A_Handler
 .text.MFT2B_Handler
                0x1004107a        0xa Library\CMSIS\Device\ST\BlueNRG1\Source\system_bluenrg1.o
                0x1004107a                MFT2B_Handler
 .text.RTC_Handler
                0x10041084        0xa Library\CMSIS\Device\ST\BlueNRG1\Source\system_bluenrg1.o
                0x10041084                RTC_Handler
 .text.WDG_Handler
                0x1004108e        0xa Library\CMSIS\Device\ST\BlueNRG1\Source\system_bluenrg1.o
                0x1004108e                WDG_Handler
 .text.ADC_Handler
                0x10041098        0xa Library\CMSIS\Device\ST\BlueNRG1\Source\system_bluenrg1.o
                0x10041098                ADC_Handler
 .text.I2C2_Handler
                0x100410a2        0xa Library\CMSIS\Device\ST\BlueNRG1\Source\system_bluenrg1.o
                0x100410a2                I2C2_Handler
 .text.I2C1_Handler
                0x100410ac        0xa Library\CMSIS\Device\ST\BlueNRG1\Source\system_bluenrg1.o
                0x100410ac                I2C1_Handler
 .text.DMA_Handler
                0x100410b6        0xa Library\CMSIS\Device\ST\BlueNRG1\Source\system_bluenrg1.o
                0x100410b6                DMA_Handler
 .text.PKA_Handler
                0x100410c0        0xa Library\CMSIS\Device\ST\BlueNRG1\Source\system_bluenrg1.o
                0x100410c0                PKA_Handler
 *fill*         0x100410ca        0x2 
 .text.__low_level_init
                0x100410cc       0x6c Library\CMSIS\Device\ST\BlueNRG1\Source\system_bluenrg1.o
                0x100410cc                __low_level_init
 .text.RESET_HANDLER
                0x10041138       0xc8 Library\CMSIS\Device\ST\BlueNRG1\Source\system_bluenrg1.o
                0x10041138                RESET_HANDLER
 .text.Set_RF_FrontEnd
                0x10041200       0xa0 Library\CMSIS\Device\ST\BlueNRG1\Source\system_bluenrg1.o
                0x10041200                Set_RF_FrontEnd
 .text.BOR_ConfigSave
                0x100412a0       0xb4 Library\CMSIS\Device\ST\BlueNRG1\Source\system_bluenrg1.o
                0x100412a0                BOR_ConfigSave
 .text.SET_BORconfigStatus
                0x10041354       0x8c Library\CMSIS\Device\ST\BlueNRG1\Source\system_bluenrg1.o
                0x10041354                SET_BORconfigStatus
 .text.DeviceConfiguration
                0x100413e0      0x248 Library\CMSIS\Device\ST\BlueNRG1\Source\system_bluenrg1.o
                0x100413e0                DeviceConfiguration
 .text.SystemInit
                0x10041628       0xc4 Library\CMSIS\Device\ST\BlueNRG1\Source\system_bluenrg1.o
                0x10041628                SystemInit
 .text.SdkEvalUart_Send_Data
                0x100416ec       0x2e Library\SDK_Eval_BlueNRG1\src\SDK_EVAL_Com.o
 *fill*         0x1004171a        0x2 
 .text.SdkEvalComUartInit
                0x1004171c       0xf8 Library\SDK_Eval_BlueNRG1\src\SDK_EVAL_Com.o
                0x1004171c                SdkEvalComUartInit
 .text.SdkEvalComUartIrqConfig
                0x10041814       0x44 Library\SDK_Eval_BlueNRG1\src\SDK_EVAL_Com.o
                0x10041814                SdkEvalComUartIrqConfig
 .text.SdkEvalComIOUartIrqHandler
                0x10041858       0x3a Library\SDK_Eval_BlueNRG1\src\SDK_EVAL_Com.o
                0x10041858                SdkEvalComIOUartIrqHandler
 *fill*         0x10041892        0x2 
 .text.SdkEvalComIOConfig
                0x10041894       0x40 Library\SDK_Eval_BlueNRG1\src\SDK_EVAL_Com.o
                0x10041894                SdkEvalComIOConfig
 .text.SdkEvalComIOSendData
                0x100418d4       0x1e Library\SDK_Eval_BlueNRG1\src\SDK_EVAL_Com.o
                0x100418d4                SdkEvalComIOSendData
 *fill*         0x100418f2        0x2 
 .text.SdkEvalComIOReceiveData
                0x100418f4       0x30 Library\SDK_Eval_BlueNRG1\src\SDK_EVAL_Com.o
                0x100418f4                SdkEvalComIOReceiveData
 .text.Read_Buffer_Push
                0x10041924       0x44 Library\SDK_Eval_BlueNRG1\src\SDK_EVAL_Com.o
                0x10041924                Read_Buffer_Push
 .text.Read_Buffer_Pop
                0x10041968       0x58 Library\SDK_Eval_BlueNRG1\src\SDK_EVAL_Com.o
                0x10041968                Read_Buffer_Pop
 .text.SdkEvalComIOProcessInputData
                0x100419c0       0x4e Library\SDK_Eval_BlueNRG1\src\SDK_EVAL_Com.o
                0x100419c0                SdkEvalComIOProcessInputData
 *fill*         0x10041a0e        0x2 
 .text._sbrk    0x10041a10       0x5c Library\SDK_Eval_BlueNRG1\src\SDK_EVAL_Com.o
                0x10041a10                _sbrk
 .text._close   0x10041a6c       0x14 Library\SDK_Eval_BlueNRG1\src\SDK_EVAL_Com.o
                0x10041a6c                _close
 .text._fstat   0x10041a80       0x1c Library\SDK_Eval_BlueNRG1\src\SDK_EVAL_Com.o
                0x10041a80                _fstat
 .text._isatty  0x10041a9c       0x12 Library\SDK_Eval_BlueNRG1\src\SDK_EVAL_Com.o
                0x10041a9c                _isatty
 .text._lseek   0x10041aae       0x16 Library\SDK_Eval_BlueNRG1\src\SDK_EVAL_Com.o
                0x10041aae                _lseek
 .text._write   0x10041ac4       0x38 Library\SDK_Eval_BlueNRG1\src\SDK_EVAL_Com.o
                0x10041ac4                _write
 .text._read    0x10041afc       0x46 Library\SDK_Eval_BlueNRG1\src\SDK_EVAL_Com.o
                0x10041afc                _read
 .text.__io_getcharNonBlocking
                0x10041b42       0x22 Library\SDK_Eval_BlueNRG1\src\SDK_EVAL_Com.o
                0x10041b42                __io_getcharNonBlocking
 .text.__aeabi_memcpy
                0x10041b64       0x20 Library\SDK_Eval_BlueNRG1\src\SDK_EVAL_Com.o
                0x10041b64                __aeabi_memcpy
 .text.__aeabi_memcpy4
                0x10041b84       0x20 Library\SDK_Eval_BlueNRG1\src\SDK_EVAL_Com.o
                0x10041b84                __aeabi_memcpy4
 .text.__aeabi_memclr4
                0x10041ba4       0x1e Library\SDK_Eval_BlueNRG1\src\SDK_EVAL_Com.o
                0x10041ba4                __aeabi_memclr4
 *fill*         0x10041bc2        0x2 
 .text.SdkEvalIdentification
                0x10041bc4       0x14 Library\SDK_Eval_BlueNRG1\src\SDK_EVAL_Config.o
                0x10041bc4                SdkEvalIdentification
 .text.SdkEvalGetVersion
                0x10041bd8       0x14 Library\SDK_Eval_BlueNRG1\src\SDK_EVAL_Config.o
                0x10041bd8                SdkEvalGetVersion
 .text.HAL_GetPartInfo
                0x10041bec       0xa0 Library\hal\src\miscutil.o
                0x10041bec                HAL_GetPartInfo
 .text.BLEPLAT_get_part_info
                0x10041c8c       0x3c Library\hal\src\miscutil.o
                0x10041c8c                BLEPLAT_get_part_info
 .text.Osal_MemCpy
                0x10041cc8       0x22 Library\hal\src\osal.o
                0x10041cc8                Osal_MemCpy
 .text.Osal_MemSet
                0x10041cea       0x22 Library\hal\src\osal.o
                0x10041cea                Osal_MemSet
 .text.Osal_MemCmp
                0x10041d0c       0x22 Library\hal\src\osal.o
                0x10041d0c                Osal_MemCmp
 .text.App_SleepMode_Check
                0x10041d2e       0x16 Library\hal\src\sleep.o
                0x10041d2e                App_SleepMode_Check
 .text.HAL_VTIMER_TimerSleepCheck
                0x10041d44       0x16 Library\hal\src\sleep.o
                0x10041d44                HAL_VTIMER_TimerSleepCheck
 *fill*         0x10041d5a        0x2 
 .text.frequency_switch
                0x10041d5c       0x8c Library\hal\src\sleep.o
 .text.BlueNRG_InternalSleep
                0x10041de8     0x1360 Library\hal\src\sleep.o
 .text.BlueNRG_Sleep
                0x10043148      0x154 Library\hal\src\sleep.o
                0x10043148                BlueNRG_Sleep
 .text.NMI_Handler
                0x1004329c        0xa src\BlueNRG1_it.o
                0x1004329c                NMI_Handler
 .text.HardFault_Handler
                0x100432a6        0x6 src\BlueNRG1_it.o
                0x100432a6                HardFault_Handler
 .text.SVC_Handler
                0x100432ac        0xa src\BlueNRG1_it.o
                0x100432ac                SVC_Handler
 .text.SysTick_Handler
                0x100432b6        0xa src\BlueNRG1_it.o
                0x100432b6                SysTick_Handler
 .text.UART_Handler
                0x100432c0        0xe src\BlueNRG1_it.o
                0x100432c0                UART_Handler
 .text.Blue_Handler
                0x100432ce        0xe src\BlueNRG1_it.o
                0x100432ce                Blue_Handler
 .text.NVIC_SystemReset
                0x100432dc       0x1c src\Power_Consumption_Test.o
 .text.help     0x100432f8       0x54 src\Power_Consumption_Test.o
                0x100432f8                help
 .text.DeviceInit
                0x1004334c      0x124 src\Power_Consumption_Test.o
                0x1004334c                DeviceInit
 .text.Set_DeviceConnectable
                0x10043470       0xf0 src\Power_Consumption_Test.o
                0x10043470                Set_DeviceConnectable
 .text.main     0x10043560      0x1bc src\Power_Consumption_Test.o
                0x10043560                main
 .text.hci_hardware_error_event
                0x1004371c       0x18 src\Power_Consumption_Test.o
                0x1004371c                hci_hardware_error_event
 .text.aci_hal_fw_error_event
                0x10043734       0x4c src\Power_Consumption_Test.o
                0x10043734                aci_hal_fw_error_event
 .text.hci_le_connection_complete_event
                0x10043780       0x50 src\Power_Consumption_Test.o
                0x10043780                hci_le_connection_complete_event
 .text.hci_disconnection_complete_event
                0x100437d0       0x30 src\Power_Consumption_Test.o
                0x100437d0                hci_disconnection_complete_event
 .text.HAL_VTimerTimeoutCallback
                0x10043800       0x14 src\Power_Consumption_Test.o
                0x10043800                HAL_VTimerTimeoutCallback
 .text.__aeabi_memmove
                0x10043814        0x8 c:/program files (x86)/atollic/truestudio for stm32 9.3.0/armtools/bin/../lib/gcc/arm-atollic-eabi/6.3.1/../../../../arm-atollic-eabi/lib/armv6-m\libc_nano.a(lib_a-aeabi_memmove.o)
                0x10043814                __aeabi_memmove
                0x10043814                __aeabi_memmove4
                0x10043814                __aeabi_memmove8
 .text.memcmp   0x1004381c       0x1e c:/program files (x86)/atollic/truestudio for stm32 9.3.0/armtools/bin/../lib/gcc/arm-atollic-eabi/6.3.1/../../../../arm-atollic-eabi/lib/armv6-m\libc_nano.a(lib_a-memcmp.o)
                0x1004381c                memcmp
 .text.memcpy   0x1004383a       0x12 c:/program files (x86)/atollic/truestudio for stm32 9.3.0/armtools/bin/../lib/gcc/arm-atollic-eabi/6.3.1/../../../../arm-atollic-eabi/lib/armv6-m\libc_nano.a(lib_a-memcpy-stub.o)
                0x1004383a                memcpy
 .text.memmove  0x1004384c       0x24 c:/program files (x86)/atollic/truestudio for stm32 9.3.0/armtools/bin/../lib/gcc/arm-atollic-eabi/6.3.1/../../../../arm-atollic-eabi/lib/armv6-m\libc_nano.a(lib_a-memmove.o)
                0x1004384c                memmove
 .text.memset   0x10043870       0x10 c:/program files (x86)/atollic/truestudio for stm32 9.3.0/armtools/bin/../lib/gcc/arm-atollic-eabi/6.3.1/../../../../arm-atollic-eabi/lib/armv6-m\libc_nano.a(lib_a-memset.o)
                0x10043870                memset
 .text.printf   0x10043880       0x34 c:/program files (x86)/atollic/truestudio for stm32 9.3.0/armtools/bin/../lib/gcc/arm-atollic-eabi/6.3.1/../../../../arm-atollic-eabi/lib/armv6-m\libc_nano.a(lib_a-printf.o)
                0x10043880                iprintf
                0x10043880                printf
 .text._puts_r  0x100438b4       0xc0 c:/program files (x86)/atollic/truestudio for stm32 9.3.0/armtools/bin/../lib/gcc/arm-atollic-eabi/6.3.1/../../../../arm-atollic-eabi/lib/armv6-m\libc_nano.a(lib_a-puts.o)
                0x100438b4                _puts_r
 .text.puts     0x10043974       0x14 c:/program files (x86)/atollic/truestudio for stm32 9.3.0/armtools/bin/../lib/gcc/arm-atollic-eabi/6.3.1/../../../../arm-atollic-eabi/lib/armv6-m\libc_nano.a(lib_a-puts.o)
                0x10043974                puts
 .text.setvbuf  0x10043988      0x158 c:/program files (x86)/atollic/truestudio for stm32 9.3.0/armtools/bin/../lib/gcc/arm-atollic-eabi/6.3.1/../../../../arm-atollic-eabi/lib/armv6-m\libc_nano.a(lib_a-setvbuf.o)
                0x10043988                setvbuf
 .text.__swbuf_r
                0x10043ae0       0xac c:/program files (x86)/atollic/truestudio for stm32 9.3.0/armtools/bin/../lib/gcc/arm-atollic-eabi/6.3.1/../../../../arm-atollic-eabi/lib/armv6-m\libc_nano.a(lib_a-wbuf.o)
                0x10043ae0                __swbuf_r
 .text.__swsetup_r
                0x10043b8c       0xec c:/program files (x86)/atollic/truestudio for stm32 9.3.0/armtools/bin/../lib/gcc/arm-atollic-eabi/6.3.1/../../../../arm-atollic-eabi/lib/armv6-m\libc_nano.a(lib_a-wsetup.o)
                0x10043b8c                __swsetup_r
 .text.__sflush_r
                0x10043c78      0x114 c:/program files (x86)/atollic/truestudio for stm32 9.3.0/armtools/bin/../lib/gcc/arm-atollic-eabi/6.3.1/../../../../arm-atollic-eabi/lib/armv6-m\libc_nano.a(lib_a-fflush.o)
                0x10043c78                __sflush_r
 .text._fflush_r
                0x10043d8c       0x58 c:/program files (x86)/atollic/truestudio for stm32 9.3.0/armtools/bin/../lib/gcc/arm-atollic-eabi/6.3.1/../../../../arm-atollic-eabi/lib/armv6-m\libc_nano.a(lib_a-fflush.o)
                0x10043d8c                _fflush_r
 .text._cleanup_r
                0x10043de4       0x10 c:/program files (x86)/atollic/truestudio for stm32 9.3.0/armtools/bin/../lib/gcc/arm-atollic-eabi/6.3.1/../../../../arm-atollic-eabi/lib/armv6-m\libc_nano.a(lib_a-findfp.o)
                0x10043de4                _cleanup_r
 .text.std.isra.0
                0x10043df4       0x48 c:/program files (x86)/atollic/truestudio for stm32 9.3.0/armtools/bin/../lib/gcc/arm-atollic-eabi/6.3.1/../../../../arm-atollic-eabi/lib/armv6-m\libc_nano.a(lib_a-findfp.o)
 .text.__sfmoreglue
                0x10043e3c       0x2c c:/program files (x86)/atollic/truestudio for stm32 9.3.0/armtools/bin/../lib/gcc/arm-atollic-eabi/6.3.1/../../../../arm-atollic-eabi/lib/armv6-m\libc_nano.a(lib_a-findfp.o)
                0x10043e3c                __sfmoreglue
 .text.__sinit  0x10043e68       0x68 c:/program files (x86)/atollic/truestudio for stm32 9.3.0/armtools/bin/../lib/gcc/arm-atollic-eabi/6.3.1/../../../../arm-atollic-eabi/lib/armv6-m\libc_nano.a(lib_a-findfp.o)
                0x10043e68                __sinit
 .text.__sfp    0x10043ed0       0x80 c:/program files (x86)/atollic/truestudio for stm32 9.3.0/armtools/bin/../lib/gcc/arm-atollic-eabi/6.3.1/../../../../arm-atollic-eabi/lib/armv6-m\libc_nano.a(lib_a-findfp.o)
                0x10043ed0                __sfp
 .text._fwalk_reent
                0x10043f50       0x42 c:/program files (x86)/atollic/truestudio for stm32 9.3.0/armtools/bin/../lib/gcc/arm-atollic-eabi/6.3.1/../../../../arm-atollic-eabi/lib/armv6-m\libc_nano.a(lib_a-fwalk.o)
                0x10043f50                _fwalk_reent
 *fill*         0x10043f92        0x2 
 .text.__swhatbuf_r
                0x10043f94       0x50 c:/program files (x86)/atollic/truestudio for stm32 9.3.0/armtools/bin/../lib/gcc/arm-atollic-eabi/6.3.1/../../../../arm-atollic-eabi/lib/armv6-m\libc_nano.a(lib_a-makebuf.o)
                0x10043f94                __swhatbuf_r
 .text.__smakebuf_r
                0x10043fe4       0x88 c:/program files (x86)/atollic/truestudio for stm32 9.3.0/armtools/bin/../lib/gcc/arm-atollic-eabi/6.3.1/../../../../arm-atollic-eabi/lib/armv6-m\libc_nano.a(lib_a-makebuf.o)
                0x10043fe4                __smakebuf_r
 .text.malloc   0x1004406c       0x14 c:/program files (x86)/atollic/truestudio for stm32 9.3.0/armtools/bin/../lib/gcc/arm-atollic-eabi/6.3.1/../../../../arm-atollic-eabi/lib/armv6-m\libc_nano.a(lib_a-malloc.o)
                0x1004406c                malloc
 .text._free_r  0x10044080       0x94 c:/program files (x86)/atollic/truestudio for stm32 9.3.0/armtools/bin/../lib/gcc/arm-atollic-eabi/6.3.1/../../../../arm-atollic-eabi/lib/armv6-m\libc_nano.a(lib_a-nano-freer.o)
                0x10044080                _free_r
 .text._malloc_r
                0x10044114       0xbc c:/program files (x86)/atollic/truestudio for stm32 9.3.0/armtools/bin/../lib/gcc/arm-atollic-eabi/6.3.1/../../../../arm-atollic-eabi/lib/armv6-m\libc_nano.a(lib_a-nano-mallocr.o)
                0x10044114                _malloc_r
 .text.__sfputc_r
                0x100441d0       0x2a c:/program files (x86)/atollic/truestudio for stm32 9.3.0/armtools/bin/../lib/gcc/arm-atollic-eabi/6.3.1/../../../../arm-atollic-eabi/lib/armv6-m\libc_nano.a(lib_a-nano-vfprintf.o)
 .text.__sfputs_r
                0x100441fa       0x24 c:/program files (x86)/atollic/truestudio for stm32 9.3.0/armtools/bin/../lib/gcc/arm-atollic-eabi/6.3.1/../../../../arm-atollic-eabi/lib/armv6-m\libc_nano.a(lib_a-nano-vfprintf.o)
                0x100441fa                __sfputs_r
 *fill*         0x1004421e        0x2 
 .text._vfprintf_r
                0x10044220      0x238 c:/program files (x86)/atollic/truestudio for stm32 9.3.0/armtools/bin/../lib/gcc/arm-atollic-eabi/6.3.1/../../../../arm-atollic-eabi/lib/armv6-m\libc_nano.a(lib_a-nano-vfprintf.o)
                0x10044220                _vfprintf_r
                0x10044220                _vfiprintf_r
 .text._printf_common
                0x10044458       0xda c:/program files (x86)/atollic/truestudio for stm32 9.3.0/armtools/bin/../lib/gcc/arm-atollic-eabi/6.3.1/../../../../arm-atollic-eabi/lib/armv6-m\libc_nano.a(lib_a-nano-vfprintf_i.o)
                0x10044458                _printf_common
 *fill*         0x10044532        0x2 
 .text._printf_i
                0x10044534      0x234 c:/program files (x86)/atollic/truestudio for stm32 9.3.0/armtools/bin/../lib/gcc/arm-atollic-eabi/6.3.1/../../../../arm-atollic-eabi/lib/armv6-m\libc_nano.a(lib_a-nano-vfprintf_i.o)
                0x10044534                _printf_i
 .text._sbrk_r  0x10044768       0x24 c:/program files (x86)/atollic/truestudio for stm32 9.3.0/armtools/bin/../lib/gcc/arm-atollic-eabi/6.3.1/../../../../arm-atollic-eabi/lib/armv6-m\libc_nano.a(lib_a-sbrkr.o)
                0x10044768                _sbrk_r
 .text.__sread  0x1004478c       0x28 c:/program files (x86)/atollic/truestudio for stm32 9.3.0/armtools/bin/../lib/gcc/arm-atollic-eabi/6.3.1/../../../../arm-atollic-eabi/lib/armv6-m\libc_nano.a(lib_a-stdio.o)
                0x1004478c                __sread
 .text.__swrite
                0x100447b4       0x38 c:/program files (x86)/atollic/truestudio for stm32 9.3.0/armtools/bin/../lib/gcc/arm-atollic-eabi/6.3.1/../../../../arm-atollic-eabi/lib/armv6-m\libc_nano.a(lib_a-stdio.o)
                0x100447b4                __swrite
 .text.__sseek  0x100447ec       0x2c c:/program files (x86)/atollic/truestudio for stm32 9.3.0/armtools/bin/../lib/gcc/arm-atollic-eabi/6.3.1/../../../../arm-atollic-eabi/lib/armv6-m\libc_nano.a(lib_a-stdio.o)
                0x100447ec                __sseek
 .text.__sclose
                0x10044818        0xc c:/program files (x86)/atollic/truestudio for stm32 9.3.0/armtools/bin/../lib/gcc/arm-atollic-eabi/6.3.1/../../../../arm-atollic-eabi/lib/armv6-m\libc_nano.a(lib_a-stdio.o)
                0x10044818                __sclose
 .text._write_r
                0x10044824       0x28 c:/program files (x86)/atollic/truestudio for stm32 9.3.0/armtools/bin/../lib/gcc/arm-atollic-eabi/6.3.1/../../../../arm-atollic-eabi/lib/armv6-m\libc_nano.a(lib_a-writer.o)
                0x10044824                _write_r
 .text._close_r
                0x1004484c       0x24 c:/program files (x86)/atollic/truestudio for stm32 9.3.0/armtools/bin/../lib/gcc/arm-atollic-eabi/6.3.1/../../../../arm-atollic-eabi/lib/armv6-m\libc_nano.a(lib_a-closer.o)
                0x1004484c                _close_r
 .text._fstat_r
                0x10044870       0x24 c:/program files (x86)/atollic/truestudio for stm32 9.3.0/armtools/bin/../lib/gcc/arm-atollic-eabi/6.3.1/../../../../arm-atollic-eabi/lib/armv6-m\libc_nano.a(lib_a-fstatr.o)
                0x10044870                _fstat_r
 .text._isatty_r
                0x10044894       0x24 c:/program files (x86)/atollic/truestudio for stm32 9.3.0/armtools/bin/../lib/gcc/arm-atollic-eabi/6.3.1/../../../../arm-atollic-eabi/lib/armv6-m\libc_nano.a(lib_a-isattyr.o)
                0x10044894                _isatty_r
 .text._lseek_r
                0x100448b8       0x28 c:/program files (x86)/atollic/truestudio for stm32 9.3.0/armtools/bin/../lib/gcc/arm-atollic-eabi/6.3.1/../../../../arm-atollic-eabi/lib/armv6-m\libc_nano.a(lib_a-lseekr.o)
                0x100448b8                _lseek_r
 .text.memchr   0x100448e0       0x16 c:/program files (x86)/atollic/truestudio for stm32 9.3.0/armtools/bin/../lib/gcc/arm-atollic-eabi/6.3.1/../../../../arm-atollic-eabi/lib/armv6-m\libc_nano.a(lib_a-memchr-stub.o)
                0x100448e0                memchr
 .text.__malloc_lock
                0x100448f6        0x2 c:/program files (x86)/atollic/truestudio for stm32 9.3.0/armtools/bin/../lib/gcc/arm-atollic-eabi/6.3.1/../../../../arm-atollic-eabi/lib/armv6-m\libc_nano.a(lib_a-mlock.o)
                0x100448f6                __malloc_lock
 .text.__malloc_unlock
                0x100448f8        0x2 c:/program files (x86)/atollic/truestudio for stm32 9.3.0/armtools/bin/../lib/gcc/arm-atollic-eabi/6.3.1/../../../../arm-atollic-eabi/lib/armv6-m\libc_nano.a(lib_a-mlock.o)
                0x100448f8                __malloc_unlock
 *fill*         0x100448fa        0x2 
 .text._read_r  0x100448fc       0x28 c:/program files (x86)/atollic/truestudio for stm32 9.3.0/armtools/bin/../lib/gcc/arm-atollic-eabi/6.3.1/../../../../arm-atollic-eabi/lib/armv6-m\libc_nano.a(lib_a-readr.o)
                0x100448fc                _read_r
 *(i.*)
 i._aci_gap_set_discoverable_param_check
                0x10044924       0x5c ../Library/Bluetooth_LE/library\libbluenrg1_stack.a(bluenrg_gap_aci.o)
 i.aci_gap_init
                0x10044980       0x30 ../Library/Bluetooth_LE/library\libbluenrg1_stack.a(bluenrg_gap_aci.o)
                0x10044980                aci_gap_init
 i.aci_gap_set_discoverable
                0x100449b0       0x42 ../Library/Bluetooth_LE/library\libbluenrg1_stack.a(bluenrg_gap_aci.o)
                0x100449b0                aci_gap_set_discoverable
 i.aci_gap_terminate
                0x100449f2        0x8 ../Library/Bluetooth_LE/library\libbluenrg1_stack.a(bluenrg_gap_aci.o)
                0x100449f2                aci_gap_terminate
 i.aci_gatt_init
                0x100449fa        0x8 ../Library/Bluetooth_LE/library\libbluenrg1_stack.a(bluenrg_gatt_aci.o)
                0x100449fa                aci_gatt_init
 i.aci_gatt_update_char_value_ext
                0x10044a02       0x22 ../Library/Bluetooth_LE/library\libbluenrg1_stack.a(bluenrg_gatt_aci.o)
                0x10044a02                aci_gatt_update_char_value_ext
 i.aci_hal_set_tx_power_level
                0x10044a24        0x8 ../Library/Bluetooth_LE/library\libbluenrg1_stack.a(bluenrg_hal_aci.o)
                0x10044a24                aci_hal_set_tx_power_level
 i.aci_hal_write_config_data
                0x10044a2c        0x8 ../Library/Bluetooth_LE/library\libbluenrg1_stack.a(bluenrg_hal_aci.o)
                0x10044a2c                aci_hal_write_config_data
 i.BTLE_StackTick
                0x10044a34       0x84 ../Library/Bluetooth_LE/library\libbluenrg1_stack.a(bluenrg_main_func.o)
                0x10044a34                BTLE_StackTick
 i.BlueNRG_Stack_Initialization
                0x10044ab8       0x44 ../Library/Bluetooth_LE/library\libbluenrg1_stack.a(bluenrg_main_func.o)
                0x10044ab8                BlueNRG_Stack_Initialization
 i.BlueNRG_Stack_Initialize_ConfigData
                0x10044afc       0x64 ../Library/Bluetooth_LE/library\libbluenrg1_stack.a(bluenrg_main_func.o)
 i.BlueNRG_Stack_Initialize_Layers
                0x10044b60       0x84 ../Library/Bluetooth_LE/library\libbluenrg1_stack.a(bluenrg_main_func.o)
 i.BlueNRG_Stack_Initialize_RAM_check
                0x10044be4       0x7c ../Library/Bluetooth_LE/library\libbluenrg1_stack.a(bluenrg_main_func.o)
 i.BlueNRG_Stack_Perform_Crystal_Check
                0x10044c60       0xc4 ../Library/Bluetooth_LE/library\libbluenrg1_stack.a(bluenrg_main_func.o)
 i.BlueNRG_Start_Crystal_Measurement
                0x10044d24       0x1c ../Library/Bluetooth_LE/library\libbluenrg1_stack.a(bluenrg_main_func.o)
 i._BlueNRG_Stack_Initialization
                0x10044d40       0xe8 ../Library/Bluetooth_LE/library\libbluenrg1_stack.a(bluenrg_main_func.o)
                0x10044d40                _BlueNRG_Stack_Initialization
 i.GAP_Connection_Complete_Handler
                0x10044e28       0x68 ../Library/Bluetooth_LE/library\libbluenrg1_stack.a(gap.o)
                0x10044e28                GAP_Connection_Complete_Handler
 i.GAP_DiscProcTimeoutcb_ucfg
                0x10044e90        0x2 ../Library/Bluetooth_LE/library\libbluenrg1_stack.a(gap.o)
                0x10044e90                GAP_DiscProcTimeoutcb_ucfg
 *fill*         0x10044e92        0x2 
 i.GAP_Init     0x10044e94      0x1fc ../Library/Bluetooth_LE/library\libbluenrg1_stack.a(gap.o)
                0x10044e94                GAP_Init
 i.GAP_Init_Context
                0x10045090       0x14 ../Library/Bluetooth_LE/library\libbluenrg1_stack.a(gap.o)
                0x10045090                GAP_Init_Context
 i.GAP_LL_Event_Handler_ISR
                0x100450a4       0x68 ../Library/Bluetooth_LE/library\libbluenrg1_stack.a(gap.o)
                0x100450a4                GAP_LL_Event_Handler_ISR
 i.GAP_LimDiscTimeoutcb
                0x1004510c       0x2c ../Library/Bluetooth_LE/library\libbluenrg1_stack.a(gap.o)
                0x1004510c                GAP_LimDiscTimeoutcb
 i.GAP_Process_Q
                0x10045138       0x40 ../Library/Bluetooth_LE/library\libbluenrg1_stack.a(gap.o)
                0x10045138                GAP_Process_Q
 i.GAP_Set_Discoverable_Mode
                0x10045178       0x38 ../Library/Bluetooth_LE/library\libbluenrg1_stack.a(gap.o)
                0x10045178                GAP_Set_Discoverable_Mode
 i.GAP_check_and_set_role_ucfg
                0x100451b0       0x1c ../Library/Bluetooth_LE/library\libbluenrg1_stack.a(gap.o)
                0x100451b0                GAP_check_and_set_role_ucfg
 i.GAP_discover_peer_name_ucfg
                0x100451cc        0x2 ../Library/Bluetooth_LE/library\libbluenrg1_stack.a(gap.o)
                0x100451cc                GAP_discover_peer_name_ucfg
 i.GAP_enable_controller_privacy_ucfg
                0x100451ce        0x4 ../Library/Bluetooth_LE/library\libbluenrg1_stack.a(gap.o)
                0x100451ce                GAP_enable_controller_privacy_ucfg
 *fill*         0x100451d2        0x2 
 i._GAP_Parse_Advertising_Report
                0x100451d4       0x64 ../Library/Bluetooth_LE/library\libbluenrg1_stack.a(gap.o)
 i._gap_set_discoverable_connectable
                0x10045238      0x174 ../Library/Bluetooth_LE/library\libbluenrg1_stack.a(gap.o)
                0x10045238                _gap_set_discoverable_connectable
 i.aci_gap_limited_discoverable_event_push
                0x100453ac       0x50 ../Library/Bluetooth_LE/library\libbluenrg1_stack.a(gap.o)
 i.aci_gap_proc_complete_event_push
                0x100453fc       0x74 ../Library/Bluetooth_LE/library\libbluenrg1_stack.a(gap.o)
 i.advParamsCheckAndSet
                0x10045470       0x88 ../Library/Bluetooth_LE/library\libbluenrg1_stack.a(gap.o)
                0x10045470                advParamsCheckAndSet
 i.gapClearAllModeFlags
                0x100454f8       0x14 ../Library/Bluetooth_LE/library\libbluenrg1_stack.a(gap.o)
                0x100454f8                gapClearAllModeFlags
 i.setGapAdvData
                0x1004550c      0x104 ../Library/Bluetooth_LE/library\libbluenrg1_stack.a(gap.o)
                0x1004550c                setGapAdvData
 i.Find_Gatt_Client
                0x10045610       0x3c ../Library/Bluetooth_LE/library\libbluenrg1_stack.a(gatt_client.o)
                0x10045610                Find_Gatt_Client
 i.Build_Notif_Or_Ind
                0x1004564c       0x3e ../Library/Bluetooth_LE/library\libbluenrg1_stack.a(gatt_server.o)
                0x1004564c                Build_Notif_Or_Ind
 *fill*         0x1004568a        0x2 
 i.Check_For_Service_Change
                0x1004568c      0x34c ../Library/Bluetooth_LE/library\libbluenrg1_stack.a(gatt_server.o)
                0x1004568c                Check_For_Service_Change
 i.Find_Attr_Index
                0x100459d8       0x50 ../Library/Bluetooth_LE/library\libbluenrg1_stack.a(gatt_server.o)
                0x100459d8                Find_Attr_Index
 i.Find_Timed_Out_Connection
                0x10045a28       0x20 ../Library/Bluetooth_LE/library\libbluenrg1_stack.a(gatt_server.o)
                0x10045a28                Find_Timed_Out_Connection
 i.GATT_Connection_Complete_Handler
                0x10045a48       0x44 ../Library/Bluetooth_LE/library\libbluenrg1_stack.a(gatt_server.o)
                0x10045a48                GATT_Connection_Complete_Handler
 i.GATT_Send_Packet
                0x10045a8c       0x2c ../Library/Bluetooth_LE/library\libbluenrg1_stack.a(gatt_server.o)
                0x10045a8c                GATT_Send_Packet
 i.GATT_Server_Set_Flag
                0x10045ab8       0x18 ../Library/Bluetooth_LE/library\libbluenrg1_stack.a(gatt_server.o)
 i.GATT_TimeOut_Handler
                0x10045ad0       0x1a ../Library/Bluetooth_LE/library\libbluenrg1_stack.a(gatt_server.o)
                0x10045ad0                GATT_TimeOut_Handler
 *fill*         0x10045aea        0x2 
 i.Gatt_Add_Charac_Desc
                0x10045aec      0x160 ../Library/Bluetooth_LE/library\libbluenrg1_stack.a(gatt_server.o)
                0x10045aec                Gatt_Add_Charac_Desc
 i.Gatt_Add_Characteristic
                0x10045c4c      0x33c ../Library/Bluetooth_LE/library\libbluenrg1_stack.a(gatt_server.o)
                0x10045c4c                Gatt_Add_Characteristic
 i.Gatt_Add_Descriptor
                0x10045f88      0x158 ../Library/Bluetooth_LE/library\libbluenrg1_stack.a(gatt_server.o)
                0x10045f88                Gatt_Add_Descriptor
 i.Gatt_Add_Service
                0x100460e0      0x160 ../Library/Bluetooth_LE/library\libbluenrg1_stack.a(gatt_server.o)
                0x100460e0                Gatt_Add_Service
 i.Gatt_Find_Srv_From_Handle
                0x10046240       0x2c ../Library/Bluetooth_LE/library\libbluenrg1_stack.a(gatt_server.o)
                0x10046240                Gatt_Find_Srv_From_Handle
 i.Gatt_Find_Srv_Owner_Of_Handle
                0x1004626c       0x48 ../Library/Bluetooth_LE/library\libbluenrg1_stack.a(gatt_server.o)
                0x1004626c                Gatt_Find_Srv_Owner_Of_Handle
 i.Gatt_Find_Timed_Out_Connection_Index
                0x100462b4       0x38 ../Library/Bluetooth_LE/library\libbluenrg1_stack.a(gatt_server.o)
                0x100462b4                Gatt_Find_Timed_Out_Connection_Index
 i.Gatt_Flush_Pending_AclPacket_Lists
                0x100462ec       0x34 ../Library/Bluetooth_LE/library\libbluenrg1_stack.a(gatt_server.o)
 i.Gatt_Process_Q
                0x10046320      0x19c ../Library/Bluetooth_LE/library\libbluenrg1_stack.a(gatt_server.o)
                0x10046320                Gatt_Process_Q
 i.Gatt_Reset_To_Closed_State
                0x100464bc       0xfc ../Library/Bluetooth_LE/library\libbluenrg1_stack.a(gatt_server.o)
 i.Gatt_Server_Db_Check
                0x100465b8       0x38 ../Library/Bluetooth_LE/library\libbluenrg1_stack.a(gatt_server.o)
                0x100465b8                Gatt_Server_Db_Check
 i.Gatt_Server_Init
                0x100465f0      0x194 ../Library/Bluetooth_LE/library\libbluenrg1_stack.a(gatt_server.o)
                0x100465f0                Gatt_Server_Init
 i.Gatt_Server_L2C_Handler
                0x10046784      0x21c ../Library/Bluetooth_LE/library\libbluenrg1_stack.a(gatt_server.o)
                0x10046784                Gatt_Server_L2C_Handler
 i.Gatt_Server_L2C_Handler_ISR
                0x100469a0       0x4c ../Library/Bluetooth_LE/library\libbluenrg1_stack.a(gatt_server.o)
                0x100469a0                Gatt_Server_L2C_Handler_ISR
 i.Gatt_Store_Server_Database_And_Reset_CCCD
                0x100469ec      0x170 ../Library/Bluetooth_LE/library\libbluenrg1_stack.a(gatt_server.o)
 i.Gatt_Update_Charac_Value
                0x10046b5c       0x68 ../Library/Bluetooth_LE/library\libbluenrg1_stack.a(gatt_server.o)
                0x10046b5c                Gatt_Update_Charac_Value
 i.Gatt_Update_Charac_Value_Ext
                0x10046bc4      0x390 ../Library/Bluetooth_LE/library\libbluenrg1_stack.a(gatt_server.o)
                0x10046bc4                Gatt_Update_Charac_Value_Ext
 i.Gatt_fetch_handle
                0x10046f54       0x3c ../Library/Bluetooth_LE/library\libbluenrg1_stack.a(gatt_server.o)
                0x10046f54                Gatt_fetch_handle
 i.Gatt_search_handle
                0x10046f90       0x1e ../Library/Bluetooth_LE/library\libbluenrg1_stack.a(gatt_server.o)
                0x10046f90                Gatt_search_handle
 *fill*         0x10046fae        0x2 
 i.Gatt_search_service_handle
                0x10046fb0       0x30 ../Library/Bluetooth_LE/library\libbluenrg1_stack.a(gatt_server.o)
                0x10046fb0                Gatt_search_service_handle
 i.Ind_Service_Change_Charac
                0x10046fe0       0x48 ../Library/Bluetooth_LE/library\libbluenrg1_stack.a(gatt_server.o)
                0x10046fe0                Ind_Service_Change_Charac
 i.Pm_Resize_Host_Acl_Pckt
                0x10047028        0xe ../Library/Bluetooth_LE/library\libbluenrg1_stack.a(gatt_server.o)
 *fill*         0x10047036        0x2 
 i.Process_Peer_Client_Data
                0x10047038      0x1f8 ../Library/Bluetooth_LE/library\libbluenrg1_stack.a(gatt_server.o)
                0x10047038                Process_Peer_Client_Data
 i.Process_Peer_Server_Data
                0x10047230      0x16c ../Library/Bluetooth_LE/library\libbluenrg1_stack.a(gatt_server.o)
                0x10047230                Process_Peer_Server_Data
 i.Select_Next_Notification_Client
                0x1004739c       0x50 ../Library/Bluetooth_LE/library\libbluenrg1_stack.a(gatt_server.o)
                0x1004739c                Select_Next_Notification_Client
 i.Send_Notif_Or_Ind
                0x100473ec       0x4c ../Library/Bluetooth_LE/library\libbluenrg1_stack.a(gatt_server.o)
                0x100473ec                Send_Notif_Or_Ind
 i.aci_gatt_indication_event_push
                0x10047438       0x90 ../Library/Bluetooth_LE/library\libbluenrg1_stack.a(gatt_server.o)
 i.aci_gatt_notification_event_push
                0x100474c8       0x90 ../Library/Bluetooth_LE/library\libbluenrg1_stack.a(gatt_server.o)
 i.aci_hal_fw_error_event_push
                0x10047558       0x5c ../Library/Bluetooth_LE/library\libbluenrg1_stack.a(gatt_server.o)
 i.store_data   0x100475b4       0x1e ../Library/Bluetooth_LE/library\libbluenrg1_stack.a(gatt_server.o)
                0x100475b4                store_data
 i.__ARM_common_switch8
                0x100475d2       0x1a ../Library/Bluetooth_LE/library\libbluenrg1_stack.a(gatt_server.o)
                0x100475d2                __ARM_common_switch8
 i.HAL_Flash_Store_Data
                0x100475ec       0x54 ../Library/Bluetooth_LE/library\libbluenrg1_stack.a(hal.o)
                0x100475ec                HAL_Flash_Store_Data
 i.HAL_Generate_Random_Bytes_To
                0x10047640       0x20 ../Library/Bluetooth_LE/library\libbluenrg1_stack.a(hal.o)
                0x10047640                HAL_Generate_Random_Bytes_To
 i.HAL_Set_TX_Power_Level
                0x10047660       0x44 ../Library/Bluetooth_LE/library\libbluenrg1_stack.a(hal.o)
                0x10047660                HAL_Set_TX_Power_Level
 i.HAL_Write_ConfigData
                0x100476a4      0x11c ../Library/Bluetooth_LE/library\libbluenrg1_stack.a(hal.o)
                0x100476a4                HAL_Write_ConfigData
 i.Hal_Get_Random_Number
                0x100477c0       0x3a ../Library/Bluetooth_LE/library\libbluenrg1_stack.a(hal.o)
                0x100477c0                Hal_Get_Random_Number
 i.Hal_Get_Random_Number32
                0x100477fa       0x12 ../Library/Bluetooth_LE/library\libbluenrg1_stack.a(hal.o)
                0x100477fa                Hal_Get_Random_Number32
 i.aci_hal_end_of_radio_activity_event
                0x1004780c        0x2 ../Library/Bluetooth_LE/library\libbluenrg1_stack.a(hal.o)
                0x1004780c                aci_hal_end_of_radio_activity_event
 *fill*         0x1004780e        0x2 
 i.ble_HAL_Init
                0x10047810       0x1c ../Library/Bluetooth_LE/library\libbluenrg1_stack.a(hal.o)
                0x10047810                ble_HAL_Init
 i.char_copy    0x1004782c       0x12 ../Library/Bluetooth_LE/library\libbluenrg1_stack.a(hal.o)
                0x1004782c                char_copy
 *fill*         0x1004783e        0x2 
 i.hal_radio_activity_state_callback_check
                0x10047840       0x34 ../Library/Bluetooth_LE/library\libbluenrg1_stack.a(hal.o)
                0x10047840                hal_radio_activity_state_callback_check
 i.hal_radio_activity_state_init
                0x10047874       0x1c ../Library/Bluetooth_LE/library\libbluenrg1_stack.a(hal.o)
                0x10047874                hal_radio_activity_state_init
 i.hal_read_radio_activity_state
                0x10047890       0x40 ../Library/Bluetooth_LE/library\libbluenrg1_stack.a(hal.o)
                0x10047890                hal_read_radio_activity_state
 i.set_string   0x100478d0       0x10 ../Library/Bluetooth_LE/library\libbluenrg1_stack.a(hal.o)
                0x100478d0                set_string
 i.Controller_Process_Q
                0x100478e0       0x1c ../Library/Bluetooth_LE/library\libbluenrg1_stack.a(hci.o)
                0x100478e0                Controller_Process_Q
 i.HCI_Init     0x100478fc       0x7c ../Library/Bluetooth_LE/library\libbluenrg1_stack.a(hci.o)
                0x100478fc                HCI_Init
 i.PKA_Offline_Processing_ucfg
                0x10047978        0x2 ../Library/Bluetooth_LE/library\libbluenrg1_stack.a(hci.o)
                0x10047978                PKA_Offline_Processing_ucfg
 i.PRIV_controller_privacy_csr_ucfg
                0x1004797a        0x4 ../Library/Bluetooth_LE/library\libbluenrg1_stack.a(hci.o)
                0x1004797a                PRIV_controller_privacy_csr_ucfg
 i.data_length_extension_csr_ucfg
                0x1004797e        0x4 ../Library/Bluetooth_LE/library\libbluenrg1_stack.a(hci.o)
                0x1004797e                data_length_extension_csr_ucfg
 *fill*         0x10047982        0x2 
 i.hci_acl_Process_Q
                0x10047984       0x6c ../Library/Bluetooth_LE/library\libbluenrg1_stack.a(hci.o)
                0x10047984                hci_acl_Process_Q
 i.hci_le_encrypt
                0x100479f0        0xa ../Library/Bluetooth_LE/library\libbluenrg1_stack.a(hci.o)
                0x100479f0                hci_le_encrypt
 i.hci_le_long_term_key_request_reply
                0x100479fa        0xe ../Library/Bluetooth_LE/library\libbluenrg1_stack.a(hci.o)
                0x100479fa                hci_le_long_term_key_request_reply
 i.hci_le_long_term_key_requested_negative_reply
                0x10047a08        0xe ../Library/Bluetooth_LE/library\libbluenrg1_stack.a(hci.o)
                0x10047a08                hci_le_long_term_key_requested_negative_reply
 i.hci_le_set_scan_response_data
                0x10047a16       0x16 ../Library/Bluetooth_LE/library\libbluenrg1_stack.a(hci.o)
                0x10047a16                hci_le_set_scan_response_data
 i.hci_rx_acl_data
                0x10047a2c       0x6c ../Library/Bluetooth_LE/library\libbluenrg1_stack.a(hci.o)
                0x10047a2c                hci_rx_acl_data
 i.hci_tx_acl_data_done
                0x10047a98       0x44 ../Library/Bluetooth_LE/library\libbluenrg1_stack.a(hci.o)
                0x10047a98                hci_tx_acl_data_done
 i.HAL_VTimerAcc_sysT32_ms
                0x10047adc       0x24 ../Library/Bluetooth_LE/library\libbluenrg1_stack.a(host_timer.o)
                0x10047adc                HAL_VTimerAcc_sysT32_ms
 i.HAL_VTimerGetCurrentTime_sysT32
                0x10047b00       0x12 ../Library/Bluetooth_LE/library\libbluenrg1_stack.a(host_timer.o)
                0x10047b00                HAL_VTimerGetCurrentTime_sysT32
 *fill*         0x10047b12        0x2 
 i.Set_Host_Timer_value
                0x10047b14       0x50 ../Library/Bluetooth_LE/library\libbluenrg1_stack.a(host_timer.o)
                0x10047b14                Set_Host_Timer_value
 i.TimerCallback
                0x10047b64       0x7c ../Library/Bluetooth_LE/library\libbluenrg1_stack.a(host_timer.o)
 i.Timer_ExpiryCallback
                0x10047be0       0x14 ../Library/Bluetooth_LE/library\libbluenrg1_stack.a(host_timer.o)
                0x10047be0                Timer_ExpiryCallback
 i.Timer_Init   0x10047bf4       0x34 ../Library/Bluetooth_LE/library\libbluenrg1_stack.a(host_timer.o)
                0x10047bf4                Timer_Init
 i.Timer_ProcessQ
                0x10047c28      0x11c ../Library/Bluetooth_LE/library\libbluenrg1_stack.a(host_timer.o)
                0x10047c28                Timer_ProcessQ
 i.Timer_StartOneShot
                0x10047d44       0x22 ../Library/Bluetooth_LE/library\libbluenrg1_stack.a(host_timer.o)
                0x10047d44                Timer_StartOneShot
 *fill*         0x10047d66        0x2 
 i.Timer_StartOneShot_sysTime32
                0x10047d68       0x74 ../Library/Bluetooth_LE/library\libbluenrg1_stack.a(host_timer.o)
                0x10047d68                Timer_StartOneShot_sysTime32
 i.Timer_StopOneShot
                0x10047ddc       0x58 ../Library/Bluetooth_LE/library\libbluenrg1_stack.a(host_timer.o)
                0x10047ddc                Timer_StopOneShot
 i.Timer_sysTime32_convMachineTime
                0x10047e34       0x24 ../Library/Bluetooth_LE/library\libbluenrg1_stack.a(host_timer.o)
                0x10047e34                Timer_sysTime32_convMachineTime
 i.L2C_Build_Command_Reject_Pdu
                0x10047e58       0x7c ../Library/Bluetooth_LE/library\libbluenrg1_stack.a(l2cap.o)
                0x10047e58                L2C_Build_Command_Reject_Pdu
 i.L2C_Connection_Complete_Handler
                0x10047ed4       0x4a ../Library/Bluetooth_LE/library\libbluenrg1_stack.a(l2cap.o)
                0x10047ed4                L2C_Connection_Complete_Handler
 i.L2C_Connection_Complete_Signal_Handler
                0x10047f1e       0x2a ../Library/Bluetooth_LE/library\libbluenrg1_stack.a(l2cap.o)
                0x10047f1e                L2C_Connection_Complete_Signal_Handler
 i.L2C_Get_Connection_Info
                0x10047f48       0x34 ../Library/Bluetooth_LE/library\libbluenrg1_stack.a(l2cap.o)
 i.L2C_Get_Connection_Info_Index
                0x10047f7c       0x30 ../Library/Bluetooth_LE/library\libbluenrg1_stack.a(l2cap.o)
 i.L2C_Get_PDU_Len
                0x10047fac        0xe ../Library/Bluetooth_LE/library\libbluenrg1_stack.a(l2cap.o)
                0x10047fac                L2C_Get_PDU_Len
 *fill*         0x10047fba        0x2 
 i.L2C_Init     0x10047fbc       0x58 ../Library/Bluetooth_LE/library\libbluenrg1_stack.a(l2cap.o)
                0x10047fbc                L2C_Init
 i.L2C_Mux_Acl_Packet
                0x10048014       0x58 ../Library/Bluetooth_LE/library\libbluenrg1_stack.a(l2cap.o)
 i.L2C_Rcv_Data
                0x1004806c       0xcc ../Library/Bluetooth_LE/library\libbluenrg1_stack.a(l2cap.o)
 i.L2C_Rcv_Event_Handler
                0x10048138       0x1e ../Library/Bluetooth_LE/library\libbluenrg1_stack.a(l2cap.o)
                0x10048138                L2C_Rcv_Event_Handler
 i.L2C_Rcv_Event_Handler_ISR
                0x10048156       0x54 ../Library/Bluetooth_LE/library\libbluenrg1_stack.a(l2cap.o)
                0x10048156                L2C_Rcv_Event_Handler_ISR
 *fill*         0x100481aa        0x2 
 i.L2C_Reset_To_Closed_State
                0x100481ac       0x7c ../Library/Bluetooth_LE/library\libbluenrg1_stack.a(l2cap.o)
 i.L2C_Send_Data
                0x10048228       0x4c ../Library/Bluetooth_LE/library\libbluenrg1_stack.a(l2cap.o)
                0x10048228                L2C_Send_Data
 i.L2C_SigChan_Req_TimeOut_Handler
                0x10048274       0x60 ../Library/Bluetooth_LE/library\libbluenrg1_stack.a(l2cap.o)
                0x10048274                L2C_SigChan_Req_TimeOut_Handler
 i.L2C_Signal_Channel_Handler
                0x100482d4      0x1b0 ../Library/Bluetooth_LE/library\libbluenrg1_stack.a(l2cap.o)
                0x100482d4                L2C_Signal_Channel_Handler
 i.L2C_Signal_Channel_Handler_ISR
                0x10048484       0x24 ../Library/Bluetooth_LE/library\libbluenrg1_stack.a(l2cap.o)
                0x10048484                L2C_Signal_Channel_Handler_ISR
 i.L2C_discard_accumulated_acl_data
                0x100484a8       0x5c ../Library/Bluetooth_LE/library\libbluenrg1_stack.a(l2cap.o)
 i.aci_l2cap_connection_update_req_event_push
                0x10048504       0x98 ../Library/Bluetooth_LE/library\libbluenrg1_stack.a(l2cap.o)
 i.Data_Length_Update_Control_ISR_ucfg
                0x1004859c        0x4 ../Library/Bluetooth_LE/library\libbluenrg1_stack.a(ll_isr.o)
                0x1004859c                Data_Length_Update_Control_ISR_ucfg
 i.RAL_Isr      0x100485a0      0x218 ../Library/Bluetooth_LE/library\libbluenrg1_stack.a(ll_isr.o)
                0x100485a0                RAL_Isr
 i.copy_4_u32   0x100487b8       0x12 ../Library/Bluetooth_LE/library\libbluenrg1_stack.a(ll_isr.o)
                0x100487b8                copy_4_u32
 *fill*         0x100487ca        0x2 
 i.copy_tx_data_packet
                0x100487cc       0x84 ../Library/Bluetooth_LE/library\libbluenrg1_stack.a(ll_isr.o)
                0x100487cc                copy_tx_data_packet
 i.encrypt      0x10048850       0x74 ../Library/Bluetooth_LE/library\libbluenrg1_stack.a(ll_isr.o)
                0x10048850                encrypt
 i.isr_advertise_state
                0x100488c4      0x398 ../Library/Bluetooth_LE/library\libbluenrg1_stack.a(ll_isr.o)
 i.isr_connect_slave_state
                0x10048c5c      0x7e4 ../Library/Bluetooth_LE/library\libbluenrg1_stack.a(ll_isr.o)
 i.isr_test_rx_state
                0x10049440       0x34 ../Library/Bluetooth_LE/library\libbluenrg1_stack.a(ll_isr.o)
 i.isr_test_tx_state
                0x10049474       0x64 ../Library/Bluetooth_LE/library\libbluenrg1_stack.a(ll_isr.o)
 i.isr_unknown_state
                0x100494d8       0x2c ../Library/Bluetooth_LE/library\libbluenrg1_stack.a(ll_isr.o)
 i.state_func_call_init_csr_ucfg
                0x10049504        0x2 ../Library/Bluetooth_LE/library\libbluenrg1_stack.a(ll_isr.o)
                0x10049504                state_func_call_init_csr_ucfg
 i.__ARM_common_memcpy1_6
                0x10049506       0x1a ../Library/Bluetooth_LE/library\libbluenrg1_stack.a(ll_isr.o)
                0x10049506                __ARM_common_memcpy1_6
 i.LL_LE_Clear_White_List
                0x10049520       0x28 ../Library/Bluetooth_LE/library\libbluenrg1_stack.a(ll_privacy.o)
                0x10049520                LL_LE_Clear_White_List
 i.PRIVWHIT_u8SearchAddrInList
                0x10049548       0x84 ../Library/Bluetooth_LE/library\libbluenrg1_stack.a(ll_privacy.o)
                0x10049548                PRIVWHIT_u8SearchAddrInList
 i.PRIVWHIT_vInit_Struct
                0x100495cc       0xb8 ../Library/Bluetooth_LE/library\libbluenrg1_stack.a(ll_privacy.o)
                0x100495cc                PRIVWHIT_vInit_Struct
 i.PRIV_SearchAddrInWhiteList
                0x10049684       0x58 ../Library/Bluetooth_LE/library\libbluenrg1_stack.a(ll_privacy.o)
                0x10049684                PRIV_SearchAddrInWhiteList
 i.PRIV_u32ProcessAdvPacket_ucfg
                0x100496dc        0x4 ../Library/Bluetooth_LE/library\libbluenrg1_stack.a(ll_privacy.o)
                0x100496dc                PRIV_u32ProcessAdvPacket_ucfg
 i.PRIV_u8OfflineProcessing_ucfg
                0x100496e0        0x4 ../Library/Bluetooth_LE/library\libbluenrg1_stack.a(ll_privacy.o)
                0x100496e0                PRIV_u8OfflineProcessing_ucfg
 i.PRIV_vGeneratePrivateAddress_ucfg
                0x100496e4        0x2 ../Library/Bluetooth_LE/library\libbluenrg1_stack.a(ll_privacy.o)
                0x100496e4                PRIV_vGeneratePrivateAddress_ucfg
 i.PRIV_vGenerate_hci_le_enhanced_connection_complete_event_ucfg
                0x100496e6        0x2 ../Library/Bluetooth_LE/library\libbluenrg1_stack.a(ll_privacy.o)
                0x100496e6                PRIV_vGenerate_hci_le_enhanced_connection_complete_event_ucfg
 i.Data_Len_Update_Offline_Processing_ucfg
                0x100496e8        0x2 ../Library/Bluetooth_LE/library\libbluenrg1_stack.a(ll_routines.o)
                0x100496e8                Data_Len_Update_Offline_Processing_ucfg
 *fill*         0x100496ea        0x2 
 i.Disconnection_Offline_Processing
                0x100496ec       0x48 ../Library/Bluetooth_LE/library\libbluenrg1_stack.a(ll_routines.o)
                0x100496ec                Disconnection_Offline_Processing
 i.LL_Data_Length_Change_Event_ucfg
                0x10049734        0x4 ../Library/Bluetooth_LE/library\libbluenrg1_stack.a(ll_routines.o)
                0x10049734                LL_Data_Length_Change_Event_ucfg
 i.LL_Disconnect_Link
                0x10049738       0x3c ../Library/Bluetooth_LE/library\libbluenrg1_stack.a(ll_routines.o)
                0x10049738                LL_Disconnect_Link
 i.LL_Send_Disconnection_Req
                0x10049774       0xa4 ../Library/Bluetooth_LE/library\libbluenrg1_stack.a(ll_routines.o)
                0x10049774                LL_Send_Disconnection_Req
 i.LL_Send_Length_Resp_ucfg
                0x10049818        0x4 ../Library/Bluetooth_LE/library\libbluenrg1_stack.a(ll_routines.o)
                0x10049818                LL_Send_Length_Resp_ucfg
 i.ll_write_supported_data_ucfg
                0x1004981c        0x4 ../Library/Bluetooth_LE/library\libbluenrg1_stack.a(ll_routines.o)
                0x1004981c                ll_write_supported_data_ucfg
 i.read_rssi    0x10049820       0x7c ../Library/Bluetooth_LE/library\libbluenrg1_stack.a(ll_routines.o)
                0x10049820                read_rssi
 i.Reclassify_All_Channels_ucfg
                0x1004989c        0x2 ../Library/Bluetooth_LE/library\libbluenrg1_stack.a(ll_routines_master.o)
                0x1004989c                Reclassify_All_Channels_ucfg
 *fill*         0x1004989e        0x2 
 i.hci_encryption_change_event_push
                0x100498a0       0x5c ../Library/Bluetooth_LE/library\libbluenrg1_stack.a(ll_routines_master.o)
 i.hci_encryption_key_refresh_complete_event_push
                0x100498fc       0x58 ../Library/Bluetooth_LE/library\libbluenrg1_stack.a(ll_routines_master.o)
 i.hci_le_connection_complete_event_push
                0x10049954       0x88 ../Library/Bluetooth_LE/library\libbluenrg1_stack.a(ll_routines_master.o)
 i.hci_le_connection_update_complete_event_push
                0x100499dc       0x6c ../Library/Bluetooth_LE/library\libbluenrg1_stack.a(ll_routines_master.o)
 i.isr_event_handler
                0x10049a48      0x5fc ../Library/Bluetooth_LE/library\libbluenrg1_stack.a(ll_routines_master.o)
                0x10049a48                isr_event_handler
 i.isr_event_handler_scan_data_ucfg
                0x1004a044        0x2 ../Library/Bluetooth_LE/library\libbluenrg1_stack.a(ll_routines_master.o)
                0x1004a044                isr_event_handler_scan_data_ucfg
 *fill*         0x1004a046        0x2 
 i.LL_Encrypt_Plain_Data_ucfg
                0x1004a048       0x9c ../Library/Bluetooth_LE/library\libbluenrg1_stack.a(ll_routines_support.o)
                0x1004a048                LL_Encrypt_Plain_Data_ucfg
 i.LL_Set_LTK   0x1004a0e4       0x9c ../Library/Bluetooth_LE/library\libbluenrg1_stack.a(ll_routines_support.o)
                0x1004a0e4                LL_Set_LTK
 i.Dynamic_allocator
                0x1004a180      0x264 ../Library/Bluetooth_LE/library\libbluenrg1_stack.a(mem_alloc.o)
                0x1004a180                Dynamic_allocator
 i.Dynamic_allocator_noRet
                0x1004a3e4        0x2 ../Library/Bluetooth_LE/library\libbluenrg1_stack.a(mem_alloc.o)
                0x1004a3e4                Dynamic_allocator_noRet
 i.Mem_assign   0x1004a3e6       0x16 ../Library/Bluetooth_LE/library\libbluenrg1_stack.a(mem_alloc.o)
 i.mem_alloc_ctx_init
                0x1004a3fc       0xa8 ../Library/Bluetooth_LE/library\libbluenrg1_stack.a(mem_alloc.o)
                0x1004a3fc                mem_alloc_ctx_init
 i.Mem_Buff_Append
                0x1004a4a4       0x12 ../Library/Bluetooth_LE/library\libbluenrg1_stack.a(mem_buff.o)
                0x1004a4a4                Mem_Buff_Append
 i.Mem_Buff_Block_Copy
                0x1004a4b6       0x48 ../Library/Bluetooth_LE/library\libbluenrg1_stack.a(mem_buff.o)
                0x1004a4b6                Mem_Buff_Block_Copy
 i.Mem_Buff_Block_Write
                0x1004a4fe       0x56 ../Library/Bluetooth_LE/library\libbluenrg1_stack.a(mem_buff.o)
                0x1004a4fe                Mem_Buff_Block_Write
 i.Mem_Buff_Clone
                0x1004a554       0x32 ../Library/Bluetooth_LE/library\libbluenrg1_stack.a(mem_buff.o)
                0x1004a554                Mem_Buff_Clone
 i.Mem_Buff_Cmp
                0x1004a586       0x78 ../Library/Bluetooth_LE/library\libbluenrg1_stack.a(mem_buff.o)
                0x1004a586                Mem_Buff_Cmp
 i.Mem_Buff_Compact
                0x1004a5fe       0xba ../Library/Bluetooth_LE/library\libbluenrg1_stack.a(mem_buff.o)
                0x1004a5fe                Mem_Buff_Compact
 i.Mem_Buff_Get
                0x1004a6b8       0x2e ../Library/Bluetooth_LE/library\libbluenrg1_stack.a(mem_buff.o)
                0x1004a6b8                Mem_Buff_Get
 i.Mem_Buff_Get_Chain_Count
                0x1004a6e6       0x14 ../Library/Bluetooth_LE/library\libbluenrg1_stack.a(mem_buff.o)
                0x1004a6e6                Mem_Buff_Get_Chain_Count
 i.Mem_Buff_Get_Chain_Size
                0x1004a6fa       0x14 ../Library/Bluetooth_LE/library\libbluenrg1_stack.a(mem_buff.o)
                0x1004a6fa                Mem_Buff_Get_Chain_Size
 i.Mem_Buff_Init
                0x1004a70e       0x6a ../Library/Bluetooth_LE/library\libbluenrg1_stack.a(mem_buff.o)
                0x1004a70e                Mem_Buff_Init
 i.Mem_Buff_Read
                0x1004a778       0x62 ../Library/Bluetooth_LE/library\libbluenrg1_stack.a(mem_buff.o)
                0x1004a778                Mem_Buff_Read
 i.Mem_Buff_Release
                0x1004a7da       0x36 ../Library/Bluetooth_LE/library\libbluenrg1_stack.a(mem_buff.o)
                0x1004a7da                Mem_Buff_Release
 i.Mem_Buff_Resize
                0x1004a810       0x8e ../Library/Bluetooth_LE/library\libbluenrg1_stack.a(mem_buff.o)
                0x1004a810                Mem_Buff_Resize
 i.Mem_Buff_Write
                0x1004a89e       0x68 ../Library/Bluetooth_LE/library\libbluenrg1_stack.a(mem_buff.o)
                0x1004a89e                Mem_Buff_Write
 *fill*         0x1004a906        0x2 
 i.adapt_slot   0x1004a908      0x260 ../Library/Bluetooth_LE/library\libbluenrg1_stack.a(multi_master_time.o)
 i.advance_slave_timing_MultiSlave
                0x1004ab68      0x2cc ../Library/Bluetooth_LE/library\libbluenrg1_stack.a(multi_master_time.o)
                0x1004ab68                advance_slave_timing_MultiSlave
 i.cancel_current_master
                0x1004ae34      0x1a8 ../Library/Bluetooth_LE/library\libbluenrg1_stack.a(multi_master_time.o)
                0x1004ae34                cancel_current_master
 i.get_advertiser
                0x1004afdc       0x48 ../Library/Bluetooth_LE/library\libbluenrg1_stack.a(multi_master_time.o)
                0x1004afdc                get_advertiser
 i.get_connection_no
                0x1004b024       0x88 ../Library/Bluetooth_LE/library\libbluenrg1_stack.a(multi_master_time.o)
                0x1004b024                get_connection_no
 i.get_next_free_slot
                0x1004b0ac       0x34 ../Library/Bluetooth_LE/library\libbluenrg1_stack.a(multi_master_time.o)
                0x1004b0ac                get_next_free_slot
 i.get_scan_connection
                0x1004b0e0       0x48 ../Library/Bluetooth_LE/library\libbluenrg1_stack.a(multi_master_time.o)
                0x1004b0e0                get_scan_connection
 i.is_slave     0x1004b128       0x34 ../Library/Bluetooth_LE/library\libbluenrg1_stack.a(multi_master_time.o)
                0x1004b128                is_slave
 i.nsar_init    0x1004b15c       0x18 ../Library/Bluetooth_LE/library\libbluenrg1_stack.a(multi_master_time.o)
                0x1004b15c                nsar_init
 i.nsar_insertSlotListEntry
                0x1004b174       0x1c ../Library/Bluetooth_LE/library\libbluenrg1_stack.a(multi_master_time.o)
 i.nsar_searchBestFreeSlot
                0x1004b190       0xc0 ../Library/Bluetooth_LE/library\libbluenrg1_stack.a(multi_master_time.o)
 i.nsar_updateBestFreeSlot
                0x1004b250       0x22 ../Library/Bluetooth_LE/library\libbluenrg1_stack.a(multi_master_time.o)
 *fill*         0x1004b272        0x2 
 i.nsar_updateSlotListEntry
                0x1004b274       0x6c ../Library/Bluetooth_LE/library\libbluenrg1_stack.a(multi_master_time.o)
 i.schedule_advertise_slot
                0x1004b2e0       0xb0 ../Library/Bluetooth_LE/library\libbluenrg1_stack.a(multi_master_time.o)
                0x1004b2e0                schedule_advertise_slot
 i.start_timebase
                0x1004b390       0xd0 ../Library/Bluetooth_LE/library\libbluenrg1_stack.a(multi_master_time.o)
                0x1004b390                start_timebase
 i.swap_u16     0x1004b460        0xa ../Library/Bluetooth_LE/library\libbluenrg1_stack.a(multi_master_time.o)
 *fill*         0x1004b46a        0x2 
 i.timebase_start_connect
                0x1004b46c       0x38 ../Library/Bluetooth_LE/library\libbluenrg1_stack.a(multi_master_time.o)
                0x1004b46c                timebase_start_connect
 i.Flash_Write_Flagged
                0x1004b4a4       0x3c ../Library/Bluetooth_LE/library\libbluenrg1_stack.a(nvm.o)
                0x1004b4a4                Flash_Write_Flagged
 i.Is_Flash_Write_On_Going
                0x1004b4e0       0x10 ../Library/Bluetooth_LE/library\libbluenrg1_stack.a(nvm.o)
                0x1004b4e0                Is_Flash_Write_On_Going
 i.PM_Check_And_Set
                0x1004b4f0       0x50 ../Library/Bluetooth_LE/library\libbluenrg1_stack.a(pm.o)
 i.PM_Clone_Pckt
                0x1004b540       0x22 ../Library/Bluetooth_LE/library\libbluenrg1_stack.a(pm.o)
                0x1004b540                PM_Clone_Pckt
 *fill*         0x1004b562        0x2 
 i.PM_Compact   0x1004b564       0x54 ../Library/Bluetooth_LE/library\libbluenrg1_stack.a(pm.o)
                0x1004b564                PM_Compact
 i.PM_Copy_Pckt_Data
                0x1004b5b8       0x12 ../Library/Bluetooth_LE/library\libbluenrg1_stack.a(pm.o)
                0x1004b5b8                PM_Copy_Pckt_Data
 *fill*         0x1004b5ca        0x2 
 i.PM_Eng_Config
                0x1004b5cc       0x18 ../Library/Bluetooth_LE/library\libbluenrg1_stack.a(pm.o)
                0x1004b5cc                PM_Eng_Config
 i.PM_Extract_Pdu_MBuff
                0x1004b5e4        0xc ../Library/Bluetooth_LE/library\libbluenrg1_stack.a(pm.o)
                0x1004b5e4                PM_Extract_Pdu_MBuff
 i.PM_Get_Available_Buffer
                0x1004b5f0       0x3c ../Library/Bluetooth_LE/library\libbluenrg1_stack.a(pm.o)
                0x1004b5f0                PM_Get_Available_Buffer
 i.PM_Get_Mem_Buff_Count
                0x1004b62c        0xa ../Library/Bluetooth_LE/library\libbluenrg1_stack.a(pm.o)
                0x1004b62c                PM_Get_Mem_Buff_Count
 *fill*         0x1004b636        0x2 
 i.PM_Get_Pckt  0x1004b638       0x44 ../Library/Bluetooth_LE/library\libbluenrg1_stack.a(pm.o)
                0x1004b638                PM_Get_Pckt
 i.PM_Init      0x1004b67c       0x68 ../Library/Bluetooth_LE/library\libbluenrg1_stack.a(pm.o)
                0x1004b67c                PM_Init
 i.PM_Pckt_Cmp  0x1004b6e4        0xa ../Library/Bluetooth_LE/library\libbluenrg1_stack.a(pm.o)
                0x1004b6e4                PM_Pckt_Cmp
 *fill*         0x1004b6ee        0x2 
 i.PM_Release_Acl_Pckt
                0x1004b6f0       0x3c ../Library/Bluetooth_LE/library\libbluenrg1_stack.a(pm.o)
                0x1004b6f0                PM_Release_Acl_Pckt
 i.PM_Resize_Pckt_Pdu_Size
                0x1004b72c       0x6c ../Library/Bluetooth_LE/library\libbluenrg1_stack.a(pm.o)
                0x1004b72c                PM_Resize_Pckt_Pdu_Size
 i.PM_Write_Pckt_Data
                0x1004b798       0x12 ../Library/Bluetooth_LE/library\libbluenrg1_stack.a(pm.o)
                0x1004b798                PM_Write_Pckt_Data
 i.Accu_Handles_Requiring_Auth
                0x1004b7aa       0x6e ../Library/Bluetooth_LE/library\libbluenrg1_stack.a(rom_att.o)
                0x1004b7aa                Accu_Handles_Requiring_Auth
 i.Accu_UuidTypes_Requiring_Auth
                0x1004b818       0xea ../Library/Bluetooth_LE/library\libbluenrg1_stack.a(rom_att.o)
                0x1004b818                Accu_UuidTypes_Requiring_Auth
 *fill*         0x1004b902        0x2 
 i.GAP_Privacy1v2
                0x1004b904      0x1e0 ../Library/Bluetooth_LE/library\libbluenrg1_stack.a(rom_gap.o)
                0x1004b904                GAP_Privacy1v2
 i.GAP_PrivateAddrTimercb
                0x1004bae4       0x48 ../Library/Bluetooth_LE/library\libbluenrg1_stack.a(rom_gap.o)
                0x1004bae4                GAP_PrivateAddrTimercb
 i.GapIsPrivacySupported
                0x1004bb2c       0x14 ../Library/Bluetooth_LE/library\libbluenrg1_stack.a(rom_gap.o)
                0x1004bb2c                GapIsPrivacySupported
 i.Generate_Non_Resolvable_Private_Address
                0x1004bb40       0x88 ../Library/Bluetooth_LE/library\libbluenrg1_stack.a(rom_gap.o)
                0x1004bb40                Generate_Non_Resolvable_Private_Address
 i.GAP_Notify_Add_Charac
                0x1004bbc8       0x70 ../Library/Bluetooth_LE/library\libbluenrg1_stack.a(rom_gap_rom.o)
                0x1004bbc8                GAP_Notify_Add_Charac
 i.GAP_Terminate_Link
                0x1004bc38        0x8 ../Library/Bluetooth_LE/library\libbluenrg1_stack.a(rom_gap_rom.o)
                0x1004bc38                GAP_Terminate_Link
 i.Get_GAP_Handle
                0x1004bc40       0x10 ../Library/Bluetooth_LE/library\libbluenrg1_stack.a(rom_gap_rom.o)
                0x1004bc40                Get_GAP_Handle
 i.Get_StaticRandAddr
                0x1004bc50       0x14 ../Library/Bluetooth_LE/library\libbluenrg1_stack.a(rom_gap_rom.o)
                0x1004bc50                Get_StaticRandAddr
 i.Check_Encry_Key_Size
                0x1004bc64       0x18 ../Library/Bluetooth_LE/library\libbluenrg1_stack.a(rom_gatt_server.o)
                0x1004bc64                Check_Encry_Key_Size
 i.GATT_Num_Charac_Present
                0x1004bc7c       0x3a ../Library/Bluetooth_LE/library\libbluenrg1_stack.a(rom_gatt_server.o)
                0x1004bc7c                GATT_Num_Charac_Present
 *fill*         0x1004bcb6        0x2 
 i.Start_Gatt_Timer
                0x1004bcb8       0x24 ../Library/Bluetooth_LE/library\libbluenrg1_stack.a(rom_gatt_server.o)
                0x1004bcb8                Start_Gatt_Timer
 i.Stop_Gatt_Timer
                0x1004bcdc       0x1c ../Library/Bluetooth_LE/library\libbluenrg1_stack.a(rom_gatt_server.o)
                0x1004bcdc                Stop_Gatt_Timer
 i.List_Circular_Get_Size
                0x1004bcf8       0x14 ../Library/Bluetooth_LE/library\libbluenrg1_stack.a(rom_list.o)
                0x1004bcf8                List_Circular_Get_Size
 i.List_Circular_Insert_Tail
                0x1004bd0c        0xe ../Library/Bluetooth_LE/library\libbluenrg1_stack.a(rom_list.o)
                0x1004bd0c                List_Circular_Insert_Tail
 i.List_Circular_Node_Present
                0x1004bd1a       0x16 ../Library/Bluetooth_LE/library\libbluenrg1_stack.a(rom_list.o)
                0x1004bd1a                List_Circular_Node_Present
 i.List_Circular_Remove_Head
                0x1004bd30       0x1a ../Library/Bluetooth_LE/library\libbluenrg1_stack.a(rom_list.o)
                0x1004bd30                List_Circular_Remove_Head
 i.List_Circular_Remove_Node
                0x1004bd4a       0x20 ../Library/Bluetooth_LE/library\libbluenrg1_stack.a(rom_list.o)
                0x1004bd4a                List_Circular_Remove_Node
 *fill*         0x1004bd6a        0x2 
 i.isr_postproc1
                0x1004bd6c      0x110 ../Library/Bluetooth_LE/library\libbluenrg1_stack.a(rom_ll_isr_postproc.o)
                0x1004bd6c                isr_postproc1
 i.isr_postproc_encrypt_data
                0x1004be7c       0x16 ../Library/Bluetooth_LE/library\libbluenrg1_stack.a(rom_ll_isr_postproc.o)
                0x1004be7c                isr_postproc_encrypt_data
 i.wait_for_aes_ready
                0x1004be92       0x24 ../Library/Bluetooth_LE/library\libbluenrg1_stack.a(rom_ll_isr_postproc.o)
 *fill*         0x1004beb6        0x2 
 i.LL_update_proc
                0x1004beb8       0x98 ../Library/Bluetooth_LE/library\libbluenrg1_stack.a(rom_ll_isr_routines.o)
                0x1004beb8                LL_update_proc
 i.addr_u32_from_u8
                0x1004bf50       0x1e ../Library/Bluetooth_LE/library\libbluenrg1_stack.a(rom_ll_isr_routines.o)
 i.cancel_connect_master_ucfg
                0x1004bf6e        0x4 ../Library/Bluetooth_LE/library\libbluenrg1_stack.a(rom_ll_isr_routines.o)
                0x1004bf6e                cancel_connect_master_ucfg
 *fill*         0x1004bf72        0x2 
 i.cancel_master
                0x1004bf74       0x7c ../Library/Bluetooth_LE/library\libbluenrg1_stack.a(rom_ll_isr_routines.o)
                0x1004bf74                cancel_master
 i.get_adv_addr
                0x1004bff0       0x14 ../Library/Bluetooth_LE/library\libbluenrg1_stack.a(rom_ll_isr_routines.o)
                0x1004bff0                get_adv_addr
 i.get_scan_addr
                0x1004c004       0x14 ../Library/Bluetooth_LE/library\libbluenrg1_stack.a(rom_ll_isr_routines.o)
                0x1004c004                get_scan_addr
 i.go_to_connect
                0x1004c018      0x298 ../Library/Bluetooth_LE/library\libbluenrg1_stack.a(rom_ll_isr_routines.o)
                0x1004c018                go_to_connect
 i.le2ByteToInt16
                0x1004c2b0        0xa ../Library/Bluetooth_LE/library\libbluenrg1_stack.a(rom_ll_isr_routines.o)
 i.le4ByteToInt32
                0x1004c2ba       0x16 ../Library/Bluetooth_LE/library\libbluenrg1_stack.a(rom_ll_isr_routines.o)
 i.unpack_channel_map
                0x1004c2d0       0x2e ../Library/Bluetooth_LE/library\libbluenrg1_stack.a(rom_ll_isr_routines.o)
                0x1004c2d0                unpack_channel_map
 i.unpack_update_request
                0x1004c2fe       0x48 ../Library/Bluetooth_LE/library\libbluenrg1_stack.a(rom_ll_isr_routines.o)
                0x1004c2fe                unpack_update_request
 i.Is_Address_Initialized
                0x1004c346       0x18 ../Library/Bluetooth_LE/library\libbluenrg1_stack.a(rom_ll_ll_routines.o)
                0x1004c346                Is_Address_Initialized
 i.LL_Allow_Address_Setting
                0x1004c35e       0x42 ../Library/Bluetooth_LE/library\libbluenrg1_stack.a(rom_ll_ll_routines.o)
                0x1004c35e                LL_Allow_Address_Setting
 i.LL_Check_And_Set_Addresses
                0x1004c3a0      0x1fc ../Library/Bluetooth_LE/library\libbluenrg1_stack.a(rom_ll_ll_routines.o)
                0x1004c3a0                LL_Check_And_Set_Addresses
 i.LL_Enable_Disable_Adv
                0x1004c59c      0x21c ../Library/Bluetooth_LE/library\libbluenrg1_stack.a(rom_ll_ll_routines.o)
                0x1004c59c                LL_Enable_Disable_Adv
 i.LL_Get_Address
                0x1004c7b8       0x2c ../Library/Bluetooth_LE/library\libbluenrg1_stack.a(rom_ll_ll_routines.o)
                0x1004c7b8                LL_Get_Address
 i.LL_Get_AdvAddress
                0x1004c7e4       0x40 ../Library/Bluetooth_LE/library\libbluenrg1_stack.a(rom_ll_ll_routines.o)
                0x1004c7e4                LL_Get_AdvAddress
 i.LL_Get_ScanAddress
                0x1004c824       0x40 ../Library/Bluetooth_LE/library\libbluenrg1_stack.a(rom_ll_ll_routines.o)
                0x1004c824                LL_Get_ScanAddress
 i.LL_Init      0x1004c864      0x18c ../Library/Bluetooth_LE/library\libbluenrg1_stack.a(rom_ll_ll_routines.o)
                0x1004c864                LL_Init
 i.LL_Send_ACL_Data
                0x1004c9f0       0x50 ../Library/Bluetooth_LE/library\libbluenrg1_stack.a(rom_ll_ll_routines.o)
                0x1004c9f0                LL_Send_ACL_Data
 i.LL_Set_Adv_Data
                0x1004ca40       0x78 ../Library/Bluetooth_LE/library\libbluenrg1_stack.a(rom_ll_ll_routines.o)
                0x1004ca40                LL_Set_Adv_Data
 i.LL_Set_Adv_PDU_Format
                0x1004cab8       0xcc ../Library/Bluetooth_LE/library\libbluenrg1_stack.a(rom_ll_ll_routines.o)
                0x1004cab8                LL_Set_Adv_PDU_Format
 i.LL_Set_Adv_Params
                0x1004cb84      0x14c ../Library/Bluetooth_LE/library\libbluenrg1_stack.a(rom_ll_ll_routines.o)
                0x1004cb84                LL_Set_Adv_Params
 i.LL_Set_Advertising_Buffers
                0x1004ccd0       0x88 ../Library/Bluetooth_LE/library\libbluenrg1_stack.a(rom_ll_ll_routines.o)
                0x1004ccd0                LL_Set_Advertising_Buffers
 i.LL_Set_DirectAddress
                0x1004cd58       0x38 ../Library/Bluetooth_LE/library\libbluenrg1_stack.a(rom_ll_ll_routines.o)
 i.LL_Set_OwnAddress
                0x1004cd90       0x24 ../Library/Bluetooth_LE/library\libbluenrg1_stack.a(rom_ll_ll_routines.o)
                0x1004cd90                LL_Set_OwnAddress
 i.LL_Set_Scan_Resp_Data
                0x1004cdb4       0x5c ../Library/Bluetooth_LE/library\libbluenrg1_stack.a(rom_ll_ll_routines.o)
                0x1004cdb4                LL_Set_Scan_Resp_Data
 i.LL_Update_Advertising_Buffers
                0x1004ce10       0x48 ../Library/Bluetooth_LE/library\libbluenrg1_stack.a(rom_ll_ll_routines.o)
                0x1004ce10                LL_Update_Advertising_Buffers
 i.LL_Update_Scanning_Initiating_Buffers
                0x1004ce58       0x48 ../Library/Bluetooth_LE/library\libbluenrg1_stack.a(rom_ll_ll_routines.o)
                0x1004ce58                LL_Update_Scanning_Initiating_Buffers
 i.addr_u32_from_u8
                0x1004cea0       0x20 ../Library/Bluetooth_LE/library\libbluenrg1_stack.a(rom_ll_ll_routines.o)
 i.int32ToLe4Byte
                0x1004cec0       0x10 ../Library/Bluetooth_LE/library\libbluenrg1_stack.a(rom_ll_ll_routines.o)
 i.le4ByteToInt32
                0x1004ced0       0x16 ../Library/Bluetooth_LE/library\libbluenrg1_stack.a(rom_ll_ll_routines.o)
 *fill*         0x1004cee6        0x2 
 i.wait_for_prescheduled_slot_cancellation
                0x1004cee8       0x7c ../Library/Bluetooth_LE/library\libbluenrg1_stack.a(rom_ll_ll_routines.o)
 i.Blue_Set_Radio_Config_Data
                0x1004cf64       0x24 ../Library/Bluetooth_LE/library\libbluenrg1_stack.a(rom_ll_routines_support.o)
                0x1004cf64                Blue_Set_Radio_Config_Data
 i.LL_Get_Adv_Tx_Power_Level
                0x1004cf88       0x18 ../Library/Bluetooth_LE/library\libbluenrg1_stack.a(rom_ll_routines_support.o)
                0x1004cf88                LL_Get_Adv_Tx_Power_Level
 i.convert_power
                0x1004cfa0       0x24 ../Library/Bluetooth_LE/library\libbluenrg1_stack.a(rom_ll_routines_support.o)
 i.modulo_37    0x1004cfc4       0x1c ../Library/Bluetooth_LE/library\libbluenrg1_stack.a(rom_ll_routines_support.o)
                0x1004cfc4                modulo_37
 i.WindowWiden1
                0x1004cfe0        0xa ../Library/Bluetooth_LE/library\libbluenrg1_stack.a(rom_ll_timehandling.o)
                0x1004cfe0                WindowWiden1
 i.WindowWiden2
                0x1004cfea       0x10 ../Library/Bluetooth_LE/library\libbluenrg1_stack.a(rom_ll_timehandling.o)
                0x1004cfea                WindowWiden2
 *fill*         0x1004cffa        0x2 
 i.machine_time_trans
                0x1004cffc       0x20 ../Library/Bluetooth_LE/library\libbluenrg1_stack.a(rom_ll_timehandling.o)
                0x1004cffc                machine_time_trans
 i.set_freq     0x1004d01c       0x88 ../Library/Bluetooth_LE/library\libbluenrg1_stack.a(rom_ll_timehandling.o)
                0x1004d01c                set_freq
 i.set_sca      0x1004d0a4       0x1c ../Library/Bluetooth_LE/library\libbluenrg1_stack.a(rom_ll_timehandling.o)
                0x1004d0a4                set_sca
 i.system_time_trans
                0x1004d0c0       0x10 ../Library/Bluetooth_LE/library\libbluenrg1_stack.a(rom_ll_timehandling.o)
                0x1004d0c0                system_time_trans
 i.system_time_trans_ext
                0x1004d0d0       0x30 ../Library/Bluetooth_LE/library\libbluenrg1_stack.a(rom_ll_timehandling.o)
                0x1004d0d0                system_time_trans_ext
 i.time_offset1
                0x1004d100        0xe ../Library/Bluetooth_LE/library\libbluenrg1_stack.a(rom_ll_timehandling.o)
                0x1004d100                time_offset1
 *fill*         0x1004d10e        0x2 
 i.time_offset2
                0x1004d110       0x10 ../Library/Bluetooth_LE/library\libbluenrg1_stack.a(rom_ll_timehandling.o)
                0x1004d110                time_offset2
 i.Blue_Init_Global
                0x1004d120       0x98 ../Library/Bluetooth_LE/library\libbluenrg1_stack.a(routines_support.o)
                0x1004d120                Blue_Init_Global
 i.advance_transmit
                0x1004d1b8      0x158 ../Library/Bluetooth_LE/library\libbluenrg1_stack.a(routines_support.o)
                0x1004d1b8                advance_transmit
 i.microseconds_to_machine_time
                0x1004d310        0x8 ../Library/Bluetooth_LE/library\libbluenrg1_stack.a(routines_support.o)
                0x1004d310                microseconds_to_machine_time
 i.slave_advance
                0x1004d318      0x200 ../Library/Bluetooth_LE/library\libbluenrg1_stack.a(routines_support.o)
                0x1004d318                slave_advance
 i.swap_slaves  0x1004d518      0x13c ../Library/Bluetooth_LE/library\libbluenrg1_stack.a(routines_support.o)
                0x1004d518                swap_slaves
 i.swap_u16     0x1004d654        0xa ../Library/Bluetooth_LE/library\libbluenrg1_stack.a(routines_support.o)
 i.swap_u32     0x1004d65e        0xa ../Library/Bluetooth_LE/library\libbluenrg1_stack.a(routines_support.o)
 i.swap_u8      0x1004d668        0xa ../Library/Bluetooth_LE/library\libbluenrg1_stack.a(routines_support.o)
 i.Erase_Sector
                0x1004d672        0xe ../Library/Bluetooth_LE/library\libbluenrg1_stack.a(sdb.o)
 i.SDB_Add_Record
                0x1004d680      0x184 ../Library/Bluetooth_LE/library\libbluenrg1_stack.a(sdb.o)
                0x1004d680                SDB_Add_Record
 i.SDB_Find_Matching_LTK
                0x1004d804       0xa0 ../Library/Bluetooth_LE/library\libbluenrg1_stack.a(sdb.o)
                0x1004d804                SDB_Find_Matching_LTK
 i.SDB_Find_Record
                0x1004d8a4       0xc4 ../Library/Bluetooth_LE/library\libbluenrg1_stack.a(sdb.o)
                0x1004d8a4                SDB_Find_Record
 i.SDB_Get_Number_Of_Valid_Records
                0x1004d968       0x44 ../Library/Bluetooth_LE/library\libbluenrg1_stack.a(sdb.o)
                0x1004d968                SDB_Get_Number_Of_Valid_Records
 i.SDB_flash_write_client_data
                0x1004d9ac       0xb8 ../Library/Bluetooth_LE/library\libbluenrg1_stack.a(sdb.o)
                0x1004d9ac                SDB_flash_write_client_data
 i.SDB_get_security_data_record
                0x1004da64       0xd8 ../Library/Bluetooth_LE/library\libbluenrg1_stack.a(sdb.o)
                0x1004da64                SDB_get_security_data_record
 i.SDB_read_peer_bonded_data
                0x1004db3c       0x3c ../Library/Bluetooth_LE/library\libbluenrg1_stack.a(sdb.o)
                0x1004db3c                SDB_read_peer_bonded_data
 i.Write_Client_Data
                0x1004db78      0x1b0 ../Library/Bluetooth_LE/library\libbluenrg1_stack.a(sdb.o)
 i.int32ToLe4Byte
                0x1004dd28       0x10 ../Library/Bluetooth_LE/library\libbluenrg1_stack.a(sdb.o)
 i.sdb_delete   0x1004dd38      0x164 ../Library/Bluetooth_LE/library\libbluenrg1_stack.a(sdb.o)
 i.sdb_find_client_data
                0x1004de9c       0xc8 ../Library/Bluetooth_LE/library\libbluenrg1_stack.a(sdb.o)
 i.sdb_get_gatt_db_start_address
                0x1004df64       0x18 ../Library/Bluetooth_LE/library\libbluenrg1_stack.a(sdb.o)
 i.sdb_invalidate_record
                0x1004df7c       0x20 ../Library/Bluetooth_LE/library\libbluenrg1_stack.a(sdb.o)
 i.sdb_read_record
                0x1004df9c       0x24 ../Library/Bluetooth_LE/library\libbluenrg1_stack.a(sdb.o)
 i.sdb_read_record_validity
                0x1004dfc0       0x10 ../Library/Bluetooth_LE/library\libbluenrg1_stack.a(sdb.o)
 i.sdb_write_record
                0x1004dfd0       0x7c ../Library/Bluetooth_LE/library\libbluenrg1_stack.a(sdb.o)
 i.SMP_Process_Q
                0x1004e04c      0x19c ../Library/Bluetooth_LE/library\libbluenrg1_stack.a(securitymgr.o)
                0x1004e04c                SMP_Process_Q
 i.int32ToLe4Byte
                0x1004e1e8       0x10 ../Library/Bluetooth_LE/library\libbluenrg1_stack.a(securitymgr.o)
 i.smp_Build_AuthReq_Field
                0x1004e1f8       0x18 ../Library/Bluetooth_LE/library\libbluenrg1_stack.a(securitymgr.o)
 i.smp_Build_Pairing_ReqResp_Packet
                0x1004e210       0x38 ../Library/Bluetooth_LE/library\libbluenrg1_stack.a(securitymgr.o)
 i.smp_Check_Incoming_Pairing_Parameters
                0x1004e248       0x34 ../Library/Bluetooth_LE/library\libbluenrg1_stack.a(securitymgr.o)
 i.smp_Determine_Key_Association_Method
                0x1004e27c       0x9c ../Library/Bluetooth_LE/library\libbluenrg1_stack.a(securitymgr.o)
 i.smp_Execute_Actions_wrt_Current_State
                0x1004e318      0x18c ../Library/Bluetooth_LE/library\libbluenrg1_stack.a(securitymgr.o)
 i.smp_Execute_Actions_wrt_Current_State_MI_excerpt_ucfg
                0x1004e4a4        0x2 ../Library/Bluetooth_LE/library\libbluenrg1_stack.a(securitymgr.o)
                0x1004e4a4                smp_Execute_Actions_wrt_Current_State_MI_excerpt_ucfg
 i.smp_Execute_Actions_wrt_Current_State_sc_excerpt_phase2as2_ucfg
                0x1004e4a6        0x2 ../Library/Bluetooth_LE/library\libbluenrg1_stack.a(securitymgr.o)
                0x1004e4a6                smp_Execute_Actions_wrt_Current_State_sc_excerpt_phase2as2_ucfg
 i.smp_Execute_Actions_wrt_Current_State_sc_excerpt_phase_1_to_2_ucfg
                0x1004e4a8        0x4 ../Library/Bluetooth_LE/library\libbluenrg1_stack.a(securitymgr.o)
                0x1004e4a8                smp_Execute_Actions_wrt_Current_State_sc_excerpt_phase_1_to_2_ucfg
 i.smp_Get_Long_Term_Key
                0x1004e4ac       0x80 ../Library/Bluetooth_LE/library\libbluenrg1_stack.a(securitymgr.o)
 i.smp_Get_Pairing_Parameters_From_Peer_Packet
                0x1004e52c       0x88 ../Library/Bluetooth_LE/library\libbluenrg1_stack.a(securitymgr.o)
 i.smp_Keys_Distribution_Send
                0x1004e5b4      0x11c ../Library/Bluetooth_LE/library\libbluenrg1_stack.a(securitymgr.o)
 i.smp_LP_SR_Compute_c1_Confirm_Value
                0x1004e6d0      0x150 ../Library/Bluetooth_LE/library\libbluenrg1_stack.a(securitymgr.o)
 i.smp_MI_Start_Encryption_ucfg
                0x1004e820        0x4 ../Library/Bluetooth_LE/library\libbluenrg1_stack.a(securitymgr.o)
                0x1004e820                smp_MI_Start_Encryption_ucfg
 i.smp_Process_Rx_Packet_Exception_Cases_sc_excerpt_ucfg
                0x1004e824        0x4 ../Library/Bluetooth_LE/library\libbluenrg1_stack.a(securitymgr.o)
                0x1004e824                smp_Process_Rx_Packet_Exception_Cases_sc_excerpt_ucfg