BlueNRG1_spi.c:90:6:SPI_SetBaudrate	24	static
BlueNRG1_spi.c:132:6:SPI_DeInit	8	static
BlueNRG1_spi.c:152:6:SPI_Init	16	static
BlueNRG1_spi.c:182:6:SPI_StructInit	16	static
BlueNRG1_spi.c:206:6:SPI_Cmd	16	static
BlueNRG1_spi.c:235:6:SPI_ITConfig	16	static
BlueNRG1_spi.c:258:6:SPI_SlaveModeOutputCmd	16	static
BlueNRG1_spi.c:278:6:SPI_SendData	16	static
BlueNRG1_spi.c:289:10:SPI_ReceiveData	8	static
BlueNRG1_spi.c:305:6:SPI_DataSizeConfig	16	static
BlueNRG1_spi.c:324:6:SPI_CommandSizeConfig	16	static
BlueNRG1_spi.c:339:6:SPI_EnableWaitState	16	static
BlueNRG1_spi.c:363:6:SPI_FrameFormatConfig	16	static
BlueNRG1_spi.c:386:12:SPI_GetFlagStatus	16	static
BlueNRG1_spi.c:416:10:SPI_GetITStatus	16	static
BlueNRG1_spi.c:445:6:SPI_ClearITPendingBit	16	static
BlueNRG1_spi.c:460:6:SPI_ClearRXFIFO	8	static
BlueNRG1_spi.c:474:6:SPI_ClearTXFIFO	16	static
BlueNRG1_spi.c:501:6:SPI_SetMasterCommunicationMode	16	static
BlueNRG1_spi.c:515:6:SPI_SetDummyCharacter	16	static
BlueNRG1_spi.c:526:6:SPI_SetNumFramesToReceive	16	static
BlueNRG1_spi.c:537:6:SPI_SetNumFramesToTransmit	16	static
BlueNRG1_spi.c:550:6:SPI_SlaveSwSelection	16	static
BlueNRG1_spi.c:570:6:SPI_EndianFormatReception	16	static
BlueNRG1_spi.c:583:6:SPI_EndianFormatTransmission	16	static
BlueNRG1_spi.c:603:6:SPI_DelayBetweenFrames	16	static
BlueNRG1_spi.c:618:6:SPI_DelayDataInput	16	static
BlueNRG1_spi.c:643:6:SPI_TxFifoInterruptLevelConfig	16	static
BlueNRG1_spi.c:661:6:SPI_RxFifoInterruptLevelConfig	16	static
BlueNRG1_spi.c:679:6:SPI_DMACmd	16	static
