BlueNRG1_rtc.c:85:6:RTC_Init	24	static
BlueNRG1_rtc.c:118:6:RTC_StructInit	16	static
BlueNRG1_rtc.c:139:6:RTC_Cmd	16	static
BlueNRG1_rtc.c:162:6:RTC_IT_Config	16	static
BlueNRG1_rtc.c:186:10:RTC_IT_Status	16	static
BlueNRG1_rtc.c:209:6:RTC_IT_Clear	16	static
BlueNRG1_rtc.c:224:6:RTC_ClockwatchCmd	16	static
BlueNRG1_rtc.c:243:6:RTC_SetTimeDate	16	static
BlueNRG1_rtc.c:282:6:RTC_SetMatchTimeDate	16	static
BlueNRG1_rtc.c:321:6:RTC_GetTimeDate	16	static
BlueNRG1_rtc.c:350:10:RTC_GetTimerValue	8	static
BlueNRG1_rtc.c:361:10:RTC_GetNumberIrqGenerated	8	static
BlueNRG1_rtc.c:374:6:RTC_AutoStart	16	static
BlueNRG1_rtc.c:394:6:RTC_SelectTrimmedClock	16	static
