BlueNRG1_flash.c:85:6:FLASH_ErasePage	24	static
BlueNRG1_flash.c:117:6:FLASH_EraseAllFlash	8	static
BlueNRG1_flash.c:139:10:FLASH_ReadWord	16	static
BlueNRG1_flash.c:151:9:FLASH_ReadByte	16	static
BlueNRG1_flash.c:164:6:FLASH_ProgramWord	16	static
BlueNRG1_flash.c:196:6:FLASH_ProgramWordBurst	16	static
BlueNRG1_flash.c:230:6:FLASH_Lock	8	static
BlueNRG1_flash.c:240:6:FLASH_Unlock	8	static
BlueNRG1_flash.c:250:6:FLASH_WaitCmdDone	8	static
BlueNRG1_flash.c:262:6:FLASH_ClearCmdDone	8	static
BlueNRG1_flash.c:283:6:FLASH_ITConfig	16	static
BlueNRG1_flash.c:309:6:FLASH_ClearITPendingBit	16	static
BlueNRG1_flash.c:330:12:FLASH_GetFlagStatus	16	static
BlueNRG1_flash.c:354:6:FLASH_ClearFlag	16	static
