BlueNRG1_gpio.c:92:6:GPIO_DeInit	8	static
BlueNRG1_gpio.c:116:6:GPIO_Init	24	static
BlueNRG1_gpio.c:187:6:GPIO_StructInit	16	static
BlueNRG1_gpio.c:205:6:GPIO_InitLowPowerModes	16	static
BlueNRG1_gpio.c:254:6:GPIO_WriteBitsLowPowerModes	16	static
BlueNRG1_gpio.c:284:6:GPIO_ToggleBitsLowPowerModes	16	static
BlueNRG1_gpio.c:307:11:GPIO_ReadBit	16	static
BlueNRG1_gpio.c:329:6:GPIO_SetBits	16	static
BlueNRG1_gpio.c:345:6:GPIO_ResetBits	16	static
BlueNRG1_gpio.c:363:6:GPIO_WriteBit	16	static
BlueNRG1_gpio.c:385:6:GPIO_ToggleBits	16	static
BlueNRG1_gpio.c:398:6:GPIO_EXTIStructInit	16	static
BlueNRG1_gpio.c:413:6:GPIO_EXTIConfig	16	static
BlueNRG1_gpio.c:458:6:GPIO_EXTICmd	16	static
BlueNRG1_gpio.c:480:6:GPIO_ClearITPendingBit	16	static
BlueNRG1_gpio.c:497:12:GPIO_GetITPendingBit	16	static
BlueNRG1_gpio.c:519:10:GPIO_GetITStatusBit	16	static
