stack_slvonly_api_stubs.c:12:12:aci_gap_start_auto_connection_establish_proc	24	static
stack_slvonly_api_stubs.c:27:12:aci_gap_start_general_connection_establish_proc	24	static
stack_slvonly_api_stubs.c:37:12:aci_gap_start_selective_connection_establish_proc	24	static
stack_slvonly_api_stubs.c:49:12:aci_gap_create_connection	32	static
stack_slvonly_api_stubs.c:64:12:aci_gap_start_connection_update	24	static
stack_slvonly_api_stubs.c:75:12:aci_gap_terminate_gap_proc	16	static
stack_slvonly_api_stubs.c:80:12:aci_gap_start_limited_discovery_proc	24	static
stack_slvonly_api_stubs.c:88:12:aci_gap_start_general_discovery_proc	24	static
stack_slvonly_api_stubs.c:96:12:aci_gap_start_name_discovery_proc	32	static
stack_slvonly_api_stubs.c:111:12:aci_gap_start_observation_proc	24	static
stack_slvonly_api_stubs.c:121:12:aci_gap_send_pairing_req	16	static
stack_slvonly_api_stubs.c:126:12:aci_l2cap_connection_parameter_update_resp	24	static
stack_slvonly_api_stubs.c:140:12:hci_le_create_connection	24	static
stack_slvonly_api_stubs.c:158:12:hci_le_create_connection_cancel	8	static
stack_slvonly_api_stubs.c:163:12:hci_le_connection_update	24	static
stack_slvonly_api_stubs.c:174:12:hci_le_set_scan_parameters	24	static
stack_slvonly_api_stubs.c:184:12:hci_le_set_scan_enable	16	static
stack_slvonly_api_stubs.c:190:12:hci_le_start_encryption	24	static
stack_slvonly_api_stubs.c:198:12:hci_le_set_host_channel_classification	16	static
