core_cm0.h:512:22:NVIC_DisableIRQ	16	static
core_cm0.h:603:22:NVIC_SystemReset	8	static
chat.c:77:9:CHAT_DeviceInit	64	static
chat.c:153:6:Send_Data_Over_BLE	8	static
chat.c:193:6:Process_InputData	24	static
chat.c:226:5:updateTxCharacteristic	40	static
chat.c:249:6:APP_Tick	8	static
chat.c:421:6:hci_le_connection_complete_event	24	static
chat.c:448:6:hci_disconnection_complete_event	24	static
chat.c:478:6:aci_gatt_attribute_modified_event	24	static
chat.c:571:6:aci_gatt_tx_pool_available_event	16	static
chat.c:586:6:aci_gatt_read_permit_req_event	24	static
chat.c:596:6:aci_hal_end_of_radio_activity_event	16	static
