core_cm0.h:603:22:NVIC_SystemReset	8	static
Power_Consumption_Test.c:239:6:help	8	static
Power_Consumption_Test.c:255:6:DeviceInit	72	static
Power_Consumption_Test.c:298:6:Set_DeviceConnectable	80	static
Power_Consumption_Test.c:323:5:main	24	static
Power_Consumption_Test.c:431:6:hci_hardware_error_event	16	static
Power_Consumption_Test.c:445:6:aci_hal_fw_error_event	24	static
Power_Consumption_Test.c:469:6:hci_le_connection_complete_event	24	static
Power_Consumption_Test.c:492:6:hci_disconnection_complete_event	24	static
Power_Consumption_Test.c:507:6:HAL_VTimerTimeoutCallback	16	static
