core_cm0.h:567:22:NVIC_SetPriority	24	static
core_cm0.h:603:22:NVIC_SystemReset	8	static
core_cm0.h:641:26:SysTick_Config	16	static
Power_Consumption_Test.c:256:6:help	8	static
Power_Consumption_Test.c:277:6:Set_DeviceConnectable	80	static
Power_Consumption_Test.c:300:6:initGPIOPins	8	static
Power_Consumption_Test.c:315:6:initHardware	8	static
Power_Consumption_Test.c:320:5:main	16	static
Power_Consumption_Test.c:383:6:hci_hardware_error_event	16	static
Power_Consumption_Test.c:397:6:aci_hal_fw_error_event	24	static
Power_Consumption_Test.c:420:6:HAL_VTimerTimeoutCallback	16	static
